04-21 14:16:23.826  1426  4380 W ActivityManager: Receiver with filter android.content.IntentFilter@6c85020 already registered for pid 10464, callerPackage is com.symbol.datawedge
04-21 14:16:24.915 10110 10557 E AndroidRuntime: FATAL EXCEPTION: Thread-36
04-21 14:16:24.915 10110 10557 E AndroidRuntime: Process: com.symbol.datawedge, PID: 10110
04-21 14:16:24.915 10110 10557 E AndroidRuntime: java.lang.IllegalStateException: Already running
04-21 14:16:24.915 10110 10557 E AndroidRuntime: 	at com.zebra.rfid.api3.SerialInputOutputManager.run(SourceFile:250)
04-21 14:16:24.915 10110 10557 E AndroidRuntime: 	at java.lang.Thread.run(Thread.java:1012)
04-21 14:16:24.924  1426 10558 I DropBoxManagerService: add tag=system_app_crash isTagEnabled=true flags=0x2
04-21 14:16:24.970  1426  1478 I ActivityManager: Process com.symbol.datawedge (pid 10110) has died: vis IMPF
04-21 14:16:24.977  1426  1478 W ActivityManager: Scheduling restart of crashed service com.symbol.datawedge/.ScanningService in 1000ms for connection
04-21 14:16:24.984  3167  3192 W ContextImpl: Calling a method in the system process without a qualified user: android.app.ContextImpl.sendBroadcast:1220 android.content.ContextWrapper.sendBroadcast:504 com.zebra.rfidhost.RFIDClientConnection.sendBroadCast:513 com.zebra.rfidhost.RFIDClientConnection.toggleRfidReaderPower:504 com.zebra.rfidhost.RFIDClientConnection.enableRfid:464 
04-21 14:16:24.985  1426  1478 D ActivityManager: com.google.android.gms is skipped freeze by freezeAppAsyncInternalLSP
04-21 14:16:25.008  1426  9657 D CompatibilityChangeReporter: Compat change id reported: 135634846; UID 10102; state: DISABLED
04-21 14:16:25.009  1426  9657 D CompatibilityChangeReporter: Compat change id reported: 177438394; UID 10102; state: DISABLED
04-21 14:16:25.009  1426  9657 D CompatibilityChangeReporter: Compat change id reported: 135772972; UID 10102; state: DISABLED
04-21 14:16:25.009  1426  9657 D CompatibilityChangeReporter: Compat change id reported: 135754954; UID 10102; state: ENABLED
04-21 14:16:25.010  1426  1859 D CompatibilityChangeReporter: Compat change id reported: 143937733; UID 10102; state: ENABLED
04-21 14:16:25.023  1426  2121 D UsbHostManager: Removed device at /dev/bus/usb/004/002: TC2205-0G1250SS-E8::::EA
04-21 14:16:25.023  1426  2121 I UsbAlsaManager: USB Audio Device Removed: null
04-21 14:16:25.028  1426  1858 D ActivityManager: sync unfroze 9285 android.process.media for 3
04-21 14:16:25.032  1426  2121 D UsbHostManager: usbDeviceRemoved mHubHidDevices containes entry, remove it
04-21 14:16:25.036  1426  1858 D ActivityManager: sync unfroze 4108 com.google.android.googlequicksearchbox:search for 3
04-21 14:16:25.037  1426  2121 D UsbHostManager: Can't find device at /dev/bus/usb/004/001
04-21 14:16:25.037  1426  2121 D UsbHostManager: Removed device at /dev/bus/usb/004/001 was already gone
04-21 14:16:25.047  1426  1859 I ActivityManager: Start proc 10563:com.symbol.datawedge/u0a102 for service {com.symbol.datawedge/com.symbol.datawedge.ScanningService}
04-21 14:16:25.138  1426  2207 I ActivityManager: Flag disabled. Ignoring finishAttachApplication from uid: 10102. pid: 10563
04-21 14:16:25.295  1426  2207 W ActivityManager: Receiver with filter android.content.IntentFilter@279d74 already registered for pid 10563, callerPackage is com.symbol.datawedge
04-21 14:16:25.434  1426  9657 D ActivityManager: com.google.android.gms is skipped freeze by freezeAppAsyncInternalLSP
04-21 14:16:25.465  1426  4380 D ActivityManager: com.google.android.gms is skipped freeze by freezeAppAsyncInternalLSP
04-21 14:16:25.810  1426  1858 D ActivityManager: sync unfroze 5156 com.symbol.mxmf for 3
04-21 14:16:26.150  1426  9657 D CompatibilityChangeReporter: Compat change id reported: 182734110; UID 10102; state: ENABLED
04-21 14:16:28.356  1426  2204 D BatteryService: Processing new values: info=android.hardware.health.HealthInfo@43bfe83, mBatteryLevelCritical=false, mPlugType=2
04-21 14:16:28.357  1426  2204 I BatteryService: File node value is 250
04-21 14:16:28.357  1426  2204 E BatteryService: healthInfoTemp is within the range (250)
04-21 14:16:28.357  1426  2204 D BatteryService: Sending ACTION_BATTERY_CHANGED. scale:100, info:android.hardware.health.HealthInfo@43bfe83
04-21 14:16:28.358  1426  2204 E BatteryService: level : 69 / status : 2/Health : 2/Decommission : 0/error status : 0
04-21 14:16:28.370  2120  2120 W PowerUI : mBatteryPresent = true
04-21 14:16:28.371  2120  8084 D PowerUI : can't show warning due to - plugged: true status unknown: false
04-21 14:16:28.866  3167  3192 W ContextImpl: Calling a method in the system process without a qualified user: android.app.ContextImpl.sendBroadcast:1220 android.content.ContextWrapper.sendBroadcast:504 com.zebra.rfidhost.RFIDClientConnection.sendBroadCast:513 com.zebra.rfidhost.RFIDClientConnection.toggleRfidReaderPower:502 com.zebra.rfidhost.RFIDClientConnection.enableRfid:442 
04-21 14:16:28.887  1426  2121 D UsbHostManager: deviceClass : 9checkUsbInterfacesBlackListed :false
04-21 14:16:28.888  1426  2121 D UsbHostManager: mHubHidDevices added size is 4
04-21 14:16:30.221  1426  2121 D UsbHostManager: deviceClass : 239checkUsbInterfacesBlackListed :false
04-21 14:16:30.223  1426  2121 D UsbHostManager: USB device attached: vidpid 05e0:1702 portType Secondary  mfg/product/ver/serial Zebra Technologies, Inc/TC2205-0G1250SS-E8::::EA/0.01/S/N:BFPE01BQROI000XXXXXXXXXXXXXXXXXX:E hasAudio/HID/Storage: false/false/false
04-21 14:16:30.227  1426  2121 D UsbHostManager: Added device UsbDevice[mName=/dev/bus/usb/004/002,mVendorId=1504,mProductId=5890,mClass=239,mSubclass=2,mProtocol=1,mManufacturerName=Zebra Technologies, Inc,mProductName=TC2205-0G1250SS-E8::::EA,mVersion=0.01,mSerialNumberReader=com.android.server.usb.UsbSerialReader@97cd48a, mHasAudioPlayback=false, mHasAudioCapture=false, mHasMidi=false, mHasVideoCapture=false, mHasVideoPlayback=false, mConfigurations=[
04-21 14:16:30.227  1426  2121 D UsbHostManager: UsbConfiguration[mId=1,mName=Self Powered,mAttributes=224,mMaxPower=0,mInterfaces=[
04-21 14:16:30.227  1426  2121 D UsbHostManager: UsbInterface[mId=0,mAlternateSetting=0,mName=ZETI Interface,mClass=2,mSubclass=2,mProtocol=1,mEndpoints=[
04-21 14:16:30.227  1426  2121 D UsbHostManager: UsbEndpoint[mAddress=129,mAttributes=3,mMaxPacketSize=64,mInterval=1]]
04-21 14:16:30.227  1426  2121 D UsbHostManager: UsbInterface[mId=1,mAlternateSetting=0,mName=ZETI Interface,mClass=10,mSubclass=0,mProtocol=0,mEndpoints=[
04-21 14:16:30.227  1426  2121 D UsbHostManager: UsbEndpoint[mAddress=2,mAttributes=2,mMaxPacketSize=64,mInterval=255]
04-21 14:16:30.227  1426  2121 D UsbHostManager: UsbEndpoint[mAddress=131,mAttributes=2,mMaxPacketSize=64,mInterval=255]]
04-21 14:16:30.227  1426  2121 D UsbHostManager: UsbInterface[mId=2,mAlternateSetting=0,mName=SSI Interface,mClass=2,mSubclass=2,mProtocol=1,mEndpoints=[
04-21 14:16:30.227  1426  2121 D UsbHostManager: UsbEndpoint[mAddress=132,mAttributes=3,mMaxPacketSize=64,mInterval=1]]
04-21 14:16:30.227  1426  2121 D UsbHostManager: UsbInterface[mId=3,mAlternateSetting=0,mName=SSI Interface,mClass=10,mSubclass=0,mProtocol=0,mEndpoints=[
04-21 14:16:30.227  1426  2121 D UsbHostManager: UsbEndpoint[mAddress=5,mAttributes=2,mMaxPacketSize=64,mInterval=255]
04-21 14:16:30.227  1426  2121 D UsbHostManager: UsbEndpoint[mAddress=134,mAttributes=2,mMaxPacketSize=64,mInterval=255]]]]
04-21 14:16:30.227  1426  2121 D UsbHostManager: Send device to PopupControl
04-21 14:16:30.228  1426  2121 E UsbHostManager: sendDeviceToService 05E0:1702
04-21 14:16:30.247  1426  1858 D ActivityManager: sync unfroze 9476 com.symbol.osx.osxprovisionservice for 3
04-21 14:16:30.272  1426  2121 E UsbProfileGroupSettingsManager: OSX resolveActivity 
04-21 14:16:30.272  1426  2121 E OSxUsbConfig: isUSBMassStoargeDevice :: false
04-21 14:16:30.273  1426  2121 E UsbAlsaManager: usbDeviceAdded(): cannot find sound card for /dev/bus/usb/004/002
04-21 14:16:32.450  1426  9284 D ActivityManager: com.google.android.gms is skipped freeze by freezeAppAsyncInternalLSP
04-21 14:16:33.474  1426  2204 D BatteryService: Processing new values: info=android.hardware.health.HealthInfo@f87bf65, mBatteryLevelCritical=false, mPlugType=2
04-21 14:16:33.476  1426  2204 I BatteryService: File node value is 250
04-21 14:16:33.477  1426  2204 E BatteryService: healthInfoTemp is within the range (250)
04-21 14:16:33.477  1426  2204 D BatteryService: Sending ACTION_BATTERY_CHANGED. scale:100, info:android.hardware.health.HealthInfo@f87bf65
04-21 14:16:33.478  1426  2204 E BatteryService: level : 69 / status : 2/Health : 2/Decommission : 0/error status : 0
04-21 14:16:33.495  2120  2120 W PowerUI : mBatteryPresent = true
04-21 14:16:33.495  2120  8233 D PowerUI : can't show warning due to - plugged: true status unknown: false
04-21 14:16:34.197  1426  2204 D BatteryService: Processing new values: info=android.hardware.health.HealthInfo@8b9ece1, mBatteryLevelCritical=false, mPlugType=2
04-21 14:16:34.199  1426  2204 I BatteryService: File node value is 250
04-21 14:16:34.199  1426  2204 E BatteryService: healthInfoTemp is within the range (250)
04-21 14:16:34.199  1426  2204 D BatteryService: Sending ACTION_BATTERY_CHANGED. scale:100, info:android.hardware.health.HealthInfo@8b9ece1
04-21 14:16:34.200  1426  2204 E BatteryService: level : 69 / status : 2/Health : 2/Decommission : 0/error status : 0
04-21 14:16:34.216  2120  2120 W PowerUI : mBatteryPresent = true
04-21 14:16:34.217  2120  2706 D PowerUI : can't show warning due to - plugged: true status unknown: false
04-21 14:16:35.855  1426  1984 D ActivityManager: freezing 5156 com.symbol.mxmf
04-21 14:16:38.914 10563 10673 E AndroidRuntime: FATAL EXCEPTION: Thread-29
04-21 14:16:38.914 10563 10673 E AndroidRuntime: Process: com.symbol.datawedge, PID: 10563
04-21 14:16:38.914 10563 10673 E AndroidRuntime: java.lang.IllegalStateException: Already running
04-21 14:16:38.914 10563 10673 E AndroidRuntime: 	at com.zebra.rfid.api3.SerialInputOutputManager.run(SourceFile:250)
04-21 14:16:38.914 10563 10673 E AndroidRuntime: 	at java.lang.Thread.run(Thread.java:1012)
04-21 14:16:38.919  1426 10674 I DropBoxManagerService: add tag=system_app_crash isTagEnabled=true flags=0x2
04-21 14:16:38.922  1426  1845 I ActivityManager: Showing crash dialog for package com.symbol.datawedge u0
04-21 14:16:38.954  1426  1845 D CompatibilityChangeReporter: Compat change id reported: 161145287; UID 1000; state: ENABLED
04-21 14:16:38.954  1426  1845 D CompatibilityChangeReporter: Compat change id reported: 161145287; UID 1000; state: DISABLED
04-21 14:16:38.968  1426  1845 D CompatibilityChangeReporter: Compat change id reported: 168419799; UID 1000; state: DISABLED
04-21 14:16:38.968  1426  1845 D CompatibilityChangeReporter: Compat change id reported: 273564678; UID 1000; state: DISABLED
04-21 14:16:38.971  1426  1845 W WindowManager: Special Window visiable! Need to adjust the adj value!
04-21 14:16:38.971  1426  1845 D WindowManager: DP::updateSystemBarAttributes called
04-21 14:16:38.971  1426  1845 D WindowManager: DP::::updateSystemBarAttributes displayId: 0
04-21 14:16:38.972  1426  1845 D WindowManager: displayId: 0
04-21 14:16:38.972  1426  1845 D WindowManager: isFullscreen: false isImmersive: false
04-21 14:16:38.972  1426  1845 D WindowManager: mLastFocusIsFullscreen: false mLastImmersiveMode: false
04-21 14:16:38.972  1426  1845 D WindowManager: mFocusedWindow: Window{cd724c0 u0 Application Error: com.symbol.datawedge}
04-21 14:16:38.972  1426  1845 D WindowManager: mLastFocusedWindow: Window{3e84d76 u0 com.ltrudu.rfid_sample_flutter/com.ltrudu.rfid_sample_flutter.MainActivity}
04-21 14:16:38.972  1426  1845 D WindowManager: mLastFocusIsImmersiveAndFullscreen: false
04-21 14:16:38.972  1426  1845 D WindowManager: mLastWindowClosed: null
04-21 14:16:38.985  1426  1845 D CoreBackPreview: Window{cd724c0 u0 Application Error: com.symbol.datawedge}: Setting back callback OnBackInvokedCallbackInfo{mCallback=android.window.WindowOnBackInvokedDispatcher$OnBackInvokedCallbackWrapper@47ba216, mPriority=0, mIsAnimationCallback=false}
04-21 14:16:38.993  1426  1845 D WindowManager: layoutWindowLw currenttaskBarInDb-- 0
04-21 14:16:38.994  1426  1845 D WindowManager: layoutWindowLw currenttaskBarInDb-- 0
04-21 14:16:38.994  1426  1845 D WindowManager: layoutWindowLw currenttaskBarInDb-- 0
04-21 14:16:38.994  1426  1845 D WindowManager: layoutWindowLw currenttaskBarInDb-- 0
04-21 14:16:38.994  1426  1845 D WindowManager: DP::updateSystemBarAttributes called
04-21 14:16:38.995  1426  1845 D WindowManager: DP::::updateSystemBarAttributes displayId: 0
04-21 14:16:39.069  1426  1848 D WindowManager: layoutWindowLw currenttaskBarInDb-- 0
04-21 14:16:39.069  1426  1848 D WindowManager: layoutWindowLw currenttaskBarInDb-- 0
04-21 14:16:39.069  1426  1848 D WindowManager: layoutWindowLw currenttaskBarInDb-- 0
04-21 14:16:39.070  1426  1848 D WindowManager: layoutWindowLw currenttaskBarInDb-- 0
04-21 14:16:39.070  1426  1848 D WindowManager: DP::updateSystemBarAttributes called
04-21 14:16:39.070  1426  1848 D WindowManager: DP::::updateSystemBarAttributes displayId: 0
04-21 14:16:39.319  1426  1848 D WindowManager: DP::updateSystemBarAttributes called
04-21 14:16:39.319  1426  1848 D WindowManager: DP::::updateSystemBarAttributes displayId: 0
04-21 14:16:39.320  1426  1848 D WindowManager: displayId: 0
04-21 14:16:39.320  1426  1848 D WindowManager: isFullscreen: false isImmersive: false
04-21 14:16:39.320  1426  1848 D WindowManager: mLastFocusIsFullscreen: false mLastImmersiveMode: false
04-21 14:16:39.320  1426  1848 D WindowManager: mFocusedWindow: Window{cd724c0 u0 Application Error: com.symbol.datawedge}
04-21 14:16:39.320  1426  1848 D WindowManager: mLastFocusedWindow: Window{3e84d76 u0 com.ltrudu.rfid_sample_flutter/com.ltrudu.rfid_sample_flutter.MainActivity}
04-21 14:16:39.320  1426  1848 D WindowManager: mLastFocusIsImmersiveAndFullscreen: false
04-21 14:16:39.320  1426  1848 D WindowManager: mLastWindowClosed: null
04-21 14:16:39.335  1426  1848 D WindowManager: DP::updateSystemBarAttributes called
04-21 14:16:39.335  1426  1848 D WindowManager: DP::::updateSystemBarAttributes displayId: 0
04-21 14:16:39.470  1426  5352 D ActivityManager: com.google.android.gms is skipped freeze by freezeAppAsyncInternalLSP
04-21 14:16:40.278  1426  1984 D ActivityManager: freezing 9476 com.symbol.osx.osxprovisionservice
04-21 14:16:40.280  1426  1984 D ActivityManager: freezing 9285 android.process.media
04-21 14:16:40.281  1426  1984 D ActivityManager: freezing 4108 com.google.android.googlequicksearchbox:search
--------- beginning of main
04-21 14:16:41.641 10464 10689 W Codec2Client: query -- param skipped: index = 1342179345.
04-21 14:16:41.641 10464 10689 W Codec2Client: query -- param skipped: index = 2415921170.
04-21 14:16:41.642 10464 10689 D C2Store : Using ION
04-21 14:16:41.644 10464 10689 D CCodecBufferChannel: [c2.android.vorbis.decoder#140] Created input block pool with allocatorID 16 => poolID 17 - OK (0)
04-21 14:16:41.645  3666  4124 D BufferPoolAccessor2.0: bufferpool2 0xb400007485032988 : 0(0 size) total buffers - 0(0 size) used buffers - 0/7 (recycle/alloc) - 6/62 (fetch/transfer)
04-21 14:16:41.645  3666  4124 D BufferPoolAccessor2.0: Destruction - bufferpool2 0xb400007485032988 cached: 0/0M, 0/0% in use; allocs: 7, 0% recycled; transfers: 62, 90% unfetched
04-21 14:16:41.646  3666  4124 D BufferPoolAccessor2.0: bufferpool2 0xb40000748502ffe8 : 0(0 size) total buffers - 0(0 size) used buffers - 1/7 (recycle/alloc) - 6/100 (fetch/transfer)
04-21 14:16:41.645 10464 10689 I CCodecBufferChannel: [c2.android.vorbis.decoder#140] Created output block pool with allocatorID 16 => poolID 49 - OK
04-21 14:16:41.646  3666  4124 D BufferPoolAccessor2.0: Destruction - bufferpool2 0xb40000748502ffe8 cached: 0/0M, 0/0% in use; allocs: 7, 14% recycled; transfers: 100, 94% unfetched
04-21 14:16:41.646  3666  4124 D BufferPoolAccessor2.0: bufferpool2 0xb4000074850246e8 : 0(0 size) total buffers - 0(0 size) used buffers - 2/7 (recycle/alloc) - 5/64 (fetch/transfer)
04-21 14:16:41.646 10464 10689 D CCodecBufferChannel: [c2.android.vorbis.decoder#140] Configured output block pool ids 49 => OK
04-21 14:16:41.646  3666  4124 D BufferPoolAccessor2.0: Destruction - bufferpool2 0xb4000074850246e8 cached: 0/0M, 0/0% in use; allocs: 7, 29% recycled; transfers: 64, 92% unfetched
04-21 14:16:41.646 10464 10689 D CCodecBufferChannel: [c2.android.vorbis.decoder#140] start: updating output delay 0
04-21 14:16:41.648  1561 10693 D SimpleC2Component: Using output block pool with poolID 49 => got 49 - 0
04-21 14:16:41.649  1492 10615 D MediaBufferGroup: creating MemoryDealer
04-21 14:16:41.658 10464 10689 D CCodecBufferChannel: [c2.android.vorbis.decoder#140] MediaCodec discarded an unknown buffer
04-21 14:16:41.658 10464 10689 D CCodecBufferChannel: [c2.android.vorbis.decoder#140] MediaCodec discarded an unknown buffer
04-21 14:16:41.658 10464 10689 D CCodecBufferChannel: [c2.android.vorbis.decoder#140] MediaCodec discarded an unknown buffer
04-21 14:16:41.660 10464 10689 I hw-BpHwBinder: onLastStrongRef automatically unlinking death recipients
04-21 14:16:41.660  1561  2198 I hw-BpHwBinder: onLastStrongRef automatically unlinking death recipients
04-21 14:16:41.660  1561  2198 I hw-BpHwBinder: onLastStrongRef automatically unlinking death recipients
04-21 14:16:41.661  1495  2191 W ServiceManagerCppClient: Permission failure: android.permission.MEDIA_RESOURCE_OVERRIDE_PID from uid=10102 pid=10464
04-21 14:16:41.661  1495  2191 W ResourceManagerService: removeResource called with untrusted pid 10563, using calling pid 10464
04-21 14:16:41.662  1495  2191 W ServiceManagerCppClient: Permission failure: android.permission.MEDIA_RESOURCE_OVERRIDE_PID from uid=10102 pid=10464
04-21 14:16:41.662  1495  2191 W ResourceManagerService: removeResource called with untrusted pid 10563, using calling pid 10464
04-21 14:16:41.662 10464 10512 D MediaCodec: flushMediametrics
04-21 14:16:41.664 10464 10512 I ScannerFramework: [AudioFormatConverter::LoadFile] Sample rate: 48000
04-21 14:16:41.664 10464 10512 I ScannerFramework: [AudioFormatConverter::LoadFile] Channels: 1
04-21 14:16:41.664 10464 10512 I ScannerFramework: [AudioFormatConverter::LoadFile] Size: 2734
04-21 14:16:41.664 10464 10512 I ScannerFramework: Audio File size 2734
04-21 14:16:41.664 10464 10512 I ScannerFramework: Set Stream Type to OBOE_USAGE_NOTIFICATION
04-21 14:16:41.664 10464 10512 I ScannerFramework: [PlayAudioEngine::CreatePlaybackStream] Value of audioapi 1
04-21 14:16:41.664 10464 10512 I ScannerFramework: [PlayAudioEngine::CreatePlaybackStream] Value of iExternalHeadset 0
04-21 14:16:41.664 10464 10512 I ScannerFramework: Setting AudioAPI to OpenSLES
04-21 14:16:41.664 10464 10512 I ScannerFramework: PlayAudioEngine::setChannelCount()
04-21 14:16:41.664 10464 10512 I ScannerFramework: Direction: 0, Format: 2, Sample Rate: 48000, Channel Count: 1, Usage: 5, Audio API: 1, Sharing Mode: 0, Performance Mode: 12
04-21 14:16:41.665 10464 10512 I OboeAudio: openStreamInternal() OUTPUT -------- OboeVersion1.9.2 --------
04-21 14:16:41.666 10464 10512 W OboeAudio: SharingMode [AudioStreamBuilder::setSharingMode()] is not supported on OpenSLES streams.
04-21 14:16:41.666 10464 10512 I OboeAudio: AudioStreamOpenSLES::open() chans=1, rate=48000
04-21 14:16:41.671 10464 10512 D dge:zdcpservice: PlayerBase::PlayerBase()
04-21 14:16:41.671 10464 10512 D dge:zdcpservice: TrackPlayerBase::TrackPlayerBase()
04-21 14:16:41.672 10464 10512 I libOpenSLES: Emulating old channel mask behavior (ignoring positional mask 0x4, using default mask 0x1 based on channel count of 1)
04-21 14:16:41.673  1252  3079 W AudioFlinger: createTrack uid 10102 pid 10464 tried to pass itself off as pid 10563
04-21 14:16:41.675  1060  2059 D audio_hw_primary: adev_get_parameters:vr_audio_mode_on
04-21 14:16:41.677  1252  3079 W AudioFlinger: createTrack_l(): mismatch between requested flags (00000104) and output flags (00000006)
04-21 14:16:41.677  1252  3079 D AudioFlinger: Client defaulted notificationFrames to 192 for frameCount 384
04-21 14:16:41.682 10464 10512 I AudioTrack: createTrack_l(0): AUDIO_OUTPUT_FLAG_FAST successful; frameCount 0 -> 384
04-21 14:16:41.687 10464 10512 W OboeAudio: Failed to setBufferSizeInFrames(384). Error was ErrorUnimplemented
04-21 14:16:41.687 10464 10512 I ScannerFramework: [PlayAudioEngine::PrintAudioStreamInfo] StreamID: 0xb400007485042eb0
04-21 14:16:41.687 10464 10512 I ScannerFramework: [PlayAudioEngine::PrintAudioStreamInfo] BufferCapacity: 384
04-21 14:16:41.687 10464 10512 I ScannerFramework: [PlayAudioEngine::PrintAudioStreamInfo] BufferSize: 384
04-21 14:16:41.687 10464 10512 I ScannerFramework: [PlayAudioEngine::PrintAudioStreamInfo] FramesPerBurst: 192
04-21 14:16:41.687 10464 10512 I ScannerFramework: [PlayAudioEngine::PrintAudioStreamInfo] XRunCount: 0
04-21 14:16:41.687 10464 10512 I ScannerFramework: [PlayAudioEngine::PrintAudioStreamInfo] SampleRate: 48000
04-21 14:16:41.687 10464 10512 I ScannerFramework: [PlayAudioEngine::PrintAudioStreamInfo] SamplesPerFrame: 1
04-21 14:16:41.687 10464 10512 I ScannerFramework: [PlayAudioEngine::PrintAudioStreamInfo] DeviceId: 0
04-21 14:16:41.687 10464 10512 I ScannerFramework: [PlayAudioEngine::PrintAudioStreamInfo] AudioApi: 1
04-21 14:16:41.687 10464 10512 I ScannerFramework: [PlayAudioEngine::PrintAudioStreamInfo] Format: Float
04-21 14:16:41.687 10464 10512 I ScannerFramework: [PlayAudioEngine::PrintAudioStreamInfo] SharingMode: SHARED
04-21 14:16:41.687 10464 10512 I ScannerFramework: [PlayAudioEngine::PrintAudioStreamInfo] PerformanceMode: LOW_LATENCY
04-21 14:16:41.687 10464 10512 I ScannerFramework: [PlayAudioEngine::PrintAudioStreamInfo] Direction: OUTPUT
04-21 14:16:41.701 10464 10512 I ScannerFramework: DIGIMARC [DigimarkCWrapper::Init] g_mScannerEngine : se4710_cam_builtin g_bInitDone = 1
04-21 14:16:41.701 10464 10512 I ScannerFramework: [Scanner::ReadSubmitEx] - '0'
04-21 14:16:41.702 10563 10621 I DataWedge-ScannerProxyHandler: #DW-SF# Submit Read with callback EX [Finish]
04-21 14:16:41.703 10563 10579 D BroadcastHelper: Sending broadcast to handler com.symbol.datawedge.scanner_status
04-21 14:16:41.703 10563 10579 I DWScanner: #DW-SF# Scan status changed from SCAN_STATUS_ENABLED to SCAN_STATUS_WAITFORTRIGGER
04-21 14:16:41.703 10563 10620 D BroadcastHelper: Sending broadcast intent com.symbol.datawedge.scanner_status
04-21 14:16:41.703 10563 10620 D DWHelper: getHelper
04-21 14:16:41.704 10563 10579 D BroadcastHelper: Sending broadcast to handler com.symbol.datawedge.scanner_status
04-21 14:16:41.708 10563 10620 D BroadcastHelper: Broadcast intent finished com.symbol.datawedge.scanner_status
04-21 14:16:41.708 10563 10620 D BroadcastHelper: Sending broadcast intent com.symbol.datawedge.scanner_status
04-21 14:16:41.708 10563 10620 D DWHelper: getHelper
04-21 14:16:41.709  1426  1426 D FusionRssiPolling: updateLinkLayerStatsRssiSpeedFrequencyCapabilities rssi=-48 TxLinkspeed=619 freq=5680 RxLinkSpeed=6
04-21 14:16:41.711 10563 10620 D BroadcastHelper: Broadcast intent finished com.symbol.datawedge.scanner_status
04-21 14:16:44.720  1426  1426 D FusionRssiPolling: updateLinkLayerStatsRssiSpeedFrequencyCapabilities rssi=-48 TxLinkspeed=619 freq=5680 RxLinkSpeed=6
04-21 14:16:45.314  1426  2207 D ActivityManager: com.google.android.gms is skipped freeze by freezeAppAsyncInternalLSP
04-21 14:16:45.932 10563 10684 D IRFIDReader: constructor
04-21 14:16:45.933 10563 10684 E protocol val is: ASCII
04-21 14:16:46.441 10563 10684 D IRFIDReader: constructor
04-21 14:16:46.441 10563 10684 E protocol val is: ASCII
04-21 14:16:46.466  1426  5352 D ActivityManager: com.google.android.gms is skipped freeze by freezeAppAsyncInternalLSP
04-21 14:16:46.647 10464 10692 D BufferPoolAccessor2.0: bufferpool2 0xb4000074850478d8 : 0(0 size) total buffers - 0(0 size) used buffers - 2/7 (recycle/alloc) - 5/14 (fetch/transfer)
04-21 14:16:46.647  1561  2119 D BufferPoolAccessor2.0: bufferpool2 0xb4000072119eb438 : 0(0 size) total buffers - 0(0 size) used buffers - 2/5 (recycle/alloc) - 3/4 (fetch/transfer)
04-21 14:16:46.647  1561  2119 D BufferPoolAccessor2.0: evictor expired: 1, evicted: 1
04-21 14:16:46.647 10464 10692 D BufferPoolAccessor2.0: evictor expired: 1, evicted: 1
04-21 14:16:46.647  3666  4930 D BufferPoolAccessor2.0: evictor expired: 3, evicted: 0
04-21 14:16:46.933  1225  1225 I vendor.zebra.hardware.health@1.0-service: getZebraHealthInfo
04-21 14:16:46.938  1426  2204 D BatteryService: Processing new values: info=android.hardware.health.HealthInfo@d575de4, mBatteryLevelCritical=false, mPlugType=2
04-21 14:16:46.939  1426  2204 I BatteryService: File node value is 250
04-21 14:16:46.939  1426  2204 E BatteryService: healthInfoTemp is within the range (250)
04-21 14:16:46.940  1426  2204 D BatteryService: Sending ACTION_BATTERY_CHANGED. scale:100, info:android.hardware.health.HealthInfo@d575de4
04-21 14:16:46.941  1426  2204 E BatteryService: level : 69 / status : 2/Health : 2/Decommission : 0/error status : 0
04-21 14:16:46.948  1426  1426 D BatterySaverStateMachine: on BATTERY_CHANGED: current BatteryLevel: 69
04-21 14:16:46.948  1426  1426 D BatterySaverStateMachine: received  intent action android.intent.action.BATTERY_CHANGED
04-21 14:16:46.953  3882  3882 I BeaconConfigHelper : Not a Battery BLE
04-21 14:16:46.954  7576  7576 D HighTemperatureReceiver: Receive action: android.intent.action.BATTERY_CHANGED
04-21 14:16:46.956  2120  2120 W PowerUI : mBatteryPresent = true
04-21 14:16:46.957  2120  2794 D PowerUI : can't show warning due to - plugged: true status unknown: false
04-21 14:16:46.958  3659  3659 D OSUService: dev-dbg:is_charging current_now 210269, batteryLevel: 69, adapter_charge_limit: 500000, isCharging(isCharging): true
04-21 14:16:46.958  3659  3659 I OSUService: handle_ab_resume -1 3
04-21 14:16:47.446  7732  7732 D yc.zL   : Received battery event
04-21 14:16:47.446  7732  7732 D yc.zL   : BatteryFactory event action = android.intent.action.BATTERY_CHANGED
04-21 14:16:47.752  1426  1426 D FusionRssiPolling: updateLinkLayerStatsRssiSpeedFrequencyCapabilities rssi=-49 TxLinkspeed=619 freq=5680 RxLinkSpeed=6
04-21 14:16:48.829  1225  1225 I vendor.zebra.hardware.health@1.0-service: getZebraHealthInfo
04-21 14:16:48.833  1426  2204 D BatteryService: Processing new values: info=android.hardware.health.HealthInfo@710fa13, mBatteryLevelCritical=false, mPlugType=2
04-21 14:16:48.835  1426  2204 I BatteryService: File node value is 250
04-21 14:16:48.835  1426  2204 E BatteryService: healthInfoTemp is within the range (250)
04-21 14:16:49.448  3096  3096 D vendor.zebra.hardware.rfidserial-service: Entering RfidSerial getPortNames
04-21 14:16:49.448  3096  3096 D vendor.zebra.hardware.rfidserial-service: RFID Interface = 2
04-21 14:16:49.448  3096  3096 D vendor.zebra.hardware.rfidserial-service: RfidSerial getPortNames : inside USB condition
04-21 14:16:49.448  3096  3096 D vendor.zebra.hardware.rfidserial-service: isDeviceSRV = 0
04-21 14:16:49.449  3096  3096 D vendor.zebra.hardware.rfidserial-service: PRODUCT = 5e0/1702/1
04-21 14:16:49.449  3096  3096 D vendor.zebra.hardware.rfidserial-service: Final RFID port name: ttyACM1
04-21 14:16:49.450  3214  3252 D RFIDSerialService: openPort = /dev/ttyACM0
04-21 14:16:49.450  3214  3252 D Serial.Port: Port constructor
04-21 14:16:49.450  3214  3252 D Serial.Port: Close port before open
04-21 14:16:49.450  3214  3252 D app_process64: PortJni: Opening /dev/ttyACM0
04-21 14:16:49.452  3214  3252 D app_process64: PortJni: fd = 5
04-21 14:16:49.452  3214  3252 D app_process64: [PortJni] open handle 5, setting speed
04-21 14:16:49.452  3214  3252 D app_process64: PortJni: Serial timings 10 us/char, 1000 us wait, 90 expected, 92160 limit
04-21 14:16:49.452  3214  3252 D app_process64: [PortJni] Set low latency flag
04-21 14:16:49.454 10563 10698 I Process : Sending signal. PID: 10563 SIG: 9
04-21 14:16:49.456  3167  3192 D PowerOptimisationManager: READER_CONNECTED
04-21 14:16:49.505 10464 10512 E ScannerFramework: [StatusReporterWrapper::RemoveCallbackResources] No Callback for scanner 0 pid 10563
04-21 14:16:49.506 10464 10512 E ScannerFramework: [StatusReporterWrapper::RemoveCallbackResources] No Callback for scanner 0 pid 10563
04-21 14:16:49.506 10464 10512 E ScannerFramework: [StatusReporterWrapper::RemoveCallbackResources] No Callback for scanner 1 pid 10563
04-21 14:16:49.506 10464 10512 E ScannerFramework: [StatusReporterWrapper::RemoveCallbackResources] No Callback for scanner 1 pid 10563
04-21 14:16:49.506 10464 10512 E ScannerFramework: [StatusReporterWrapper::RemoveCallbackResources] No Callback for scanner 2 pid 10563
04-21 14:16:49.506 10464 10512 E ScannerFramework: [StatusReporterWrapper::RemoveCallbackResources] No Callback for scanner 2 pid 10563
04-21 14:16:49.506 10464 10512 E ScannerFramework: [StatusReporterWrapper::RemoveCallbackResources] No Callback for scanner 3 pid 10563
04-21 14:16:49.506 10464 10512 E ScannerFramework: [StatusReporterWrapper::RemoveCallbackResources] No Callback for scanner 3 pid 10563
04-21 14:16:49.506 10464 10512 E ScannerFramework: [StatusReporterWrapper::RemoveCallbackResources] No Callback for scanner 3 pid 10563
04-21 14:16:49.506 10464 10512 E ScannerFramework: [StatusReporterWrapper::RemoveCallbackResources] No Callback for scanner 4 pid 10563
04-21 14:16:49.506 10464 10512 E ScannerFramework: [StatusReporterWrapper::RemoveCallbackResources] No Callback for scanner 4 pid 10563
04-21 14:16:49.506 10464 10512 E ScannerFramework: [StatusReporterWrapper::RemoveCallbackResources] No Callback for scanner 4 pid 10563
04-21 14:16:49.506 10464 10512 E ScannerFramework: [StatusReporterWrapper::RemoveCallbackResources] No Callback for scanner 5 pid 10563
04-21 14:16:49.506 10464 10512 E ScannerFramework: [StatusReporterWrapper::RemoveCallbackResources] No Callback for scanner 5 pid 10563
04-21 14:16:49.506 10464 10512 E ScannerFramework: [StatusReporterWrapper::RemoveCallbackResources] No Callback for scanner 6 pid 10563
04-21 14:16:49.506 10464 10512 E ScannerFramework: [StatusReporterWrapper::RemoveCallbackResources] No Callback for scanner 6 pid 10563
04-21 14:16:49.506 10464 10512 E ScannerFramework: [StatusReporterWrapper::RemoveCallbackResources] No Callback for scanner 6 pid 10563
04-21 14:16:49.506 10464 10512 E ScannerFramework: [StatusReporterWrapper::RemoveCallbackResources] No Callback for scanner 7 pid 10563
04-21 14:16:49.506 10464 10512 E ScannerFramework: [StatusReporterWrapper::RemoveCallbackResources] No Callback for scanner 7 pid 10563
04-21 14:16:49.506 10464 10512 E ScannerFramework: [StatusReporterWrapper::RemoveCallbackResources] No Callback for scanner 7 pid 10563
04-21 14:16:49.506 10464 10512 E ScannerFramework: [StatusReporterWrapper::RemoveCallbackResources] No Callback for scanner 8 pid 10563
04-21 14:16:49.506 10464 10512 E ScannerFramework: [StatusReporterWrapper::RemoveCallbackResources] No Callback for scanner 8 pid 10563
04-21 14:16:49.506  3214  3252 D app_process64: PortJni: Closing native_close_filedesc fd = 5
04-21 14:16:49.506 10464 10512 E ScannerFramework: [StatusReporterWrapper::RemoveCallbackResources] No Callback for scanner 8 pid 10563
04-21 14:16:49.506 10464 10512 E ScannerFramework: [StatusReporterWrapper::RemoveCallbackResources] No Callback for scanner 9 pid 10563
04-21 14:16:49.506 10464 10512 E ScannerFramework: [StatusReporterWrapper::RemoveCallbackResources] No Callback for scanner 9 pid 10563
04-21 14:16:49.506 10464 10512 E ScannerFramework: [StatusReporterWrapper::RemoveCallbackResources] No Callback for scanner 9 pid 10563
04-21 14:16:49.506 10464 10512 E ScannerFramework: [StatusReporterWrapper::RemoveCallbackResources] No Callback for scanner 10 pid 10563
04-21 14:16:49.506 10464 10512 E ScannerFramework: [StatusReporterWrapper::RemoveCallbackResources] No Callback for scanner 10 pid 10563
04-21 14:16:49.507 10464 10512 E ScannerFramework: [StatusReporterWrapper::RemoveCallbackResources] No Callback for scanner 10 pid 10563
04-21 14:16:49.507 10464 10512 E ScannerFramework: [StatusReporterWrapper::RemoveCallbackResources] No Callback for scanner 11 pid 10563
04-21 14:16:49.507 10464 10512 E ScannerFramework: [StatusReporterWrapper::RemoveCallbackResources] No Callback for scanner 11 pid 10563
04-21 14:16:49.507  3214  3252 D app_process64: PortJni: Closing native_close_filedesc successfully
04-21 14:16:49.507 10464 10512 E ScannerFramework: [StatusReporterWrapper::RemoveCallbackResources] No Callback for scanner 11 pid 10563
04-21 14:16:49.507 10464 10512 E ScannerFramework: [StatusReporterWrapper::RemoveCallbackResources] No Callback for scanner 12 pid 10563
04-21 14:16:49.507 10464 10512 E ScannerFramework: [StatusReporterWrapper::RemoveCallbackResources] No Callback for scanner 12 pid 10563
04-21 14:16:49.507 10464 10512 E ScannerFramework: [StatusReporterWrapper::RemoveCallbackResources] No Callback for scanner 12 pid 10563
04-21 14:16:49.507  3214  3252 D RFIDSerialService: [serialservice] binderDied called fd closed
04-21 14:16:49.507 10464 10512 E ScannerFramework: [StatusReporterWrapper::RemoveCallbackResources] No Callback for scanner 13 pid 10563
04-21 14:16:49.507 10464 10512 E ScannerFramework: [StatusReporterWrapper::RemoveCallbackResources] No Callback for scanner 13 pid 10563
04-21 14:16:49.507 10464 10512 E ScannerFramework: [StatusReporterWrapper::RemoveCallbackResources] No Callback for scanner 14 pid 10563
04-21 14:16:49.507 10464 10512 E ScannerFramework: [StatusReporterWrapper::RemoveCallbackResources] No Callback for scanner 14 pid 10563
04-21 14:16:49.507 10464 10512 E ScannerFramework: [StatusReporterWrapper::RemoveCallbackResources] No Callback for scanner 14 pid 10563
04-21 14:16:49.507 10464 10512 E ScannerFramework: [StatusReporterWrapper::RemoveCallbackResources] No Callback for scanner 15 pid 10563
04-21 14:16:49.507 10464 10512 E ScannerFramework: [StatusReporterWrapper::RemoveCallbackResources] No Callback for scanner 15 pid 10563
04-21 14:16:49.507 10464 10512 E ScannerFramework: [StatusReporterWrapper::RemoveCallbackResources] No Callback for scanner 16 pid 10563
04-21 14:16:49.507 10464 10512 E ScannerFramework: [StatusReporterWrapper::RemoveCallbackResources] No Callback for scanner 16 pid 10563
04-21 14:16:49.507 10464 10512 E ScannerFramework: [StatusReporterWrapper::RemoveCallbackResources] No Callback for scanner 17 pid 10563
04-21 14:16:49.507 10464 10512 E ScannerFramework: [StatusReporterWrapper::RemoveCallbackResources] No Callback for scanner 17 pid 10563
04-21 14:16:49.507 10464 10512 E ScannerFramework: [StatusReporterWrapper::RemoveCallbackResources] No Callback for scanner 18 pid 10563
04-21 14:16:49.507 10464 10512 E ScannerFramework: [StatusReporterWrapper::RemoveCallbackResources] No Callback for scanner 18 pid 10563
04-21 14:16:49.507 10464 10512 E ScannerFramework: [StatusReporterWrapper::RemoveCallbackResources] No Callback for scanner 19 pid 10563
04-21 14:16:49.507 10464 10512 E ScannerFramework: [StatusReporterWrapper::RemoveCallbackResources] No Callback for scanner 19 pid 10563
04-21 14:16:49.507 10464 10512 E ScannerFramework: [StatusReporterWrapper::RemoveCallbackResources] No Callback for scanner 19 pid 10563
04-21 14:16:49.507 10464 10512 E ScannerFramework: [StatusReporterWrapper::RemoveCallbackResources] No Callbacks registered
04-21 14:16:49.507 10464 10512 E ScannerFramework: [StatusReporterWrapper::RemoveCallbackResources] No Callbacks registered
04-21 14:16:49.507 10464 10512 E IPCThreadState: attemptIncStrongHandle(38): Not supported
04-21 14:16:49.508  2411  2411 D DWHelperService: #ZVAH# onServiceDisconnected retrying..
04-21 14:16:49.508 10464 10512 I ScannerFramework: [StateMachine::MoveState] Transition from state 'ReadSubmitted' to 'Enabled' for pid -1
04-21 14:16:49.508 10464 10512 I ScannerFramework: [StateMachine::MoveState] Transition from state 'ReadSubmitted' to 'Enabled' for pid 10563
04-21 14:16:49.508 10464 10512 E ScannerFramework: [StatusReporterWrapper::ReportStatus] User does not exist to send data
04-21 14:16:49.508 10464 10512 E ScannerFramework: [PolicyManager::ClearReadsForClient] Unable to clear reads
04-21 14:16:49.508  1426  2207 I ActivityManager: Process com.symbol.datawedge (pid 10563) has died: vis IMPF
04-21 14:16:49.509   894   894 I Zygote  : Process 10563 exited due to signal 9 (Killed)
04-21 14:16:49.509  3167  3192 D RFIDHostService: **** Client Died ****
04-21 14:16:49.511  2411 10701 D DWHelperService: #ZVAH# doBindToDataWedge()
04-21 14:16:49.512 10449 10556 I ScannerFramework: [ImagerAdapter::v4l2_dealloc_ionbuffers] Unmapping mVideoInfo->bufferPtr 0x6e813b7000
04-21 14:16:49.512 10449 10556 I ScannerFramework: [ImagerAdapter::v4l2_dealloc_ionbuffers] Closing dma_fd  15
04-21 14:16:49.512  1426  1862 I libprocessgroup: Successfully killed process cgroup uid 10102 pid 10563 in 0ms
04-21 14:16:49.512 10449 10556 I ScannerFramework: [ImagerAdapter::v4l2_dealloc_ionbuffers] closing client_ion_handle  14
04-21 14:16:49.512 10449 10556 I ScannerFramework: [ImagerAdapter::v4l2_dealloc_ionbuffers] Unmapping mVideoInfo->bufferPtr 0x6e812ad000
04-21 14:16:49.512 10449 10556 I ScannerFramework: [ImagerAdapter::v4l2_dealloc_ionbuffers] Closing dma_fd  17
04-21 14:16:49.512 10449 10556 I ScannerFramework: [ImagerAdapter::v4l2_dealloc_ionbuffers] closing client_ion_handle  16
04-21 14:16:49.512 10449 10556 I ScannerFramework: [ImagerAdapter::v4l2_dealloc_ionbuffers] Unmapping mVideoInfo->bufferPtr 0x6e811a3000
04-21 14:16:49.512 10449 10556 I ScannerFramework: [ImagerAdapter::v4l2_dealloc_ionbuffers] Closing dma_fd  19
04-21 14:16:49.512 10449 10556 I ScannerFramework: [ImagerAdapter::v4l2_dealloc_ionbuffers] closing client_ion_handle  18
04-21 14:16:49.512 10449 10556 I ScannerFramework: [ImagerAdapter::v4l2_dealloc_ionbuffers] Unmapping mVideoInfo->bufferPtr 0x6e81099000
04-21 14:16:49.513 10449 10556 I ScannerFramework: [ImagerAdapter::v4l2_dealloc_ionbuffers] Closing dma_fd  1b
04-21 14:16:49.513 10449 10556 I ScannerFramework: [ImagerAdapter::v4l2_dealloc_ionbuffers] closing client_ion_handle  1a
04-21 14:16:49.513 10449 10556 I ScannerFramework: [ImagerAdapter::v4l2_dealloc_ionbuffers] Unmapping mVideoInfo->bufferPtr 0x6e80f8f000
04-21 14:16:49.513 10449 10556 I ScannerFramework: [ImagerAdapter::v4l2_dealloc_ionbuffers] Closing dma_fd  1d
04-21 14:16:49.513 10449 10556 I ScannerFramework: [ImagerAdapter::v4l2_dealloc_ionbuffers] closing client_ion_handle  1c
04-21 14:16:49.513 10449 10556 I ScannerFramework: [ImagerAdapter::v4l2_dealloc_ionbuffers] Unmapping mVideoInfo->bufferPtr 0x6e80e85000
04-21 14:16:49.513 10449 10556 I ScannerFramework: [ImagerAdapter::v4l2_dealloc_ionbuffers] Closing dma_fd  1f
04-21 14:16:49.513 10449 10556 I ScannerFramework: [ImagerAdapter::v4l2_dealloc_ionbuffers] closing client_ion_handle  1e
04-21 14:16:49.513 10449 10556 I ScannerFramework: [ImagerAdapter::v4l2_dealloc_ionbuffers] Unmapping mVideoInfo->bufferPtr 0x6e80d7b000
04-21 14:16:49.513 10449 10556 I ScannerFramework: [ImagerAdapter::v4l2_dealloc_ionbuffers] Closing dma_fd  21
04-21 14:16:49.513 10449 10556 I ScannerFramework: [ImagerAdapter::v4l2_dealloc_ionbuffers] closing client_ion_handle  20
04-21 14:16:49.513 10449 10556 I ScannerFramework: [ImagerAdapter::v4l2_dealloc_ionbuffers] Unmapping mVideoInfo->bufferPtr 0x6e80c71000
04-21 14:16:49.513 10449 10556 I ScannerFramework: [ImagerAdapter::v4l2_dealloc_ionbuffers] Closing dma_fd  23
04-21 14:16:49.513  1426  1845 W WindowOnBackDispatcher: sendCancelIfRunning: isInProgress=falsecallback=android.view.ViewRootImpl$$ExternalSyntheticLambda17@4eecb31
04-21 14:16:49.513 10449 10556 I ScannerFramework: [ImagerAdapter::v4l2_dealloc_ionbuffers] closing client_ion_handle  22
04-21 14:16:49.515 10464 10512 I ScannerFramework: [ImagerControlProxy::Deinit]
04-21 14:16:49.517 10464 10512 I ScannerFramework: [ImagerControlProxy::unloadImagerControl] closed imagerControl library
04-21 14:16:49.517 10449 10556 I ScannerFramework-HIDL: Imager::CloseImager+
04-21 14:16:49.517 10449 10556 I ScannerFramework-HIDL: [ImagerNode::closeImagerNode] mRefCount = 2 and ImagerHandle = 14
04-21 14:16:49.517 10449 10556 I ScannerFramework-HIDL: Imager::CloseImager-
04-21 14:16:49.518 10464 10512 I ScannerFramework: [V4L2ImagerAdapterHIDLProxy::disAssociateImagerAdapterHIDL] disconnected Adapter HIDL
04-21 14:16:49.518 10464 10512 I ScannerFramework: [ImagerHIDLProxy::disAssociateImagerHIDL] disconnected Imager HIDL
04-21 14:16:49.519 10464 10512 I ScannerFramework: [ImagerControlHIDLProxy::disAssociateImagerControlHIDL] Calling close imager
04-21 14:16:49.519 10449 10449 I ScannerFramework-HIDL: Imager::CloseImager+
04-21 14:16:49.519 10449 10449 I ScannerFramework-HIDL: [ImagerNode::closeImagerNode] mRefCount = 1 and ImagerHandle = 14
04-21 14:16:49.519 10449 10449 I ScannerFramework-HIDL: [ImagerNode::closeImagerNode] Closing ImagerNode (Power down) mRefCount = 0 and ImagerHandle = 14
04-21 14:16:49.519  3283  3283 I TieringMgrService: onDestroy TieringMgrService
04-21 14:16:49.520  2411 10701 D tz.Jw   : #ZVAH# calling start ZDCP Service [start]
04-21 14:16:49.521  2411 10701 E AuthenticationLib:  [Authentication::verifyCaller] Package VERIFICATION CALLED zdcpservicemanagername : com.zebra.zvahelper
04-21 14:16:49.521  2411 10701 E AuthenticationLib: [Authentication::verifyCaller]com.zebra.zvahelper ALLOWED
04-21 14:16:49.521  3167  3192 D RfidHostUtils: removeClients packageName = com.symbol.datawedge
04-21 14:16:49.523  1426  1845 D CoreBackPreview: Window{cd724c0 u0 Application Error: com.symbol.datawedge}: Setting back callback null
04-21 14:16:49.524  2411 10701 E AuthenticationLib: [Authentication::verifyCaller]com.zebra.zvahelper isZebraPrivilegedKeySigned or isPlatformKeySigned 
04-21 14:16:49.526  3167  3192 D RFIDClientConnection: clearRfidState: >>>> 
04-21 14:16:49.527  3086  3086 D vendor.zebra.hardware.rfidhost-service: RfidHost isRfidOn
04-21 14:16:49.527  3086  3086 D vendor.zebra.hardware.rfidhost-service: Rfidon isDeviceSRV = 0
04-21 14:16:49.527  3086  3086 D vendor.zebra.hardware.rfidhost-service: Rfidon isDeviceCharmander = 1
04-21 14:16:49.527  3086  3086 D vendor.zebra.hardware.rfidhost-service: RfidHost isRfidOn passed isDeviceSRV or isDeviceCharmander check
04-21 14:16:49.527  3086  3086 D vendor.zebra.hardware.rfidhost-service: RfidHost isRfidOn /sys/devices/platform/soc/8c00000.hsusb/mode exists
04-21 14:16:49.528 10449 10449 I ScannerFramework-HIDL: Imager::CloseImager-
04-21 14:16:49.528  3086  3086 D vendor.zebra.hardware.rfidhost-service: RfidHost: isRfidOn: returning true
04-21 14:16:49.528  3086  3086 D vendor.zebra.hardware.rfidhost-service: RfidHost isRfidOn
04-21 14:16:49.528  3086  3086 D vendor.zebra.hardware.rfidhost-service: Rfidon isDeviceSRV = 0
04-21 14:16:49.528  3086  3086 D vendor.zebra.hardware.rfidhost-service: Rfidon isDeviceCharmander = 1
04-21 14:16:49.529  3086  3086 D vendor.zebra.hardware.rfidhost-service: RfidHost isRfidOn passed isDeviceSRV or isDeviceCharmander check
04-21 14:16:49.529  3086  3086 D vendor.zebra.hardware.rfidhost-service: RfidHost isRfidOn /sys/devices/platform/soc/8c00000.hsusb/mode exists
04-21 14:16:49.529 10464 10512 I ScannerFramework: [ImagerControlHIDLProxy::disAssociateImagerControlHIDL] disconnected Control HIDL
04-21 14:16:49.529  3086  3086 D vendor.zebra.hardware.rfidhost-service: RfidHost: isRfidOn: returning true
04-21 14:16:49.530  3167  3192 D RFIDClientConnection: turn off reader
04-21 14:16:49.530  3086  3086 D vendor.zebra.hardware.rfidhost-service: RfidHost enableRfid= 0
04-21 14:16:49.530  3086  3086 D vendor.zebra.hardware.rfidhost-service: isDeviceSRV = 0
04-21 14:16:49.530  3086  3086 D vendor.zebra.hardware.rfidhost-service: isDeviceCharmander = 1
04-21 14:16:49.530  3086  3086 D vendor.zebra.hardware.rfidhost-service: RfidHost enableRfid passed isDeviceSRV check
04-21 14:16:49.530  3086  3086 D vendor.zebra.hardware.rfidhost-service: RfidHost enableRfid /sys/devices/platform/soc/8c00000.hsusb/mode exists
04-21 14:16:49.531  1426  2207 W ActivityManager: Scheduling restart of crashed service com.symbol.datawedge/.ScanningService in 1000ms for connection
04-21 14:16:49.531  3086  3086 D vendor.zebra.hardware.rfidhost-service: RfidHost enableRfid returning true value
04-21 14:16:49.531  3167  3192 W ContextImpl: Calling a method in the system process without a qualified user: android.app.ContextImpl.sendBroadcast:1220 android.content.ContextWrapper.sendBroadcast:504 com.zebra.rfidhost.RFIDClientConnection.sendBroadCast:513 com.zebra.rfidhost.RFIDClientConnection.toggleRfidReaderPower:504 com.zebra.rfidhost.RFIDClientConnection.enableRfid:464 
04-21 14:16:49.532 10464 10512 I ScannerFramework: [ImagerHIDLProxy::disAssociateImagerHIDL] disconnected Imager HIDL
04-21 14:16:49.532  1426  1845 W InputManager-JNI: Input channel object 'cd724c0 Application Error: com.symbol.datawedge (client)' was disposed without first being removed with the input manager!
04-21 14:16:49.533  1426  2207 W ProcessStats: Tracking association SourceState{23b92e2 com.zebra.licensemgrservice/10054 Service #4202} whose proc state 8 is better than process ProcessState{9518f43 com.zebra.zebradna/10094 pkg=com.zebra.zebradna} proc state 14 (72 skipped)
04-21 14:16:49.536  3214  9900 D app_process64: PortJni: Read complete, size 0.
04-21 14:16:49.536  3214  3244 D app_process64: PortJni: Read complete, size 0.
04-21 14:16:49.536  3214  9900 D Serial.Port: readData: retcode -1
04-21 14:16:49.536  3214  3244 D Serial.Port: readData: retcode -1
04-21 14:16:49.537 10464 10512 I ScannerFramework: [FeedbackLoader::ReleaseResources] release SW Audio resources
04-21 14:16:49.537 10464 10512 I ScannerFramework: [OboeAudioFeedback::ReleaseResources] ++
04-21 14:16:49.537 10464 10512 I ScannerFramework: [PlayAudioEngine::ReleaseResources] 
04-21 14:16:49.537 10464 10512 I ScannerFramework: [PlayAudioEngine::StopStream]++ 
04-21 14:16:49.538 10464 10512 I ScannerFramework: [PlayAudioEngine::StopStream]-- 
04-21 14:16:49.538  3214 10700 D Serial.Port: readData: count 8192
04-21 14:16:49.538 10464 10512 D dge:zdcpservice: PlayerBase::pause() from IPlayer
04-21 14:16:49.538  3214 10700 D app_process64: PortJni: Reading new
04-21 14:16:49.538  3214 10700 D app_process64: PortJni: ... up to count 8192 with timeout -1
04-21 14:16:49.538  3214 10700 E app_process64: PortJni: Error 9 reading port.
04-21 14:16:49.538  3214 10700 D Serial.Port: readData: retcode -1
04-21 14:16:49.539  3214 10700 D Serial.Port: readData: count 8192
04-21 14:16:49.539  3214 10700 D app_process64: PortJni: Reading new
04-21 14:16:49.539  3214 10700 D app_process64: PortJni: ... up to count 8192 with timeout -1
04-21 14:16:49.539  3214 10700 E app_process64: PortJni: Error 9 reading port.
04-21 14:16:49.539  3214 10700 D Serial.Port: readData: retcode -1
04-21 14:16:49.541  3214 10700 D Serial.Port: readData: count 8192
04-21 14:16:49.541  3214 10700 D app_process64: PortJni: Reading new
04-21 14:16:49.541  3214 10700 D app_process64: PortJni: ... up to count 8192 with timeout -1
04-21 14:16:49.541  3214 10700 E app_process64: PortJni: Error 9 reading port.
04-21 14:16:49.541  3214 10700 D Serial.Port: readData: retcode -1
04-21 14:16:49.541  1426  1845 I WindowManager: removeWindowLw called: android
04-21 14:16:49.541  1426  1845 D WindowManager: DP::updateSystemBarAttributes called
04-21 14:16:49.541  1426  1845 D WindowManager: DP::::updateSystemBarAttributes displayId: 0
04-21 14:16:49.541  3214 10700 D Serial.Port: readData: count 8192
04-21 14:16:49.541  3214 10700 D app_process64: PortJni: Reading new
04-21 14:16:49.541  3214 10700 D app_process64: PortJni: ... up to count 8192 with timeout -1
04-21 14:16:49.542  3214 10700 E app_process64: PortJni: Error 9 reading port.
04-21 14:16:49.542  3214 10700 D Serial.Port: readData: retcode -1
04-21 14:16:49.542  3214 10700 D Serial.Port: readData: count 8192
04-21 14:16:49.543  3214 10700 D app_process64: PortJni: Reading new
04-21 14:16:49.543  3214 10700 D app_process64: PortJni: ... up to count 8192 with timeout -1
04-21 14:16:49.543  3214 10700 E app_process64: PortJni: Error 9 reading port.
04-21 14:16:49.543  3214 10700 D Serial.Port: readData: retcode -1
04-21 14:16:49.543  3214 10700 D Serial.Port: readData: count 8192
04-21 14:16:49.543  3214 10700 D app_process64: PortJni: Reading new
04-21 14:16:49.543  3214 10700 D app_process64: PortJni: ... up to count 8192 with timeout -1
04-21 14:16:49.543  3214 10700 E app_process64: PortJni: Error 9 reading port.
04-21 14:16:49.543  3214 10700 D Serial.Port: readData: retcode -1
04-21 14:16:49.544  3214 10700 D Serial.Port: readData: count 8192
04-21 14:16:49.544  3214 10700 D app_process64: PortJni: Reading new
04-21 14:16:49.544  3214 10700 D app_process64: PortJni: ... up to count 8192 with timeout -1
04-21 14:16:49.544  3214 10700 E app_process64: PortJni: Error 9 reading port.
04-21 14:16:49.544  3214 10700 D Serial.Port: readData: retcode -1
04-21 14:16:49.544  3214 10700 D Serial.Port: readData: count 8192
04-21 14:16:49.544  3214 10700 D app_process64: PortJni: Reading new
04-21 14:16:49.544  3214 10700 D app_process64: PortJni: ... up to count 8192 with timeout -1
04-21 14:16:49.544  1426  1845 D WindowManager: displayId: 0
04-21 14:16:49.544  1426  1845 D WindowManager: isFullscreen: false isImmersive: false
04-21 14:16:49.544  1426  1845 D WindowManager: mLastFocusIsFullscreen: false mLastImmersiveMode: false
04-21 14:16:49.544  1426  1845 D WindowManager: mFocusedWindow: Window{3e84d76 u0 com.ltrudu.rfid_sample_flutter/com.ltrudu.rfid_sample_flutter.MainActivity}
04-21 14:16:49.544  1426  1845 D WindowManager: mLastFocusedWindow: Window{cd724c0 u0 Application Error: com.symbol.datawedge EXITING}
