04-21 14:58:38.615  1426  1426 I BrightnessSynchronizer: [149] New Update 0.13659303(f) set brightness values:  36(i)
04-21 14:58:38.616  1426  1426 I BrightnessSynchronizer: New PendingUpdate: {[150] 0.13659303(f), mUpdatedTypes=0, mConfirmedTypes=0, mTimeUpdated=0}, prev=null
04-21 14:58:38.618  1426  1426 I BrightnessSynchronizer: Swallowing update of 36(i) by update: {[149] 0.13659303(f), mUpdatedTypes=1, mConfirmedTypes=1, mTimeUpdated=3391731}
04-21 14:58:38.618  1426  1426 I BrightnessSynchronizer: Completed Update: {[149] 0.13659303(f), mUpdatedTypes=1, mConfirmedTypes=1, mTimeUpdated=3391731}
04-21 14:58:38.711  1426  1426 D FusionRssiPolling: updateLinkLayerStatsRssiSpeedFrequencyCapabilities rssi=-40 TxLinkspeed=573 freq=5500 RxLinkSpeed=516
04-21 14:58:39.069 13965 15813 D IRFIDReader: constructor
04-21 14:58:39.070 13965 15813 E protocol val is: ASCII
04-21 14:58:39.183  1225  1225 I vendor.zebra.hardware.health@1.0-service: getZebraHealthInfo
04-21 14:58:39.189  1426  2204 D BatteryService: Processing new values: info=android.hardware.health.HealthInfo@fa61bdd, mBatteryLevelCritical=false, mPlugType=2
04-21 14:58:39.190  1426  2204 I BatteryService: File node value is 250
04-21 14:58:39.191  1426  2204 E BatteryService: healthInfoTemp is within the range (250)
04-21 14:58:39.191  1426  2204 D BatteryService: Sending ACTION_BATTERY_CHANGED. scale:100, info:android.hardware.health.HealthInfo@fa61bdd
04-21 14:58:39.192  1426  2204 E BatteryService: level : 71 / status : 2/Health : 2/Decommission : 0/error status : 0
04-21 14:58:39.196  1426  1426 D BatterySaverStateMachine: on BATTERY_CHANGED: current BatteryLevel: 71
04-21 14:58:39.196  1426  1426 D BatterySaverStateMachine: received  intent action android.intent.action.BATTERY_CHANGED
04-21 14:58:39.203  3882  3882 I BeaconConfigHelper : Not a Battery BLE
04-21 14:58:39.206  7576  7576 D HighTemperatureReceiver: Receive action: android.intent.action.BATTERY_CHANGED
04-21 14:58:39.210  2120  2120 W PowerUI : mBatteryPresent = true
04-21 14:58:39.211  2120  7005 D PowerUI : can't show warning due to - plugged: true status unknown: false
04-21 14:58:39.215  3659  3659 D OSUService: dev-dbg:is_charging current_now 240176, batteryLevel: 71, adapter_charge_limit: 500000, isCharging(isCharging): true
04-21 14:58:39.215  3659  3659 I OSUService: handle_ab_resume -1 3
04-21 14:58:39.232 14747 14811 D RFID_HANDLER: Retry connection after reset...
04-21 14:58:39.232 14747 14811 E protocol val is: ASCII
04-21 14:58:39.574 13965 15813 D IRFIDReader: constructor
04-21 14:58:39.574 13965 15813 E protocol val is: ASCII
04-21 14:58:39.681 14616 14845 D BufferPoolAccessor2.0: bufferpool2 0xb4000074850375d8 : 0(0 size) total buffers - 0(0 size) used buffers - 2/7 (recycle/alloc) - 5/14 (fetch/transfer)
04-21 14:58:39.681 14616 14845 D BufferPoolAccessor2.0: evictor expired: 2, evicted: 1
04-21 14:58:39.685  1561  2119 D BufferPoolAccessor2.0: bufferpool2 0xb4000072119e7cb8 : 0(0 size) total buffers - 0(0 size) used buffers - 3/5 (recycle/alloc) - 2/4 (fetch/transfer)
04-21 14:58:39.685  1561  2119 D BufferPoolAccessor2.0: evictor expired: 2, evicted: 1
04-21 14:58:39.697  7732  7732 D yc.zL   : Received battery event
04-21 14:58:39.697  7732  7732 D yc.zL   : BatteryFactory event action = android.intent.action.BATTERY_CHANGED
04-21 14:58:41.144  1426  1878 I DisplayPowerController2[0]: BrightnessEvent: disp=0, physDisp=local:4630947082925536386, brt=0.16970786, initBrt=0.13659303, rcmdBrt=0.16970786, preBrt=0.13659303, lux=23.217386, preLux=17.025429, hbmMax=1.0, hbmMode=off, rbcStrength=50, thrmMax=1.0, powerFactor=1.0, wasShortTermModelActive=false, flags=, reason=automatic, autoBrightness=true, strategy=InvalidBrightnessStrategy
04-21 14:58:41.146  1426  1847 D DisplayManagerService: Ignore redundant display event 0/4 to 10160/4836
04-21 14:58:41.146  1426  1847 D DisplayManagerService: Ignore redundant display event 0/4 to 10177/7433
04-21 14:58:41.146  1426  1847 D DisplayManagerService: Ignore redundant display event 0/4 to 10261/14747
04-21 14:58:41.146  1426  1847 D DisplayManagerService: Ignore redundant display event 0/4 to 10160/4836
04-21 14:58:41.146  1426  1847 D DisplayManagerService: Ignore redundant display event 0/4 to 10177/7433
04-21 14:58:41.146  1426  1847 D DisplayManagerService: Ignore redundant display event 0/4 to 10261/14747
04-21 14:58:41.148  1426  1426 I BrightnessSynchronizer: [151] New Update 0.16970786(f) set brightness values:  44(i)
04-21 14:58:41.149  1426  1426 I BrightnessSynchronizer: New PendingUpdate: {[152] 0.16970786(f), mUpdatedTypes=0, mConfirmedTypes=0, mTimeUpdated=0}, prev=null
04-21 14:58:41.151  1426  1426 I BrightnessSynchronizer: Swallowing update of 44(i) by update: {[151] 0.16970786(f), mUpdatedTypes=1, mConfirmedTypes=1, mTimeUpdated=3394265}
04-21 14:58:41.151  1426  1426 I BrightnessSynchronizer: Completed Update: {[151] 0.16970786(f), mUpdatedTypes=1, mConfirmedTypes=1, mTimeUpdated=3394265}
04-21 14:58:41.743  1426  1426 D FusionRssiPolling: updateLinkLayerStatsRssiSpeedFrequencyCapabilities rssi=-40 TxLinkspeed=573 freq=5500 RxLinkSpeed=516
04-21 14:58:42.238  3096  3096 D vendor.zebra.hardware.rfidserial-service: Entering RfidSerial getPortNames
04-21 14:58:42.238  3096  3096 D vendor.zebra.hardware.rfidserial-service: RFID Interface = 2
04-21 14:58:42.238  3096  3096 D vendor.zebra.hardware.rfidserial-service: RfidSerial getPortNames : inside USB condition
04-21 14:58:42.238  3096  3096 D vendor.zebra.hardware.rfidserial-service: isDeviceSRV = 0
04-21 14:58:42.240  3096  3096 D vendor.zebra.hardware.rfidserial-service: PRODUCT = 5e0/1702/1
04-21 14:58:42.240  3096  3096 D vendor.zebra.hardware.rfidserial-service: Final RFID port name: ttyACM1
04-21 14:58:42.241  3214  3252 D RFIDSerialService: openPort = /dev/ttyACM0
04-21 14:58:42.241  3214  3252 D Serial.Port: Port constructor
04-21 14:58:42.241  3214  3252 D Serial.Port: Close port before open
04-21 14:58:42.242  3214  3252 D app_process64: PortJni: Opening /dev/ttyACM0
04-21 14:58:42.242  3214  3252 D app_process64: PortJni: Open error -1 / 2
04-21 14:58:42.242  3214  3252 D Serial.Port: Error opening serial port.
04-21 14:58:42.246  3214  3252 D Serial.Port: writeData: count 2
04-21 14:58:42.246  3214  3252 E app_process64: PortJni: Failed to retrieve jbyteArray.
04-21 14:58:42.246  3214  3252 E app_process64: PortJni: Failed to retrieve PrivateData.
04-21 14:58:42.246  3214  3252 D Serial.Port: writeData: retcode false
04-21 14:58:42.248  3214  3252 D Serial.Port: writeData: count 8
04-21 14:58:42.248  3214  3252 E app_process64: PortJni: Failed to retrieve jbyteArray.
04-21 14:58:42.248  3214  3252 E app_process64: PortJni: Failed to retrieve PrivateData.
04-21 14:58:42.248  3214  3252 D Serial.Port: writeData: retcode false
04-21 14:58:42.578  3096  3096 D vendor.zebra.hardware.rfidserial-service: Entering RfidSerial getPortNames
04-21 14:58:42.578  3096  3096 D vendor.zebra.hardware.rfidserial-service: RFID Interface = 2
04-21 14:58:42.578  3096  3096 D vendor.zebra.hardware.rfidserial-service: RfidSerial getPortNames : inside USB condition
04-21 14:58:42.578  3096  3096 D vendor.zebra.hardware.rfidserial-service: isDeviceSRV = 0
04-21 14:58:42.579  3096  3096 D vendor.zebra.hardware.rfidserial-service: PRODUCT = 5e0/1702/1
04-21 14:58:42.579  3096  3096 D vendor.zebra.hardware.rfidserial-service: Final RFID port name: ttyACM1
04-21 14:58:42.750  3214  3252 D Serial.Port: writeData: count 2
04-21 14:58:42.750  3214  3252 E app_process64: PortJni: Failed to retrieve jbyteArray.
04-21 14:58:42.750  3214  3252 E app_process64: PortJni: Failed to retrieve PrivateData.
04-21 14:58:42.750  3214  3252 D Serial.Port: writeData: retcode false
04-21 14:58:43.252  3214  3252 D Serial.Port: writeData: count 2
04-21 14:58:43.253  3214  3252 E app_process64: PortJni: Failed to retrieve jbyteArray.
04-21 14:58:43.253  3214  3252 E app_process64: PortJni: Failed to retrieve PrivateData.
04-21 14:58:43.253  3214  3252 D Serial.Port: writeData: retcode false
04-21 14:58:43.757  3214  3252 D Serial.Port: writeData: count 2
04-21 14:58:43.757  3214  3252 E app_process64: PortJni: Failed to retrieve jbyteArray.
04-21 14:58:43.758  3214  3252 E app_process64: PortJni: Failed to retrieve PrivateData.
04-21 14:58:43.758  3214  3252 D Serial.Port: writeData: retcode false
04-21 14:58:44.248 14747 14811 D IRFIDError: RFIDPROTOAscii: GetStatus: RFID_API_COMMAND_TIMEOUTConnect size 0
04-21 14:58:44.251  3214  3252 D app_process64: PortJni: Closing native_close_filedesc fd = -1
04-21 14:58:44.252  3214  3252 D Serial.Port: Closing serial port.
04-21 14:58:44.252  3214  3252 E app_process64: PortJni: Failed to retrieve jbyteArray.
04-21 14:58:44.252  3214  3252 E app_process64: PortJni: Failed to retrieve PrivateData during close.
04-21 14:58:44.254 14747 15836 E RFIDSerialIOMgr: Receive thread interrupted
04-21 14:58:44.254 14747 15836 E RFIDSerialIOMgr: java.lang.InterruptedException
04-21 14:58:44.254 14747 15836 E RFIDSerialIOMgr: 	at java.util.concurrent.locks.AbstractQueuedSynchronizer$ConditionObject.await(AbstractQueuedSynchronizer.java:1638)
04-21 14:58:44.254 14747 15836 E RFIDSerialIOMgr: 	at java.util.concurrent.LinkedBlockingQueue.take(LinkedBlockingQueue.java:435)
04-21 14:58:44.254 14747 15836 E RFIDSerialIOMgr: 	at com.zebra.rfid.api3.SerialInputOutputManager$1.run(SourceFile:3)
04-21 14:58:44.254 14747 15836 E RFIDSerialIOMgr: 	at java.lang.Thread.run(Thread.java:1012)
04-21 14:58:44.254 14747 15835 E RFIDSerialIOMgr: Receive thread interrupted
04-21 14:58:44.254 14747 15835 E RFIDSerialIOMgr: java.lang.InterruptedException
04-21 14:58:44.254 14747 15835 E RFIDSerialIOMgr: 	at java.lang.Thread.sleep(Native Method)
04-21 14:58:44.254 14747 15835 E RFIDSerialIOMgr: 	at java.lang.Thread.sleep(Thread.java:450)
04-21 14:58:44.254 14747 15835 E RFIDSerialIOMgr: 	at java.lang.Thread.sleep(Thread.java:355)
04-21 14:58:44.254 14747 15835 E RFIDSerialIOMgr: 	at com.zebra.rfid.api3.SerialInputOutputManager.run(SourceFile:39)
04-21 14:58:44.254 14747 15835 E RFIDSerialIOMgr: 	at java.lang.Thread.run(Thread.java:1012)
04-21 14:58:44.254 14747 15835 I RFIDSerialIOMgr: Recieving status mState=STOPPING
04-21 14:58:44.292  1225  1225 I vendor.zebra.hardware.health@1.0-service: getZebraHealthInfo
04-21 14:58:44.299  1426  2204 D BatteryService: Processing new values: info=android.hardware.health.HealthInfo@512629e, mBatteryLevelCritical=false, mPlugType=2
04-21 14:58:44.303  1426  2204 I BatteryService: File node value is 250
04-21 14:58:44.303  1426  2204 E BatteryService: healthInfoTemp is within the range (250)
04-21 14:58:44.303  1426  2204 D BatteryService: Sending ACTION_BATTERY_CHANGED. scale:100, info:android.hardware.health.HealthInfo@512629e
04-21 14:58:44.304  1426  2204 E BatteryService: level : 71 / status : 2/Health : 2/Decommission : 0/error status : 0
04-21 14:58:44.310  1426  1426 D BatterySaverStateMachine: on BATTERY_CHANGED: current BatteryLevel: 71
04-21 14:58:44.310  1426  1426 D BatterySaverStateMachine: received  intent action android.intent.action.BATTERY_CHANGED
04-21 14:58:44.314  3882  3882 I BeaconConfigHelper : Not a Battery BLE
04-21 14:58:44.316  7576  7576 D HighTemperatureReceiver: Receive action: android.intent.action.BATTERY_CHANGED
04-21 14:58:44.319  2120  2120 W PowerUI : mBatteryPresent = true
04-21 14:58:44.320  2120  8084 D PowerUI : can't show warning due to - plugged: true status unknown: false
04-21 14:58:44.321  3659  3659 D OSUService: dev-dbg:is_charging current_now 218814, batteryLevel: 71, adapter_charge_limit: 500000, isCharging(isCharging): true
04-21 14:58:44.321  3659  3659 I OSUService: handle_ab_resume -1 3
04-21 14:58:44.582 13965 15813 D IRFIDError: RFIDPROTOAscii: GetStatus: RFID_API_COMMAND_TIMEOUTConnect size 0
04-21 14:58:44.772  1426  1426 D FusionRssiPolling: updateLinkLayerStatsRssiSpeedFrequencyCapabilities rssi=-40 TxLinkspeed=573 freq=5500 RxLinkSpeed=516
04-21 14:58:44.810  7732  7732 D yc.zL   : Received battery event
04-21 14:58:44.810  7732  7732 D yc.zL   : BatteryFactory event action = android.intent.action.BATTERY_CHANGED
04-21 14:58:45.877  1426  1878 I DisplayPowerController2[0]: BrightnessEvent: disp=0, physDisp=local:4630947082925536386, brt=0.19283752, initBrt=0.16970786, rcmdBrt=0.19283752, preBrt=0.16970786, lux=28.519773, preLux=23.217386, hbmMax=1.0, hbmMode=off, rbcStrength=50, thrmMax=1.0, powerFactor=1.0, wasShortTermModelActive=false, flags=, reason=automatic, autoBrightness=true, strategy=InvalidBrightnessStrategy
04-21 14:58:45.879  1426  1847 D DisplayManagerService: Ignore redundant display event 0/4 to 10160/4836
04-21 14:58:45.879  1426  1847 D DisplayManagerService: Ignore redundant display event 0/4 to 10177/7433
04-21 14:58:45.879  1426  1847 D DisplayManagerService: Ignore redundant display event 0/4 to 10261/14747
04-21 14:58:45.879  1426  1847 D DisplayManagerService: Ignore redundant display event 0/4 to 10160/4836
04-21 14:58:45.880  1426  1847 D DisplayManagerService: Ignore redundant display event 0/4 to 10177/7433
04-21 14:58:45.880  1426  1847 D DisplayManagerService: Ignore redundant display event 0/4 to 10261/14747
04-21 14:58:45.881  1426  1426 I BrightnessSynchronizer: [153] New Update 0.19283752(f) set brightness values:  50(i)
04-21 14:58:45.881  1426  1426 I BrightnessSynchronizer: New PendingUpdate: {[154] 0.19283752(f), mUpdatedTypes=0, mConfirmedTypes=0, mTimeUpdated=0}, prev=null
04-21 14:58:45.884  1426  1426 I BrightnessSynchronizer: Swallowing update of 50(i) by update: {[153] 0.19283752(f), mUpdatedTypes=1, mConfirmedTypes=1, mTimeUpdated=3398997}
04-21 14:58:45.884  1426  1426 I BrightnessSynchronizer: Completed Update: {[153] 0.19283752(f), mUpdatedTypes=1, mConfirmedTypes=1, mTimeUpdated=3398997}
04-21 14:58:46.525  1225  1225 I vendor.zebra.hardware.health@1.0-service: getZebraHealthInfo
04-21 14:58:46.529  1426  2204 D BatteryService: Processing new values: info=android.hardware.health.HealthInfo@f3e0aaa, mBatteryLevelCritical=false, mPlugType=2
04-21 14:58:46.531  1426  2204 I BatteryService: File node value is 250
04-21 14:58:46.531  1426  2204 E BatteryService: healthInfoTemp is within the range (250)
04-21 14:58:46.531  1426  2204 D BatteryService: Sending ACTION_BATTERY_CHANGED. scale:100, info:android.hardware.health.HealthInfo@f3e0aaa
04-21 14:58:46.532  1426  2204 E BatteryService: level : 71 / status : 2/Health : 2/Decommission : 0/error status : 0
04-21 14:58:46.536  1426  1426 D BatterySaverStateMachine: on BATTERY_CHANGED: current BatteryLevel: 71
04-21 14:58:46.536  1426  1426 D BatterySaverStateMachine: received  intent action android.intent.action.BATTERY_CHANGED
04-21 14:58:46.538  3882  3882 I BeaconConfigHelper : Not a Battery BLE
04-21 14:58:46.540  7576  7576 D HighTemperatureReceiver: Receive action: android.intent.action.BATTERY_CHANGED
04-21 14:58:46.541  3659  3659 D OSUService: dev-dbg:is_charging current_now 232852, batteryLevel: 71, adapter_charge_limit: 500000, isCharging(isCharging): true
04-21 14:58:46.541  3659  3659 I OSUService: handle_ab_resume -1 3
04-21 14:58:46.543  2120  2120 W PowerUI : mBatteryPresent = true
04-21 14:58:46.544  2120  8233 D PowerUI : can't show warning due to - plugged: true status unknown: false
04-21 14:58:47.039  7732  7732 D yc.zL   : Received battery event
04-21 14:58:47.039  7732  7732 D yc.zL   : BatteryFactory event action = android.intent.action.BATTERY_CHANGED
04-21 14:58:47.757  3096  3096 D vendor.zebra.hardware.rfidserial-service: Entering RfidSerial getPortNames
04-21 14:58:47.757  3096  3096 D vendor.zebra.hardware.rfidserial-service: RFID Interface = 2
04-21 14:58:47.758  3096  3096 D vendor.zebra.hardware.rfidserial-service: RfidSerial getPortNames : inside USB condition
04-21 14:58:47.758  3096  3096 D vendor.zebra.hardware.rfidserial-service: isDeviceSRV = 0
04-21 14:58:47.759  3096  3096 D vendor.zebra.hardware.rfidserial-service: PRODUCT = 5e0/1702/1
04-21 14:58:47.759  3096  3096 D vendor.zebra.hardware.rfidserial-service: Final RFID port name: ttyACM1
04-21 14:58:47.760  3214  3252 D RFIDSerialService: openPort = /dev/ttyACM0
04-21 14:58:47.760  3214  3252 D Serial.Port: Port constructor
04-21 14:58:47.760  3214  3252 D Serial.Port: Close port before open
04-21 14:58:47.761  3214  3252 D app_process64: PortJni: Opening /dev/ttyACM0
04-21 14:58:47.761  3214  3252 D app_process64: PortJni: Open error -1 / 2
04-21 14:58:47.761  3214  3252 D Serial.Port: Error opening serial port.
04-21 14:58:47.764  3214  3252 D Serial.Port: writeData: count 2
04-21 14:58:47.764  3214  3252 E app_process64: PortJni: Failed to retrieve jbyteArray.
04-21 14:58:47.765  3214  3252 E app_process64: PortJni: Failed to retrieve PrivateData.
04-21 14:58:47.765  3214  3252 D Serial.Port: writeData: retcode false
04-21 14:58:47.766  3214  3252 D Serial.Port: writeData: count 8
04-21 14:58:47.767  3214  3252 E app_process64: PortJni: Failed to retrieve jbyteArray.
04-21 14:58:47.767  3214  3252 E app_process64: PortJni: Failed to retrieve PrivateData.
04-21 14:58:47.767  3214  3252 D Serial.Port: writeData: retcode false
04-21 14:58:47.807  1426  1426 D FusionRssiPolling: updateLinkLayerStatsRssiSpeedFrequencyCapabilities rssi=-40 TxLinkspeed=573 freq=5500 RxLinkSpeed=516
04-21 14:58:48.086  3096  3096 D vendor.zebra.hardware.rfidserial-service: Entering RfidSerial getPortNames
04-21 14:58:48.086  3096  3096 D vendor.zebra.hardware.rfidserial-service: RFID Interface = 2
04-21 14:58:48.087  3096  3096 D vendor.zebra.hardware.rfidserial-service: RfidSerial getPortNames : inside USB condition
04-21 14:58:48.087  3096  3096 D vendor.zebra.hardware.rfidserial-service: isDeviceSRV = 0
04-21 14:58:48.088  3096  3096 D vendor.zebra.hardware.rfidserial-service: PRODUCT = 5e0/1702/1
04-21 14:58:48.088  3096  3096 D vendor.zebra.hardware.rfidserial-service: Final RFID port name: ttyACM1
04-21 14:58:48.268  3214  3252 D Serial.Port: writeData: count 2
04-21 14:58:48.268  3214  3252 E app_process64: PortJni: Failed to retrieve jbyteArray.
04-21 14:58:48.269  3214  3252 E app_process64: PortJni: Failed to retrieve PrivateData.
04-21 14:58:48.269  3214  3252 D Serial.Port: writeData: retcode false
04-21 14:58:48.771  3214  3252 D Serial.Port: writeData: count 2
04-21 14:58:48.771  3214  3252 E app_process64: PortJni: Failed to retrieve jbyteArray.
04-21 14:58:48.771  3214  3252 E app_process64: PortJni: Failed to retrieve PrivateData.
04-21 14:58:48.772  3214  3252 D Serial.Port: writeData: retcode false
04-21 14:58:49.274  3214  3252 D Serial.Port: writeData: count 2
04-21 14:58:49.274  3214  3252 E app_process64: PortJni: Failed to retrieve jbyteArray.
04-21 14:58:49.274  3214  3252 E app_process64: PortJni: Failed to retrieve PrivateData.
04-21 14:58:49.274  3214  3252 D Serial.Port: writeData: retcode false
04-21 14:58:49.416  1225  1225 I vendor.zebra.hardware.health@1.0-service: getZebraHealthInfo
04-21 14:58:49.423  1426  2204 D BatteryService: Processing new values: info=android.hardware.health.HealthInfo@cca2776, mBatteryLevelCritical=false, mPlugType=2
04-21 14:58:49.426  1426  2204 I BatteryService: File node value is 250
04-21 14:58:49.426  1426  2204 E BatteryService: healthInfoTemp is within the range (250)
04-21 14:58:49.426  1426  2204 D BatteryService: Sending ACTION_BATTERY_CHANGED. scale:100, info:android.hardware.health.HealthInfo@cca2776
04-21 14:58:49.427  1426  2204 E BatteryService: level : 71 / status : 2/Health : 2/Decommission : 0/error status : 0
04-21 14:58:49.433  1426  1426 D BatterySaverStateMachine: on BATTERY_CHANGED: current BatteryLevel: 71
04-21 14:58:49.433  1426  1426 D BatterySaverStateMachine: received  intent action android.intent.action.BATTERY_CHANGED
04-21 14:58:49.436  3882  3882 I BeaconConfigHelper : Not a Battery BLE
04-21 14:58:49.438  3659  3659 D OSUService: dev-dbg:is_charging current_now 209963, batteryLevel: 71, adapter_charge_limit: 500000, isCharging(isCharging): true
04-21 14:58:49.438  3659  3659 I OSUService: handle_ab_resume -1 3
04-21 14:58:49.442  2120  2120 W PowerUI : mBatteryPresent = true
04-21 14:58:49.443  2120  2706 D PowerUI : can't show warning due to - plugged: true status unknown: false
04-21 14:58:49.445  7576  7576 D HighTemperatureReceiver: Receive action: android.intent.action.BATTERY_CHANGED
04-21 14:58:49.768 14747 14811 D IRFIDError: RFIDPROTOAscii: GetStatus: RFID_API_COMMAND_TIMEOUTConnect size 0
04-21 14:58:49.771  3214  3252 D app_process64: PortJni: Closing native_close_filedesc fd = -1
04-21 14:58:49.772  3214  3252 D Serial.Port: Closing serial port.
04-21 14:58:49.772  3214  3252 E app_process64: PortJni: Failed to retrieve jbyteArray.
04-21 14:58:49.773  3214  3252 E app_process64: PortJni: Failed to retrieve PrivateData during close.
04-21 14:58:49.775 14747 15842 E RFIDSerialIOMgr: Receive thread interrupted
04-21 14:58:49.775 14747 15842 E RFIDSerialIOMgr: java.lang.InterruptedException
04-21 14:58:49.775 14747 15842 E RFIDSerialIOMgr: 	at java.lang.Thread.sleep(Native Method)
04-21 14:58:49.775 14747 15842 E RFIDSerialIOMgr: 	at java.lang.Thread.sleep(Thread.java:450)
04-21 14:58:49.775 14747 15842 E RFIDSerialIOMgr: 	at java.lang.Thread.sleep(Thread.java:355)
04-21 14:58:49.775 14747 15842 E RFIDSerialIOMgr: 	at com.zebra.rfid.api3.SerialInputOutputManager.run(SourceFile:39)
04-21 14:58:49.775 14747 15842 E RFIDSerialIOMgr: 	at java.lang.Thread.run(Thread.java:1012)
04-21 14:58:49.775 14747 15842 I RFIDSerialIOMgr: Recieving status mState=STOPPING
04-21 14:58:49.782 14747 14811 E RFID_HANDLER: Reset retry failed: OperationFailureException - null
04-21 14:58:49.934  7732  7732 D yc.zL   : Received battery event
04-21 14:58:49.934  7732  7732 D yc.zL   : BatteryFactory event action = android.intent.action.BATTERY_CHANGED
04-21 14:58:50.092 13965 15813 D IRFIDError: RFIDPROTOAscii: GetStatus: RFID_API_COMMAND_TIMEOUTConnect size 0
04-21 14:58:50.845  1426  1426 D FusionRssiPolling: updateLinkLayerStatsRssiSpeedFrequencyCapabilities rssi=-40 TxLinkspeed=573 freq=5500 RxLinkSpeed=516
04-21 14:58:53.859  1426  1426 D FusionRssiPolling: updateLinkLayerStatsRssiSpeedFrequencyCapabilities rssi=-40 TxLinkspeed=573 freq=5500 RxLinkSpeed=516
04-21 14:58:54.533  1225  1225 I vendor.zebra.hardware.health@1.0-service: getZebraHealthInfo
04-21 14:58:54.537  1426  2204 D BatteryService: Processing new values: info=android.hardware.health.HealthInfo@b8ab64d, mBatteryLevelCritical=false, mPlugType=2
04-21 14:58:54.538  1426  2204 I BatteryService: File node value is 250
04-21 14:58:54.538  1426  2204 E BatteryService: healthInfoTemp is within the range (250)
04-21 14:58:54.539  1426  2204 D BatteryService: Sending ACTION_BATTERY_CHANGED. scale:100, info:android.hardware.health.HealthInfo@b8ab64d
04-21 14:58:54.540  1426  2204 E BatteryService: level : 71 / status : 2/Health : 2/Decommission : 0/error status : 0
04-21 14:58:54.545  1426  1426 D BatterySaverStateMachine: on BATTERY_CHANGED: current BatteryLevel: 71
04-21 14:58:54.545  1426  1426 D BatterySaverStateMachine: received  intent action android.intent.action.BATTERY_CHANGED
04-21 14:58:54.550  3882  3882 I BeaconConfigHelper : Not a Battery BLE
04-21 14:58:54.550  7576  7576 D HighTemperatureReceiver: Receive action: android.intent.action.BATTERY_CHANGED
04-21 14:58:54.554  2120  2120 W PowerUI : mBatteryPresent = true
04-21 14:58:54.554  2120  2794 D PowerUI : can't show warning due to - plugged: true status unknown: false
04-21 14:58:54.557  3659  3659 D OSUService: dev-dbg:is_charging current_now 202944, batteryLevel: 71, adapter_charge_limit: 500000, isCharging(isCharging): true
04-21 14:58:54.557  3659  3659 I OSUService: handle_ab_resume -1 3
04-21 14:58:55.045  7732  7732 D yc.zL   : Received battery event
04-21 14:58:55.046  7732  7732 D yc.zL   : BatteryFactory event action = android.intent.action.BATTERY_CHANGED
04-21 14:58:55.743  1426  1878 I DisplayPowerController2[0]: BrightnessEvent: disp=0, physDisp=local:4630947082925536386, brt=0.13701214, initBrt=0.19283752, rcmdBrt=0.13701214, preBrt=0.19283752, lux=17.099733, preLux=28.519773, hbmMax=1.0, hbmMode=off, rbcStrength=50, thrmMax=1.0, powerFactor=1.0, wasShortTermModelActive=false, flags=, reason=automatic, autoBrightness=true, strategy=InvalidBrightnessStrategy
04-21 14:58:55.745  1426  1847 D DisplayManagerService: Ignore redundant display event 0/4 to 10160/4836
04-21 14:58:55.745  1426  1847 D DisplayManagerService: Ignore redundant display event 0/4 to 10177/7433
04-21 14:58:55.745  1426  1847 D DisplayManagerService: Ignore redundant display event 0/4 to 10261/14747
04-21 14:58:55.745  1426  1847 D DisplayManagerService: Ignore redundant display event 0/4 to 10160/4836
04-21 14:58:55.745  1426  1847 D DisplayManagerService: Ignore redundant display event 0/4 to 10177/7433
04-21 14:58:55.745  1426  1847 D DisplayManagerService: Ignore redundant display event 0/4 to 10261/14747
04-21 14:58:55.747  1426  1426 I BrightnessSynchronizer: [155] New Update 0.13701214(f) set brightness values:  36(i)
04-21 14:58:55.747  1426  1426 I BrightnessSynchronizer: New PendingUpdate: {[156] 0.13701214(f), mUpdatedTypes=0, mConfirmedTypes=0, mTimeUpdated=0}, prev=null
04-21 14:58:55.750  1426  1426 I BrightnessSynchronizer: Swallowing update of 36(i) by update: {[155] 0.13701214(f), mUpdatedTypes=1, mConfirmedTypes=1, mTimeUpdated=3408863}
04-21 14:58:55.750  1426  1426 I BrightnessSynchronizer: Completed Update: {[155] 0.13701214(f), mUpdatedTypes=1, mConfirmedTypes=1, mTimeUpdated=3408863}
04-21 14:58:56.890   893  1008 W doh::connection: Connection driver returns some Err: Closed
04-21 14:58:56.892  1426  1426 D FusionRssiPolling: updateLinkLayerStatsRssiSpeedFrequencyCapabilities rssi=-40 TxLinkspeed=573 freq=5500 RxLinkSpeed=516
04-21 14:58:59.269  1225  1225 I vendor.zebra.hardware.health@1.0-service: getZebraHealthInfo
04-21 14:58:59.274  1426  2204 D BatteryService: Processing new values: info=android.hardware.health.HealthInfo@66aaf4e, mBatteryLevelCritical=false, mPlugType=2
04-21 14:58:59.275  1426  2204 I BatteryService: File node value is 250
04-21 14:58:59.275  1426  2204 E BatteryService: healthInfoTemp is within the range (250)
04-21 14:58:59.275  1426  2204 D BatteryService: Sending ACTION_BATTERY_CHANGED. scale:100, info:android.hardware.health.HealthInfo@66aaf4e
04-21 14:58:59.276  1426  2204 E BatteryService: level : 71 / status : 2/Health : 2/Decommission : 0/error status : 0
04-21 14:58:59.281  1426  1426 D BatterySaverStateMachine: on BATTERY_CHANGED: current BatteryLevel: 71
04-21 14:58:59.281  1426  1426 D BatterySaverStateMachine: received  intent action android.intent.action.BATTERY_CHANGED
04-21 14:58:59.285  3882  3882 I BeaconConfigHelper : Not a Battery BLE
04-21 14:58:59.285  3659  3659 D OSUService: dev-dbg:is_charging current_now 238040, batteryLevel: 71, adapter_charge_limit: 500000, isCharging(isCharging): true
04-21 14:58:59.285  3659  3659 I OSUService: handle_ab_resume -1 3
04-21 14:58:59.290  2120  2120 W PowerUI : mBatteryPresent = true
04-21 14:58:59.291  7576  7576 D HighTemperatureReceiver: Receive action: android.intent.action.BATTERY_CHANGED
04-21 14:58:59.291  2120  4918 D PowerUI : can't show warning due to - plugged: true status unknown: false
04-21 14:58:59.666  1225  1225 I vendor.zebra.hardware.health@1.0-service: getZebraHealthInfo
04-21 14:58:59.670  1426  2204 D BatteryService: Processing new values: info=android.hardware.health.HealthInfo@2456205, mBatteryLevelCritical=false, mPlugType=2
04-21 14:58:59.672  1426  2204 I BatteryService: File node value is 250
04-21 14:58:59.672  1426  2204 E BatteryService: healthInfoTemp is within the range (250)
04-21 14:58:59.673  1426  2204 D BatteryService: Sending ACTION_BATTERY_CHANGED. scale:100, info:android.hardware.health.HealthInfo@2456205
04-21 14:58:59.673  1426  2204 E BatteryService: level : 71 / status : 2/Health : 2/Decommission : 0/error status : 0
04-21 14:58:59.678  1426  1426 D BatterySaverStateMachine: on BATTERY_CHANGED: current BatteryLevel: 71
04-21 14:58:59.678  1426  1426 D BatterySaverStateMachine: received  intent action android.intent.action.BATTERY_CHANGED
04-21 14:58:59.682  3882  3882 I BeaconConfigHelper : Not a Battery BLE
04-21 14:58:59.684  7576  7576 D HighTemperatureReceiver: Receive action: android.intent.action.BATTERY_CHANGED
04-21 14:58:59.687  3659  3659 D OSUService: dev-dbg:is_charging current_now 253909, batteryLevel: 71, adapter_charge_limit: 500000, isCharging(isCharging): true
04-21 14:58:59.687  3659  3659 I OSUService: handle_ab_resume -1 3
04-21 14:58:59.689  2120  2120 W PowerUI : mBatteryPresent = true
04-21 14:58:59.689  2120  7005 D PowerUI : can't show warning due to - plugged: true status unknown: false
04-21 14:58:59.905  1426  1426 D FusionRssiPolling: updateLinkLayerStatsRssiSpeedFrequencyCapabilities rssi=-40 TxLinkspeed=573 freq=5500 RxLinkSpeed=516
04-21 14:59:00.009  1426  1858 D ActivityManager: sync unfroze 4338 com.zebra.timecacher for 3
04-21 14:59:00.178  7732  7732 D yc.zL   : Received battery event
04-21 14:59:00.178  7732  7732 D yc.zL   : BatteryFactory event action = android.intent.action.BATTERY_CHANGED
04-21 14:59:01.543  1426  1878 I DisplayPowerController2[0]: BrightnessEvent: disp=0, physDisp=local:4630947082925536386, brt=0.100606956, initBrt=0.13701214, rcmdBrt=0.100606956, preBrt=0.13701214, lux=10.705085, preLux=17.099733, hbmMax=1.0, hbmMode=off, rbcStrength=50, thrmMax=1.0, powerFactor=1.0, wasShortTermModelActive=false, flags=, reason=automatic, autoBrightness=true, strategy=InvalidBrightnessStrategy
04-21 14:59:01.545  1426  1847 D DisplayManagerService: Ignore redundant display event 0/4 to 10160/4836
04-21 14:59:01.545  1426  1847 D DisplayManagerService: Ignore redundant display event 0/4 to 10177/7433
04-21 14:59:01.545  1426  1847 D DisplayManagerService: Ignore redundant display event 0/4 to 10261/14747
04-21 14:59:01.545  1426  1847 D DisplayManagerService: Ignore redundant display event 0/4 to 10160/4836
04-21 14:59:01.545  1426  1847 D DisplayManagerService: Ignore redundant display event 0/4 to 10177/7433
04-21 14:59:01.546  1426  1847 D DisplayManagerService: Ignore redundant display event 0/4 to 10261/14747
04-21 14:59:01.547  1426  1426 I BrightnessSynchronizer: [157] New Update 0.100606956(f) set brightness values:  27(i)
04-21 14:59:01.547  1426  1426 I BrightnessSynchronizer: New PendingUpdate: {[158] 0.100606956(f), mUpdatedTypes=0, mConfirmedTypes=0, mTimeUpdated=0}, prev=null
04-21 14:59:01.550  1426  1426 I BrightnessSynchronizer: Swallowing update of 27(i) by update: {[157] 0.100606956(f), mUpdatedTypes=1, mConfirmedTypes=1, mTimeUpdated=3414664}
04-21 14:59:01.550  1426  1426 I BrightnessSynchronizer: Completed Update: {[157] 0.100606956(f), mUpdatedTypes=1, mConfirmedTypes=1, mTimeUpdated=3414664}
04-21 14:59:02.935  1426  1426 D FusionRssiPolling: updateLinkLayerStatsRssiSpeedFrequencyCapabilities rssi=-40 TxLinkspeed=573 freq=5500 RxLinkSpeed=516
04-21 14:59:04.783  1225  1225 I vendor.zebra.hardware.health@1.0-service: getZebraHealthInfo
04-21 14:59:04.790  1426  2204 D BatteryService: Processing new values: info=android.hardware.health.HealthInfo@180f2b2, mBatteryLevelCritical=false, mPlugType=2
04-21 14:59:04.792  1426  2204 I BatteryService: File node value is 250
04-21 14:59:04.793  1426  2204 E BatteryService: healthInfoTemp is within the range (250)
04-21 14:59:04.793  1426  2204 D BatteryService: Sending ACTION_BATTERY_CHANGED. scale:100, info:android.hardware.health.HealthInfo@180f2b2
04-21 14:59:04.793  1426  2204 E BatteryService: level : 71 / status : 2/Health : 2/Decommission : 0/error status : 0
04-21 14:59:04.798  1426  1426 D BatterySaverStateMachine: on BATTERY_CHANGED: current BatteryLevel: 71
04-21 14:59:04.798  1426  1426 D BatterySaverStateMachine: received  intent action android.intent.action.BATTERY_CHANGED
04-21 14:59:04.802  3882  3882 I BeaconConfigHelper : Not a Battery BLE
04-21 14:59:04.806  7576  7576 D HighTemperatureReceiver: Receive action: android.intent.action.BATTERY_CHANGED
04-21 14:59:04.809  2120  2120 W PowerUI : mBatteryPresent = true
04-21 14:59:04.809  2120  8084 D PowerUI : can't show warning due to - plugged: true status unknown: false
04-21 14:59:04.816  3659  3659 D OSUService: dev-dbg:is_charging current_now 270084, batteryLevel: 71, adapter_charge_limit: 500000, isCharging(isCharging): true
04-21 14:59:04.816  3659  3659 I OSUService: handle_ab_resume -1 3
04-21 14:59:05.299  7732  7732 D yc.zL   : Received battery event
04-21 14:59:05.299  7732  7732 D yc.zL   : BatteryFactory event action = android.intent.action.BATTERY_CHANGED
04-21 14:59:05.973  1426  1426 D FusionRssiPolling: updateLinkLayerStatsRssiSpeedFrequencyCapabilities rssi=-40 TxLinkspeed=573 freq=5500 RxLinkSpeed=516
04-21 14:59:09.006  1426  1426 D FusionRssiPolling: updateLinkLayerStatsRssiSpeedFrequencyCapabilities rssi=-40 TxLinkspeed=573 freq=5500 RxLinkSpeed=516
04-21 14:59:09.886  1225  1225 I vendor.zebra.hardware.health@1.0-service: getZebraHealthInfo
04-21 14:59:09.890  1426  2204 D BatteryService: Processing new values: info=android.hardware.health.HealthInfo@48787fe, mBatteryLevelCritical=false, mPlugType=2
04-21 14:59:09.891  1426  2204 I BatteryService: File node value is 250
04-21 14:59:09.891  1426  2204 E BatteryService: healthInfoTemp is within the range (250)
04-21 14:59:09.892  1426  2204 D BatteryService: Sending ACTION_BATTERY_CHANGED. scale:100, info:android.hardware.health.HealthInfo@48787fe
04-21 14:59:09.892  1426  2204 E BatteryService: level : 72 / status : 2/Health : 2/Decommission : 0/error status : 0
04-21 14:59:09.894  1426  1878 D BatterySaverStateMachine:  updateStateLocked mBatteryLevel: 72
04-21 14:59:09.900  1426  1858 D ActivityManager: sync unfroze 2499 com.android.settings for 3
04-21 14:59:09.903  3659  3659 D OSUService: dev-dbg:is_charging current_now 263675, batteryLevel: 72, adapter_charge_limit: 500000, isCharging(isCharging): true
04-21 14:59:09.904  3659  3659 I OSUService: handle_ab_resume -1 3
04-21 14:59:09.905  2499  2499 D BatteryUsageBroadcastReceiver: onReceive:android.intent.action.BATTERY_LEVEL_CHANGED
04-21 14:59:09.905  1426  1858 D ActivityManager: sync unfroze 6443 com.google.android.apps.turbo for 3
04-21 14:59:09.907  2499  2499 D BatteryUsageBroadcastReceiver: fetch data because of event: ACTION_BATTERY_LEVEL_CHANGED
04-21 14:59:09.919  1426  1426 D BatterySaverStateMachine: on BATTERY_CHANGED: current BatteryLevel: 72
04-21 14:59:09.920  1426  1426 D BatterySaverStateMachine: received  intent action android.intent.action.BATTERY_CHANGED
04-21 14:59:09.923  3882  3882 I BeaconConfigHelper : Not a Battery BLE
04-21 14:59:09.925  7576  7576 D HighTemperatureReceiver: Receive action: android.intent.action.BATTERY_CHANGED
04-21 14:59:09.928  2120  2120 W PowerUI : mBatteryPresent = true
04-21 14:59:09.928  2120  8233 D PowerUI : can't show warning due to - plugged: true status unknown: false
04-21 14:59:10.077  1426  1984 D ActivityManager: freezing 4338 com.zebra.timecacher
04-21 14:59:10.398  7732  7732 D yc.zL   : Received battery event
04-21 14:59:10.398  7732  7732 D yc.zL   : BatteryFactory event action = android.intent.action.BATTERY_CHANGED
04-21 14:59:12.002  1225  1225 I vendor.zebra.hardware.health@1.0-service: getZebraHealthInfo
04-21 14:59:12.006  1426  2204 D BatteryService: Processing new values: info=android.hardware.health.HealthInfo@f36e7b, mBatteryLevelCritical=false, mPlugType=2
04-21 14:59:12.008  1426  2204 I BatteryService: File node value is 250
04-21 14:59:12.008  1426  2204 E BatteryService: healthInfoTemp is within the range (250)
04-21 14:59:12.037  1426  1426 D FusionRssiPolling: updateLinkLayerStatsRssiSpeedFrequencyCapabilities rssi=-40 TxLinkspeed=573 freq=5500 RxLinkSpeed=516
04-21 14:59:14.367  1225  1225 I vendor.zebra.hardware.health@1.0-service: getZebraHealthInfo
04-21 14:59:14.374  1426  2204 D BatteryService: Processing new values: info=android.hardware.health.HealthInfo@80064f1, mBatteryLevelCritical=false, mPlugType=2
04-21 14:59:14.376  1426  2204 I BatteryService: File node value is 250
04-21 14:59:14.376  1426  2204 E BatteryService: healthInfoTemp is within the range (250)
04-21 14:59:14.377  1426  2204 D BatteryService: Sending ACTION_BATTERY_CHANGED. scale:100, info:android.hardware.health.HealthInfo@80064f1
04-21 14:59:14.377  1426  2204 E BatteryService: level : 72 / status : 2/Health : 2/Decommission : 0/error status : 0
04-21 14:59:14.383  1426  1426 D BatterySaverStateMachine: on BATTERY_CHANGED: current BatteryLevel: 72
04-21 14:59:14.383  1426  1426 D BatterySaverStateMachine: received  intent action android.intent.action.BATTERY_CHANGED
04-21 14:59:14.387  3882  3882 I BeaconConfigHelper : Not a Battery BLE
04-21 14:59:14.388  7576  7576 D HighTemperatureReceiver: Receive action: android.intent.action.BATTERY_CHANGED
04-21 14:59:14.389  3659  3659 D OSUService: dev-dbg:is_charging current_now 246890, batteryLevel: 72, adapter_charge_limit: 500000, isCharging(isCharging): true
04-21 14:59:14.389  3659  3659 I OSUService: handle_ab_resume -1 3
04-21 14:59:14.396  2120  2120 W PowerUI : mBatteryPresent = true
04-21 14:59:14.396  2120  2706 D PowerUI : can't show warning due to - plugged: true status unknown: false
04-21 14:59:14.882  7732  7732 D yc.zL   : Received battery event
04-21 14:59:14.882  7732  7732 D yc.zL   : BatteryFactory event action = android.intent.action.BATTERY_CHANGED
04-21 14:59:15.034  1225  1225 I vendor.zebra.hardware.health@1.0-service: getZebraHealthInfo
04-21 14:59:15.039  1426  2204 D BatteryService: Processing new values: info=android.hardware.health.HealthInfo@3198244, mBatteryLevelCritical=false, mPlugType=2
04-21 14:59:15.042  1426  2204 I BatteryService: File node value is 250
04-21 14:59:15.042  1426  2204 E BatteryService: healthInfoTemp is within the range (250)
04-21 14:59:15.042  1426  2204 D BatteryService: Sending ACTION_BATTERY_CHANGED. scale:100, info:android.hardware.health.HealthInfo@3198244
04-21 14:59:15.043  1426  2204 E BatteryService: level : 72 / status : 2/Health : 2/Decommission : 0/error status : 0
04-21 14:59:15.064  1426  1426 D FusionRssiPolling: updateLinkLayerStatsRssiSpeedFrequencyCapabilities rssi=-40 TxLinkspeed=573 freq=5500 RxLinkSpeed=516
04-21 14:59:15.071  1426  1426 D BatterySaverStateMachine: on BATTERY_CHANGED: current BatteryLevel: 72
04-21 14:59:15.071  1426  1426 D BatterySaverStateMachine: received  intent action android.intent.action.BATTERY_CHANGED
04-21 14:59:15.073  3882  3882 I BeaconConfigHelper : Not a Battery BLE
04-21 14:59:15.075  7576  7576 D HighTemperatureReceiver: Receive action: android.intent.action.BATTERY_CHANGED
04-21 14:59:15.079  3659  3659 D OSUService: dev-dbg:is_charging current_now 245059, batteryLevel: 72, adapter_charge_limit: 500000, isCharging(isCharging): true
04-21 14:59:15.079  3659  3659 I OSUService: handle_ab_resume -1 3
04-21 14:59:15.080  2120  2120 W PowerUI : mBatteryPresent = true
04-21 14:59:15.080  2120  2794 D PowerUI : can't show warning due to - plugged: true status unknown: false
04-21 14:59:15.570  7732  7732 D yc.zL   : Received battery event
04-21 14:59:15.570  7732  7732 D yc.zL   : BatteryFactory event action = android.intent.action.BATTERY_CHANGED
04-21 14:59:18.096  1426  1426 D FusionRssiPolling: updateLinkLayerStatsRssiSpeedFrequencyCapabilities rssi=-40 TxLinkspeed=573 freq=5500 RxLinkSpeed=516
04-21 14:59:18.363  1426  2726 W BatteryExternalStatsWorker: error reading Bluetooth stats: 11
04-21 14:59:19.919  1426  1984 D ActivityManager: freezing 6443 com.google.android.apps.turbo
04-21 14:59:19.968  1426  1984 D ActivityManager: freezing 2499 com.android.settings
04-21 14:59:20.151  1225  1225 I vendor.zebra.hardware.health@1.0-service: getZebraHealthInfo
04-21 14:59:20.157  1426  2204 D BatteryService: Processing new values: info=android.hardware.health.HealthInfo@84e7eb0, mBatteryLevelCritical=false, mPlugType=2
04-21 14:59:20.160  1426  2204 I BatteryService: File node value is 250
04-21 14:59:20.160  1426  2204 E BatteryService: healthInfoTemp is within the range (250)
04-21 14:59:21.130  1426  1426 D FusionRssiPolling: updateLinkLayerStatsRssiSpeedFrequencyCapabilities rssi=-40 TxLinkspeed=573 freq=5500 RxLinkSpeed=516
04-21 14:59:22.240  5582  8274 I AndroidApplication: isSystemUser :true
04-21 14:59:22.240  5582  8274 I AndroidApplication: VERSION A11 and Above 
04-21 14:59:22.240  5582  8274 I AndroidApplication: isOrganizationOwnedDevice = false
04-21 14:59:22.240  5582  8274 I AndroidApplication: 1000 
04-21 14:59:22.240  5582  8274 I com.symbol.dataanalytics.core.scheduler.CommonWorker: doWork gets called
04-21 14:59:22.241  5582  5821 I WM-WorkerWrapper: Worker result SUCCESS for Work [ id=b976a891-e1a1-46f2-a6cd-f81e062ce015, tags={ com.symbol.dataanalytics.core.scheduler.CommonWorker, 300_SEC } ]
04-21 14:59:22.247  1426 14464 I JobScheduler: bypass checkIfRestricted for JobStatus{894dde1 #u0a91/999 com.symbol.fota/.jobservices.FotaReadyPeriodicService u=0 s=10091 TIME=+23h9m49s568ms:+1d23h9m49s568ms PERIODIC satisfied:0xb400000 unsatisfied:0x80000000}
04-21 14:59:22.248  1426 14464 I JobScheduler: bypass checkIfRestricted for JobStatus{ab59150 #u0a98/230 com.symbol.dataanalytics/androidx.work.impl.background.systemjob.SystemJobService u=0 s=10098 TIME=+4m29s562ms:none satisfied:0xb400000 unsatisfied:0x80000000}
04-21 14:59:22.248  1426 14464 I JobScheduler: bypass checkIfRestricted for JobStatus{d093b32 #u0a98/225 com.symbol.dataanalytics/androidx.work.impl.background.systemjob.SystemJobService u=0 s=10098 TIME=+34m28s767ms:none satisfied:0xb400000 unsatisfied:0x80000000}
04-21 14:59:22.249  1426 14464 I JobScheduler: bypass checkIfRestricted for JobStatus{ffe6dd1 #u0a98/92 com.symbol.dataanalytics/androidx.work.impl.background.systemjob.SystemJobService u=0 s=10098 TIME=+34m28s365ms:none satisfied:0xb400000 unsatisfied:0x80000000}
04-21 14:59:22.249  1426 14464 I JobScheduler: bypass checkIfRestricted for JobStatus{f3545b #u0a98/90 com.symbol.dataanalytics/androidx.work.impl.background.systemjob.SystemJobService u=0 s=10098 TIME=+18h34m28s273ms:none satisfied:0xb400000 unsatisfied:0x80000000}
04-21 14:59:22.249  1426 14464 I JobScheduler: bypass checkIfRestricted for JobStatus{aaa776a #u0a98/73 com.symbol.dataanalytics/androidx.work.impl.background.systemjob.SystemJobService u=0 s=10098 TIME=+13d5h0m9s397ms:none satisfied:0xb400000 unsatisfied:0x80000000}
04-21 14:59:23.243  5582  5582 I TaskPlannerImpl: onTaskTimerElapsed 300_SEC
04-21 14:59:23.243  5582  5582 I TaskPlannerImpl: taskList size is 1
04-21 14:59:23.243  5582  5582 I TaskPlannerImpl: rescheduling scheduler for =  300_SEC
04-21 14:59:23.244  5582  5582 I com.symbol.dataanalytics.core.scheduler.DAScheduler: State for Tag = 300_SEC  is = null OneTimeWorkRequest
04-21 14:59:23.244  5582  5582 D TaskPlannerImpl: onTaskTimerElapsed, conditions are not there , task id = 106
04-21 14:59:23.244  5582  5582 D TaskPlannerImpl: Executing task, id = 106
04-21 14:59:23.244  5582  5582 I TaskPlannerImpl: Command = zs.Yb
04-21 14:59:23.245  5582  5582 D DcaCommunicator: in poll,  dcaName = com.symbol.dataanalytics.dca.core.DataAnaltyicsDca
04-21 14:59:23.245  5582  5582 D DcaRepo : getDcaProxy, Found DCA, dcaName = com.symbol.dataanalytics.dca.core.DataAnaltyicsDca
04-21 14:59:23.245  5582  5582 D com.symbol.dataanalytics.dca.core.DataAnaltyicsDca: poll
04-21 14:59:23.251  7732  8485 D DataAnalyticsDca: In poll,  
04-21 14:59:23.251  7732  8485 D WlanEvents: onPoll Method Starts
04-21 14:59:23.270  7732  8485 D WlanEvents: onPoll Method Ends
04-21 14:59:23.272  7732  8485 D WlanStatsMetrics: Inside onPoll Method.
04-21 14:59:23.276  7732  8485 D WlanStatsMetrics: wifiManager is not null
04-21 14:59:23.276  7732  8485 D WlanStatsMetrics: wifiInfo is not null
04-21 14:59:23.280  7732  8485 D ApplicationUsage: onPoll Called
04-21 14:59:23.292  7732  8485 D ApplicationUsage: Total Apps received : 1
04-21 14:59:24.163  1426  1426 D FusionRssiPolling: updateLinkLayerStatsRssiSpeedFrequencyCapabilities rssi=-40 TxLinkspeed=573 freq=5500 RxLinkSpeed=516
04-21 14:59:24.709  1225  1225 I vendor.zebra.hardware.health@1.0-service: getZebraHealthInfo
04-21 14:59:24.713  1426  2204 D BatteryService: Processing new values: info=android.hardware.health.HealthInfo@8b046e5, mBatteryLevelCritical=false, mPlugType=2
04-21 14:59:24.714  1426  2204 I BatteryService: File node value is 250
04-21 14:59:24.714  1426  2204 E BatteryService: healthInfoTemp is within the range (250)
04-21 14:59:24.715  1426  2204 D BatteryService: Sending ACTION_BATTERY_CHANGED. scale:100, info:android.hardware.health.HealthInfo@8b046e5
04-21 14:59:24.716  1426  2204 E BatteryService: level : 72 / status : 2/Health : 2/Decommission : 0/error status : 0
04-21 14:59:24.721  1426  1426 D BatterySaverStateMachine: on BATTERY_CHANGED: current BatteryLevel: 72
04-21 14:59:24.721  1426  1426 D BatterySaverStateMachine: received  intent action android.intent.action.BATTERY_CHANGED
04-21 14:59:24.725  3882  3882 I BeaconConfigHelper : Not a Battery BLE
04-21 14:59:24.726  7576  7576 D HighTemperatureReceiver: Receive action: android.intent.action.BATTERY_CHANGED
04-21 14:59:24.729  3659  3659 D OSUService: dev-dbg:is_charging current_now 263065, batteryLevel: 72, adapter_charge_limit: 500000, isCharging(isCharging): true
04-21 14:59:24.729  3659  3659 I OSUService: handle_ab_resume -1 3
04-21 14:59:24.730  2120  2120 W PowerUI : mBatteryPresent = true
04-21 14:59:24.730  2120  4918 D PowerUI : can't show warning due to - plugged: true status unknown: false
04-21 14:59:25.222  7732  7732 D yc.zL   : Received battery event
04-21 14:59:25.223  7732  7732 D yc.zL   : BatteryFactory event action = android.intent.action.BATTERY_CHANGED
04-21 14:59:25.261  1225  1225 I vendor.zebra.hardware.health@1.0-service: getZebraHealthInfo
04-21 14:59:25.265  1426  2204 D BatteryService: Processing new values: info=android.hardware.health.HealthInfo@d8773c8, mBatteryLevelCritical=false, mPlugType=2
04-21 14:59:25.267  1426  2204 I BatteryService: File node value is 250
04-21 14:59:25.267  1426  2204 E BatteryService: healthInfoTemp is within the range (250)
04-21 14:59:25.267  1426  2204 D BatteryService: Sending ACTION_BATTERY_CHANGED. scale:100, info:android.hardware.health.HealthInfo@d8773c8
04-21 14:59:25.268  1426  2204 E BatteryService: level : 72 / status : 2/Health : 2/Decommission : 0/error status : 0
04-21 14:59:25.273  1426  1426 D BatterySaverStateMachine: on BATTERY_CHANGED: current BatteryLevel: 72
04-21 14:59:25.273  1426  1426 D BatterySaverStateMachine: received  intent action android.intent.action.BATTERY_CHANGED
04-21 14:59:25.277  3882  3882 I BeaconConfigHelper : Not a Battery BLE
04-21 14:59:25.278  7576  7576 D HighTemperatureReceiver: Receive action: android.intent.action.BATTERY_CHANGED
04-21 14:59:25.281  2120  2120 W PowerUI : mBatteryPresent = true
04-21 14:59:25.282  3659  3659 D OSUService: dev-dbg:is_charging current_now 275882, batteryLevel: 72, adapter_charge_limit: 500000, isCharging(isCharging): true
04-21 14:59:25.282  3659  3659 I OSUService: handle_ab_resume -1 3
04-21 14:59:25.282  2120  7005 D PowerUI : can't show warning due to - plugged: true status unknown: false
