04-21 14:58:18.407 13965 14142 E ymbol.datawedge: Invalid resource ID 0x00000000.
04-21 14:58:18.407 13965 14142 E ymbol.datawedge: Invalid resource ID 0x00000000.
04-21 14:58:18.416 13965 14142 E ymbol.datawedge: Invalid resource ID 0x00000000.
04-21 14:58:18.416 13965 14142 E ymbol.datawedge: Invalid resource ID 0x00000000.
04-21 14:58:18.422 13965 13979 W System  : A resource failed to call AbstractCursor.close. 
04-21 14:58:18.428 14616 14628 I ScannerFramework: [Scanner::GetParameters] 'GetParameters' called, Calling process pid '13965', Scanner type '0'
04-21 14:58:18.429 14616 14628 I ScannerFramework: [Scanner::GetParameters] - 
04-21 14:58:18.429 14616 14628 I ScannerFramework: [Scanner::GetSupportedParameterDefs] 'GetSupportedParameterDefs' called, Calling process pid '13965', Scanner type '0'
04-21 14:58:18.429 14616 14628 I ScannerFramework: [Scanner::GetSupportedParameterDefs] - 
04-21 14:58:18.439 13965 14142 E ymbol.datawedge: Invalid resource ID 0x00000000.
04-21 14:58:18.442 13965 14142 E ymbol.datawedge: Invalid resource ID 0x00000000.
04-21 14:58:18.442 13965 14142 E ymbol.datawedge: Invalid resource ID 0x00000000.
04-21 14:58:18.443 13965 14142 E ymbol.datawedge: Invalid resource ID 0x00000000.
04-21 14:58:18.443 13965 14142 E ymbol.datawedge: Invalid resource ID 0x00000000.
04-21 14:58:18.443 13965 14142 E ymbol.datawedge: Invalid resource ID 0x00000000.
04-21 14:58:18.443 13965 14142 E ymbol.datawedge: Invalid resource ID 0x00000000.
04-21 14:58:18.444 13965 14142 E ymbol.datawedge: Invalid resource ID 0x00000000.
04-21 14:58:18.444 13965 14142 E ymbol.datawedge: Invalid resource ID 0x00000000.
04-21 14:58:18.444 13965 14142 E ymbol.datawedge: Invalid resource ID 0x00000000.
04-21 14:58:18.445 13965 14142 E ymbol.datawedge: Invalid resource ID 0x00000000.
04-21 14:58:18.445 13965 14142 E ymbol.datawedge: Invalid resource ID 0x00000000.
04-21 14:58:18.454 13965 14142 E ymbol.datawedge: Invalid resource ID 0x00000000.
04-21 14:58:18.454 13965 14142 E ymbol.datawedge: Invalid resource ID 0x00000000.
04-21 14:58:18.466 14616 14628 I ScannerFramework: [Scanner::GetParameters] 'GetParameters' called, Calling process pid '13965', Scanner type '0'
04-21 14:58:18.466 14616 14628 I ScannerFramework: [Scanner::GetParameters] - 
04-21 14:58:18.467 14616 14628 I ScannerFramework: [Scanner::IsReadSubmitted] 'IsReadSubmitted' called, Calling process pid '13965', Scanner type '0'
04-21 14:58:18.467 14616 14628 I ScannerFramework: [Scanner::IsReadSubmitted] - '1'
04-21 14:58:18.467 14616 14628 I ScannerFramework: [Scanner::SetParameters] 'SetParameters' called, Calling process pid '13965', Scanner type '0'
04-21 14:58:18.468 14616 14628 I ScannerFramework: [UserScnContext::SetFeedBackParameter] Product model = TC22 
04-21 14:58:18.468 14616 14628 I ScannerFramework: [UserScnContext::SetFeedBackParameter] Product model = TC22 
04-21 14:58:18.469 14616 14628 E ScannerFramework: [ScannerContext::UpdateTimer] Updating No decode timer to 180000 
04-21 14:58:18.469 14616 14628 I ScannerFramework: [UserScnContext::SetFeedBackParameter] Product model = TC22 
04-21 14:58:18.469 14616 14628 I ScannerFramework: [UserScnContext::SetFeedBackParameter] Product model = TC22 
04-21 14:58:18.469 14616 14628 I ScannerFramework: [JNIHelper::IsScanLEDAccessible] entry
04-21 14:58:18.469 14616 14628 I  ##ZDCP## : [HWInfoServiceProviderWrapper] [HWInfoServiceProviderWrapper::getInstance]
04-21 14:58:18.470 13915 13940 W System.err: java.lang.NullPointerException: Attempt to invoke interface method 'boolean com.zebra.batteryswap.IBatterySwap.isBatterySwapInProgress()' on a null object reference
04-21 14:58:18.470 13915 13940 W System.err: 	at com.zebra.batteryswap.BatterySwap.isBatterySwapInProgress(BatterySwap.java:3)
04-21 14:58:18.470 13915 13940 W System.err: 	at com.zebra.hwinfoservice.BatterySwapServiceConnector.isBatterySwapInProgress(BatterySwapServiceConnector.java:5)
04-21 14:58:18.470 13915 13940 W System.err: 	at com.zebra.hwinfoservice.HWInfoServiceImpl.isScanLEDAccessible(HWInfoServiceImpl.java:12)
04-21 14:58:18.470 13915 13940 W System.err: 	at com.zebra.hwinfoservice.IHWInfoService$Stub.onTransact(IHWInfoService.java:57)
04-21 14:58:18.470 13915 13940 W System.err: 	at android.os.Binder.execTransactInternal(Binder.java:1339)
04-21 14:58:18.470 13915 13940 W System.err: 	at android.os.Binder.execTransact(Binder.java:1275)
04-21 14:58:18.470 13915 13940 I  ##ZDCP## : [HWInfoServiceImpl] [HWInfoServiceImpl::isScanLEDAccessible] isBatterySwap in progress=false
04-21 14:58:18.470  1085  1085 D qdlights: athena set_light_scan_locked led mode 0, colorRGB=00000000, onMS=0, offMS=0
04-21 14:58:18.471 14616 14628 I ScannerFramework: [Scanner::SetParameters] - '13965'
04-21 14:58:18.471 14616 14628 I ScannerFramework: [Scanner::GetSupportedParameterDefs] 'GetSupportedParameterDefs' called, Calling process pid '13965', Scanner type '0'
04-21 14:58:18.471 14616 14628 I ScannerFramework: [Scanner::GetSupportedParameterDefs] - 
04-21 14:58:18.479  1426  1848 I WindowManager: removeWindowLw called: com.zebra.rfid.rwdemo
04-21 14:58:18.479  1426  1848 D WindowManager: removewindowlw package --com.zebra.rfid.rwdemo mState--RESUMED
04-21 14:58:18.479  1426  1848 D WindowManager: layoutWindowLw currenttaskBarInDb-- 0
04-21 14:58:18.479  1426  1848 I WindowLayout: isInForceDesktopMode---false displayId: 0 zwcTaskbarHeight: 0
04-21 14:58:18.480  1426  1848 D WindowManager: layoutWindowLw currenttaskBarInDb-- 0
04-21 14:58:18.480  1426  1848 I WindowLayout: isInForceDesktopMode---false displayId: 0 zwcTaskbarHeight: 0
04-21 14:58:18.480  1426  1848 D WindowManager: layoutWindowLw currenttaskBarInDb-- 0
04-21 14:58:18.480  1426  1848 I WindowLayout: isInForceDesktopMode---false displayId: 0 zwcTaskbarHeight: 0
04-21 14:58:18.480  1426  1848 D WindowManager: DP::updateSystemBarAttributes called
04-21 14:58:18.480  1426  1848 D WindowManager: DP::::updateSystemBarAttributes displayId: 0
04-21 14:58:18.482 13965 14142 E ymbol.datawedge: Invalid resource ID 0x00000000.
04-21 14:58:18.484 13965 14142 E ymbol.datawedge: Invalid resource ID 0x00000000.
04-21 14:58:18.485 13965 14142 E ymbol.datawedge: Invalid resource ID 0x00000000.
04-21 14:58:18.485 13965 14142 E ymbol.datawedge: Invalid resource ID 0x00000000.
04-21 14:58:18.485 13965 14142 E ymbol.datawedge: Invalid resource ID 0x00000000.
04-21 14:58:18.485 13965 14142 E ymbol.datawedge: Invalid resource ID 0x00000000.
04-21 14:58:18.485 13965 14142 E ymbol.datawedge: Invalid resource ID 0x00000000.
04-21 14:58:18.486 13965 14142 E ymbol.datawedge: Invalid resource ID 0x00000000.
04-21 14:58:18.486 13965 14142 E ymbol.datawedge: Invalid resource ID 0x00000000.
04-21 14:58:18.486 13965 14142 E ymbol.datawedge: Invalid resource ID 0x00000000.
04-21 14:58:18.487 13965 14142 E ymbol.datawedge: Invalid resource ID 0x00000000.
04-21 14:58:18.487 13965 14142 E ymbol.datawedge: Invalid resource ID 0x00000000.
04-21 14:58:18.493  1426  1848 D WindowManager: DP::updateSystemBarAttributes called
04-21 14:58:18.493  1426  1848 D WindowManager: DP::::updateSystemBarAttributes displayId: 0
04-21 14:58:18.494 13965 14142 E ymbol.datawedge: Invalid resource ID 0x00000000.
04-21 14:58:18.495 13965 14142 E ymbol.datawedge: Invalid resource ID 0x00000000.
04-21 14:58:18.502  1426 12150 D WindowManager: layoutWindowLw currenttaskBarInDb-- 0
04-21 14:58:18.502  1426 12150 I WindowLayout: isInForceDesktopMode---false displayId: 0 zwcTaskbarHeight: 0
04-21 14:58:18.502  1426 12150 D WindowManager: layoutWindowLw currenttaskBarInDb-- 0
04-21 14:58:18.502  1426 12150 I WindowLayout: isInForceDesktopMode---false displayId: 0 zwcTaskbarHeight: 0
04-21 14:58:18.502  1426 12150 D WindowManager: layoutWindowLw currenttaskBarInDb-- 0
04-21 14:58:18.502  1426 12150 I WindowLayout: isInForceDesktopMode---false displayId: 0 zwcTaskbarHeight: 0
04-21 14:58:18.503  1426 12150 D WindowManager: DP::updateSystemBarAttributes called
04-21 14:58:18.503  1426 12150 D WindowManager: DP::::updateSystemBarAttributes displayId: 0
04-21 14:58:18.505 14616 14628 I ScannerFramework: [Scanner::GetParameters] 'GetParameters' called, Calling process pid '13965', Scanner type '0'
04-21 14:58:18.506 14616 14628 I ScannerFramework: [Scanner::GetParameters] - 
04-21 14:58:18.507 13965 14142 I DataWedge-ScannerProxyHandler: #DW-SF# Open Scanner [Finish]
04-21 14:58:18.507 13965 14009 I DataWedge-ScannerProxyHandler: #DW-SF# Get Supported Resources [Start]
04-21 14:58:18.507 14616 14628 I ScannerFramework: [Scanner::GetSupportedResources] 'GetSupportedResources' called, Calling process pid '13965', Scanner type '0'
04-21 14:58:18.507 14616 14628 I ScannerFramework: [Scanner::GetSupportedResources] - 
04-21 14:58:18.508 13965 14009 I DataWedge-ScannerProxyHandler: #DW-SF# Get Supported Resources [Finish]
04-21 14:58:18.508 13965 14009 I DataWedge-ScannerProxyHandler: #DW-SF# Get Supported Resources Returning from cache, Nos: 4
04-21 14:58:18.508 13965 14009 I DataWedge-ScannerProxyHandler: #DW-SF# Get Supported Resources Returning from cache, Nos: 4
04-21 14:58:18.508 13965 14009 I DataWedge-ScannerProxyHandler: #DW-SF# Get Supported Resources Returning from cache, Nos: 4
04-21 14:58:18.508 13965 14009 I DataWedge-ScannerProxyHandler: #DW-SF# Get Supported Resources Returning from cache, Nos: 4
04-21 14:58:18.508 13965 14009 I DataWedge-ScannerProxyHandler: #DW-SF# Get Number of Scanners Returning from cache, Nos: 10
04-21 14:58:18.511 13965 14009 I DataWedge-ScannerProxyHandler: #DW-SF# Get Number of Scanners Returning from cache, Nos: 10
04-21 14:58:18.512 13965 14009 I DataWedge-ScannerProxyHandler: #DW-SF# Get Number of Scanners Returning from cache, Nos: 10
04-21 14:58:18.513 13965 14009 I DataWedge-ScannerProxyHandler: #DW-SF# Get Number of Scanners Returning from cache, Nos: 10
04-21 14:58:18.515 13965 14009 E ymbol.datawedge: Invalid resource ID 0x00000000.
04-21 14:58:18.516 13965 14142 I DataWedge-ScannerProxyHandler: #DW-SF# Get Default Parameters [Start]
04-21 14:58:18.516 14616 14628 I ScannerFramework: [Scanner::GetSupportedParameterDefs] 'GetSupportedParameterDefs' called, Calling process pid '13965', Scanner type '0'
04-21 14:58:18.516 14616 14628 I ScannerFramework: [Scanner::GetSupportedParameterDefs] - 
04-21 14:58:18.527 13965 14142 E ymbol.datawedge: Invalid resource ID 0x00000000.
04-21 14:58:18.529 13965 14142 E ymbol.datawedge: Invalid resource ID 0x00000000.
04-21 14:58:18.529 13965 14142 E ymbol.datawedge: Invalid resource ID 0x00000000.
04-21 14:58:18.530 13965 14142 E ymbol.datawedge: Invalid resource ID 0x00000000.
04-21 14:58:18.530 13965 14142 E ymbol.datawedge: Invalid resource ID 0x00000000.
04-21 14:58:18.530 13965 14142 E ymbol.datawedge: Invalid resource ID 0x00000000.
04-21 14:58:18.530 13965 14142 E ymbol.datawedge: Invalid resource ID 0x00000000.
04-21 14:58:18.531 13965 14142 E ymbol.datawedge: Invalid resource ID 0x00000000.
04-21 14:58:18.531 13965 14142 E ymbol.datawedge: Invalid resource ID 0x00000000.
04-21 14:58:18.531 13965 14142 E ymbol.datawedge: Invalid resource ID 0x00000000.
04-21 14:58:18.531 13965 14142 E ymbol.datawedge: Invalid resource ID 0x00000000.
04-21 14:58:18.532  1426 12150 D ActivityManager: com.google.android.gms is skipped freeze by freezeAppAsyncInternalLSP
04-21 14:58:18.532 13965 14142 E ymbol.datawedge: Invalid resource ID 0x00000000.
04-21 14:58:18.539 13965 14142 E ymbol.datawedge: Invalid resource ID 0x00000000.
04-21 14:58:18.539 13965 14142 E ymbol.datawedge: Invalid resource ID 0x00000000.
04-21 14:58:18.550 14616 14628 I ScannerFramework: [Scanner::GetParameters] 'GetParameters' called, Calling process pid '13965', Scanner type '0'
04-21 14:58:18.551 14616 14628 I ScannerFramework: [Scanner::GetParameters] - 
04-21 14:58:18.551 13965 14142 I DataWedge-ScannerProxyHandler: #DW-SF# Get Default Parameters [Finish]
04-21 14:58:18.555 13965 14142 I DataWedge-ScannerProxyHandler: #DW-SF# Set Parameters [Start]
04-21 14:58:18.556 14616 14628 I ScannerFramework: [Scanner::IsReadSubmitted] 'IsReadSubmitted' called, Calling process pid '13965', Scanner type '0'
04-21 14:58:18.556 14616 14628 I ScannerFramework: [Scanner::IsReadSubmitted] - '1'
04-21 14:58:18.556 14616 14628 I ScannerFramework: [Scanner::SetParameters] 'SetParameters' called, Calling process pid '13965', Scanner type '0'
04-21 14:58:18.557 14616 14628 I ScannerFramework: [UserScnContext::SetFeedBackParameter] Product model = TC22 
04-21 14:58:18.557 14616 14628 I ScannerFramework: [UserScnContext::SetFeedBackParameter] Product model = TC22 
04-21 14:58:18.557 14616 14628 E ScannerFramework: [ScannerContext::UpdateTimer] Updating No decode timer to 180000 
04-21 14:58:18.558 14616 14628 I ScannerFramework: [UserScnContext::SetFeedBackParameter] Product model = TC22 
04-21 14:58:18.558 14616 14628 I ScannerFramework: [UserScnContext::SetFeedBackParameter] Product model = TC22 
04-21 14:58:18.558 14616 14628 I ScannerFramework: [JNIHelper::IsScanLEDAccessible] entry
04-21 14:58:18.558 14616 14628 I  ##ZDCP## : [HWInfoServiceProviderWrapper] [HWInfoServiceProviderWrapper::getInstance]
04-21 14:58:18.559 13915 13940 W System.err: java.lang.NullPointerException: Attempt to invoke interface method 'boolean com.zebra.batteryswap.IBatterySwap.isBatterySwapInProgress()' on a null object reference
04-21 14:58:18.559 13915 13940 W System.err: 	at com.zebra.batteryswap.BatterySwap.isBatterySwapInProgress(BatterySwap.java:3)
04-21 14:58:18.559 13915 13940 W System.err: 	at com.zebra.hwinfoservice.BatterySwapServiceConnector.isBatterySwapInProgress(BatterySwapServiceConnector.java:5)
04-21 14:58:18.559 13915 13940 W System.err: 	at com.zebra.hwinfoservice.HWInfoServiceImpl.isScanLEDAccessible(HWInfoServiceImpl.java:12)
04-21 14:58:18.559 13915 13940 W System.err: 	at com.zebra.hwinfoservice.IHWInfoService$Stub.onTransact(IHWInfoService.java:57)
04-21 14:58:18.559 13915 13940 W System.err: 	at android.os.Binder.execTransactInternal(Binder.java:1339)
04-21 14:58:18.559 13915 13940 W System.err: 	at android.os.Binder.execTransact(Binder.java:1275)
04-21 14:58:18.559 13915 13940 I  ##ZDCP## : [HWInfoServiceImpl] [HWInfoServiceImpl::isScanLEDAccessible] isBatterySwap in progress=false
04-21 14:58:18.559  1085  1085 D qdlights: athena set_light_scan_locked led mode 0, colorRGB=00000000, onMS=0, offMS=0
04-21 14:58:18.559 14616 14628 I ScannerFramework: [Scanner::SetParameters] - '13965'
04-21 14:58:18.560 14616 14628 I ScannerFramework: [Scanner::GetSupportedParameterDefs] 'GetSupportedParameterDefs' called, Calling process pid '13965', Scanner type '0'
04-21 14:58:18.560 14616 14628 I ScannerFramework: [Scanner::GetSupportedParameterDefs] - 
04-21 14:58:18.571 13965 14142 E ymbol.datawedge: Invalid resource ID 0x00000000.
04-21 14:58:18.575 13965 14142 E ymbol.datawedge: Invalid resource ID 0x00000000.
04-21 14:58:18.575 13965 14142 E ymbol.datawedge: Invalid resource ID 0x00000000.
04-21 14:58:18.575 13965 14142 E ymbol.datawedge: Invalid resource ID 0x00000000.
04-21 14:58:18.576 13965 14142 E ymbol.datawedge: Invalid resource ID 0x00000000.
04-21 14:58:18.576 13965 14142 E ymbol.datawedge: Invalid resource ID 0x00000000.
04-21 14:58:18.576 13965 14142 E ymbol.datawedge: Invalid resource ID 0x00000000.
04-21 14:58:18.577 13965 14142 E ymbol.datawedge: Invalid resource ID 0x00000000.
04-21 14:58:18.577 13965 14142 E ymbol.datawedge: Invalid resource ID 0x00000000.
04-21 14:58:18.577 13965 14142 E ymbol.datawedge: Invalid resource ID 0x00000000.
04-21 14:58:18.578 13965 14142 E ymbol.datawedge: Invalid resource ID 0x00000000.
04-21 14:58:18.578 13965 14142 E ymbol.datawedge: Invalid resource ID 0x00000000.
04-21 14:58:18.586 13965 14142 E ymbol.datawedge: Invalid resource ID 0x00000000.
04-21 14:58:18.586 13965 14142 E ymbol.datawedge: Invalid resource ID 0x00000000.
04-21 14:58:18.597 14616 14628 I ScannerFramework: [Scanner::GetParameters] 'GetParameters' called, Calling process pid '13965', Scanner type '0'
04-21 14:58:18.599 14616 14628 I ScannerFramework: [Scanner::GetParameters] - 
04-21 14:58:18.600 13965 14142 I DataWedge-ScannerProxyHandler: #DW-SF# Set Parameters [Finish]
04-21 14:58:18.617 13965 14142 I DataWedge-ScannerProxyHandler: #DW-SF# Enable Scanner [Start]
04-21 14:58:18.619 14616 14629 I ScannerFramework: [Scanner::IsScannerConnected] 'IsScannerConnected' called, Calling process pid '13965', Scanner type '0'
04-21 14:58:18.619 14616 14629 I ScannerFramework: [Scanner::IsScannerConnected] - '1'
04-21 14:58:18.619 14616 14629 I ScannerFramework: [3371:735][Scanner::ScannerEnable] 'ScannerEnable' called, Calling process pid '13965', Scanner type '0'
04-21 14:58:18.619 14616 14629 E ScannerFramework: [UndecodedImagerHandler::Enable] AKB scannertype 0
04-21 14:58:18.624 14616 14629 I ScannerFramework: [ImagerHIDLProxy::associateImagerHIDL] Acquired IImager HIDL interface.
04-21 14:58:18.628 14616 14629 I ScannerFramework: [ImagerControlHIDLProxy::associateImagerControlHIDL] Acquired IImagerControl HIDL interface.
04-21 14:58:18.628 14529 14529 I ScannerFramework-HIDL: Imager::OpenImager+
04-21 14:58:18.648 14529 14529 I ScannerFramework-HIDL: [ImagerNode::resolveV4L2ImagerNode] V4L2 Camera device Node for QC6490: ImagerNode=/dev/video55 mHandle=0
04-21 14:58:18.648 14529 14529 I ScannerFramework-HIDL: [ImagerNode::openImagerNode] Opened Imager Node (Power On). imagerHandle = 0
04-21 14:58:18.648 14529 14529 I ScannerFramework-HIDL: [ImagerNode::openImagerNode] mRefCount=1 at the end of OpenImagerNode()
04-21 14:58:18.648 14529 14529 I ScannerFramework-HIDL: Imager::OpenImager-
04-21 14:58:18.649 14529 14529 I ScannerFramework-HIDL: Imager::GetEngineID ScannerID = 128 
04-21 14:58:18.650 14616 14629 I ScannerFramework: [ImagerControlHIDLProxy::associateImagerControlHIDL] Acquired IImagerControlHIDL interface.
04-21 14:58:18.650 14616 14629 I ScannerFramework: [Imager::InitImainitImagerAdapterClientgerAdapterClient] Interface Type is val=0 , name=V4L2 Interface
04-21 14:58:18.656 14616 14629 I ScannerFramework: [ImagerHIDLProxy::associateImagerHIDL] Acquired IImager HIDL interface.
04-21 14:58:18.659 14616 14629 I ScannerFramework: [V4L2ImagerAdapterHIDLProxy::associateImagerAdapterHIDL] Acquired IImager HIDL interface.
04-21 14:58:18.659 14529 14529 I ScannerFramework-HIDL: Imager::OpenImager+
04-21 14:58:18.659 14529 14529 I ScannerFramework-HIDL: [ImagerNode::openImagerNode] mRefCount = 1 and ImagerHandle = 0
04-21 14:58:18.659 14529 14529 I ScannerFramework-HIDL: [ImagerNode::openImagerNode] mRefCount=2 at the end of OpenImagerNode()
04-21 14:58:18.659 14529 14529 I ScannerFramework-HIDL: Imager::OpenImager-
04-21 14:58:18.660 14616 14629 I ScannerFramework: [V4L2ImagerAdapterHIDLProxy::associateImagerAdapterHIDL] Acquired IImagerAdapter HIDL interface.
04-21 14:58:18.667 14616 14629 I ScannerFramework: [ImagerComponentIndex::AddImagerModule] Adding platform module 'ImagerControl' with Tag '0'
04-21 14:58:18.667 14616 14629 I ScannerFramework: [ImagerComponentIndex::AddImagerModule] Adding platform module 'SE2100Control' with Tag '0'
04-21 14:58:18.667 14616 14629 I ScannerFramework: [ImagerComponentIndex::AddImagerModule] Adding platform module 'SE4100Control' with Tag '0'
04-21 14:58:18.667 14616 14629 I ScannerFramework: [ImagerComponentIndex::AddImagerModule] Adding platform module 'SE4500Control' with Tag '0'
04-21 14:58:18.667 14616 14629 I ScannerFramework: [ImagerComponentIndex::AddImagerModule] Adding platform module 'SE4710Control' with Tag '0'
04-21 14:58:18.667 14616 14629 I ScannerFramework: [ImagerComponentIndex::AddImagerModule] Adding platform module 'SE4720Control' with Tag '0'
04-21 14:58:18.667 14616 14629 I ScannerFramework: [ImagerComponentIndex::AddImagerModule] Adding platform module 'SE4730Control' with Tag '0'
04-21 14:58:18.667 14616 14629 I ScannerFramework: [ImagerComponentIndex::AddImagerModule] Adding platform module 'SE4750Control' with Tag '0'
04-21 14:58:18.667 14616 14629 I ScannerFramework: [ImagerComponentIndex::AddImagerModule] Adding platform module 'SE4750DPControl' with Tag '0'
04-21 14:58:18.667 14616 14629 I ScannerFramework: [ImagerComponentIndex::AddImagerModule] Adding platform module 'SE4770Control' with Tag '0'
04-21 14:58:18.667 14616 14629 I ScannerFramework: [ImagerComponentIndex::AddImagerModule] Adding platform module 'SE4780Control' with Tag '0'
04-21 14:58:18.667 14616 14629 I ScannerFramework: [ImagerComponentIndex::AddImagerModule] Adding platform module 'SE4790Control' with Tag '0'
04-21 14:58:18.667 14616 14629 I ScannerFramework: [ImagerComponentIndex::AddImagerModule] Adding platform module 'SE4850Control' with Tag '0'
04-21 14:58:18.667 14616 14629 I ScannerFramework: [ImagerComponentIndex::AddImagerModule] Adding platform module 'SE5500Control' with Tag '0'
04-21 14:58:18.667 14616 14629 I ScannerFramework: [ImagerComponentIndex::AddImagerModule] Adding platform module 'SE5600ColorControl' with Tag '0'
04-21 14:58:18.667 14616 14629 I ScannerFramework: [ImagerComponentIndex::AddImagerModule] Adding platform module 'SE5600Control' with Tag '0'
04-21 14:58:18.667 14616 14629 I ScannerFramework: [ImagerComponentIndex::AddImagerModule] Adding platform module 'SE5800Control' with Tag '0'
04-21 14:58:18.668 14616 14629 E LoglevelManager: [InitLogLevel::InitLogLevel] Log level XML - 5
04-21 14:58:18.668 14616 14629 I ScannerFramework: ImagerControlProxy::loadImagerControl] Loaded libimagercontrol.so!!
04-21 14:58:18.668 14616 14629 I ScannerFramework: [ImagerControl::SetControlCommandSenderInterface] set Control Command Sender Interface
04-21 14:58:18.668 14616 14629 I ScannerFramework: [ImagerControlProxy::ScanningInit]controlclassName = SE4710Control , engineName = se4710
04-21 14:58:18.688 14616 14629 I ScannerFramework: [ImagerControl::setInitParameters] getSerialNumber : 251103008000J  , getMFGDate : 03NOV25, getBootloaderVersion : BAACDS00-001-R01, getHWModelNumber : 204710-LM010R    
04-21 14:58:18.694 14616 14629 E ScannerFramework: [ImagerControl::setInitParameters] ORIENTATION command SUCCESS
04-21 14:58:18.700 14616 14629 I ScannerFramework: [ImagerControl::setBrightness] default level is 10, set to 10
04-21 14:58:18.704  1225  1225 I vendor.zebra.hardware.health@1.0-service: getZebraHealthInfo
04-21 14:58:18.711  1426  2204 D BatteryService: Processing new values: info=android.hardware.health.HealthInfo@7d3a328, mBatteryLevelCritical=false, mPlugType=2
04-21 14:58:18.714  1426  2204 I BatteryService: File node value is 250
04-21 14:58:18.714  1426  2204 E BatteryService: healthInfoTemp is within the range (250)
04-21 14:58:18.714  1426  2204 D BatteryService: Sending ACTION_BATTERY_CHANGED. scale:100, info:android.hardware.health.HealthInfo@7d3a328
04-21 14:58:18.715  1426  2204 E BatteryService: level : 71 / status : 2/Health : 2/Decommission : 0/error status : 0
04-21 14:58:18.721  1426  1426 D BatterySaverStateMachine: on BATTERY_CHANGED: current BatteryLevel: 71
04-21 14:58:18.721  1426  1426 D BatterySaverStateMachine: received  intent action android.intent.action.BATTERY_CHANGED
04-21 14:58:18.724  3882  3882 I BeaconConfigHelper : Not a Battery BLE
04-21 14:58:18.726  3659  3659 D OSUService: dev-dbg:is_charging current_now 148317, batteryLevel: 71, adapter_charge_limit: 500000, isCharging(isCharging): true
04-21 14:58:18.727  3659  3659 I OSUService: handle_ab_resume -1 3
04-21 14:58:18.730  7576  7576 D HighTemperatureReceiver: Receive action: android.intent.action.BATTERY_CHANGED
04-21 14:58:18.731  2120  2120 W PowerUI : mBatteryPresent = true
04-21 14:58:18.731  2120  8233 D PowerUI : can't show warning due to - plugged: true status unknown: false
04-21 14:58:18.744 14616 14629 I ScannerFramework: [ImagerControlHIDLProxy::configureSettleCount]
04-21 14:58:18.744 14529 14593 D ScannerFramework-HIDL: [V4L2ImagerInterfaceType::ConfigureSettleCount
04-21 14:58:18.744 14529 14593 D ScannerFramework-HIDL: [V4L2ImagerInterfaceType::configureSettleCount]IOCTL function pass
04-21 14:58:18.750 14529 14529 W HwBinder:14529_: type=1400 audit(0.0:384): avc:  denied  { read } for  name="enterprise" dev="dm-5" ino=23 scontext=u:r:hal_dchwmanager_hwservice:s0 tcontext=u:object_r:media_rw_data_file:s0 tclass=lnk_file permissive=0
04-21 14:58:18.751 14616 14629 I ScannerFramework: [V4L2ImagerAdapterClient::InitAdapter]adapterClass = ImagerAdapter 
04-21 14:58:18.751 14616 14629 I ScannerFramework: [V4L2ImagerAdapterHIDLProxy::Init]adapterClass = ImagerAdapter 
04-21 14:58:18.754 14529 14593 I ScannerFramework: [ComponentIndex::AddPlatformModule] Adding platform module 'ImagerAdapter' with Tag '3'
04-21 14:58:18.754 14529 14593 I ScannerFramework: [ComponentIndex::AddPlatformModule] Adding platform module 'SE2100ImagerAdapter' with Tag '3'
04-21 14:58:18.754 14529 14593 E LoglevelManager: [InitLogLevel::InitLogLevel] Log level XML - 5
04-21 14:58:18.755 14529 14593 D ScannerFramework-HIDL: [ImagerAdapterHIDL::openHAL] Loaded adapter 'ImagerAdapter'
04-21 14:58:18.755 14529 14593 I ScannerFramework: [ImagerAdapter::privInitializer] v4lSetFormat V4L2_PIX_FMT_GREY
04-21 14:58:18.755 14529 14593 I ScannerFramework: [ImagerAdapter::v4lInitMmap] ION supported
04-21 14:58:18.755 14529 14593 I ScannerFramework: [ImagerAdapter::v4lInitMmap] ION supported
04-21 14:58:18.756 14529 14593 I ScannerFramework: [ImagerAdapter::v4lInitMmap] ION supported
04-21 14:58:18.756 14529 14593 I ScannerFramework: [ImagerAdapter::v4lInitMmap] ION supported
04-21 14:58:18.756 14529 14593 I ScannerFramework: [ImagerAdapter::v4lInitMmap] ION supported
04-21 14:58:18.756 14529 14593 I ScannerFramework: [ImagerAdapter::v4lInitMmap] ION supported
04-21 14:58:18.756 14529 14593 I ScannerFramework: [ImagerAdapter::v4lInitMmap] ION supported
04-21 14:58:18.756 14529 14593 I ScannerFramework: [ImagerAdapter::v4lInitMmap] ION supported
04-21 14:58:18.757 14616 14629 I ScannerFramework: [SupportedScannerInfo::IsMirroredAndFlipped] ScannerName=se4710_cam_builtin has orientation = 0
04-21 14:58:18.757 14616 14629 I ScannerFramework: [SupportedScannerInfo::IsMirroredAndFlipped] ScannerName=se4710_cam_builtin has orientation = 0
04-21 14:58:18.757 14616 14629 I ScannerFramework: [Imager::enableImager] Setting Orientation to NO_MIRROR_NO_FLIP 
04-21 14:58:18.758 14616 14629 I ScannerFramework: [SupportedScannerInfo::IsMirroredAndFlipped] ScannerName=se4710_cam_builtin has orientation = 0
04-21 14:58:18.758 14616 14629 I ScannerFramework: [SupportedScannerInfo::IsMirroredAndFlipped] ScannerName=se4710_cam_builtin has orientation = 0
04-21 14:58:18.758 14616 14629 I ScannerFramework: [V4L2ImagerAdapterHIDLProxy::Enable] Transport is registerd
04-21 14:58:18.759 14616 14629 I ScannerFramework: IMGKIT [ImgKitCWrapper::Init] NativeSymbolSecurity Library Version is 2.2
04-21 14:58:18.759 14616 14629 E AsymmetricDecrypt: ZIS_BINARY VERSION: 2.2
04-21 14:58:18.761 14616 14629 E AsymmetricDecrypt: ZIS: calling verifyZISKey...
04-21 14:58:18.768 14616 14629 E AsymmetricDecrypt: ZIS: decrypted_txt: ZebraTechnologies|Zebra|2a6c4a
04-21 14:58:18.768 14616 14629 E AsymmetricDecrypt: 
04-21 14:58:18.769 14616 14629 E AsymmetricDecrypt: ZIS auth success
04-21 14:58:18.769 14616 14629 I imgdec  : OCRVersionString 1.6.5.26
04-21 14:58:18.769 14616 14629 I imgdec  : DecOpen ImgKit IMGKIT_10.02T01.22
04-21 14:58:18.777 14616 14629 I ScannerFramework: [StateMachine::MoveState] Transition from state 'Disabled' to 'Enabled' for pid -1
04-21 14:58:18.777 14616 14629 I ScannerFramework: [StateMachine::MoveState] Transition from state 'Disabled' to 'Enabled' for pid 13965
04-21 14:58:18.778 13965 13985 I DWScanner: #DW-SF# Scan status changed from SCAN_STATUS_IDLE to SCAN_STATUS_ENABLED
04-21 14:58:18.778 14616 14629 I ScannerFramework: [Scanner::ScannerEnable] - '0'
04-21 14:58:18.779 13965 14142 I DataWedge-ScannerProxyHandler: #DW-SF# Enable Scanner [Finish]
04-21 14:58:18.779 13965 14142 I DataWedge-ScannerProxyHandler: #DW-SF# Get Default Parameters [Start]
04-21 14:58:18.780 14616 14629 I ScannerFramework: [Scanner::GetSupportedParameterDefs] 'GetSupportedParameterDefs' called, Calling process pid '13965', Scanner type '0'
04-21 14:58:18.780 14616 14629 I ScannerFramework: [Scanner::GetSupportedParameterDefs] - 
04-21 14:58:18.785 13965 14009 I DataWedge-ScannerProxyHandler: #DW-SF# Get Number of Scanners Returning from cache, Nos: 10
04-21 14:58:18.788 13965 14009 I DataWedge-ScannerProxyHandler: #DW-SF# Get Number of Scanners Returning from cache, Nos: 10
04-21 14:58:18.797 13965 14009 E ymbol.datawedge: Invalid resource ID 0x00000000.
04-21 14:58:18.799 13965 14009 I DataWedge-ScannerProxyHandler: #DW-SF# Get Supported Resources Returning from cache, Nos: 4
04-21 14:58:18.800 13965 14009 I DataWedge-ScannerProxyHandler: #DW-SF# Get Supported Resources Returning from cache, Nos: 4
04-21 14:58:18.800 13965 14009 I DataWedge-ScannerProxyHandler: #DW-SF# Get Supported Resources Returning from cache, Nos: 4
04-21 14:58:18.800 13965 14009 I DataWedge-ScannerProxyHandler: #DW-SF# Get Supported Resources Returning from cache, Nos: 4
04-21 14:58:18.800 13965 14009 I DataWedge-ScannerProxyHandler: #DW-SF# Get Supported Resources Returning from cache, Nos: 4
04-21 14:58:18.800 13965 14009 D WorkFlow-Plugin: #DCVision# Barcode tracking: Barcode input enabled: true
04-21 14:58:18.800 13965 14009 D WorkFlow-Plugin: #DCVision# Barcode tracking: Barcode input tracking enabled: false
04-21 14:58:18.800 13965 14009 D WorkFlow-Plugin: #DCVision# loadParams took 20
04-21 14:58:18.804 13965 14009 D ScanningProfile: #DWProfile# Enable profile Profile0 (default) [Finish] took 448 ms
04-21 14:58:18.804 13965 14009 I ActivityTracker: #DW# handle new activity: [FINISH]
04-21 14:58:18.805 13965 14007 I APIQueryManager: #DW-API# getProfileList [Start]
04-21 14:58:18.805 13965 14007 I APIQueryManager: #DW-API# getProfileList success [Finish]
04-21 14:58:18.805 13965 14007 D BroadcastHelper: Sending broadcast to handler com.symbol.datawedge.api.RESULT_ACTION
04-21 14:58:18.806 13965 14007 I APIQueryManager: #DW-API# queryActiveProfile [Start]
04-21 14:58:18.806 13965 14141 D BroadcastHelper: Sending broadcast intent com.symbol.datawedge.api.RESULT_ACTION
04-21 14:58:18.806 13965 14141 D DWHelper: getHelper
04-21 14:58:18.806 13965 14007 I APIQueryManager: #DW-API# queryActiveProfile [Finish]
04-21 14:58:18.806 13965 14007 D BroadcastHelper: Sending broadcast to handler com.symbol.datawedge.api.RESULT_ACTION
04-21 14:58:18.810 13965 14141 D BroadcastHelper: Broadcast intent finished com.symbol.datawedge.api.RESULT_ACTION
04-21 14:58:18.810 13965 14141 D BroadcastHelper: Sending broadcast intent com.symbol.datawedge.api.RESULT_ACTION
04-21 14:58:18.811 13965 14141 D DWHelper: getHelper
04-21 14:58:18.812  1426  2726 E ActivityManager: Sending non-protected broadcast com.symbol.datawedge.api.RESULT_ACTION from system 2411:com.zebra.zvahelper/u0a113 pkg com.zebra.zvahelper
04-21 14:58:18.812  1426  2726 E ActivityManager: java.lang.Throwable
04-21 14:58:18.812  1426  2726 E ActivityManager: 	at com.android.server.am.ActivityManagerService.checkBroadcastFromSystem(ActivityManagerService.java:14462)
04-21 14:58:18.812  1426  2726 E ActivityManager: 	at com.android.server.am.ActivityManagerService.broadcastIntentLockedTraced(ActivityManagerService.java:15303)
04-21 14:58:18.812  1426  2726 E ActivityManager: 	at com.android.server.am.ActivityManagerService.broadcastIntentLocked(ActivityManagerService.java:14526)
04-21 14:58:18.812  1426  2726 E ActivityManager: 	at com.android.server.am.ActivityManagerService.broadcastIntentWithFeature(ActivityManagerService.java:15508)
04-21 14:58:18.812  1426  2726 E ActivityManager: 	at android.app.IActivityManager$Stub.onTransact(IActivityManager.java:2660)
04-21 14:58:18.812  1426  2726 E ActivityManager: 	at com.android.server.am.ActivityManagerService.onTransact(ActivityManagerService.java:2758)
04-21 14:58:18.812  1426  2726 E ActivityManager: 	at android.os.Binder.execTransactInternal(Binder.java:1339)
04-21 14:58:18.812  1426  2726 E ActivityManager: 	at android.os.Binder.execTransact(Binder.java:1275)
04-21 14:58:18.814 13965 14141 D BroadcastHelper: Broadcast intent finished com.symbol.datawedge.api.RESULT_ACTION
04-21 14:58:18.815  1426  2726 E ActivityManager: Sending non-protected broadcast com.symbol.datawedge.api.RESULT_ACTION from system 2411:com.zebra.zvahelper/u0a113 pkg com.zebra.zvahelper
04-21 14:58:18.815  1426  2726 E ActivityManager: java.lang.Throwable
04-21 14:58:18.815  1426  2726 E ActivityManager: 	at com.android.server.am.ActivityManagerService.checkBroadcastFromSystem(ActivityManagerService.java:14462)
04-21 14:58:18.815  1426  2726 E ActivityManager: 	at com.android.server.am.ActivityManagerService.broadcastIntentLockedTraced(ActivityManagerService.java:15303)
04-21 14:58:18.815  1426  2726 E ActivityManager: 	at com.android.server.am.ActivityManagerService.broadcastIntentLocked(ActivityManagerService.java:14526)
04-21 14:58:18.815  1426  2726 E ActivityManager: 	at com.android.server.am.ActivityManagerService.broadcastIntentWithFeature(ActivityManagerService.java:15508)
04-21 14:58:18.815  1426  2726 E ActivityManager: 	at android.app.IActivityManager$Stub.onTransact(IActivityManager.java:2660)
04-21 14:58:18.815  1426  2726 E ActivityManager: 	at com.android.server.am.ActivityManagerService.onTransact(ActivityManagerService.java:2758)
04-21 14:58:18.815  1426  2726 E ActivityManager: 	at android.os.Binder.execTransactInternal(Binder.java:1339)
04-21 14:58:18.815  1426  2726 E ActivityManager: 	at android.os.Binder.execTransact(Binder.java:1275)
04-21 14:58:18.817  1426  2726 E ActivityManager: Sending non-protected broadcast com.symbol.datawedge.api.ACTION from system 3472:com.zebra.rfid.rwdemo/u0a67 pkg com.zebra.rfid.rwdemo
04-21 14:58:18.817  1426  2726 E ActivityManager: java.lang.Throwable
04-21 14:58:18.817  1426  2726 E ActivityManager: 	at com.android.server.am.ActivityManagerService.checkBroadcastFromSystem(ActivityManagerService.java:14462)
04-21 14:58:18.817  1426  2726 E ActivityManager: 	at com.android.server.am.ActivityManagerService.broadcastIntentLockedTraced(ActivityManagerService.java:15303)
04-21 14:58:18.817  1426  2726 E ActivityManager: 	at com.android.server.am.ActivityManagerService.broadcastIntentLocked(ActivityManagerService.java:14526)
04-21 14:58:18.817  1426  2726 E ActivityManager: 	at com.android.server.am.ActivityManagerService.broadcastIntentWithFeature(ActivityManagerService.java:15508)
04-21 14:58:18.817  1426  2726 E ActivityManager: 	at android.app.IActivityManager$Stub.onTransact(IActivityManager.java:2660)
04-21 14:58:18.817  1426  2726 E ActivityManager: 	at com.android.server.am.ActivityManagerService.onTransact(ActivityManagerService.java:2758)
04-21 14:58:18.817  1426  2726 E ActivityManager: 	at android.os.Binder.execTransactInternal(Binder.java:1339)
04-21 14:58:18.817  1426  2726 E ActivityManager: 	at android.os.Binder.execTransact(Binder.java:1275)
04-21 14:58:18.818  1426 12150 E ActivityManager: Sending non-protected broadcast com.symbol.datawedge.api.ACTION from system 3472:com.zebra.rfid.rwdemo/u0a67 pkg com.zebra.rfid.rwdemo
04-21 14:58:18.818  1426 12150 E ActivityManager: java.lang.Throwable
04-21 14:58:18.818  1426 12150 E ActivityManager: 	at com.android.server.am.ActivityManagerService.checkBroadcastFromSystem(ActivityManagerService.java:14462)
04-21 14:58:18.818  1426 12150 E ActivityManager: 	at com.android.server.am.ActivityManagerService.broadcastIntentLockedTraced(ActivityManagerService.java:15303)
04-21 14:58:18.818  1426 12150 E ActivityManager: 	at com.android.server.am.ActivityManagerService.broadcastIntentLocked(ActivityManagerService.java:14526)
04-21 14:58:18.818  1426 12150 E ActivityManager: 	at com.android.server.am.ActivityManagerService.broadcastIntentWithFeature(ActivityManagerService.java:15508)
04-21 14:58:18.818  1426 12150 E ActivityManager: 	at android.app.IActivityManager$Stub.onTransact(IActivityManager.java:2660)
04-21 14:58:18.818  1426 12150 E ActivityManager: 	at com.android.server.am.ActivityManagerService.onTransact(ActivityManagerService.java:2758)
04-21 14:58:18.818  1426 12150 E ActivityManager: 	at android.os.Binder.execTransactInternal(Binder.java:1339)
04-21 14:58:18.818  1426 12150 E ActivityManager: 	at android.os.Binder.execTransact(Binder.java:1275)
04-21 14:58:18.820 13965 14142 E ymbol.datawedge: Invalid resource ID 0x00000000.
04-21 14:58:18.829 13965 14142 E ymbol.datawedge: Invalid resource ID 0x00000000.
04-21 14:58:18.829 13965 14142 E ymbol.datawedge: Invalid resource ID 0x00000000.
04-21 14:58:18.830 13965 14142 E ymbol.datawedge: Invalid resource ID 0x00000000.
04-21 14:58:18.830 13965 14142 E ymbol.datawedge: Invalid resource ID 0x00000000.
04-21 14:58:18.830 13965 14142 E ymbol.datawedge: Invalid resource ID 0x00000000.
04-21 14:58:18.831 13965 14142 E ymbol.datawedge: Invalid resource ID 0x00000000.
04-21 14:58:18.832 13965 14142 E ymbol.datawedge: Invalid resource ID 0x00000000.
04-21 14:58:18.832 13965 14142 E ymbol.datawedge: Invalid resource ID 0x00000000.
04-21 14:58:18.833 13965 14142 E ymbol.datawedge: Invalid resource ID 0x00000000.
04-21 14:58:18.833 13965 14142 E ymbol.datawedge: Invalid resource ID 0x00000000.
04-21 14:58:18.833 13965 14142 E ymbol.datawedge: Invalid resource ID 0x00000000.
04-21 14:58:18.847 13965 14142 E ymbol.datawedge: Invalid resource ID 0x00000000.
04-21 14:58:18.847 13965 14142 E ymbol.datawedge: Invalid resource ID 0x00000000.
04-21 14:58:18.860 14616 14629 I ScannerFramework: [Scanner::GetParameters] 'GetParameters' called, Calling process pid '13965', Scanner type '0'
04-21 14:58:18.861 14616 14629 I ScannerFramework: [Scanner::GetParameters] - 
04-21 14:58:18.861 13965 14142 I DataWedge-ScannerProxyHandler: #DW-SF# Get Default Parameters [Finish]
04-21 14:58:18.863 13965 14142 I DataWedge-ScannerProxyHandler: #DW-SF# Set Parameters [Start]
04-21 14:58:18.863 14616 14629 I ScannerFramework: [Scanner::IsReadSubmitted] 'IsReadSubmitted' called, Calling process pid '13965', Scanner type '0'
04-21 14:58:18.863 14616 14629 I ScannerFramework: [Scanner::IsReadSubmitted] - '1'
04-21 14:58:18.863 14616 14629 I ScannerFramework: [Scanner::SetParameters] 'SetParameters' called, Calling process pid '13965', Scanner type '0'
04-21 14:58:18.864 14616 14629 I ScannerFramework: [UserScnContext::SetFeedBackParameter] Product model = TC22 
04-21 14:58:18.864 14616 14629 I ScannerFramework: [UserScnContext::SetFeedBackParameter] Product model = TC22 
04-21 14:58:18.865 14616 14629 E ScannerFramework: [ScannerContext::UpdateTimer] Updating No decode timer to 180000 
04-21 14:58:18.865 14616 14629 I ScannerFramework: [UserScnContext::SetFeedBackParameter] Product model = TC22 
04-21 14:58:18.865 14616 14629 I ScannerFramework: [UserScnContext::SetFeedBackParameter] Product model = TC22 
04-21 14:58:18.865 14616 14629 I ScannerFramework: [JNIHelper::IsScanLEDAccessible] entry
04-21 14:58:18.865 14616 14629 I  ##ZDCP## : [HWInfoServiceProviderWrapper] [HWInfoServiceProviderWrapper::getInstance]
04-21 14:58:18.865 13915 13940 W System.err: java.lang.NullPointerException: Attempt to invoke interface method 'boolean com.zebra.batteryswap.IBatterySwap.isBatterySwapInProgress()' on a null object reference
04-21 14:58:18.866 13915 13940 W System.err: 	at com.zebra.batteryswap.BatterySwap.isBatterySwapInProgress(BatterySwap.java:3)
04-21 14:58:18.866 13915 13940 W System.err: 	at com.zebra.hwinfoservice.BatterySwapServiceConnector.isBatterySwapInProgress(BatterySwapServiceConnector.java:5)
04-21 14:58:18.866 13915 13940 W System.err: 	at com.zebra.hwinfoservice.HWInfoServiceImpl.isScanLEDAccessible(HWInfoServiceImpl.java:12)
04-21 14:58:18.866 13915 13940 W System.err: 	at com.zebra.hwinfoservice.IHWInfoService$Stub.onTransact(IHWInfoService.java:57)
04-21 14:58:18.866 13915 13940 W System.err: 	at android.os.Binder.execTransactInternal(Binder.java:1339)
04-21 14:58:18.866 13915 13940 W System.err: 	at android.os.Binder.execTransact(Binder.java:1275)
04-21 14:58:18.866 13915 13940 I  ##ZDCP## : [HWInfoServiceImpl] [HWInfoServiceImpl::isScanLEDAccessible] isBatterySwap in progress=false
04-21 14:58:18.866  1085  1085 D qdlights: athena set_light_scan_locked led mode 0, colorRGB=00000000, onMS=0, offMS=0
04-21 14:58:18.866 14616 14629 I ScannerFramework: [Scanner::SetParameters] - '13965'
04-21 14:58:18.866 14616 14629 I ScannerFramework: [Scanner::GetSupportedParameterDefs] 'GetSupportedParameterDefs' called, Calling process pid '13965', Scanner type '0'
04-21 14:58:18.866 14616 14629 I ScannerFramework: [Scanner::GetSupportedParameterDefs] - 
04-21 14:58:18.877 13965 14142 E ymbol.datawedge: Invalid resource ID 0x00000000.
04-21 14:58:18.880 13965 14142 E ymbol.datawedge: Invalid resource ID 0x00000000.
04-21 14:58:18.880 13965 14142 E ymbol.datawedge: Invalid resource ID 0x00000000.
04-21 14:58:18.880 13965 14142 E ymbol.datawedge: Invalid resource ID 0x00000000.
04-21 14:58:18.880 13965 14142 E ymbol.datawedge: Invalid resource ID 0x00000000.
04-21 14:58:18.881 13965 14142 E ymbol.datawedge: Invalid resource ID 0x00000000.
04-21 14:58:18.881 13965 14142 E ymbol.datawedge: Invalid resource ID 0x00000000.
04-21 14:58:18.881 13965 14142 E ymbol.datawedge: Invalid resource ID 0x00000000.
04-21 14:58:18.882 13965 14142 E ymbol.datawedge: Invalid resource ID 0x00000000.
04-21 14:58:18.882 13965 14142 E ymbol.datawedge: Invalid resource ID 0x00000000.
04-21 14:58:18.882 13965 14142 E ymbol.datawedge: Invalid resource ID 0x00000000.
04-21 14:58:18.882 13965 14142 E ymbol.datawedge: Invalid resource ID 0x00000000.
04-21 14:58:18.890 13965 14142 E ymbol.datawedge: Invalid resource ID 0x00000000.
04-21 14:58:18.890 13965 14142 E ymbol.datawedge: Invalid resource ID 0x00000000.
04-21 14:58:18.901 14616 14629 I ScannerFramework: [Scanner::GetParameters] 'GetParameters' called, Calling process pid '13965', Scanner type '0'
04-21 14:58:18.904 14616 14629 I ScannerFramework: [Scanner::GetParameters] - 
04-21 14:58:18.905 13965 14142 I DataWedge-ScannerProxyHandler: #DW-SF# Set Parameters [Finish]
04-21 14:58:18.905 13965 13985 D DWScanner: #DW-SNAPI# isSNAPIModeSupported: false
04-21 14:58:18.905 13965 14142 I DataWedge-ScannerProxyHandler: #DW-SF# Submit Read with callback EX [Start]
04-21 14:58:18.905 14616 14629 I ScannerFramework: [Scanner::IsReadSubmitted] 'IsReadSubmitted' called, Calling process pid '13965', Scanner type '0'
04-21 14:58:18.905 14616 14629 I ScannerFramework: [Scanner::IsReadSubmitted] - '1'
04-21 14:58:18.905 14616 14629 I ScannerFramework: [Scanner::ReadSubmitEx] 'ReadSubmitEx' called, Calling process pid '13965', Scanner type '0'
04-21 14:58:18.906 14616 14629 E ScannerFramework: [ImagerContext::SetParam] Aim_type param value=0
04-21 14:58:18.906 14616 14629 E ScannerFramework: [ImagerContext::SetParam] Aim_type param value=0
04-21 14:58:18.906 14616 14629 E ScannerFramework: [ImagerContext::SetParam] Aim_type param value=0
04-21 14:58:18.906 14616 14629 E ScannerFramework: [ImagerContext::SetParam] Aim_type param value=0
04-21 14:58:18.906 14616 14629 E ScannerFramework: [ImagerContext::SetParam] Aim_type param value=0
04-21 14:58:18.906 14616 14629 E ScannerFramework: [ImagerContext::SetParam] Aim_type param value=0
04-21 14:58:18.906 14616 14629 E ScannerFramework: [ImagerContext::SetParam] Aim_type param value=0
04-21 14:58:18.906 14616 14629 E ScannerFramework: [ImagerContext::SetParam] Aim_type param value=0
04-21 14:58:18.906 14616 14629 E ScannerFramework: [ImagerContext::SetParam] Aim_type param value=0
04-21 14:58:18.906 14616 14629 E ScannerFramework: [ImagerContext::SetParam] Aim_type param value=0
04-21 14:58:18.906 14616 14629 E ScannerFramework: [ImagerContext::SetParam] Aim_type param value=0
04-21 14:58:18.906 14616 14629 E ScannerFramework: [ImagerContext::SetParam] Aim_type param value=0
04-21 14:58:18.907 14616 14629 E ScannerFramework: [ImagerContext::SetParam] Aim_type param value=0
04-21 14:58:18.907 14616 14629 E ScannerFramework: [ImagerContext::SetParam] Aim_type param value=0
04-21 14:58:18.907 14616 14629 E ScannerFramework: [ImagerContext::SetParam] Aim_type param value=0
04-21 14:58:18.907 14616 14629 E ScannerFramework: [ImagerContext::SetParam] Aim_type param value=0
04-21 14:58:18.907 14616 14629 E ScannerFramework: [ImagerContext::SetParam] Aim_type param value=0
04-21 14:58:18.907 14616 14629 E ScannerFramework: [ImagerContext::SetParam] Aim_type param value=0
04-21 14:58:18.907 14616 14629 E ScannerFramework: [ImagerContext::SetParam] Aim_type param value=0
04-21 14:58:18.907 14616 14629 E ScannerFramework: [ImagerContext::SetParam] Aim_type param value=0
04-21 14:58:18.907 14616 14629 E ScannerFramework: [ImagerContext::SetParam] Aim_type param value=0
04-21 14:58:18.907 14616 14629 E ScannerFramework: [ImagerContext::SetParam] Aim_type param value=0
04-21 14:58:18.907 14616 14629 E ScannerFramework: [ImagerContext::SetParam] Aim_type param value=0
04-21 14:58:18.907 14616 14629 E ScannerFramework: [ImagerContext::SetParam] Aim_type param value=0
04-21 14:58:18.907 14616 14629 E ScannerFramework: [ImagerContext::SetParam] Aim_type param value=0
04-21 14:58:18.907 14616 14629 E ScannerFramework: [ImagerContext::SetParam] Aim_type param value=0
04-21 14:58:18.908 14616 14629 E ScannerFramework: [ImagerContext::SetParam] Aim_type param value=0
04-21 14:58:18.908 14616 14629 E ScannerFramework: [ImagerContext::SetParam] Aim_type param value=0
04-21 14:58:18.908 14616 14629 E ScannerFramework: [ImagerContext::SetParam] Aim_type param value=0
04-21 14:58:18.908 14616 14629 E ScannerFramework: [ImagerContext::SetParam] Aim_type param value=0
04-21 14:58:18.908 14616 14629 E ScannerFramework: [ImagerContext::SetParam] Aim_type param value=0
04-21 14:58:18.908 14616 14629 E ScannerFramework: [ImagerContext::SetParam] Aim_type param value=0
04-21 14:58:18.908 14616 14629 E ScannerFramework: [ImagerContext::SetParam] Aim_type param value=0
04-21 14:58:18.908 14616 14629 E ScannerFramework: [ImagerContext::SetParam] Aim_type param value=0
04-21 14:58:18.909 14616 14629 E ScannerFramework: [ImagerContext::SetParam] Aim_type param value=0
04-21 14:58:18.909 14616 14629 E ScannerFramework: [ImagerContext::SetParam] Aim_type param value=0
04-21 14:58:18.909 14616 14629 E ScannerFramework: [ImagerContext::SetParam] Aim_type param value=0
04-21 14:58:18.909 14616 14629 E ScannerFramework: [ImagerContext::SetParam] Aim_type param value=0
04-21 14:58:18.909 14616 14629 E ScannerFramework: [ImagerContext::SetParam] Aim_type param value=0
04-21 14:58:18.910 14616 14629 E ScannerFramework: [ImagerContext::SetParam] Aim_type param value=0
04-21 14:58:18.910 14616 14629 E ScannerFramework: [ImagerContext::SetParam] Aim_type param value=0
04-21 14:58:18.910 14616 14629 E ScannerFramework: [ImagerContext::SetParam] Aim_type param value=0
04-21 14:58:18.910 14616 14629 E ScannerFramework: [ImagerContext::SetParam] Aim_type param value=0
04-21 14:58:18.912 14616 14629 I ScannerFramework: [StateMachine::MoveState] Transition from state 'Enabled' to 'ReadSubmitted' for pid -1
04-21 14:58:18.912 14616 14629 I ScannerFramework: [StateMachine::MoveState] Transition from state 'Enabled' to 'ReadSubmitted' for pid 13965
04-21 14:58:18.912 14616 14629 I ScannerFramework: [FeedbackLoader::Readsubmit] Readsubmit SW Audio resources
04-21 14:58:18.912 14616 14629 I ScannerFramework: [OboeAudioFeedback::ReadSubmit] Re init
04-21 14:58:18.912 14616 14629 I ScannerFramework: [AudioFormatConverter::LoadFile] Audio file name decode-short.ogg
04-21 14:58:18.916  1492  2208 I MMParserExtractor: Created(0xb4000078b5c8d970)
04-21 14:58:18.917  1492  2208 E MM_OSAL : FileSource::FileSource
04-21 14:58:18.917  1492  2208 E MM_OSAL : FileSource::FileSource m_bEveryThingOK 1
04-21 14:58:18.919 14616 14629 I ScannerFramework: [AudioFormatConverter::decode] Number of tracks: 1
04-21 14:58:18.921 14616 14629 D MediaCodecList: codecHandlesFormat: no format, so no extra checks
04-21 14:58:18.922  1495  2191 W ServiceManagerCppClient: Permission failure: android.permission.MEDIA_RESOURCE_OVERRIDE_PID from uid=10102 pid=14616
04-21 14:58:18.922  1495  2191 W ResourceManagerService: reclaimResourcesFromClientsPendingRemoval called with untrusted pid 13965, using calling pid 14616
04-21 14:58:18.923 14616 15649 D CCodec  : allocate(c2.android.vorbis.decoder)
04-21 14:58:18.926 14616 15649 I CCodec  : setting up 'default' as default (vendor) store
04-21 14:58:18.929 14616 15649 I CCodec  : Created component [c2.android.vorbis.decoder]
04-21 14:58:18.930 14616 15649 D CCodecConfig: read media type: audio/vorbis
04-21 14:58:18.932 14616 15649 D ReflectedParamUpdater: extent() != 1 for single value type: algo.buffers.max-count.values
04-21 14:58:18.933 14616 15649 D ReflectedParamUpdater: extent() != 1 for single value type: output.subscribed-indices.values
04-21 14:58:18.933 14616 15649 D ReflectedParamUpdater: extent() != 1 for single value type: input.buffers.allocator-ids.values
04-21 14:58:18.933 14616 15649 D ReflectedParamUpdater: extent() != 1 for single value type: output.buffers.allocator-ids.values
04-21 14:58:18.933 14616 15649 D ReflectedParamUpdater: extent() != 1 for single value type: algo.buffers.allocator-ids.values
04-21 14:58:18.933 14616 15649 D ReflectedParamUpdater: extent() != 1 for single value type: output.buffers.pool-ids.values
04-21 14:58:18.933 14616 15649 D ReflectedParamUpdater: extent() != 1 for single value type: algo.buffers.pool-ids.values
04-21 14:58:18.935 14616 15649 I CCodecConfig: query failed after returning 7 values (BAD_INDEX)
04-21 14:58:18.935 14616 15649 D CCodecConfig: c2 config diff is Dict {
04-21 14:58:18.935 14616 15649 D CCodecConfig:   c2::u32 coded.bitrate.value = 64000
04-21 14:58:18.935 14616 15649 D CCodecConfig:   c2::u32 input.buffers.max-size.value = 32768
04-21 14:58:18.935 14616 15649 D CCodecConfig:   c2::u32 input.delay.value = 0
