04-21 14:58:25.852  1426 12150 E ActivityManager: 	at com.android.server.am.ActivityManagerService.broadcastIntentWithFeature(ActivityManagerService.java:15508)
04-21 14:58:25.852  1426 12150 E ActivityManager: 	at android.app.IActivityManager$Stub.onTransact(IActivityManager.java:2660)
04-21 14:58:25.852  1426 12150 E ActivityManager: 	at com.android.server.am.ActivityManagerService.onTransact(ActivityManagerService.java:2758)
04-21 14:58:25.852  1426 12150 E ActivityManager: 	at android.os.Binder.execTransactInternal(Binder.java:1339)
04-21 14:58:25.852  1426 12150 E ActivityManager: 	at android.os.Binder.execTransact(Binder.java:1275)
04-21 14:58:26.356 13965 13965 D IntentAPIManager: onReceive(..):android.app.ContextImpl@f70d300,Intent { act=com.symbol.datawedge.api.ACTION flg=0x10 (has extras) }
04-21 14:58:26.535  3096  3096 D vendor.zebra.hardware.rfidserial-service: Entering RfidSerial getPortNames
04-21 14:58:26.536  3096  3096 D vendor.zebra.hardware.rfidserial-service: RFID Interface = 2
04-21 14:58:26.536  3096  3096 D vendor.zebra.hardware.rfidserial-service: RfidSerial getPortNames : inside USB condition
04-21 14:58:26.536  3096  3096 D vendor.zebra.hardware.rfidserial-service: isDeviceSRV = 0
04-21 14:58:26.537  3096  3096 D vendor.zebra.hardware.rfidserial-service: PRODUCT = 5e0/1702/1
04-21 14:58:26.537  3096  3096 D vendor.zebra.hardware.rfidserial-service: Final RFID port name: ttyACM1
04-21 14:58:26.539  3214 14465 D RFIDSerialService: openPort = /dev/ttyACM0
04-21 14:58:26.540  3214 14465 D Serial.Port: Port constructor
04-21 14:58:26.540  3214 14465 D Serial.Port: Close port before open
04-21 14:58:26.540  3214 14465 D app_process64: PortJni: Opening /dev/ttyACM0
04-21 14:58:26.540  3214 14465 D app_process64: PortJni: Open error -1 / 2
04-21 14:58:26.540  3214 14465 D Serial.Port: Error opening serial port.
04-21 14:58:26.542  3214 14465 D Serial.Port: writeData: count 2
04-21 14:58:26.543  3214 14465 E app_process64: PortJni: Failed to retrieve jbyteArray.
04-21 14:58:26.543  3214 14465 E app_process64: PortJni: Failed to retrieve PrivateData.
04-21 14:58:26.543  3214 14465 D Serial.Port: writeData: retcode false
04-21 14:58:26.543  3214  9898 D Serial.Port: writeData: count 8
04-21 14:58:26.543  3214  9898 E app_process64: PortJni: Failed to retrieve jbyteArray.
04-21 14:58:26.543  3214  9898 E app_process64: PortJni: Failed to retrieve PrivateData.
04-21 14:58:26.543  3214  9898 D Serial.Port: writeData: retcode false
04-21 14:58:26.589  1426  1426 D FusionRssiPolling: updateLinkLayerStatsRssiSpeedFrequencyCapabilities rssi=-40 TxLinkspeed=573 freq=5500 RxLinkSpeed=516
04-21 14:58:26.856  1426 12150 E ActivityManager: Sending non-protected broadcast com.symbol.datawedge.api.ACTION from system 3472:com.zebra.rfid.rwdemo/u0a67 pkg com.zebra.rfid.rwdemo
04-21 14:58:26.856  1426 12150 E ActivityManager: java.lang.Throwable
04-21 14:58:26.856  1426 12150 E ActivityManager: 	at com.android.server.am.ActivityManagerService.checkBroadcastFromSystem(ActivityManagerService.java:14462)
04-21 14:58:26.856  1426 12150 E ActivityManager: 	at com.android.server.am.ActivityManagerService.broadcastIntentLockedTraced(ActivityManagerService.java:15303)
04-21 14:58:26.856  1426 12150 E ActivityManager: 	at com.android.server.am.ActivityManagerService.broadcastIntentLocked(ActivityManagerService.java:14526)
04-21 14:58:26.856  1426 12150 E ActivityManager: 	at com.android.server.am.ActivityManagerService.broadcastIntentWithFeature(ActivityManagerService.java:15508)
04-21 14:58:26.856  1426 12150 E ActivityManager: 	at android.app.IActivityManager$Stub.onTransact(IActivityManager.java:2660)
04-21 14:58:26.856  1426 12150 E ActivityManager: 	at com.android.server.am.ActivityManagerService.onTransact(ActivityManagerService.java:2758)
04-21 14:58:26.856  1426 12150 E ActivityManager: 	at android.os.Binder.execTransactInternal(Binder.java:1339)
04-21 14:58:26.856  1426 12150 E ActivityManager: 	at android.os.Binder.execTransact(Binder.java:1275)
04-21 14:58:27.044  3214  9898 D Serial.Port: writeData: count 2
04-21 14:58:27.045  3214  9898 E app_process64: PortJni: Failed to retrieve jbyteArray.
04-21 14:58:27.045  3214  9898 E app_process64: PortJni: Failed to retrieve PrivateData.
04-21 14:58:27.045  3214  9898 D Serial.Port: writeData: retcode false
04-21 14:58:27.360 13965 13965 D IntentAPIManager: onReceive(..):android.app.ContextImpl@f70d300,Intent { act=com.symbol.datawedge.api.ACTION flg=0x10 (has extras) }
04-21 14:58:27.547  3214  9898 D Serial.Port: writeData: count 2
04-21 14:58:27.547  3214  9898 E app_process64: PortJni: Failed to retrieve jbyteArray.
04-21 14:58:27.547  3214  9898 E app_process64: PortJni: Failed to retrieve PrivateData.
04-21 14:58:27.547  3214  9898 D Serial.Port: writeData: retcode false
04-21 14:58:27.679  3096  3096 D vendor.zebra.hardware.rfidserial-service: Entering RfidSerial getPortNames
04-21 14:58:27.680  3096  3096 D vendor.zebra.hardware.rfidserial-service: RFID Interface = 2
04-21 14:58:27.680  3096  3096 D vendor.zebra.hardware.rfidserial-service: RfidSerial getPortNames : inside USB condition
04-21 14:58:27.680  3096  3096 D vendor.zebra.hardware.rfidserial-service: isDeviceSRV = 0
04-21 14:58:27.681  3096  3096 D vendor.zebra.hardware.rfidserial-service: PRODUCT = 5e0/1702/1
04-21 14:58:27.681  3096  3096 D vendor.zebra.hardware.rfidserial-service: Final RFID port name: ttyACM1
04-21 14:58:27.860  1426 12150 E ActivityManager: Sending non-protected broadcast com.symbol.datawedge.api.ACTION from system 3472:com.zebra.rfid.rwdemo/u0a67 pkg com.zebra.rfid.rwdemo
04-21 14:58:27.860  1426 12150 E ActivityManager: java.lang.Throwable
04-21 14:58:27.860  1426 12150 E ActivityManager: 	at com.android.server.am.ActivityManagerService.checkBroadcastFromSystem(ActivityManagerService.java:14462)
04-21 14:58:27.860  1426 12150 E ActivityManager: 	at com.android.server.am.ActivityManagerService.broadcastIntentLockedTraced(ActivityManagerService.java:15303)
04-21 14:58:27.860  1426 12150 E ActivityManager: 	at com.android.server.am.ActivityManagerService.broadcastIntentLocked(ActivityManagerService.java:14526)
04-21 14:58:27.860  1426 12150 E ActivityManager: 	at com.android.server.am.ActivityManagerService.broadcastIntentWithFeature(ActivityManagerService.java:15508)
04-21 14:58:27.860  1426 12150 E ActivityManager: 	at android.app.IActivityManager$Stub.onTransact(IActivityManager.java:2660)
04-21 14:58:27.860  1426 12150 E ActivityManager: 	at com.android.server.am.ActivityManagerService.onTransact(ActivityManagerService.java:2758)
04-21 14:58:27.860  1426 12150 E ActivityManager: 	at android.os.Binder.execTransactInternal(Binder.java:1339)
04-21 14:58:27.860  1426 12150 E ActivityManager: 	at android.os.Binder.execTransact(Binder.java:1275)
04-21 14:58:28.049  3214  9898 D Serial.Port: writeData: count 2
04-21 14:58:28.050  3214  9898 E app_process64: PortJni: Failed to retrieve jbyteArray.
04-21 14:58:28.050  3214  9898 E app_process64: PortJni: Failed to retrieve PrivateData.
04-21 14:58:28.051  3214  9898 D Serial.Port: writeData: retcode false
04-21 14:58:28.365 13965 13965 D IntentAPIManager: onReceive(..):android.app.ContextImpl@f70d300,Intent { act=com.symbol.datawedge.api.ACTION flg=0x10 (has extras) }
04-21 14:58:28.543 13965 14009 D IRFIDError: RFIDPROTOAscii: GetStatus: RFID_API_COMMAND_TIMEOUTConnect size 0
04-21 14:58:28.544 13965 15732 E RFIDSerialIOMgr: Receive thread interrupted
04-21 14:58:28.544 13965 15732 E RFIDSerialIOMgr: java.lang.InterruptedException
04-21 14:58:28.544 13965 15732 E RFIDSerialIOMgr: 	at java.lang.Thread.sleep(Native Method)
04-21 14:58:28.544 13965 15732 E RFIDSerialIOMgr: 	at java.lang.Thread.sleep(Thread.java:450)
04-21 14:58:28.544 13965 15732 E RFIDSerialIOMgr: 	at java.lang.Thread.sleep(Thread.java:355)
04-21 14:58:28.544 13965 15732 E RFIDSerialIOMgr: 	at com.zebra.rfid.api3.SerialInputOutputManager.run(SourceFile:71)
04-21 14:58:28.544 13965 15732 E RFIDSerialIOMgr: 	at java.lang.Thread.run(Thread.java:1012)
04-21 14:58:28.545 13965 15732 I RFIDSerialIOMgr: Recieving status mState=STOPPING
04-21 14:58:28.545  3214  9898 D app_process64: PortJni: Closing native_close_filedesc fd = -1
04-21 14:58:28.546  3214  9898 D Serial.Port: Closing serial port.
04-21 14:58:28.546  3214  9898 E app_process64: PortJni: Failed to retrieve jbyteArray.
04-21 14:58:28.546  3214  9898 E app_process64: PortJni: Failed to retrieve PrivateData during close.
04-21 14:58:28.868  1426 12150 E ActivityManager: Sending non-protected broadcast com.symbol.datawedge.api.ACTION from system 3472:com.zebra.rfid.rwdemo/u0a67 pkg com.zebra.rfid.rwdemo
04-21 14:58:28.868  1426 12150 E ActivityManager: java.lang.Throwable
04-21 14:58:28.868  1426 12150 E ActivityManager: 	at com.android.server.am.ActivityManagerService.checkBroadcastFromSystem(ActivityManagerService.java:14462)
04-21 14:58:28.868  1426 12150 E ActivityManager: 	at com.android.server.am.ActivityManagerService.broadcastIntentLockedTraced(ActivityManagerService.java:15303)
04-21 14:58:28.868  1426 12150 E ActivityManager: 	at com.android.server.am.ActivityManagerService.broadcastIntentLocked(ActivityManagerService.java:14526)
04-21 14:58:28.868  1426 12150 E ActivityManager: 	at com.android.server.am.ActivityManagerService.broadcastIntentWithFeature(ActivityManagerService.java:15508)
04-21 14:58:28.868  1426 12150 E ActivityManager: 	at android.app.IActivityManager$Stub.onTransact(IActivityManager.java:2660)
04-21 14:58:28.868  1426 12150 E ActivityManager: 	at com.android.server.am.ActivityManagerService.onTransact(ActivityManagerService.java:2758)
04-21 14:58:28.868  1426 12150 E ActivityManager: 	at android.os.Binder.execTransactInternal(Binder.java:1339)
04-21 14:58:28.868  1426 12150 E ActivityManager: 	at android.os.Binder.execTransact(Binder.java:1275)
04-21 14:58:28.931  1225  1225 I vendor.zebra.hardware.health@1.0-service: getZebraHealthInfo
04-21 14:58:28.934  1426  2204 D BatteryService: Processing new values: info=android.hardware.health.HealthInfo@d2e5bad, mBatteryLevelCritical=false, mPlugType=2
04-21 14:58:28.936  1426  2204 I BatteryService: File node value is 250
04-21 14:58:28.936  1426  2204 E BatteryService: healthInfoTemp is within the range (250)
04-21 14:58:29.101  3380  3984 I bash    : (REDACTED) getHotwordActive::active query: %s, watch: %s, devices connected: %s
04-21 14:58:29.371 13965 13965 D IntentAPIManager: onReceive(..):android.app.ContextImpl@f70d300,Intent { act=com.symbol.datawedge.api.ACTION flg=0x10 (has extras) }
04-21 14:58:29.618  1426  1426 D FusionRssiPolling: updateLinkLayerStatsRssiSpeedFrequencyCapabilities rssi=-40 TxLinkspeed=573 freq=5500 RxLinkSpeed=516
04-21 14:58:29.687 14747 14811 D IRFIDError: RFIDPROTOAscii: GetStatus: RFID_API_COMMAND_TIMEOUTConnect size 0
04-21 14:58:29.733  3286 15509 I .gms.persistent: Explicit concurrent copying GC freed 67377(2828KB) AllocSpace objects, 2(40KB) LOS objects, 24% free, 17MB/22MB, paused 182us,36us total 124.058ms
04-21 14:58:29.871  1426 14464 E ActivityManager: Sending non-protected broadcast com.symbol.datawedge.api.ACTION from system 3472:com.zebra.rfid.rwdemo/u0a67 pkg com.zebra.rfid.rwdemo
04-21 14:58:29.871  1426 14464 E ActivityManager: java.lang.Throwable
04-21 14:58:29.871  1426 14464 E ActivityManager: 	at com.android.server.am.ActivityManagerService.checkBroadcastFromSystem(ActivityManagerService.java:14462)
04-21 14:58:29.871  1426 14464 E ActivityManager: 	at com.android.server.am.ActivityManagerService.broadcastIntentLockedTraced(ActivityManagerService.java:15303)
04-21 14:58:29.871  1426 14464 E ActivityManager: 	at com.android.server.am.ActivityManagerService.broadcastIntentLocked(ActivityManagerService.java:14526)
04-21 14:58:29.871  1426 14464 E ActivityManager: 	at com.android.server.am.ActivityManagerService.broadcastIntentWithFeature(ActivityManagerService.java:15508)
04-21 14:58:29.871  1426 14464 E ActivityManager: 	at android.app.IActivityManager$Stub.onTransact(IActivityManager.java:2660)
04-21 14:58:29.871  1426 14464 E ActivityManager: 	at com.android.server.am.ActivityManagerService.onTransact(ActivityManagerService.java:2758)
04-21 14:58:29.871  1426 14464 E ActivityManager: 	at android.os.Binder.execTransactInternal(Binder.java:1339)
04-21 14:58:29.871  1426 14464 E ActivityManager: 	at android.os.Binder.execTransact(Binder.java:1275)
04-21 14:58:30.375 13965 13965 D IntentAPIManager: onReceive(..):android.app.ContextImpl@f70d300,Intent { act=com.symbol.datawedge.api.ACTION flg=0x10 (has extras) }
04-21 14:58:30.409  1426 12150 D ActivityManager: com.google.android.gms is skipped freeze by freezeAppAsyncInternalLSP
04-21 14:58:30.410  1426 12150 D ActivityManager: com.google.android.gms is skipped freeze by freezeAppAsyncInternalLSP
04-21 14:58:30.875  1426 12150 E ActivityManager: Sending non-protected broadcast com.symbol.datawedge.api.ACTION from system 3472:com.zebra.rfid.rwdemo/u0a67 pkg com.zebra.rfid.rwdemo
04-21 14:58:30.875  1426 12150 E ActivityManager: java.lang.Throwable
04-21 14:58:30.875  1426 12150 E ActivityManager: 	at com.android.server.am.ActivityManagerService.checkBroadcastFromSystem(ActivityManagerService.java:14462)
04-21 14:58:30.875  1426 12150 E ActivityManager: 	at com.android.server.am.ActivityManagerService.broadcastIntentLockedTraced(ActivityManagerService.java:15303)
04-21 14:58:30.875  1426 12150 E ActivityManager: 	at com.android.server.am.ActivityManagerService.broadcastIntentLocked(ActivityManagerService.java:14526)
04-21 14:58:30.875  1426 12150 E ActivityManager: 	at com.android.server.am.ActivityManagerService.broadcastIntentWithFeature(ActivityManagerService.java:15508)
04-21 14:58:30.875  1426 12150 E ActivityManager: 	at android.app.IActivityManager$Stub.onTransact(IActivityManager.java:2660)
04-21 14:58:30.875  1426 12150 E ActivityManager: 	at com.android.server.am.ActivityManagerService.onTransact(ActivityManagerService.java:2758)
04-21 14:58:30.875  1426 12150 E ActivityManager: 	at android.os.Binder.execTransactInternal(Binder.java:1339)
04-21 14:58:30.875  1426 12150 E ActivityManager: 	at android.os.Binder.execTransact(Binder.java:1275)
04-21 14:58:31.255  4243  7401 I gle.android.gms: Explicit concurrent copying GC freed 13621(811KB) AllocSpace objects, 2(104KB) LOS objects, 9% free, 18MB/20MB, paused 177us,83us total 205.024ms
04-21 14:58:31.379 13965 13965 D IntentAPIManager: onReceive(..):android.app.ContextImpl@f70d300,Intent { act=com.symbol.datawedge.api.ACTION flg=0x10 (has extras) }
04-21 14:58:31.543  1426  1878 I DisplayPowerController2[0]: BrightnessEvent: disp=0, physDisp=local:4630947082925536386, brt=0.111824684, initBrt=0.19251786, rcmdBrt=0.111824684, preBrt=0.19251786, lux=12.689131, preLux=20.768173, hbmMax=1.0, hbmMode=off, rbcStrength=50, thrmMax=1.0, powerFactor=1.0, wasShortTermModelActive=false, flags=, reason=automatic, autoBrightness=true, strategy=InvalidBrightnessStrategy
04-21 14:58:31.544  1426  1847 D DisplayManagerService: Ignore redundant display event 0/4 to 10160/4836
04-21 14:58:31.544  1426  1847 D DisplayManagerService: Ignore redundant display event 0/4 to 10177/7433
04-21 14:58:31.545  1426  1847 D DisplayManagerService: Ignore redundant display event 0/4 to 10160/4836
04-21 14:58:31.545  1426  1847 D DisplayManagerService: Ignore redundant display event 0/4 to 10177/7433
04-21 14:58:31.545  1426  1847 D DisplayManagerService: Ignore redundant display event 0/4 to 10261/14747
04-21 14:58:31.546  1426  1426 I BrightnessSynchronizer: [147] New Update 0.111824684(f) set brightness values:  30(i)
04-21 14:58:31.546  1426  1426 I BrightnessSynchronizer: New PendingUpdate: {[148] 0.111824684(f), mUpdatedTypes=0, mConfirmedTypes=0, mTimeUpdated=0}, prev=null
04-21 14:58:31.549  1426  1426 I BrightnessSynchronizer: Swallowing update of 30(i) by update: {[147] 0.111824684(f), mUpdatedTypes=1, mConfirmedTypes=1, mTimeUpdated=3384662}
04-21 14:58:31.549  1426  1426 I BrightnessSynchronizer: Completed Update: {[147] 0.111824684(f), mUpdatedTypes=1, mConfirmedTypes=1, mTimeUpdated=3384662}
04-21 14:58:31.879  1426  2726 E ActivityManager: Sending non-protected broadcast com.symbol.datawedge.api.ACTION from system 3472:com.zebra.rfid.rwdemo/u0a67 pkg com.zebra.rfid.rwdemo
04-21 14:58:31.879  1426  2726 E ActivityManager: java.lang.Throwable
04-21 14:58:31.879  1426  2726 E ActivityManager: 	at com.android.server.am.ActivityManagerService.checkBroadcastFromSystem(ActivityManagerService.java:14462)
04-21 14:58:31.879  1426  2726 E ActivityManager: 	at com.android.server.am.ActivityManagerService.broadcastIntentLockedTraced(ActivityManagerService.java:15303)
04-21 14:58:31.879  1426  2726 E ActivityManager: 	at com.android.server.am.ActivityManagerService.broadcastIntentLocked(ActivityManagerService.java:14526)
04-21 14:58:31.879  1426  2726 E ActivityManager: 	at com.android.server.am.ActivityManagerService.broadcastIntentWithFeature(ActivityManagerService.java:15508)
04-21 14:58:31.879  1426  2726 E ActivityManager: 	at android.app.IActivityManager$Stub.onTransact(IActivityManager.java:2660)
04-21 14:58:31.879  1426  2726 E ActivityManager: 	at com.android.server.am.ActivityManagerService.onTransact(ActivityManagerService.java:2758)
04-21 14:58:31.879  1426  2726 E ActivityManager: 	at android.os.Binder.execTransactInternal(Binder.java:1339)
04-21 14:58:31.879  1426  2726 E ActivityManager: 	at android.os.Binder.execTransact(Binder.java:1275)
04-21 14:58:32.049  3096  3096 D vendor.zebra.hardware.rfidserial-service: Entering RfidSerial getPortNames
04-21 14:58:32.049  3096  3096 D vendor.zebra.hardware.rfidserial-service: RFID Interface = 2
04-21 14:58:32.049  3096  3096 D vendor.zebra.hardware.rfidserial-service: RfidSerial getPortNames : inside USB condition
04-21 14:58:32.050  3096  3096 D vendor.zebra.hardware.rfidserial-service: isDeviceSRV = 0
04-21 14:58:32.050  3096  3096 D vendor.zebra.hardware.rfidserial-service: PRODUCT = 5e0/1702/1
04-21 14:58:32.050  3096  3096 D vendor.zebra.hardware.rfidserial-service: Final RFID port name: ttyACM1
04-21 14:58:32.051  3214  9898 D RFIDSerialService: openPort = /dev/ttyACM0
04-21 14:58:32.052  3214  9898 D Serial.Port: Port constructor
04-21 14:58:32.052  3214  9898 D Serial.Port: Close port before open
04-21 14:58:32.052  3214  9898 D app_process64: PortJni: Opening /dev/ttyACM0
04-21 14:58:32.052  3214  9898 D app_process64: PortJni: Open error -1 / 2
04-21 14:58:32.052  3214  9898 D Serial.Port: Error opening serial port.
04-21 14:58:32.055  3214  9898 D Serial.Port: writeData: count 2
04-21 14:58:32.055  3214  9898 E app_process64: PortJni: Failed to retrieve jbyteArray.
04-21 14:58:32.055  3214 14465 D Serial.Port: writeData: count 8
04-21 14:58:32.055  3214  9898 E app_process64: PortJni: Failed to retrieve PrivateData.
04-21 14:58:32.055  3214  9898 D Serial.Port: writeData: retcode false
04-21 14:58:32.055  3214 14465 E app_process64: PortJni: Failed to retrieve jbyteArray.
04-21 14:58:32.055  3214 14465 E app_process64: PortJni: Failed to retrieve PrivateData.
04-21 14:58:32.055  3214 14465 D Serial.Port: writeData: retcode false
04-21 14:58:32.382 13965 13965 D IntentAPIManager: onReceive(..):android.app.ContextImpl@f70d300,Intent { act=com.symbol.datawedge.api.ACTION flg=0x10 (has extras) }
04-21 14:58:32.556  3214 14465 D Serial.Port: writeData: count 2
04-21 14:58:32.557  3214 14465 E app_process64: PortJni: Failed to retrieve jbyteArray.
04-21 14:58:32.557  3214 14465 E app_process64: PortJni: Failed to retrieve PrivateData.
04-21 14:58:32.557  3214 14465 D Serial.Port: writeData: retcode false
04-21 14:58:32.651  1426  1426 D FusionRssiPolling: updateLinkLayerStatsRssiSpeedFrequencyCapabilities rssi=-39 TxLinkspeed=573 freq=5500 RxLinkSpeed=516
04-21 14:58:32.882  1426  2726 E ActivityManager: Sending non-protected broadcast com.symbol.datawedge.api.ACTION from system 3472:com.zebra.rfid.rwdemo/u0a67 pkg com.zebra.rfid.rwdemo
04-21 14:58:32.882  1426  2726 E ActivityManager: java.lang.Throwable
04-21 14:58:32.882  1426  2726 E ActivityManager: 	at com.android.server.am.ActivityManagerService.checkBroadcastFromSystem(ActivityManagerService.java:14462)
04-21 14:58:32.882  1426  2726 E ActivityManager: 	at com.android.server.am.ActivityManagerService.broadcastIntentLockedTraced(ActivityManagerService.java:15303)
04-21 14:58:32.882  1426  2726 E ActivityManager: 	at com.android.server.am.ActivityManagerService.broadcastIntentLocked(ActivityManagerService.java:14526)
04-21 14:58:32.882  1426  2726 E ActivityManager: 	at com.android.server.am.ActivityManagerService.broadcastIntentWithFeature(ActivityManagerService.java:15508)
04-21 14:58:32.882  1426  2726 E ActivityManager: 	at android.app.IActivityManager$Stub.onTransact(IActivityManager.java:2660)
04-21 14:58:32.882  1426  2726 E ActivityManager: 	at com.android.server.am.ActivityManagerService.onTransact(ActivityManagerService.java:2758)
04-21 14:58:32.882  1426  2726 E ActivityManager: 	at android.os.Binder.execTransactInternal(Binder.java:1339)
04-21 14:58:32.882  1426  2726 E ActivityManager: 	at android.os.Binder.execTransact(Binder.java:1275)
04-21 14:58:33.058  3214 14465 D Serial.Port: writeData: count 2
04-21 14:58:33.059  3214 14465 E app_process64: PortJni: Failed to retrieve jbyteArray.
04-21 14:58:33.059  3214 14465 E app_process64: PortJni: Failed to retrieve PrivateData.
04-21 14:58:33.059  3214 14465 D Serial.Port: writeData: retcode false
04-21 14:58:33.193  3096  3096 D vendor.zebra.hardware.rfidserial-service: Entering RfidSerial getPortNames
04-21 14:58:33.193  3096  3096 D vendor.zebra.hardware.rfidserial-service: RFID Interface = 2
04-21 14:58:33.193  3096  3096 D vendor.zebra.hardware.rfidserial-service: RfidSerial getPortNames : inside USB condition
04-21 14:58:33.193  3096  3096 D vendor.zebra.hardware.rfidserial-service: isDeviceSRV = 0
04-21 14:58:33.194  3096  3096 D vendor.zebra.hardware.rfidserial-service: PRODUCT = 5e0/1702/1
04-21 14:58:33.194  3096  3096 D vendor.zebra.hardware.rfidserial-service: Final RFID port name: ttyACM1
04-21 14:58:33.384 13965 13965 D IntentAPIManager: onReceive(..):android.app.ContextImpl@f70d300,Intent { act=com.symbol.datawedge.api.ACTION flg=0x10 (has extras) }
04-21 14:58:33.560  3214 14465 D Serial.Port: writeData: count 2
04-21 14:58:33.561  3214 14465 E app_process64: PortJni: Failed to retrieve jbyteArray.
04-21 14:58:33.561  3214 14465 E app_process64: PortJni: Failed to retrieve PrivateData.
04-21 14:58:33.561  3214 14465 D Serial.Port: writeData: retcode false
04-21 14:58:33.796  1225  1225 I vendor.zebra.hardware.health@1.0-service: getZebraHealthInfo
04-21 14:58:33.799  1426  2204 D BatteryService: Processing new values: info=android.hardware.health.HealthInfo@5ca8a1d, mBatteryLevelCritical=false, mPlugType=2
04-21 14:58:33.801  1426  2204 I BatteryService: File node value is 250
04-21 14:58:33.801  1426  2204 E BatteryService: healthInfoTemp is within the range (250)
04-21 14:58:33.801  1426  2204 D BatteryService: Sending ACTION_BATTERY_CHANGED. scale:100, info:android.hardware.health.HealthInfo@5ca8a1d
04-21 14:58:33.802  1426  2204 E BatteryService: level : 71 / status : 2/Health : 2/Decommission : 0/error status : 0
04-21 14:58:33.806  1426  1426 D BatterySaverStateMachine: on BATTERY_CHANGED: current BatteryLevel: 71
04-21 14:58:33.807  1426  1426 D BatterySaverStateMachine: received  intent action android.intent.action.BATTERY_CHANGED
04-21 14:58:33.810  3882  3882 I BeaconConfigHelper : Not a Battery BLE
04-21 14:58:33.811  7576  7576 D HighTemperatureReceiver: Receive action: android.intent.action.BATTERY_CHANGED
04-21 14:58:33.817  3659  3659 D OSUService: dev-dbg:is_charging current_now 231021, batteryLevel: 71, adapter_charge_limit: 500000, isCharging(isCharging): true
04-21 14:58:33.817  3659  3659 I OSUService: handle_ab_resume -1 3
04-21 14:58:33.827  2120  2120 W PowerUI : mBatteryPresent = true
04-21 14:58:33.828  2120  4918 D PowerUI : can't show warning due to - plugged: true status unknown: false
04-21 14:58:33.886  1426 12150 E ActivityManager: Sending non-protected broadcast com.symbol.datawedge.api.ACTION from system 3472:com.zebra.rfid.rwdemo/u0a67 pkg com.zebra.rfid.rwdemo
04-21 14:58:33.886  1426 12150 E ActivityManager: java.lang.Throwable
04-21 14:58:33.886  1426 12150 E ActivityManager: 	at com.android.server.am.ActivityManagerService.checkBroadcastFromSystem(ActivityManagerService.java:14462)
04-21 14:58:33.886  1426 12150 E ActivityManager: 	at com.android.server.am.ActivityManagerService.broadcastIntentLockedTraced(ActivityManagerService.java:15303)
04-21 14:58:33.886  1426 12150 E ActivityManager: 	at com.android.server.am.ActivityManagerService.broadcastIntentLocked(ActivityManagerService.java:14526)
04-21 14:58:33.886  1426 12150 E ActivityManager: 	at com.android.server.am.ActivityManagerService.broadcastIntentWithFeature(ActivityManagerService.java:15508)
04-21 14:58:33.886  1426 12150 E ActivityManager: 	at android.app.IActivityManager$Stub.onTransact(IActivityManager.java:2660)
04-21 14:58:33.886  1426 12150 E ActivityManager: 	at com.android.server.am.ActivityManagerService.onTransact(ActivityManagerService.java:2758)
04-21 14:58:33.886  1426 12150 E ActivityManager: 	at android.os.Binder.execTransactInternal(Binder.java:1339)
04-21 14:58:33.886  1426 12150 E ActivityManager: 	at android.os.Binder.execTransact(Binder.java:1275)
04-21 14:58:34.054 13965 14009 D IRFIDError: RFIDPROTOAscii: GetStatus: RFID_API_COMMAND_TIMEOUTConnect size 0
04-21 14:58:34.056 13965 15789 E RFIDSerialIOMgr: Receive thread interrupted
04-21 14:58:34.056 13965 15789 E RFIDSerialIOMgr: java.lang.InterruptedException
04-21 14:58:34.056 13965 15789 E RFIDSerialIOMgr: 	at java.lang.Thread.sleep(Native Method)
04-21 14:58:34.056 13965 15789 E RFIDSerialIOMgr: 	at java.lang.Thread.sleep(Thread.java:450)
04-21 14:58:34.056 13965 15789 E RFIDSerialIOMgr: 	at java.lang.Thread.sleep(Thread.java:355)
04-21 14:58:34.056 13965 15789 E RFIDSerialIOMgr: 	at com.zebra.rfid.api3.SerialInputOutputManager.run(SourceFile:71)
04-21 14:58:34.056 13965 15789 E RFIDSerialIOMgr: 	at java.lang.Thread.run(Thread.java:1012)
04-21 14:58:34.056 13965 15789 I RFIDSerialIOMgr: Recieving status mState=STOPPING
04-21 14:58:34.057  3214 14465 D app_process64: PortJni: Closing native_close_filedesc fd = -1
04-21 14:58:34.058  3214 14465 D Serial.Port: Closing serial port.
04-21 14:58:34.058  3214 14465 E app_process64: PortJni: Failed to retrieve jbyteArray.
04-21 14:58:34.058  3214 14465 E app_process64: PortJni: Failed to retrieve PrivateData during close.
04-21 14:58:34.064 13965 14009 I DataWedge-ScannerProxyHandler: #DW-SF# Get Number of Scanners [Start]
04-21 14:58:34.065 13965 14009 I DataWedge-ScannerProxyHandler: #DW-SF# Get Number of Scanners [Finish], Nos: 10
04-21 14:58:34.069 13965 14009 I DataWedge-ScannerProxyHandler: #DW-SF# Get Number of Scanners Returning from cache, Nos: 10
04-21 14:58:34.070 13965 14009 I DataWedge-ScannerProxyHandler: #DW-SF# Get Number of Scanners Returning from cache, Nos: 10
04-21 14:58:34.080 13965 14009 E ymbol.datawedge: Invalid resource ID 0x00000000.
04-21 14:58:34.083 13965 14009 I DataWedge-ScannerProxyHandler: #DW-SF# Get Number of Scanners Returning from cache, Nos: 10
04-21 14:58:34.085 13965 14009 I DataWedge-ScannerProxyHandler: #DW-SF# Get Number of Scanners Returning from cache, Nos: 10
04-21 14:58:34.085 13965 14142 I DataWedge-ScannerProxyHandler: #DW-SF# Open Scanner [Start], Scanner ID: 1
04-21 14:58:34.087 14616 14629 E AuthenticationLib:  [Authentication::verifyCaller] Package VERIFICATION CALLED onClientConnectname : com.symbol.datawedge
04-21 14:58:34.088 14616 14629 E AuthenticationLib: [Authentication::verifyCaller]com.symbol.datawedge ALLOWED
04-21 14:58:34.092 14616 14629 E AuthenticationLib: [Authentication::verifyCaller]com.symbol.datawedge isZebraPrivilegedKeySigned or isPlatformKeySigned 
04-21 14:58:34.094 14616 14649 I ScannerFramework: [Scanner::ScannerOpen] 'ScannerOpen' called, Calling process pid '13965', package name 'com.symbol.datawedge', Scanner type '0'
04-21 14:58:34.095 14616 14649 I ScannerFramework: [Scanner::ScannerOpen] - '0'
04-21 14:58:34.096 14616 14649 I ScannerFramework: [Scanner::GetSupportedParameterDefs] 'GetSupportedParameterDefs' called, Calling process pid '13965', Scanner type '0'
04-21 14:58:34.096 14616 14649 I ScannerFramework: [Scanner::GetSupportedParameterDefs] - 
04-21 14:58:34.134 13965 14142 E ymbol.datawedge: Invalid resource ID 0x00000000.
04-21 14:58:34.137  2833  2833 W ZebraBluetooth: BlePxpService :  --> no outstanding access based client apps registered
04-21 14:58:34.140 13965 14142 E ymbol.datawedge: Invalid resource ID 0x00000000.
04-21 14:58:34.140 13965 14142 E ymbol.datawedge: Invalid resource ID 0x00000000.
04-21 14:58:34.140 13965 14142 E ymbol.datawedge: Invalid resource ID 0x00000000.
04-21 14:58:34.141 13965 14142 E ymbol.datawedge: Invalid resource ID 0x00000000.
04-21 14:58:34.141 13965 14142 E ymbol.datawedge: Invalid resource ID 0x00000000.
04-21 14:58:34.141 13965 14142 E ymbol.datawedge: Invalid resource ID 0x00000000.
04-21 14:58:34.142 13965 14142 E ymbol.datawedge: Invalid resource ID 0x00000000.
04-21 14:58:34.143 13965 14142 E ymbol.datawedge: Invalid resource ID 0x00000000.
04-21 14:58:34.143 13965 14142 E ymbol.datawedge: Invalid resource ID 0x00000000.
04-21 14:58:34.143 13965 14142 E ymbol.datawedge: Invalid resource ID 0x00000000.
04-21 14:58:34.144 13965 14142 E ymbol.datawedge: Invalid resource ID 0x00000000.
04-21 14:58:34.155 13965 14142 E ymbol.datawedge: Invalid resource ID 0x00000000.
04-21 14:58:34.155 13965 14142 E ymbol.datawedge: Invalid resource ID 0x00000000.
04-21 14:58:34.169 14616 14649 I ScannerFramework: [Scanner::GetParameters] 'GetParameters' called, Calling process pid '13965', Scanner type '0'
04-21 14:58:34.169 14616 14649 I ScannerFramework: [Scanner::GetParameters] - 
04-21 14:58:34.170 14616 14649 I ScannerFramework: [Scanner::GetSupportedParameterDefs] 'GetSupportedParameterDefs' called, Calling process pid '13965', Scanner type '0'
04-21 14:58:34.170 14616 14649 I ScannerFramework: [Scanner::GetSupportedParameterDefs] - 
04-21 14:58:34.182 13965 14142 E ymbol.datawedge: Invalid resource ID 0x00000000.
04-21 14:58:34.185 13965 14142 E ymbol.datawedge: Invalid resource ID 0x00000000.
04-21 14:58:34.185 13965 14142 E ymbol.datawedge: Invalid resource ID 0x00000000.
04-21 14:58:34.185 13965 14142 E ymbol.datawedge: Invalid resource ID 0x00000000.
04-21 14:58:34.186 13965 14142 E ymbol.datawedge: Invalid resource ID 0x00000000.
04-21 14:58:34.186 13965 14142 E ymbol.datawedge: Invalid resource ID 0x00000000.
04-21 14:58:34.186 13965 14142 E ymbol.datawedge: Invalid resource ID 0x00000000.
04-21 14:58:34.187 13965 14142 E ymbol.datawedge: Invalid resource ID 0x00000000.
04-21 14:58:34.187 13965 14142 E ymbol.datawedge: Invalid resource ID 0x00000000.
04-21 14:58:34.187 13965 14142 E ymbol.datawedge: Invalid resource ID 0x00000000.
04-21 14:58:34.187 13965 14142 E ymbol.datawedge: Invalid resource ID 0x00000000.
04-21 14:58:34.187 13965 14142 E ymbol.datawedge: Invalid resource ID 0x00000000.
04-21 14:58:34.197 13965 14142 E ymbol.datawedge: Invalid resource ID 0x00000000.
04-21 14:58:34.197 13965 14142 E ymbol.datawedge: Invalid resource ID 0x00000000.
04-21 14:58:34.208 14616 14649 I ScannerFramework: [Scanner::GetParameters] 'GetParameters' called, Calling process pid '13965', Scanner type '0'
04-21 14:58:34.210 14616 14649 I ScannerFramework: [Scanner::GetParameters] - 
04-21 14:58:34.211 14616 14649 I ScannerFramework: [Scanner::IsReadSubmitted] 'IsReadSubmitted' called, Calling process pid '13965', Scanner type '0'
04-21 14:58:34.211 14616 14649 I ScannerFramework: [Scanner::IsReadSubmitted] - '1'
04-21 14:58:34.212 14616 14649 I ScannerFramework: [Scanner::SetParameters] 'SetParameters' called, Calling process pid '13965', Scanner type '0'
04-21 14:58:34.212 14616 14649 I ScannerFramework: [UserScnContext::SetFeedBackParameter] Product model = TC22 
04-21 14:58:34.213 14616 14649 I ScannerFramework: [UserScnContext::SetFeedBackParameter] Product model = TC22 
04-21 14:58:34.214 14616 14649 E ScannerFramework: [ScannerContext::UpdateTimer] Updating No decode timer to 180000 
04-21 14:58:34.214 14616 14649 I ScannerFramework: [UserScnContext::SetFeedBackParameter] Product model = TC22 
04-21 14:58:34.215 14616 14649 I ScannerFramework: [UserScnContext::SetFeedBackParameter] Product model = TC22 
04-21 14:58:34.215 14616 14649 I ScannerFramework: [JNIHelper::IsScanLEDAccessible] entry
04-21 14:58:34.216 14616 14649 I  ##ZDCP## : [HWInfoServiceProviderWrapper] [HWInfoServiceProviderWrapper::getInstance]
04-21 14:58:34.216 13915 13940 W System.err: java.lang.NullPointerException: Attempt to invoke interface method 'boolean com.zebra.batteryswap.IBatterySwap.isBatterySwapInProgress()' on a null object reference
04-21 14:58:34.216 13915 13940 W System.err: 	at com.zebra.batteryswap.BatterySwap.isBatterySwapInProgress(BatterySwap.java:3)
04-21 14:58:34.216 13915 13940 W System.err: 	at com.zebra.hwinfoservice.BatterySwapServiceConnector.isBatterySwapInProgress(BatterySwapServiceConnector.java:5)
04-21 14:58:34.216 13915 13940 W System.err: 	at com.zebra.hwinfoservice.HWInfoServiceImpl.isScanLEDAccessible(HWInfoServiceImpl.java:12)
04-21 14:58:34.216 13915 13940 W System.err: 	at com.zebra.hwinfoservice.IHWInfoService$Stub.onTransact(IHWInfoService.java:57)
04-21 14:58:34.216 13915 13940 W System.err: 	at android.os.Binder.execTransactInternal(Binder.java:1339)
04-21 14:58:34.216 13915 13940 W System.err: 	at android.os.Binder.execTransact(Binder.java:1275)
04-21 14:58:34.217 13915 13940 I  ##ZDCP## : [HWInfoServiceImpl] [HWInfoServiceImpl::isScanLEDAccessible] isBatterySwap in progress=false
04-21 14:58:34.217  1085  1085 D qdlights: athena set_light_scan_locked led mode 0, colorRGB=00000000, onMS=0, offMS=0
04-21 14:58:34.217 14616 14649 I ScannerFramework: [Scanner::SetParameters] - '13965'
04-21 14:58:34.218 14616 14649 I ScannerFramework: [Scanner::GetSupportedParameterDefs] 'GetSupportedParameterDefs' called, Calling process pid '13965', Scanner type '0'
04-21 14:58:34.218 14616 14649 I ScannerFramework: [Scanner::GetSupportedParameterDefs] - 
04-21 14:58:34.229 13965 14142 E ymbol.datawedge: Invalid resource ID 0x00000000.
04-21 14:58:34.232 13965 14142 E ymbol.datawedge: Invalid resource ID 0x00000000.
04-21 14:58:34.232 13965 14142 E ymbol.datawedge: Invalid resource ID 0x00000000.
04-21 14:58:34.232 13965 14142 E ymbol.datawedge: Invalid resource ID 0x00000000.
04-21 14:58:34.232 13965 14142 E ymbol.datawedge: Invalid resource ID 0x00000000.
04-21 14:58:34.232 13965 14142 E ymbol.datawedge: Invalid resource ID 0x00000000.
04-21 14:58:34.233 13965 14142 E ymbol.datawedge: Invalid resource ID 0x00000000.
04-21 14:58:34.233 13965 14142 E ymbol.datawedge: Invalid resource ID 0x00000000.
04-21 14:58:34.234 13965 14142 E ymbol.datawedge: Invalid resource ID 0x00000000.
04-21 14:58:34.234 13965 14142 E ymbol.datawedge: Invalid resource ID 0x00000000.
04-21 14:58:34.234 13965 14142 E ymbol.datawedge: Invalid resource ID 0x00000000.
04-21 14:58:34.234 13965 14142 E ymbol.datawedge: Invalid resource ID 0x00000000.
04-21 14:58:34.243 13965 14142 E ymbol.datawedge: Invalid resource ID 0x00000000.
04-21 14:58:34.243 13965 14142 E ymbol.datawedge: Invalid resource ID 0x00000000.
04-21 14:58:34.253 14616 14649 I ScannerFramework: [Scanner::GetParameters] 'GetParameters' called, Calling process pid '13965', Scanner type '0'
04-21 14:58:34.256 14616 14649 I ScannerFramework: [Scanner::GetParameters] - 
04-21 14:58:34.257 13965 14142 I DataWedge-ScannerProxyHandler: #DW-SF# Open Scanner [Finish]
04-21 14:58:34.257 13965 14009 I DataWedge-ScannerProxyHandler: #DW-SF# Get Supported Resources [Start]
04-21 14:58:34.257 14616 14649 I ScannerFramework: [Scanner::GetSupportedResources] 'GetSupportedResources' called, Calling process pid '13965', Scanner type '0'
04-21 14:58:34.257 14616 14649 I ScannerFramework: [Scanner::GetSupportedResources] - 
04-21 14:58:34.258 13965 14009 I DataWedge-ScannerProxyHandler: #DW-SF# Get Supported Resources [Finish]
04-21 14:58:34.258 13965 14009 I DataWedge-ScannerProxyHandler: #DW-SF# Get Supported Resources Returning from cache, Nos: 4
04-21 14:58:34.258 13965 14009 I DataWedge-ScannerProxyHandler: #DW-SF# Get Supported Resources Returning from cache, Nos: 4
04-21 14:58:34.258 13965 14009 I DataWedge-ScannerProxyHandler: #DW-SF# Get Supported Resources Returning from cache, Nos: 4
04-21 14:58:34.259 13965 14009 I DataWedge-ScannerProxyHandler: #DW-SF# Get Supported Resources Returning from cache, Nos: 4
04-21 14:58:34.261 13965 14009 I DataWedge-ScannerProxyHandler: #DW-SF# Get Number of Scanners Returning from cache, Nos: 10
04-21 14:58:34.266 13965 14009 I DataWedge-ScannerProxyHandler: #DW-SF# Get Number of Scanners Returning from cache, Nos: 10
04-21 14:58:34.270 13965 14009 I DataWedge-ScannerProxyHandler: #DW-SF# Get Number of Scanners Returning from cache, Nos: 10
04-21 14:58:34.273 13965 14009 I DataWedge-ScannerProxyHandler: #DW-SF# Get Number of Scanners Returning from cache, Nos: 10
04-21 14:58:34.285 13965 14009 E ymbol.datawedge: Invalid resource ID 0x00000000.
04-21 14:58:34.289 13965 14142 I DataWedge-ScannerProxyHandler: #DW-SF# Get Default Parameters [Start]
04-21 14:58:34.289 14616 14649 I ScannerFramework: [Scanner::GetSupportedParameterDefs] 'GetSupportedParameterDefs' called, Calling process pid '13965', Scanner type '0'
04-21 14:58:34.289 14616 14649 I ScannerFramework: [Scanner::GetSupportedParameterDefs] - 
04-21 14:58:34.307  7732  7732 D yc.zL   : Received battery event
04-21 14:58:34.307  7732  7732 D yc.zL   : BatteryFactory event action = android.intent.action.BATTERY_CHANGED
04-21 14:58:34.314 13965 14142 E ymbol.datawedge: Invalid resource ID 0x00000000.
04-21 14:58:34.319 13965 14142 E ymbol.datawedge: Invalid resource ID 0x00000000.
04-21 14:58:34.319 13965 14142 E ymbol.datawedge: Invalid resource ID 0x00000000.
04-21 14:58:34.319 13965 14142 E ymbol.datawedge: Invalid resource ID 0x00000000.
04-21 14:58:34.320 13965 14142 E ymbol.datawedge: Invalid resource ID 0x00000000.
04-21 14:58:34.320 13965 14142 E ymbol.datawedge: Invalid resource ID 0x00000000.
04-21 14:58:34.320 13965 14142 E ymbol.datawedge: Invalid resource ID 0x00000000.
04-21 14:58:34.321 13965 14142 E ymbol.datawedge: Invalid resource ID 0x00000000.
04-21 14:58:34.322 13965 14142 E ymbol.datawedge: Invalid resource ID 0x00000000.
04-21 14:58:34.322 13965 14142 E ymbol.datawedge: Invalid resource ID 0x00000000.
04-21 14:58:34.322 13965 14142 E ymbol.datawedge: Invalid resource ID 0x00000000.
04-21 14:58:34.323 13965 14142 E ymbol.datawedge: Invalid resource ID 0x00000000.
04-21 14:58:34.333 13965 14142 E ymbol.datawedge: Invalid resource ID 0x00000000.
04-21 14:58:34.334 13965 14142 E ymbol.datawedge: Invalid resource ID 0x00000000.
04-21 14:58:34.347 14616 14649 I ScannerFramework: [Scanner::GetParameters] 'GetParameters' called, Calling process pid '13965', Scanner type '0'
04-21 14:58:34.347 14616 14649 I ScannerFramework: [Scanner::GetParameters] - 
04-21 14:58:34.348 13965 14142 I DataWedge-ScannerProxyHandler: #DW-SF# Get Default Parameters [Finish]
04-21 14:58:34.353 13965 14142 I DataWedge-ScannerProxyHandler: #DW-SF# Set Parameters [Start]
04-21 14:58:34.353 14616 14649 I ScannerFramework: [Scanner::IsReadSubmitted] 'IsReadSubmitted' called, Calling process pid '13965', Scanner type '0'
04-21 14:58:34.353 14616 14649 I ScannerFramework: [Scanner::IsReadSubmitted] - '1'
04-21 14:58:34.353 14616 14649 I ScannerFramework: [Scanner::SetParameters] 'SetParameters' called, Calling process pid '13965', Scanner type '0'
04-21 14:58:34.354 14616 14649 I ScannerFramework: [UserScnContext::SetFeedBackParameter] Product model = TC22 
04-21 14:58:34.354 14616 14649 I ScannerFramework: [UserScnContext::SetFeedBackParameter] Product model = TC22 
04-21 14:58:34.355 14616 14649 E ScannerFramework: [ScannerContext::UpdateTimer] Updating No decode timer to 180000 
04-21 14:58:34.355 14616 14649 I ScannerFramework: [UserScnContext::SetFeedBackParameter] Product model = TC22 
04-21 14:58:34.355 14616 14649 I ScannerFramework: [UserScnContext::SetFeedBackParameter] Product model = TC22 
04-21 14:58:34.355 14616 14649 I ScannerFramework: [JNIHelper::IsScanLEDAccessible] entry
04-21 14:58:34.355 14616 14649 I  ##ZDCP## : [HWInfoServiceProviderWrapper] [HWInfoServiceProviderWrapper::getInstance]
04-21 14:58:34.356 13915 13940 W System.err: java.lang.NullPointerException: Attempt to invoke interface method 'boolean com.zebra.batteryswap.IBatterySwap.isBatterySwapInProgress()' on a null object reference
04-21 14:58:34.356 13915 13940 W System.err: 	at com.zebra.batteryswap.BatterySwap.isBatterySwapInProgress(BatterySwap.java:3)
04-21 14:58:34.356 13915 13940 W System.err: 	at com.zebra.hwinfoservice.BatterySwapServiceConnector.isBatterySwapInProgress(BatterySwapServiceConnector.java:5)
04-21 14:58:34.356 13915 13940 W System.err: 	at com.zebra.hwinfoservice.HWInfoServiceImpl.isScanLEDAccessible(HWInfoServiceImpl.java:12)
04-21 14:58:34.356 13915 13940 W System.err: 	at com.zebra.hwinfoservice.IHWInfoService$Stub.onTransact(IHWInfoService.java:57)
04-21 14:58:34.356 13915 13940 W System.err: 	at android.os.Binder.execTransactInternal(Binder.java:1339)
04-21 14:58:34.356 13915 13940 W System.err: 	at android.os.Binder.execTransact(Binder.java:1275)
04-21 14:58:34.356 13915 13940 I  ##ZDCP## : [HWInfoServiceImpl] [HWInfoServiceImpl::isScanLEDAccessible] isBatterySwap in progress=false
04-21 14:58:34.356  1085  1085 D qdlights: athena set_light_scan_locked led mode 0, colorRGB=00000000, onMS=0, offMS=0
04-21 14:58:34.356 14616 14649 I ScannerFramework: [Scanner::SetParameters] - '13965'
04-21 14:58:34.357 14616 14649 I ScannerFramework: [Scanner::GetSupportedParameterDefs] 'GetSupportedParameterDefs' called, Calling process pid '13965', Scanner type '0'
04-21 14:58:34.357 14616 14649 I ScannerFramework: [Scanner::GetSupportedParameterDefs] - 
04-21 14:58:34.370 13965 14142 E ymbol.datawedge: Invalid resource ID 0x00000000.
04-21 14:58:34.373 13965 14142 E ymbol.datawedge: Invalid resource ID 0x00000000.
04-21 14:58:34.373 13965 14142 E ymbol.datawedge: Invalid resource ID 0x00000000.
04-21 14:58:34.373 13965 14142 E ymbol.datawedge: Invalid resource ID 0x00000000.
04-21 14:58:34.373 13965 14142 E ymbol.datawedge: Invalid resource ID 0x00000000.
04-21 14:58:34.373 13965 14142 E ymbol.datawedge: Invalid resource ID 0x00000000.
04-21 14:58:34.374 13965 14142 E ymbol.datawedge: Invalid resource ID 0x00000000.
04-21 14:58:34.374 13965 14142 E ymbol.datawedge: Invalid resource ID 0x00000000.
04-21 14:58:34.375 13965 14142 E ymbol.datawedge: Invalid resource ID 0x00000000.
04-21 14:58:34.375 13965 14142 E ymbol.datawedge: Invalid resource ID 0x00000000.
04-21 14:58:34.375 13965 14142 E ymbol.datawedge: Invalid resource ID 0x00000000.
04-21 14:58:34.375 13965 14142 E ymbol.datawedge: Invalid resource ID 0x00000000.
04-21 14:58:34.383 13965 14142 E ymbol.datawedge: Invalid resource ID 0x00000000.
04-21 14:58:34.383 13965 14142 E ymbol.datawedge: Invalid resource ID 0x00000000.
04-21 14:58:34.390 13965 13965 D IntentAPIManager: onReceive(..):android.app.ContextImpl@f70d300,Intent { act=com.symbol.datawedge.api.ACTION flg=0x10 (has extras) }
04-21 14:58:34.395 14616 14649 I ScannerFramework: [Scanner::GetParameters] 'GetParameters' called, Calling process pid '13965', Scanner type '0'
04-21 14:58:34.398 14616 14649 I ScannerFramework: [Scanner::GetParameters] - 
04-21 14:58:34.399 13965 14142 I DataWedge-ScannerProxyHandler: #DW-SF# Set Parameters [Finish]
04-21 14:58:34.455 13965 14142 I DataWedge-ScannerProxyHandler: #DW-SF# Enable Scanner [Start]
04-21 14:58:34.456 14616 14634 I ScannerFramework: [Scanner::IsScannerConnected] 'IsScannerConnected' called, Calling process pid '13965', Scanner type '0'
04-21 14:58:34.457 14616 14634 I ScannerFramework: [Scanner::IsScannerConnected] - '1'
04-21 14:58:34.457 14616 14634 I ScannerFramework: [3387:573][Scanner::ScannerEnable] 'ScannerEnable' called, Calling process pid '13965', Scanner type '0'
04-21 14:58:34.457 14616 14634 E ScannerFramework: [UndecodedImagerHandler::Enable] AKB scannertype 0
04-21 14:58:34.464 14616 14634 I ScannerFramework: [ImagerHIDLProxy::associateImagerHIDL] Acquired IImager HIDL interface.
04-21 14:58:34.466 14616 14634 I ScannerFramework: [ImagerControlHIDLProxy::associateImagerControlHIDL] Acquired IImagerControl HIDL interface.
04-21 14:58:34.466 14529 14593 I ScannerFramework-HIDL: Imager::OpenImager+
04-21 14:58:34.496 14529 14593 I ScannerFramework-HIDL: [ImagerNode::resolveV4L2ImagerNode] V4L2 Camera device Node for QC6490: ImagerNode=/dev/video55 mHandle=0
04-21 14:58:34.496 14529 14593 I ScannerFramework-HIDL: [ImagerNode::openImagerNode] Opened Imager Node (Power On). imagerHandle = 0
04-21 14:58:34.496 14529 14593 I ScannerFramework-HIDL: [ImagerNode::openImagerNode] mRefCount=1 at the end of OpenImagerNode()
04-21 14:58:34.496 14529 14593 I ScannerFramework-HIDL: Imager::OpenImager-
04-21 14:58:34.497 14529 14593 I ScannerFramework-HIDL: Imager::GetEngineID ScannerID = 128 
04-21 14:58:34.497 14616 14634 I ScannerFramework: [ImagerControlHIDLProxy::associateImagerControlHIDL] Acquired IImagerControlHIDL interface.
04-21 14:58:34.498 14616 14634 I ScannerFramework: [Imager::InitImainitImagerAdapterClientgerAdapterClient] Interface Type is val=0 , name=V4L2 Interface
04-21 14:58:34.504 14616 14634 I ScannerFramework: [ImagerHIDLProxy::associateImagerHIDL] Acquired IImager HIDL interface.
04-21 14:58:34.507 14616 14634 I ScannerFramework: [V4L2ImagerAdapterHIDLProxy::associateImagerAdapterHIDL] Acquired IImager HIDL interface.
04-21 14:58:34.507 14529 14593 I ScannerFramework-HIDL: Imager::OpenImager+
04-21 14:58:34.507 14529 14593 I ScannerFramework-HIDL: [ImagerNode::openImagerNode] mRefCount = 1 and ImagerHandle = 0
04-21 14:58:34.507 14529 14593 I ScannerFramework-HIDL: [ImagerNode::openImagerNode] mRefCount=2 at the end of OpenImagerNode()
04-21 14:58:34.507 14529 14593 I ScannerFramework-HIDL: Imager::OpenImager-
04-21 14:58:34.508 14616 14634 I ScannerFramework: [V4L2ImagerAdapterHIDLProxy::associateImagerAdapterHIDL] Acquired IImagerAdapter HIDL interface.
04-21 14:58:34.514 14616 14634 I ScannerFramework: [ImagerComponentIndex::AddImagerModule] Adding platform module 'ImagerControl' with Tag '0'
04-21 14:58:34.514 14616 14634 I ScannerFramework: [ImagerComponentIndex::AddImagerModule] Adding platform module 'SE2100Control' with Tag '0'
04-21 14:58:34.514 14616 14634 I ScannerFramework: [ImagerComponentIndex::AddImagerModule] Adding platform module 'SE4100Control' with Tag '0'
04-21 14:58:34.514 14616 14634 I ScannerFramework: [ImagerComponentIndex::AddImagerModule] Adding platform module 'SE4500Control' with Tag '0'
04-21 14:58:34.514 14616 14634 I ScannerFramework: [ImagerComponentIndex::AddImagerModule] Adding platform module 'SE4710Control' with Tag '0'
04-21 14:58:34.514 14616 14634 I ScannerFramework: [ImagerComponentIndex::AddImagerModule] Adding platform module 'SE4720Control' with Tag '0'
04-21 14:58:34.514 14616 14634 I ScannerFramework: [ImagerComponentIndex::AddImagerModule] Adding platform module 'SE4730Control' with Tag '0'
04-21 14:58:34.514 14616 14634 I ScannerFramework: [ImagerComponentIndex::AddImagerModule] Adding platform module 'SE4750Control' with Tag '0'
04-21 14:58:34.514 14616 14634 I ScannerFramework: [ImagerComponentIndex::AddImagerModule] Adding platform module 'SE4750DPControl' with Tag '0'
04-21 14:58:34.514 14616 14634 I ScannerFramework: [ImagerComponentIndex::AddImagerModule] Adding platform module 'SE4770Control' with Tag '0'
04-21 14:58:34.514 14616 14634 I ScannerFramework: [ImagerComponentIndex::AddImagerModule] Adding platform module 'SE4780Control' with Tag '0'
04-21 14:58:34.515 14616 14634 I ScannerFramework: [ImagerComponentIndex::AddImagerModule] Adding platform module 'SE4790Control' with Tag '0'
04-21 14:58:34.515 14616 14634 I ScannerFramework: [ImagerComponentIndex::AddImagerModule] Adding platform module 'SE4850Control' with Tag '0'
04-21 14:58:34.515 14616 14634 I ScannerFramework: [ImagerComponentIndex::AddImagerModule] Adding platform module 'SE5500Control' with Tag '0'
04-21 14:58:34.515 14616 14634 I ScannerFramework: [ImagerComponentIndex::AddImagerModule] Adding platform module 'SE5600ColorControl' with Tag '0'
04-21 14:58:34.515 14616 14634 I ScannerFramework: [ImagerComponentIndex::AddImagerModule] Adding platform module 'SE5600Control' with Tag '0'
04-21 14:58:34.515 14616 14634 I ScannerFramework: [ImagerComponentIndex::AddImagerModule] Adding platform module 'SE5800Control' with Tag '0'
04-21 14:58:34.515 14616 14634 E LoglevelManager: [InitLogLevel::InitLogLevel] Log level XML - 5
04-21 14:58:34.516 14616 14634 I ScannerFramework: ImagerControlProxy::loadImagerControl] Loaded libimagercontrol.so!!
04-21 14:58:34.516 14616 14634 I ScannerFramework: [ImagerControl::SetControlCommandSenderInterface] set Control Command Sender Interface
04-21 14:58:34.516 14616 14634 I ScannerFramework: [ImagerControlProxy::ScanningInit]controlclassName = SE4710Control , engineName = se4710
04-21 14:58:34.536 14616 14634 I ScannerFramework: [ImagerControl::setInitParameters] getSerialNumber : 251103008000J  , getMFGDate : 03NOV25, getBootloaderVersion : BAACDS00-001-R01, getHWModelNumber : 204710-LM010R    
04-21 14:58:34.543 14616 14634 E ScannerFramework: [ImagerControl::setInitParameters] ORIENTATION command SUCCESS
04-21 14:58:34.551 14616 14634 I ScannerFramework: [ImagerControl::setBrightness] default level is 10, set to 10
04-21 14:58:34.594 14616 14634 I ScannerFramework: [ImagerControlHIDLProxy::configureSettleCount]
