04-21 14:58:34.594 14529 14593 D ScannerFramework-HIDL: [V4L2ImagerInterfaceType::ConfigureSettleCount
04-21 14:58:34.594 14529 14593 D ScannerFramework-HIDL: [V4L2ImagerInterfaceType::configureSettleCount]IOCTL function pass
04-21 14:58:34.600 14616 14634 I ScannerFramework: [V4L2ImagerAdapterClient::InitAdapter]adapterClass = ImagerAdapter 
04-21 14:58:34.600 14616 14634 I ScannerFramework: [V4L2ImagerAdapterHIDLProxy::Init]adapterClass = ImagerAdapter 
04-21 14:58:34.603 14529 14593 I ScannerFramework: [ComponentIndex::AddPlatformModule] Adding platform module 'ImagerAdapter' with Tag '3'
04-21 14:58:34.603 14529 14593 I ScannerFramework: [ComponentIndex::AddPlatformModule] Adding platform module 'SE2100ImagerAdapter' with Tag '3'
04-21 14:58:34.598 14529 14529 W HwBinder:14529_: type=1400 audit(0.0:385): avc:  denied  { read } for  name="enterprise" dev="dm-5" ino=23 scontext=u:r:hal_dchwmanager_hwservice:s0 tcontext=u:object_r:media_rw_data_file:s0 tclass=lnk_file permissive=0
04-21 14:58:34.603 14529 14593 E LoglevelManager: [InitLogLevel::InitLogLevel] Log level XML - 5
04-21 14:58:34.604 14529 14593 D ScannerFramework-HIDL: [ImagerAdapterHIDL::openHAL] Loaded adapter 'ImagerAdapter'
04-21 14:58:34.604 14529 14593 I ScannerFramework: [ImagerAdapter::privInitializer] v4lSetFormat V4L2_PIX_FMT_GREY
04-21 14:58:34.604 14529 14593 I ScannerFramework: [ImagerAdapter::v4lInitMmap] ION supported
04-21 14:58:34.604 14529 14593 I ScannerFramework: [ImagerAdapter::v4lInitMmap] ION supported
04-21 14:58:34.604 14529 14593 I ScannerFramework: [ImagerAdapter::v4lInitMmap] ION supported
04-21 14:58:34.605 14529 14593 I ScannerFramework: [ImagerAdapter::v4lInitMmap] ION supported
04-21 14:58:34.605 14529 14593 I ScannerFramework: [ImagerAdapter::v4lInitMmap] ION supported
04-21 14:58:34.605 14529 14593 I ScannerFramework: [ImagerAdapter::v4lInitMmap] ION supported
04-21 14:58:34.605 14529 14593 I ScannerFramework: [ImagerAdapter::v4lInitMmap] ION supported
04-21 14:58:34.605 14529 14593 I ScannerFramework: [ImagerAdapter::v4lInitMmap] ION supported
04-21 14:58:34.606 14616 14634 I ScannerFramework: [SupportedScannerInfo::IsMirroredAndFlipped] ScannerName=se4710_cam_builtin has orientation = 0
04-21 14:58:34.606 14616 14634 I ScannerFramework: [SupportedScannerInfo::IsMirroredAndFlipped] ScannerName=se4710_cam_builtin has orientation = 0
04-21 14:58:34.606 14616 14634 I ScannerFramework: [Imager::enableImager] Setting Orientation to NO_MIRROR_NO_FLIP 
04-21 14:58:34.607 14616 14634 I ScannerFramework: [SupportedScannerInfo::IsMirroredAndFlipped] ScannerName=se4710_cam_builtin has orientation = 0
04-21 14:58:34.607 14616 14634 I ScannerFramework: [SupportedScannerInfo::IsMirroredAndFlipped] ScannerName=se4710_cam_builtin has orientation = 0
04-21 14:58:34.608 14616 14634 I ScannerFramework: [V4L2ImagerAdapterHIDLProxy::Enable] Transport is registerd
04-21 14:58:34.609 14616 14634 I ScannerFramework: IMGKIT [ImgKitCWrapper::Init] NativeSymbolSecurity Library Version is 2.2
04-21 14:58:34.609 14616 14634 E AsymmetricDecrypt: ZIS_BINARY VERSION: 2.2
04-21 14:58:34.610 14616 14634 E AsymmetricDecrypt: ZIS: calling verifyZISKey...
04-21 14:58:34.617 14616 14634 E AsymmetricDecrypt: ZIS: decrypted_txt: ZebraTechnologies|Zebra|2a6c4a
04-21 14:58:34.617 14616 14634 E AsymmetricDecrypt: 
04-21 14:58:34.618 14616 14634 E AsymmetricDecrypt: ZIS auth success
04-21 14:58:34.618 14616 14634 I imgdec  : OCRVersionString 1.6.5.26
04-21 14:58:34.618 14616 14634 I imgdec  : DecOpen ImgKit IMGKIT_10.02T01.22
04-21 14:58:34.626 14616 14634 I ScannerFramework: [StateMachine::MoveState] Transition from state 'Disabled' to 'Enabled' for pid -1
04-21 14:58:34.626 14616 14634 I ScannerFramework: [StateMachine::MoveState] Transition from state 'Disabled' to 'Enabled' for pid 13965
04-21 14:58:34.627 13965 13985 I DWScanner: #DW-SF# Scan status changed from SCAN_STATUS_IDLE to SCAN_STATUS_ENABLED
04-21 14:58:34.627 14616 14634 I ScannerFramework: [Scanner::ScannerEnable] - '0'
04-21 14:58:34.628 13965 13985 D DWScanner: #DW-SNAPI# isSNAPIModeSupported: false
04-21 14:58:34.629 13965 14142 I DataWedge-ScannerProxyHandler: #DW-SF# Enable Scanner [Finish]
04-21 14:58:34.629 13965 14142 I DataWedge-ScannerProxyHandler: #DW-SF# Submit Read with callback EX [Start]
04-21 14:58:34.629 14616 14634 I ScannerFramework: [Scanner::IsReadSubmitted] 'IsReadSubmitted' called, Calling process pid '13965', Scanner type '0'
04-21 14:58:34.629 14616 14634 I ScannerFramework: [Scanner::IsReadSubmitted] - '1'
04-21 14:58:34.629 14616 14649 I ScannerFramework: [Scanner::ReadSubmitEx] 'ReadSubmitEx' called, Calling process pid '13965', Scanner type '0'
04-21 14:58:34.630 14616 14649 E ScannerFramework: [ImagerContext::SetParam] Aim_type param value=0
04-21 14:58:34.630 14616 14649 E ScannerFramework: [ImagerContext::SetParam] Aim_type param value=0
04-21 14:58:34.630 14616 14649 E ScannerFramework: [ImagerContext::SetParam] Aim_type param value=0
04-21 14:58:34.631 14616 14649 E ScannerFramework: [ImagerContext::SetParam] Aim_type param value=0
04-21 14:58:34.631 14616 14649 E ScannerFramework: [ImagerContext::SetParam] Aim_type param value=0
04-21 14:58:34.631 14616 14649 E ScannerFramework: [ImagerContext::SetParam] Aim_type param value=0
04-21 14:58:34.632 14616 14649 E ScannerFramework: [ImagerContext::SetParam] Aim_type param value=0
04-21 14:58:34.632 14616 14649 E ScannerFramework: [ImagerContext::SetParam] Aim_type param value=0
04-21 14:58:34.632 14616 14649 E ScannerFramework: [ImagerContext::SetParam] Aim_type param value=0
04-21 14:58:34.632 14616 14649 E ScannerFramework: [ImagerContext::SetParam] Aim_type param value=0
04-21 14:58:34.632 14616 14649 E ScannerFramework: [ImagerContext::SetParam] Aim_type param value=0
04-21 14:58:34.633 14616 14649 E ScannerFramework: [ImagerContext::SetParam] Aim_type param value=0
04-21 14:58:34.633 14616 14649 E ScannerFramework: [ImagerContext::SetParam] Aim_type param value=0
04-21 14:58:34.633 14616 14649 E ScannerFramework: [ImagerContext::SetParam] Aim_type param value=0
04-21 14:58:34.633 14616 14649 E ScannerFramework: [ImagerContext::SetParam] Aim_type param value=0
04-21 14:58:34.634 13965 14009 I DataWedge-ScannerProxyHandler: #DW-SF# Get Number of Scanners [Start]
04-21 14:58:34.634 14616 14649 E ScannerFramework: [ImagerContext::SetParam] Aim_type param value=0
04-21 14:58:34.634 14616 14649 E ScannerFramework: [ImagerContext::SetParam] Aim_type param value=0
04-21 14:58:34.634 14616 14649 E ScannerFramework: [ImagerContext::SetParam] Aim_type param value=0
04-21 14:58:34.634 13965 14009 I DataWedge-ScannerProxyHandler: #DW-SF# Get Number of Scanners [Finish], Nos: 10
04-21 14:58:34.634 14616 14649 E ScannerFramework: [ImagerContext::SetParam] Aim_type param value=0
04-21 14:58:34.634 14616 14649 E ScannerFramework: [ImagerContext::SetParam] Aim_type param value=0
04-21 14:58:34.635 14616 14649 E ScannerFramework: [ImagerContext::SetParam] Aim_type param value=0
04-21 14:58:34.635 14616 14649 E ScannerFramework: [ImagerContext::SetParam] Aim_type param value=0
04-21 14:58:34.635 14616 14649 E ScannerFramework: [ImagerContext::SetParam] Aim_type param value=0
04-21 14:58:34.635 14616 14649 E ScannerFramework: [ImagerContext::SetParam] Aim_type param value=0
04-21 14:58:34.636 14616 14649 E ScannerFramework: [ImagerContext::SetParam] Aim_type param value=0
04-21 14:58:34.636 14616 14649 E ScannerFramework: [ImagerContext::SetParam] Aim_type param value=0
04-21 14:58:34.636 14616 14649 E ScannerFramework: [ImagerContext::SetParam] Aim_type param value=0
04-21 14:58:34.636 14616 14649 E ScannerFramework: [ImagerContext::SetParam] Aim_type param value=0
04-21 14:58:34.637 14616 14649 E ScannerFramework: [ImagerContext::SetParam] Aim_type param value=0
04-21 14:58:34.637 14616 14649 E ScannerFramework: [ImagerContext::SetParam] Aim_type param value=0
04-21 14:58:34.637 14616 14649 E ScannerFramework: [ImagerContext::SetParam] Aim_type param value=0
04-21 14:58:34.637 14616 14649 E ScannerFramework: [ImagerContext::SetParam] Aim_type param value=0
04-21 14:58:34.637 14616 14649 E ScannerFramework: [ImagerContext::SetParam] Aim_type param value=0
04-21 14:58:34.638 13965 14009 I DataWedge-ScannerProxyHandler: #DW-SF# Get Number of Scanners Returning from cache, Nos: 10
04-21 14:58:34.639 14616 14649 E ScannerFramework: [ImagerContext::SetParam] Aim_type param value=0
04-21 14:58:34.639 14616 14649 E ScannerFramework: [ImagerContext::SetParam] Aim_type param value=0
04-21 14:58:34.639 14616 14649 E ScannerFramework: [ImagerContext::SetParam] Aim_type param value=0
04-21 14:58:34.640 14616 14649 E ScannerFramework: [ImagerContext::SetParam] Aim_type param value=0
04-21 14:58:34.640 14616 14649 E ScannerFramework: [ImagerContext::SetParam] Aim_type param value=0
04-21 14:58:34.641 14616 14649 E ScannerFramework: [ImagerContext::SetParam] Aim_type param value=0
04-21 14:58:34.641 14616 14649 E ScannerFramework: [ImagerContext::SetParam] Aim_type param value=0
04-21 14:58:34.641 14616 14649 E ScannerFramework: [ImagerContext::SetParam] Aim_type param value=0
04-21 14:58:34.642 14616 14649 E ScannerFramework: [ImagerContext::SetParam] Aim_type param value=0
04-21 14:58:34.642 14616 14649 E ScannerFramework: [ImagerContext::SetParam] Aim_type param value=0
04-21 14:58:34.644 14616 14649 I ScannerFramework: [StateMachine::MoveState] Transition from state 'Enabled' to 'ReadSubmitted' for pid -1
04-21 14:58:34.644 14616 14649 I ScannerFramework: [StateMachine::MoveState] Transition from state 'Enabled' to 'ReadSubmitted' for pid 13965
04-21 14:58:34.644 14616 14649 I ScannerFramework: [FeedbackLoader::Readsubmit] Readsubmit SW Audio resources
04-21 14:58:34.644 14616 14649 I ScannerFramework: [OboeAudioFeedback::ReadSubmit] Re init
04-21 14:58:34.644 14616 14649 I ScannerFramework: [AudioFormatConverter::LoadFile] Audio file name decode-short.ogg
04-21 14:58:34.648 13965 14009 E ymbol.datawedge: Invalid resource ID 0x00000000.
04-21 14:58:34.648  1492  2208 I MMParserExtractor: Created(0xb4000078b5c8d970)
04-21 14:58:34.649  1492  2208 E MM_OSAL : FileSource::FileSource
04-21 14:58:34.649  1492  2208 E MM_OSAL : FileSource::FileSource m_bEveryThingOK 1
04-21 14:58:34.649 13965 14009 I DataWedge-ScannerProxyHandler: #DW-SF# Get Supported Resources Returning from cache, Nos: 4
04-21 14:58:34.650 13965 14009 I DataWedge-ScannerProxyHandler: #DW-SF# Get Supported Resources Returning from cache, Nos: 4
04-21 14:58:34.650 13965 14009 I DataWedge-ScannerProxyHandler: #DW-SF# Get Supported Resources Returning from cache, Nos: 4
04-21 14:58:34.650 13965 14009 I DataWedge-ScannerProxyHandler: #DW-SF# Get Supported Resources Returning from cache, Nos: 4
04-21 14:58:34.650 13965 14009 I DataWedge-ScannerProxyHandler: #DW-SF# Get Supported Resources Returning from cache, Nos: 4
04-21 14:58:34.650 13965 14009 D WorkFlow-Plugin: #DCVision# Barcode tracking: Barcode input enabled: true
04-21 14:58:34.650 13965 14009 D WorkFlow-Plugin: #DCVision# Barcode tracking: Barcode input tracking enabled: false
04-21 14:58:34.650 13965 14009 D WorkFlow-Plugin: #DCVision# loadParams took 21
04-21 14:58:34.651 14616 14649 I ScannerFramework: [AudioFormatConverter::decode] Number of tracks: 1
04-21 14:58:34.653 14616 14649 D MediaCodecList: codecHandlesFormat: no format, so no extra checks
04-21 14:58:34.653 13965 14009 D ScanningProfile: #DWProfile# Enable profile RWDemo [Finish] took 11652 ms
04-21 14:58:34.653 13965 14009 I ActivityTracker: #DW# handle new activity: [FINISH]
04-21 14:58:34.654 13965 14007 I APIQueryManager: #DW-API# queryActiveProfile [Start]
04-21 14:58:34.654 13965 14007 I APIQueryManager: #DW-API# queryActiveProfile [Finish]
04-21 14:58:34.654 13965 14007 D BroadcastHelper: Sending broadcast to handler com.symbol.datawedge.api.RESULT_ACTION
04-21 14:58:34.654 13965 14141 D BroadcastHelper: Sending broadcast intent com.symbol.datawedge.api.RESULT_ACTION
04-21 14:58:34.654 13965 14141 D DWHelper: getHelper
04-21 14:58:34.654 13965 14007 I APIQueryManager: #DW-API# queryActiveProfile [Start]
04-21 14:58:34.654 13965 14007 I APIQueryManager: #DW-API# queryActiveProfile [Finish]
04-21 14:58:34.654 13965 14007 D BroadcastHelper: Sending broadcast to handler com.symbol.datawedge.api.RESULT_ACTION
04-21 14:58:34.655 13965 14007 I APIQueryManager: #DW-API# queryActiveProfile [Start]
04-21 14:58:34.655 13965 14007 I APIQueryManager: #DW-API# queryActiveProfile [Finish]
04-21 14:58:34.655  1495  2191 W ServiceManagerCppClient: Permission failure: android.permission.MEDIA_RESOURCE_OVERRIDE_PID from uid=10102 pid=14616
04-21 14:58:34.655 13965 14007 D BroadcastHelper: Sending broadcast to handler com.symbol.datawedge.api.RESULT_ACTION
04-21 14:58:34.655  1495  2191 W ResourceManagerService: reclaimResourcesFromClientsPendingRemoval called with untrusted pid 13965, using calling pid 14616
04-21 14:58:34.655 13965 14007 I APIQueryManager: #DW-API# queryActiveProfile [Start]
04-21 14:58:34.655 13965 14007 I APIQueryManager: #DW-API# queryActiveProfile [Finish]
04-21 14:58:34.655 13965 14007 D BroadcastHelper: Sending broadcast to handler com.symbol.datawedge.api.RESULT_ACTION
04-21 14:58:34.656 13965 14007 I APIQueryManager: #DW-API# queryActiveProfile [Start]
04-21 14:58:34.656 13965 14007 I APIQueryManager: #DW-API# queryActiveProfile [Finish]
04-21 14:58:34.656 13965 14007 D BroadcastHelper: Sending broadcast to handler com.symbol.datawedge.api.RESULT_ACTION
04-21 14:58:34.656 13965 14007 I APIQueryManager: #DW-API# queryActiveProfile [Start]
04-21 14:58:34.656 13965 14007 I APIQueryManager: #DW-API# queryActiveProfile [Finish]
04-21 14:58:34.656 13965 14007 D BroadcastHelper: Sending broadcast to handler com.symbol.datawedge.api.RESULT_ACTION
04-21 14:58:34.656 13965 14007 I APIQueryManager: #DW-API# queryActiveProfile [Start]
04-21 14:58:34.656 13965 14007 I APIQueryManager: #DW-API# queryActiveProfile [Finish]
04-21 14:58:34.656 13965 14007 D BroadcastHelper: Sending broadcast to handler com.symbol.datawedge.api.RESULT_ACTION
04-21 14:58:34.657 14616 15822 D CCodec  : allocate(c2.android.vorbis.decoder)
04-21 14:58:34.657 13965 14007 I APIQueryManager: #DW-API# queryActiveProfile [Start]
04-21 14:58:34.657 13965 14007 I APIQueryManager: #DW-API# queryActiveProfile [Finish]
04-21 14:58:34.657 13965 14007 D BroadcastHelper: Sending broadcast to handler com.symbol.datawedge.api.RESULT_ACTION
04-21 14:58:34.657 13965 14007 I APIQueryManager: #DW-API# queryActiveProfile [Start]
04-21 14:58:34.657 13965 14007 I APIQueryManager: #DW-API# queryActiveProfile [Finish]
04-21 14:58:34.657 13965 14007 D BroadcastHelper: Sending broadcast to handler com.symbol.datawedge.api.RESULT_ACTION
04-21 14:58:34.657 13965 14007 I APIQueryManager: #DW-API# queryActiveProfile [Start]
04-21 14:58:34.657 13965 14007 I APIQueryManager: #DW-API# queryActiveProfile [Finish]
04-21 14:58:34.658 13965 14007 D BroadcastHelper: Sending broadcast to handler com.symbol.datawedge.api.RESULT_ACTION
04-21 14:58:34.658 13965 14007 I APIQueryManager: #DW-API# queryActiveProfile [Start]
04-21 14:58:34.658 13965 14007 I APIQueryManager: #DW-API# queryActiveProfile [Finish]
04-21 14:58:34.658 13965 14007 D BroadcastHelper: Sending broadcast to handler com.symbol.datawedge.api.RESULT_ACTION
04-21 14:58:34.658 13965 14007 I APIQueryManager: #DW-API# queryActiveProfile [Start]
04-21 14:58:34.658 13965 14007 I APIQueryManager: #DW-API# queryActiveProfile [Finish]
04-21 14:58:34.658 13965 14007 D BroadcastHelper: Sending broadcast to handler com.symbol.datawedge.api.RESULT_ACTION
04-21 14:58:34.660 14616 15822 I CCodec  : setting up 'default' as default (vendor) store
04-21 14:58:34.660 13965 14141 D BroadcastHelper: Broadcast intent finished com.symbol.datawedge.api.RESULT_ACTION
04-21 14:58:34.660 13965 14141 D BroadcastHelper: Sending broadcast intent com.symbol.datawedge.api.RESULT_ACTION
04-21 14:58:34.660 13965 14141 D DWHelper: getHelper
04-21 14:58:34.662  1426  2726 E ActivityManager: Sending non-protected broadcast com.symbol.datawedge.api.RESULT_ACTION from system 2411:com.zebra.zvahelper/u0a113 pkg com.zebra.zvahelper
04-21 14:58:34.662  1426  2726 E ActivityManager: java.lang.Throwable
04-21 14:58:34.662  1426  2726 E ActivityManager: 	at com.android.server.am.ActivityManagerService.checkBroadcastFromSystem(ActivityManagerService.java:14462)
04-21 14:58:34.662  1426  2726 E ActivityManager: 	at com.android.server.am.ActivityManagerService.broadcastIntentLockedTraced(ActivityManagerService.java:15303)
04-21 14:58:34.662  1426  2726 E ActivityManager: 	at com.android.server.am.ActivityManagerService.broadcastIntentLocked(ActivityManagerService.java:14526)
04-21 14:58:34.662  1426  2726 E ActivityManager: 	at com.android.server.am.ActivityManagerService.broadcastIntentWithFeature(ActivityManagerService.java:15508)
04-21 14:58:34.662  1426  2726 E ActivityManager: 	at android.app.IActivityManager$Stub.onTransact(IActivityManager.java:2660)
04-21 14:58:34.662  1426  2726 E ActivityManager: 	at com.android.server.am.ActivityManagerService.onTransact(ActivityManagerService.java:2758)
04-21 14:58:34.662  1426  2726 E ActivityManager: 	at android.os.Binder.execTransactInternal(Binder.java:1339)
04-21 14:58:34.662  1426  2726 E ActivityManager: 	at android.os.Binder.execTransact(Binder.java:1275)
04-21 14:58:34.664 14616 15822 I CCodec  : Created component [c2.android.vorbis.decoder]
04-21 14:58:34.665 14616 15822 D CCodecConfig: read media type: audio/vorbis
04-21 14:58:34.665 13965 14141 D BroadcastHelper: Broadcast intent finished com.symbol.datawedge.api.RESULT_ACTION
04-21 14:58:34.665 13965 14141 D BroadcastHelper: Sending broadcast intent com.symbol.datawedge.api.RESULT_ACTION
04-21 14:58:34.665 13965 14141 D DWHelper: getHelper
04-21 14:58:34.665  1426  2726 E ActivityManager: Sending non-protected broadcast com.symbol.datawedge.api.RESULT_ACTION from system 2411:com.zebra.zvahelper/u0a113 pkg com.zebra.zvahelper
04-21 14:58:34.665  1426  2726 E ActivityManager: java.lang.Throwable
04-21 14:58:34.665  1426  2726 E ActivityManager: 	at com.android.server.am.ActivityManagerService.checkBroadcastFromSystem(ActivityManagerService.java:14462)
04-21 14:58:34.665  1426  2726 E ActivityManager: 	at com.android.server.am.ActivityManagerService.broadcastIntentLockedTraced(ActivityManagerService.java:15303)
04-21 14:58:34.665  1426  2726 E ActivityManager: 	at com.android.server.am.ActivityManagerService.broadcastIntentLocked(ActivityManagerService.java:14526)
04-21 14:58:34.665  1426  2726 E ActivityManager: 	at com.android.server.am.ActivityManagerService.broadcastIntentWithFeature(ActivityManagerService.java:15508)
04-21 14:58:34.665  1426  2726 E ActivityManager: 	at android.app.IActivityManager$Stub.onTransact(IActivityManager.java:2660)
04-21 14:58:34.665  1426  2726 E ActivityManager: 	at com.android.server.am.ActivityManagerService.onTransact(ActivityManagerService.java:2758)
04-21 14:58:34.665  1426  2726 E ActivityManager: 	at android.os.Binder.execTransactInternal(Binder.java:1339)
04-21 14:58:34.665  1426  2726 E ActivityManager: 	at android.os.Binder.execTransact(Binder.java:1275)
04-21 14:58:34.667 14616 15822 D ReflectedParamUpdater: extent() != 1 for single value type: algo.buffers.max-count.values
04-21 14:58:34.668 13965 14141 D BroadcastHelper: Broadcast intent finished com.symbol.datawedge.api.RESULT_ACTION
04-21 14:58:34.668 13965 14141 D BroadcastHelper: Sending broadcast intent com.symbol.datawedge.api.RESULT_ACTION
04-21 14:58:34.668 13965 14141 D DWHelper: getHelper
04-21 14:58:34.668 14616 15822 D ReflectedParamUpdater: extent() != 1 for single value type: output.subscribed-indices.values
04-21 14:58:34.668 14616 15822 D ReflectedParamUpdater: extent() != 1 for single value type: input.buffers.allocator-ids.values
04-21 14:58:34.668 14616 15822 D ReflectedParamUpdater: extent() != 1 for single value type: output.buffers.allocator-ids.values
04-21 14:58:34.668 14616 15822 D ReflectedParamUpdater: extent() != 1 for single value type: algo.buffers.allocator-ids.values
04-21 14:58:34.668 14616 15822 D ReflectedParamUpdater: extent() != 1 for single value type: output.buffers.pool-ids.values
04-21 14:58:34.669 14616 15822 D ReflectedParamUpdater: extent() != 1 for single value type: algo.buffers.pool-ids.values
04-21 14:58:34.669  1426 12150 E ActivityManager: Sending non-protected broadcast com.symbol.datawedge.api.RESULT_ACTION from system 2411:com.zebra.zvahelper/u0a113 pkg com.zebra.zvahelper
04-21 14:58:34.669  1426 12150 E ActivityManager: java.lang.Throwable
04-21 14:58:34.669  1426 12150 E ActivityManager: 	at com.android.server.am.ActivityManagerService.checkBroadcastFromSystem(ActivityManagerService.java:14462)
04-21 14:58:34.669  1426 12150 E ActivityManager: 	at com.android.server.am.ActivityManagerService.broadcastIntentLockedTraced(ActivityManagerService.java:15303)
04-21 14:58:34.669  1426 12150 E ActivityManager: 	at com.android.server.am.ActivityManagerService.broadcastIntentLocked(ActivityManagerService.java:14526)
04-21 14:58:34.669  1426 12150 E ActivityManager: 	at com.android.server.am.ActivityManagerService.broadcastIntentWithFeature(ActivityManagerService.java:15508)
04-21 14:58:34.669  1426 12150 E ActivityManager: 	at android.app.IActivityManager$Stub.onTransact(IActivityManager.java:2660)
04-21 14:58:34.669  1426 12150 E ActivityManager: 	at com.android.server.am.ActivityManagerService.onTransact(ActivityManagerService.java:2758)
04-21 14:58:34.669  1426 12150 E ActivityManager: 	at android.os.Binder.execTransactInternal(Binder.java:1339)
04-21 14:58:34.669  1426 12150 E ActivityManager: 	at android.os.Binder.execTransact(Binder.java:1275)
04-21 14:58:34.670 14616 15822 I CCodecConfig: query failed after returning 7 values (BAD_INDEX)
04-21 14:58:34.671 14616 15822 D CCodecConfig: c2 config diff is Dict {
04-21 14:58:34.671 14616 15822 D CCodecConfig:   c2::u32 coded.bitrate.value = 64000
04-21 14:58:34.671 14616 15822 D CCodecConfig:   c2::u32 input.buffers.max-size.value = 32768
04-21 14:58:34.671 14616 15822 D CCodecConfig:   c2::u32 input.delay.value = 0
04-21 14:58:34.671 14616 15822 D CCodecConfig:   string input.media-type.value = "audio/vorbis"
04-21 14:58:34.671 14616 15822 D CCodecConfig:   string output.media-type.value = "audio/raw"
04-21 14:58:34.671 14616 15822 D CCodecConfig:   c2::u32 raw.channel-count.value = 1
04-21 14:58:34.671 14616 15822 D CCodecConfig:   c2::u32 raw.sample-rate.value = 48000
04-21 14:58:34.671 14616 15822 D CCodecConfig: }
04-21 14:58:34.671 13965 14141 D BroadcastHelper: Broadcast intent finished com.symbol.datawedge.api.RESULT_ACTION
04-21 14:58:34.671 13965 14141 D BroadcastHelper: Sending broadcast intent com.symbol.datawedge.api.RESULT_ACTION
04-21 14:58:34.671 13965 14141 D DWHelper: getHelper
04-21 14:58:34.672  1426  2726 E ActivityManager: Sending non-protected broadcast com.symbol.datawedge.api.RESULT_ACTION from system 2411:com.zebra.zvahelper/u0a113 pkg com.zebra.zvahelper
04-21 14:58:34.672  1426  2726 E ActivityManager: java.lang.Throwable
04-21 14:58:34.672  1426  2726 E ActivityManager: 	at com.android.server.am.ActivityManagerService.checkBroadcastFromSystem(ActivityManagerService.java:14462)
04-21 14:58:34.672  1426  2726 E ActivityManager: 	at com.android.server.am.ActivityManagerService.broadcastIntentLockedTraced(ActivityManagerService.java:15303)
04-21 14:58:34.672  1426  2726 E ActivityManager: 	at com.android.server.am.ActivityManagerService.broadcastIntentLocked(ActivityManagerService.java:14526)
04-21 14:58:34.672  1426  2726 E ActivityManager: 	at com.android.server.am.ActivityManagerService.broadcastIntentWithFeature(ActivityManagerService.java:15508)
04-21 14:58:34.672  1426  2726 E ActivityManager: 	at android.app.IActivityManager$Stub.onTransact(IActivityManager.java:2660)
04-21 14:58:34.672  1426  2726 E ActivityManager: 	at com.android.server.am.ActivityManagerService.onTransact(ActivityManagerService.java:2758)
04-21 14:58:34.672  1426  2726 E ActivityManager: 	at android.os.Binder.execTransactInternal(Binder.java:1339)
04-21 14:58:34.672  1426  2726 E ActivityManager: 	at android.os.Binder.execTransact(Binder.java:1275)
04-21 14:58:34.672  1495  2191 W ServiceManagerCppClient: Permission failure: android.permission.MEDIA_RESOURCE_OVERRIDE_PID from uid=10102 pid=14616
04-21 14:58:34.672  1495  2191 W ResourceManagerService: addResource called with untrusted pid 13965 or uid 10102, using calling pid 14616, uid 10102
04-21 14:58:34.673 14616 15822 D MediaCodec: flushMediametrics
04-21 14:58:34.674 14616 15822 D CCodec  : [c2.android.vorbis.decoder] buffers are bound to CCodec for this session
04-21 14:58:34.674 14616 15822 D CCodecConfig: no c2 equivalents for durationUs
04-21 14:58:34.674 14616 15822 D CCodecConfig: no c2 equivalents for track-id
04-21 14:58:34.674 14616 15822 D CCodecConfig: no c2 equivalents for csd-1
04-21 14:58:34.674 14616 15822 D CCodecConfig: no c2 equivalents for language
04-21 14:58:34.674 14616 15822 D CCodecConfig: no c2 equivalents for file-format
04-21 14:58:34.674 14616 15822 D CCodecConfig: no c2 equivalents for flags
04-21 14:58:34.674 13965 14141 D BroadcastHelper: Broadcast intent finished com.symbol.datawedge.api.RESULT_ACTION
04-21 14:58:34.674 13965 14141 D BroadcastHelper: Sending broadcast intent com.symbol.datawedge.api.RESULT_ACTION
04-21 14:58:34.674 13965 14141 D DWHelper: getHelper
04-21 14:58:34.675 14616 15822 D CCodecConfig: config failed => CORRUPTED
04-21 14:58:34.675  1426 12150 E ActivityManager: Sending non-protected broadcast com.symbol.datawedge.api.RESULT_ACTION from system 2411:com.zebra.zvahelper/u0a113 pkg com.zebra.zvahelper
04-21 14:58:34.675  1426 12150 E ActivityManager: java.lang.Throwable
04-21 14:58:34.675  1426 12150 E ActivityManager: 	at com.android.server.am.ActivityManagerService.checkBroadcastFromSystem(ActivityManagerService.java:14462)
04-21 14:58:34.675  1426 12150 E ActivityManager: 	at com.android.server.am.ActivityManagerService.broadcastIntentLockedTraced(ActivityManagerService.java:15303)
04-21 14:58:34.675  1426 12150 E ActivityManager: 	at com.android.server.am.ActivityManagerService.broadcastIntentLocked(ActivityManagerService.java:14526)
04-21 14:58:34.675  1426 12150 E ActivityManager: 	at com.android.server.am.ActivityManagerService.broadcastIntentWithFeature(ActivityManagerService.java:15508)
04-21 14:58:34.675  1426 12150 E ActivityManager: 	at android.app.IActivityManager$Stub.onTransact(IActivityManager.java:2660)
04-21 14:58:34.675  1426 12150 E ActivityManager: 	at com.android.server.am.ActivityManagerService.onTransact(ActivityManagerService.java:2758)
04-21 14:58:34.675  1426 12150 E ActivityManager: 	at android.os.Binder.execTransactInternal(Binder.java:1339)
04-21 14:58:34.675  1426 12150 E ActivityManager: 	at android.os.Binder.execTransact(Binder.java:1275)
04-21 14:58:34.675 14616 15822 D CCodecConfig: c2 config diff is   c2::u32 coded.bitrate.value = 96000
04-21 14:58:34.676 14616 15822 W Codec2Client: query -- param skipped: index = 1107298332.
04-21 14:58:34.676 14616 15822 D CCodec  : client requested max input size 8196, which is smaller than what component recommended (32768); overriding with component recommendation.
04-21 14:58:34.676 14616 15822 W CCodec  : This behavior is subject to change. It is recommended that app developers double check whether the requested max input size is in reasonable range.
04-21 14:58:34.676 14616 15822 D CCodec  : encoding statistics level = 0
04-21 14:58:34.676 14616 15822 D CCodec  : setup formats input: AMessage(what = 0x00000000) = {
04-21 14:58:34.676 14616 15822 D CCodec  :   int32_t bitrate = 96000
04-21 14:58:34.676 14616 15822 D CCodec  :   int32_t channel-count = 1
04-21 14:58:34.676 14616 15822 D CCodec  :   int32_t max-input-size = 32768
04-21 14:58:34.676 14616 15822 D CCodec  :   string mime = "audio/vorbis"
04-21 14:58:34.676 14616 15822 D CCodec  :   int32_t sample-rate = 48000
04-21 14:58:34.676 14616 15822 D CCodec  : }
04-21 14:58:34.676 14616 15822 D CCodec  : setup formats output: AMessage(what = 0x00000000) = {
04-21 14:58:34.676 14616 15822 D CCodec  :   int32_t channel-count = 1
04-21 14:58:34.676 14616 15822 D CCodec  :   string mime = "audio/raw"
04-21 14:58:34.676 14616 15822 D CCodec  :   int32_t sample-rate = 48000
04-21 14:58:34.676 14616 15822 D CCodec  :   int32_t android._config-pcm-encoding = 2
04-21 14:58:34.676 14616 15822 D CCodec  : }
04-21 14:58:34.676 14616 15822 I CCodecConfig: query failed after returning 7 values (BAD_INDEX)
04-21 14:58:34.677 14616 15822 W Codec2Client: query -- param skipped: index = 1342179345.
04-21 14:58:34.677 14616 15822 W Codec2Client: query -- param skipped: index = 2415921170.
04-21 14:58:34.677 13965 14141 D BroadcastHelper: Broadcast intent finished com.symbol.datawedge.api.RESULT_ACTION
04-21 14:58:34.678 13965 14141 D BroadcastHelper: Sending broadcast intent com.symbol.datawedge.api.RESULT_ACTION
04-21 14:58:34.678 13965 14141 D DWHelper: getHelper
04-21 14:58:34.679 14616 15822 D CCodecBufferChannel: [c2.android.vorbis.decoder#893] Created input block pool with allocatorID 16 => poolID 22 - OK (0)
04-21 14:58:34.679  1561  2697 D BufferPoolAccessor2.0: bufferpool2 0xb4000072119e7cb8 : 0(0 size) total buffers - 0(0 size) used buffers - 2/5 (recycle/alloc) - 3/4 (fetch/transfer)
04-21 14:58:34.679  1561  2697 D BufferPoolAccessor2.0: Destruction - bufferpool2 0xb4000072119e7cb8 cached: 0/0M, 0/0% in use; allocs: 5, 40% recycled; transfers: 4, 25% unfetched
04-21 14:58:34.680 14616 14669 D BufferPoolAccessor2.0: bufferpool2 0xb40000748503f068 : 0(0 size) total buffers - 0(0 size) used buffers - 2/7 (recycle/alloc) - 5/14 (fetch/transfer)
04-21 14:58:34.680 14616 14669 D BufferPoolAccessor2.0: Destruction - bufferpool2 0xb40000748503f068 cached: 0/0M, 0/0% in use; allocs: 7, 29% recycled; transfers: 14, 64% unfetched
04-21 14:58:34.680 14616 15822 I CCodecBufferChannel: [c2.android.vorbis.decoder#893] Created output block pool with allocatorID 16 => poolID 109 - OK
04-21 14:58:34.680 13965 14141 D BroadcastHelper: Broadcast intent finished com.symbol.datawedge.api.RESULT_ACTION
04-21 14:58:34.681 13965 14141 D BroadcastHelper: Sending broadcast intent com.symbol.datawedge.api.RESULT_ACTION
04-21 14:58:34.681 13965 14141 D DWHelper: getHelper
04-21 14:58:34.681 14616 15822 D CCodecBufferChannel: [c2.android.vorbis.decoder#893] Configured output block pool ids 109 => OK
04-21 14:58:34.681 14616 15822 D CCodecBufferChannel: [c2.android.vorbis.decoder#893] start: updating output delay 0
04-21 14:58:34.682  1561 15823 D SimpleC2Component: Using output block pool with poolID 109 => got 109 - 0
04-21 14:58:34.684 13965 14141 D BroadcastHelper: Broadcast intent finished com.symbol.datawedge.api.RESULT_ACTION
04-21 14:58:34.684 13965 14141 D BroadcastHelper: Sending broadcast intent com.symbol.datawedge.api.RESULT_ACTION
04-21 14:58:34.684 13965 14141 D DWHelper: getHelper
04-21 14:58:34.684  1492  2208 D MediaBufferGroup: creating MemoryDealer
04-21 14:58:34.684  1426  9284 E ActivityManager: Sending non-protected broadcast com.symbol.datawedge.api.RESULT_ACTION from system 2411:com.zebra.zvahelper/u0a113 pkg com.zebra.zvahelper
04-21 14:58:34.684  1426  9284 E ActivityManager: java.lang.Throwable
04-21 14:58:34.684  1426  9284 E ActivityManager: 	at com.android.server.am.ActivityManagerService.checkBroadcastFromSystem(ActivityManagerService.java:14462)
04-21 14:58:34.684  1426  9284 E ActivityManager: 	at com.android.server.am.ActivityManagerService.broadcastIntentLockedTraced(ActivityManagerService.java:15303)
04-21 14:58:34.684  1426  9284 E ActivityManager: 	at com.android.server.am.ActivityManagerService.broadcastIntentLocked(ActivityManagerService.java:14526)
04-21 14:58:34.684  1426  9284 E ActivityManager: 	at com.android.server.am.ActivityManagerService.broadcastIntentWithFeature(ActivityManagerService.java:15508)
04-21 14:58:34.684  1426  9284 E ActivityManager: 	at android.app.IActivityManager$Stub.onTransact(IActivityManager.java:2660)
04-21 14:58:34.684  1426  9284 E ActivityManager: 	at com.android.server.am.ActivityManagerService.onTransact(ActivityManagerService.java:2758)
04-21 14:58:34.684  1426  9284 E ActivityManager: 	at android.os.Binder.execTransactInternal(Binder.java:1339)
04-21 14:58:34.684  1426  9284 E ActivityManager: 	at android.os.Binder.execTransact(Binder.java:1275)
04-21 14:58:34.686  1426  9284 E ActivityManager: Sending non-protected broadcast com.symbol.datawedge.api.RESULT_ACTION from system 2411:com.zebra.zvahelper/u0a113 pkg com.zebra.zvahelper
04-21 14:58:34.686  1426  9284 E ActivityManager: java.lang.Throwable
04-21 14:58:34.686  1426  9284 E ActivityManager: 	at com.android.server.am.ActivityManagerService.checkBroadcastFromSystem(ActivityManagerService.java:14462)
04-21 14:58:34.686  1426  9284 E ActivityManager: 	at com.android.server.am.ActivityManagerService.broadcastIntentLockedTraced(ActivityManagerService.java:15303)
04-21 14:58:34.686  1426  9284 E ActivityManager: 	at com.android.server.am.ActivityManagerService.broadcastIntentLocked(ActivityManagerService.java:14526)
04-21 14:58:34.686  1426  9284 E ActivityManager: 	at com.android.server.am.ActivityManagerService.broadcastIntentWithFeature(ActivityManagerService.java:15508)
04-21 14:58:34.686  1426  9284 E ActivityManager: 	at android.app.IActivityManager$Stub.onTransact(IActivityManager.java:2660)
04-21 14:58:34.686  1426  9284 E ActivityManager: 	at com.android.server.am.ActivityManagerService.onTransact(ActivityManagerService.java:2758)
04-21 14:58:34.686  1426  9284 E ActivityManager: 	at android.os.Binder.execTransactInternal(Binder.java:1339)
04-21 14:58:34.686  1426  9284 E ActivityManager: 	at android.os.Binder.execTransact(Binder.java:1275)
04-21 14:58:34.686 13965 14141 D BroadcastHelper: Broadcast intent finished com.symbol.datawedge.api.RESULT_ACTION
04-21 14:58:34.686 13965 14141 D BroadcastHelper: Sending broadcast intent com.symbol.datawedge.api.RESULT_ACTION
04-21 14:58:34.686 13965 14141 D DWHelper: getHelper
04-21 14:58:34.688  1426  9284 E ActivityManager: Sending non-protected broadcast com.symbol.datawedge.api.RESULT_ACTION from system 2411:com.zebra.zvahelper/u0a113 pkg com.zebra.zvahelper
04-21 14:58:34.688  1426  9284 E ActivityManager: java.lang.Throwable
04-21 14:58:34.688  1426  9284 E ActivityManager: 	at com.android.server.am.ActivityManagerService.checkBroadcastFromSystem(ActivityManagerService.java:14462)
04-21 14:58:34.688  1426  9284 E ActivityManager: 	at com.android.server.am.ActivityManagerService.broadcastIntentLockedTraced(ActivityManagerService.java:15303)
04-21 14:58:34.688  1426  9284 E ActivityManager: 	at com.android.server.am.ActivityManagerService.broadcastIntentLocked(ActivityManagerService.java:14526)
04-21 14:58:34.688  1426  9284 E ActivityManager: 	at com.android.server.am.ActivityManagerService.broadcastIntentWithFeature(ActivityManagerService.java:15508)
04-21 14:58:34.688  1426  9284 E ActivityManager: 	at android.app.IActivityManager$Stub.onTransact(IActivityManager.java:2660)
04-21 14:58:34.688  1426  9284 E ActivityManager: 	at com.android.server.am.ActivityManagerService.onTransact(ActivityManagerService.java:2758)
04-21 14:58:34.688  1426  9284 E ActivityManager: 	at android.os.Binder.execTransactInternal(Binder.java:1339)
04-21 14:58:34.688  1426  9284 E ActivityManager: 	at android.os.Binder.execTransact(Binder.java:1275)
04-21 14:58:34.689 13965 14141 D BroadcastHelper: Broadcast intent finished com.symbol.datawedge.api.RESULT_ACTION
04-21 14:58:34.689 13965 14141 D BroadcastHelper: Sending broadcast intent com.symbol.datawedge.api.RESULT_ACTION
04-21 14:58:34.689 13965 14141 D DWHelper: getHelper
04-21 14:58:34.689  1426  9284 E ActivityManager: Sending non-protected broadcast com.symbol.datawedge.api.RESULT_ACTION from system 2411:com.zebra.zvahelper/u0a113 pkg com.zebra.zvahelper
04-21 14:58:34.689  1426  9284 E ActivityManager: java.lang.Throwable
04-21 14:58:34.689  1426  9284 E ActivityManager: 	at com.android.server.am.ActivityManagerService.checkBroadcastFromSystem(ActivityManagerService.java:14462)
04-21 14:58:34.689  1426  9284 E ActivityManager: 	at com.android.server.am.ActivityManagerService.broadcastIntentLockedTraced(ActivityManagerService.java:15303)
04-21 14:58:34.689  1426  9284 E ActivityManager: 	at com.android.server.am.ActivityManagerService.broadcastIntentLocked(ActivityManagerService.java:14526)
04-21 14:58:34.689  1426  9284 E ActivityManager: 	at com.android.server.am.ActivityManagerService.broadcastIntentWithFeature(ActivityManagerService.java:15508)
04-21 14:58:34.689  1426  9284 E ActivityManager: 	at android.app.IActivityManager$Stub.onTransact(IActivityManager.java:2660)
04-21 14:58:34.689  1426  9284 E ActivityManager: 	at com.android.server.am.ActivityManagerService.onTransact(ActivityManagerService.java:2758)
04-21 14:58:34.689  1426  9284 E ActivityManager: 	at android.os.Binder.execTransactInternal(Binder.java:1339)
04-21 14:58:34.689  1426  9284 E ActivityManager: 	at android.os.Binder.execTransact(Binder.java:1275)
04-21 14:58:34.691  1426 12150 E ActivityManager: Sending non-protected broadcast com.symbol.datawedge.api.RESULT_ACTION from system 2411:com.zebra.zvahelper/u0a113 pkg com.zebra.zvahelper
04-21 14:58:34.691  1426 12150 E ActivityManager: java.lang.Throwable
04-21 14:58:34.691  1426 12150 E ActivityManager: 	at com.android.server.am.ActivityManagerService.checkBroadcastFromSystem(ActivityManagerService.java:14462)
04-21 14:58:34.691  1426 12150 E ActivityManager: 	at com.android.server.am.ActivityManagerService.broadcastIntentLockedTraced(ActivityManagerService.java:15303)
04-21 14:58:34.691  1426 12150 E ActivityManager: 	at com.android.server.am.ActivityManagerService.broadcastIntentLocked(ActivityManagerService.java:14526)
04-21 14:58:34.691  1426 12150 E ActivityManager: 	at com.android.server.am.ActivityManagerService.broadcastIntentWithFeature(ActivityManagerService.java:15508)
04-21 14:58:34.691  1426 12150 E ActivityManager: 	at android.app.IActivityManager$Stub.onTransact(IActivityManager.java:2660)
04-21 14:58:34.691  1426 12150 E ActivityManager: 	at com.android.server.am.ActivityManagerService.onTransact(ActivityManagerService.java:2758)
04-21 14:58:34.691  1426 12150 E ActivityManager: 	at android.os.Binder.execTransactInternal(Binder.java:1339)
04-21 14:58:34.691  1426 12150 E ActivityManager: 	at android.os.Binder.execTransact(Binder.java:1275)
04-21 14:58:34.692 13965 14141 D BroadcastHelper: Broadcast intent finished com.symbol.datawedge.api.RESULT_ACTION
04-21 14:58:34.692 13965 14141 D BroadcastHelper: Sending broadcast intent com.symbol.datawedge.api.RESULT_ACTION
04-21 14:58:34.692 13965 14141 D DWHelper: getHelper
04-21 14:58:34.693  1426  2726 E ActivityManager: Sending non-protected broadcast com.symbol.datawedge.api.RESULT_ACTION from system 2411:com.zebra.zvahelper/u0a113 pkg com.zebra.zvahelper
04-21 14:58:34.693  1426  2726 E ActivityManager: java.lang.Throwable
04-21 14:58:34.693  1426  2726 E ActivityManager: 	at com.android.server.am.ActivityManagerService.checkBroadcastFromSystem(ActivityManagerService.java:14462)
04-21 14:58:34.693  1426  2726 E ActivityManager: 	at com.android.server.am.ActivityManagerService.broadcastIntentLockedTraced(ActivityManagerService.java:15303)
04-21 14:58:34.693  1426  2726 E ActivityManager: 	at com.android.server.am.ActivityManagerService.broadcastIntentLocked(ActivityManagerService.java:14526)
04-21 14:58:34.693  1426  2726 E ActivityManager: 	at com.android.server.am.ActivityManagerService.broadcastIntentWithFeature(ActivityManagerService.java:15508)
04-21 14:58:34.693  1426  2726 E ActivityManager: 	at android.app.IActivityManager$Stub.onTransact(IActivityManager.java:2660)
04-21 14:58:34.693  1426  2726 E ActivityManager: 	at com.android.server.am.ActivityManagerService.onTransact(ActivityManagerService.java:2758)
04-21 14:58:34.693  1426  2726 E ActivityManager: 	at android.os.Binder.execTransactInternal(Binder.java:1339)
04-21 14:58:34.693  1426  2726 E ActivityManager: 	at android.os.Binder.execTransact(Binder.java:1275)
04-21 14:58:34.695 13965 14141 D BroadcastHelper: Broadcast intent finished com.symbol.datawedge.api.RESULT_ACTION
04-21 14:58:34.696  1426  2726 E ActivityManager: Sending non-protected broadcast com.symbol.datawedge.api.RESULT_ACTION from system 2411:com.zebra.zvahelper/u0a113 pkg com.zebra.zvahelper
04-21 14:58:34.696  1426  2726 E ActivityManager: java.lang.Throwable
04-21 14:58:34.696  1426  2726 E ActivityManager: 	at com.android.server.am.ActivityManagerService.checkBroadcastFromSystem(ActivityManagerService.java:14462)
04-21 14:58:34.696  1426  2726 E ActivityManager: 	at com.android.server.am.ActivityManagerService.broadcastIntentLockedTraced(ActivityManagerService.java:15303)
04-21 14:58:34.696  1426  2726 E ActivityManager: 	at com.android.server.am.ActivityManagerService.broadcastIntentLocked(ActivityManagerService.java:14526)
04-21 14:58:34.696  1426  2726 E ActivityManager: 	at com.android.server.am.ActivityManagerService.broadcastIntentWithFeature(ActivityManagerService.java:15508)
04-21 14:58:34.696  1426  2726 E ActivityManager: 	at android.app.IActivityManager$Stub.onTransact(IActivityManager.java:2660)
04-21 14:58:34.696  1426  2726 E ActivityManager: 	at com.android.server.am.ActivityManagerService.onTransact(ActivityManagerService.java:2758)
04-21 14:58:34.696  1426  2726 E ActivityManager: 	at android.os.Binder.execTransactInternal(Binder.java:1339)
04-21 14:58:34.696  1426  2726 E ActivityManager: 	at android.os.Binder.execTransact(Binder.java:1275)
04-21 14:58:34.701 14616 15822 D CCodecBufferChannel: [c2.android.vorbis.decoder#893] MediaCodec discarded an unknown buffer
04-21 14:58:34.701 14616 15822 D CCodecBufferChannel: [c2.android.vorbis.decoder#893] MediaCodec discarded an unknown buffer
04-21 14:58:34.701 14616 15822 D CCodecBufferChannel: [c2.android.vorbis.decoder#893] MediaCodec discarded an unknown buffer
04-21 14:58:34.702 14616 15822 I hw-BpHwBinder: onLastStrongRef automatically unlinking death recipients
04-21 14:58:34.702  1561 14547 I hw-BpHwBinder: onLastStrongRef automatically unlinking death recipients
04-21 14:58:34.702  1561 14547 I hw-BpHwBinder: onLastStrongRef automatically unlinking death recipients
04-21 14:58:34.703  1495  2191 W ServiceManagerCppClient: Permission failure: android.permission.MEDIA_RESOURCE_OVERRIDE_PID from uid=10102 pid=14616
04-21 14:58:34.703  1495  2191 W ResourceManagerService: removeResource called with untrusted pid 13965, using calling pid 14616
04-21 14:58:34.705  1495  2191 W ServiceManagerCppClient: Permission failure: android.permission.MEDIA_RESOURCE_OVERRIDE_PID from uid=10102 pid=14616
04-21 14:58:34.705  1495  2191 W ResourceManagerService: removeResource called with untrusted pid 13965, using calling pid 14616
04-21 14:58:34.705 14616 14649 D MediaCodec: flushMediametrics
04-21 14:58:34.707 14616 14649 I ScannerFramework: [AudioFormatConverter::LoadFile] Sample rate: 48000
04-21 14:58:34.707 14616 14649 I ScannerFramework: [AudioFormatConverter::LoadFile] Channels: 1
04-21 14:58:34.707 14616 14649 I ScannerFramework: [AudioFormatConverter::LoadFile] Size: 2734
04-21 14:58:34.707 14616 14649 I ScannerFramework: Audio File size 2734
04-21 14:58:34.707 14616 14649 I ScannerFramework: Set Stream Type to OBOE_USAGE_NOTIFICATION
04-21 14:58:34.707 14616 14649 I ScannerFramework: [PlayAudioEngine::CreatePlaybackStream] Value of audioapi 1
04-21 14:58:34.707 14616 14649 I ScannerFramework: [PlayAudioEngine::CreatePlaybackStream] Value of iExternalHeadset 0
04-21 14:58:34.707 14616 14649 I ScannerFramework: Setting AudioAPI to OpenSLES
04-21 14:58:34.707 14616 14649 I ScannerFramework: PlayAudioEngine::setChannelCount()
04-21 14:58:34.707 14616 14649 I ScannerFramework: Direction: 0, Format: 2, Sample Rate: 48000, Channel Count: 1, Usage: 5, Audio API: 1, Sharing Mode: 0, Performance Mode: 12
04-21 14:58:34.707 14616 14649 I OboeAudio: openStreamInternal() OUTPUT -------- OboeVersion1.9.2 --------
04-21 14:58:34.707 14616 14649 W OboeAudio: SharingMode [AudioStreamBuilder::setSharingMode()] is not supported on OpenSLES streams.
04-21 14:58:34.707 14616 14649 I OboeAudio: AudioStreamOpenSLES::open() chans=1, rate=48000
04-21 14:58:34.708 14616 14649 D dge:zdcpservice: PlayerBase::PlayerBase()
04-21 14:58:34.709 14616 14649 D dge:zdcpservice: TrackPlayerBase::TrackPlayerBase()
04-21 14:58:34.709 14616 14649 I libOpenSLES: Emulating old channel mask behavior (ignoring positional mask 0x4, using default mask 0x1 based on channel count of 1)
04-21 14:58:34.709  1252  1336 W AudioFlinger: createTrack uid 10102 pid 14616 tried to pass itself off as pid 13965
04-21 14:58:34.712  1060  1201 D audio_hw_primary: adev_get_parameters:vr_audio_mode_on
04-21 14:58:34.713  1252  1336 W AudioFlinger: createTrack_l(): mismatch between requested flags (00000104) and output flags (00000006)
04-21 14:58:34.713  1252  1336 D AudioFlinger: Client defaulted notificationFrames to 192 for frameCount 384
04-21 14:58:34.717 14616 14649 I AudioTrack: createTrack_l(0): AUDIO_OUTPUT_FLAG_FAST successful; frameCount 0 -> 384
04-21 14:58:34.720 14616 14649 W OboeAudio: Failed to setBufferSizeInFrames(384). Error was ErrorUnimplemented
04-21 14:58:34.720 14616 14649 I ScannerFramework: [PlayAudioEngine::PrintAudioStreamInfo] StreamID: 0xb400007485029310
04-21 14:58:34.720 14616 14649 I ScannerFramework: [PlayAudioEngine::PrintAudioStreamInfo] BufferCapacity: 384
04-21 14:58:34.720 14616 14649 I ScannerFramework: [PlayAudioEngine::PrintAudioStreamInfo] BufferSize: 384
04-21 14:58:34.720 14616 14649 I ScannerFramework: [PlayAudioEngine::PrintAudioStreamInfo] FramesPerBurst: 192
04-21 14:58:34.720 14616 14649 I ScannerFramework: [PlayAudioEngine::PrintAudioStreamInfo] XRunCount: 0
04-21 14:58:34.720 14616 14649 I ScannerFramework: [PlayAudioEngine::PrintAudioStreamInfo] SampleRate: 48000
04-21 14:58:34.720 14616 14649 I ScannerFramework: [PlayAudioEngine::PrintAudioStreamInfo] SamplesPerFrame: 1
04-21 14:58:34.720 14616 14649 I ScannerFramework: [PlayAudioEngine::PrintAudioStreamInfo] DeviceId: 0
04-21 14:58:34.720 14616 14649 I ScannerFramework: [PlayAudioEngine::PrintAudioStreamInfo] AudioApi: 1
04-21 14:58:34.720 14616 14649 I ScannerFramework: [PlayAudioEngine::PrintAudioStreamInfo] Format: Float
04-21 14:58:34.720 14616 14649 I ScannerFramework: [PlayAudioEngine::PrintAudioStreamInfo] SharingMode: SHARED
04-21 14:58:34.720 14616 14649 I ScannerFramework: [PlayAudioEngine::PrintAudioStreamInfo] PerformanceMode: LOW_LATENCY
04-21 14:58:34.720 14616 14649 I ScannerFramework: [PlayAudioEngine::PrintAudioStreamInfo] Direction: OUTPUT
04-21 14:58:34.730 14616 14649 I ScannerFramework: DIGIMARC [DigimarkCWrapper::Init] g_mScannerEngine : se4710_cam_builtin g_bInitDone = 1
04-21 14:58:34.730 14616 14649 I ScannerFramework: [Scanner::ReadSubmitEx] - '0'
04-21 14:58:34.732 13965 14142 I DataWedge-ScannerProxyHandler: #DW-SF# Submit Read with callback EX [Finish]
04-21 14:58:34.732 13965 13985 D BroadcastHelper: Sending broadcast to handler com.symbol.datawedge.scanner_status
04-21 14:58:34.732 13965 14141 D BroadcastHelper: Sending broadcast intent com.symbol.datawedge.scanner_status
04-21 14:58:34.732 13965 14141 D DWHelper: getHelper
04-21 14:58:34.732 13965 13985 I DWScanner: #DW-SF# Scan status changed from SCAN_STATUS_ENABLED to SCAN_STATUS_WAITFORTRIGGER
04-21 14:58:34.733 13965 13985 D BroadcastHelper: Sending broadcast to handler com.symbol.datawedge.scanner_status
04-21 14:58:34.736 13965 14141 D BroadcastHelper: Broadcast intent finished com.symbol.datawedge.scanner_status
04-21 14:58:34.736 13965 14141 D BroadcastHelper: Sending broadcast intent com.symbol.datawedge.scanner_status
04-21 14:58:34.736 13965 14141 D DWHelper: getHelper
04-21 14:58:34.739 13965 14141 D BroadcastHelper: Broadcast intent finished com.symbol.datawedge.scanner_status
04-21 14:58:35.199 14747 14811 D IRFIDError: RFIDPROTOAscii: GetStatus: RFID_API_COMMAND_TIMEOUTConnect size 0
04-21 14:58:35.205 14747 14811 W RFID_HANDLER: Connect attempt 3 failed: OperationFailureException - Response timeout
04-21 14:58:35.206 14747 14811 W RFID_HANDLER: Timeout detected - attempting rfidhost service reset...
04-21 14:58:35.206 14747 14811 D RFID_HANDLER: Force-stopping com.zebra.rfidhost service...
04-21 14:58:35.679  1426  1426 D FusionRssiPolling: updateLinkLayerStatsRssiSpeedFrequencyCapabilities rssi=-40 TxLinkspeed=573 freq=5500 RxLinkSpeed=516
04-21 14:58:37.212 14747 14811 D RFID_HANDLER: Clearing reader references...
04-21 14:58:37.216 14747 14811 D RFID_HANDLER: Recreating Readers instance...
04-21 14:58:37.228 14747 14811 E protocol val is: ASCII
04-21 14:58:37.731 14747 14811 D RFID_HANDLER: After reset - SERVICE_USB reader count: 1
04-21 14:58:38.611  1426  1878 I DisplayPowerController2[0]: BrightnessEvent: disp=0, physDisp=local:4630947082925536386, brt=0.13659303, initBrt=0.111824684, rcmdBrt=0.13659303, preBrt=0.111824684, lux=17.025429, preLux=13.972501, hbmMax=1.0, hbmMode=off, rbcStrength=50, thrmMax=1.0, powerFactor=1.0, wasShortTermModelActive=false, flags=, reason=automatic, autoBrightness=true, strategy=InvalidBrightnessStrategy
04-21 14:58:38.612  1426  1847 D DisplayManagerService: Ignore redundant display event 0/4 to 10160/4836
04-21 14:58:38.612  1426  1847 D DisplayManagerService: Ignore redundant display event 0/4 to 10177/7433
04-21 14:58:38.612  1426  1847 D DisplayManagerService: Ignore redundant display event 0/4 to 10261/14747
04-21 14:58:38.613  1426  1847 D DisplayManagerService: Ignore redundant display event 0/4 to 10160/4836
04-21 14:58:38.613  1426  1847 D DisplayManagerService: Ignore redundant display event 0/4 to 10177/7433
04-21 14:58:38.613  1426  1847 D DisplayManagerService: Ignore redundant display event 0/4 to 10261/14747
