04-21 14:13:07.513  9529  9560 E ymbol.datawedge: Invalid resource ID 0x00000000.
04-21 14:13:07.513  9225  9357 I ScannerFramework: [AudioFormatConverter::decode] Number of tracks: 1
04-21 14:13:07.515  9529  9560 I DataWedge-ScannerProxyHandler: #DW-SF# Get Supported Resources Returning from cache, Nos: 4
04-21 14:13:07.515  9529  9560 I DataWedge-ScannerProxyHandler: #DW-SF# Get Supported Resources Returning from cache, Nos: 4
04-21 14:13:07.515  9529  9560 I DataWedge-ScannerProxyHandler: #DW-SF# Get Supported Resources Returning from cache, Nos: 4
04-21 14:13:07.515  9529  9560 I DataWedge-ScannerProxyHandler: #DW-SF# Get Supported Resources Returning from cache, Nos: 4
04-21 14:13:07.515  9529  9560 I DataWedge-ScannerProxyHandler: #DW-SF# Get Supported Resources Returning from cache, Nos: 4
04-21 14:13:07.515  9529  9560 D WorkFlow-Plugin: #DCVision# Barcode tracking: Barcode input enabled: true
04-21 14:13:07.515  9529  9560 D WorkFlow-Plugin: #DCVision# Barcode tracking: Barcode input tracking enabled: false
04-21 14:13:07.515  9529  9560 D WorkFlow-Plugin: #DCVision# loadParams took 18
04-21 14:13:07.516  9225  9357 D MediaCodecList: codecHandlesFormat: no format, so no extra checks
04-21 14:13:07.518  1495  2191 W ServiceManagerCppClient: Permission failure: android.permission.MEDIA_RESOURCE_OVERRIDE_PID from uid=10102 pid=9225
04-21 14:13:07.518  1495  2191 W ResourceManagerService: reclaimResourcesFromClientsPendingRemoval called with untrusted pid 9529, using calling pid 9225
04-21 14:13:07.520  9225  9761 D CCodec  : allocate(c2.android.vorbis.decoder)
04-21 14:13:07.522  9225  9761 I Codec2Client: Available Codec2 services: "default" "software"
04-21 14:13:07.522  9529  9560 D ScanningProfile: #DWProfile# Enable profile com.ltrudu.rfid_sample_flutter [Finish] took 13267 ms
04-21 14:13:07.523  9529  9560 I ActivityTracker: #DW# handle new activity: [FINISH]
04-21 14:13:07.523  9529  9654 D ActivityChangeNotifier: getCurrentActivity
04-21 14:13:07.525  9225  9761 I CCodec  : setting up 'default' as default (vendor) store
04-21 14:13:07.525  9529  9654 D TAG     : Process Activity Change
04-21 14:13:07.526  9529  9558 I APIConfigurationManager: #DW-API# SetConfig [Start]
04-21 14:13:07.531  9529  9558 D #ShowcaseAndDWLicenseWork#: EB signed: false
04-21 14:13:07.531  9529  9558 D #ShowcaseAndDWLicenseWork#: isForegroundApplicationEB: false
04-21 14:13:07.531  9529  9558 D #ShowcaseAndDWLicenseWork#: Foreground application is not Showcase demo
04-21 14:13:07.531  9529  9558 W Bundle  : Key PLUGIN_CONFIG expected ArrayList but value was a [Landroid.os.Parcelable;.  The default value <null> was returned.
04-21 14:13:07.532  9529  9558 W Bundle  : Attempt to cast generated internal exception:
04-21 14:13:07.532  9529  9558 W Bundle  : java.lang.ClassCastException: android.os.Parcelable[] cannot be cast to java.util.ArrayList
04-21 14:13:07.532  9529  9558 W Bundle  : 	at android.os.Bundle.getParcelableArrayList(Bundle.java:1051)
04-21 14:13:07.532  9529  9558 W Bundle  : 	at com.symbol.datawedge.api.ProfileSettings.setConfiguration(ProfileSettings.java:50)
04-21 14:13:07.532  9529  9558 W Bundle  : 	at com.symbol.datawedge.api.APISetConfigurationManager.setConfiguration(APISetConfigurationManager.java:41)
04-21 14:13:07.532  9529  9558 W Bundle  : 	at com.symbol.datawedge.api.APIConfigurationManager.processIntent(APIConfigurationManager.java:224)
04-21 14:13:07.532  9529  9558 W Bundle  : 	at com.symbol.datawedge.api.IntentProcessor.processIntent(IntentProcessor.java:738)
04-21 14:13:07.532  9529  9558 W Bundle  : 	at com.symbol.datawedge.api.IntentAPIManager.lambda$onReceive$0(IntentAPIManager.java:10)
04-21 14:13:07.532  9529  9558 W Bundle  : 	at com.symbol.datawedge.api.IntentAPIManager.$r8$lambda$MK-aMlJ5b5Ixh5iaTAh6Hx0SSZQ(IntentAPIManager.java:1)
04-21 14:13:07.532  9529  9558 W Bundle  : 	at com.symbol.datawedge.api.IntentAPIManager$$ExternalSyntheticLambda0.run(R8$$SyntheticClass:19)
04-21 14:13:07.532  9529  9558 W Bundle  : 	at android.os.Handler.handleCallback(Handler.java:958)
04-21 14:13:07.532  9529  9558 W Bundle  : 	at android.os.Handler.dispatchMessage(Handler.java:99)
04-21 14:13:07.532  9529  9558 W Bundle  : 	at android.os.Looper.loopOnce(Looper.java:205)
04-21 14:13:07.532  9529  9558 W Bundle  : 	at android.os.Looper.loop(Looper.java:294)
04-21 14:13:07.532  9529  9558 W Bundle  : 	at android.os.HandlerThread.run(HandlerThread.java:67)
04-21 14:13:07.532  9529  9558 W Bundle  : Key PLUGIN_CONFIG expected Bundle but value was a [Landroid.os.Parcelable;.  The default value <null> was returned.
04-21 14:13:07.532  9529  9558 W Bundle  : Attempt to cast generated internal exception:
04-21 14:13:07.532  9529  9558 W Bundle  : java.lang.ClassCastException: android.os.Parcelable[] cannot be cast to android.os.Bundle
04-21 14:13:07.532  9529  9558 W Bundle  : 	at android.os.Bundle.getBundle(Bundle.java:887)
04-21 14:13:07.532  9529  9558 W Bundle  : 	at com.symbol.datawedge.api.ProfileSettings.setConfiguration(ProfileSettings.java:72)
04-21 14:13:07.532  9529  9558 W Bundle  : 	at com.symbol.datawedge.api.APISetConfigurationManager.setConfiguration(APISetConfigurationManager.java:41)
04-21 14:13:07.532  9529  9558 W Bundle  : 	at com.symbol.datawedge.api.APIConfigurationManager.processIntent(APIConfigurationManager.java:224)
04-21 14:13:07.532  9529  9558 W Bundle  : 	at com.symbol.datawedge.api.IntentProcessor.processIntent(IntentProcessor.java:738)
04-21 14:13:07.532  9529  9558 W Bundle  : 	at com.symbol.datawedge.api.IntentAPIManager.lambda$onReceive$0(IntentAPIManager.java:10)
04-21 14:13:07.532  9529  9558 W Bundle  : 	at com.symbol.datawedge.api.IntentAPIManager.$r8$lambda$MK-aMlJ5b5Ixh5iaTAh6Hx0SSZQ(IntentAPIManager.java:1)
04-21 14:13:07.532  9529  9558 W Bundle  : 	at com.symbol.datawedge.api.IntentAPIManager$$ExternalSyntheticLambda0.run(R8$$SyntheticClass:19)
04-21 14:13:07.532  9529  9558 W Bundle  : 	at android.os.Handler.handleCallback(Handler.java:958)
04-21 14:13:07.532  9529  9558 W Bundle  : 	at android.os.Handler.dispatchMessage(Handler.java:99)
04-21 14:13:07.532  9529  9558 W Bundle  : 	at android.os.Looper.loopOnce(Looper.java:205)
04-21 14:13:07.532  9529  9558 W Bundle  : 	at android.os.Looper.loop(Looper.java:294)
04-21 14:13:07.532  9529  9558 W Bundle  : 	at android.os.HandlerThread.run(HandlerThread.java:67)
04-21 14:13:07.536  9529  9558 D ActivityChangeNotifier: getCurrentActivity
04-21 14:13:07.538  9529  9558 D TAG     : reloadProfile
04-21 14:13:07.539  9529  9558 D APISetConfigurationManager: setConfiguration took 13 ms
04-21 14:13:07.539  9529  9560 D ActivityTracker: loading active profile 30 [start]
04-21 14:13:07.540  9529  9558 I APIConfigurationManager: #DW-API# SetConfig [Finish]
04-21 14:13:07.540  9225  9761 I CCodec  : Created component [c2.android.vorbis.decoder]
04-21 14:13:07.540  9225  9761 D CCodecConfig: read media type: audio/vorbis
04-21 14:13:07.540  9529  9694 D ActivityChangeNotifier: getCurrentActivity
04-21 14:13:07.542  9529  9694 D TAG     : Process Activity Change
04-21 14:13:07.542  9529  9560 D DWHelper: getHelper
04-21 14:13:07.543  9225  9761 D ReflectedParamUpdater: extent() != 1 for single value type: algo.buffers.max-count.values
04-21 14:13:07.543  2411  9521 D a       : getIMSHelper
04-21 14:13:07.543  9225  9761 D ReflectedParamUpdater: extent() != 1 for single value type: output.subscribed-indices.values
04-21 14:13:07.543  9225  9761 D ReflectedParamUpdater: extent() != 1 for single value type: input.buffers.allocator-ids.values
04-21 14:13:07.544  9225  9761 D ReflectedParamUpdater: extent() != 1 for single value type: output.buffers.allocator-ids.values
04-21 14:13:07.544  9225  9761 D ReflectedParamUpdater: extent() != 1 for single value type: algo.buffers.allocator-ids.values
04-21 14:13:07.544  9225  9761 D ReflectedParamUpdater: extent() != 1 for single value type: output.buffers.pool-ids.values
04-21 14:13:07.544  9225  9761 D ReflectedParamUpdater: extent() != 1 for single value type: algo.buffers.pool-ids.values
04-21 14:13:07.545  9225  9761 I CCodecConfig: query failed after returning 7 values (BAD_INDEX)
04-21 14:13:07.546  9225  9761 D CCodecConfig: c2 config diff is Dict {
04-21 14:13:07.546  9225  9761 D CCodecConfig:   c2::u32 coded.bitrate.value = 64000
04-21 14:13:07.546  9225  9761 D CCodecConfig:   c2::u32 input.buffers.max-size.value = 32768
04-21 14:13:07.546  9225  9761 D CCodecConfig:   c2::u32 input.delay.value = 0
04-21 14:13:07.546  9225  9761 D CCodecConfig:   string input.media-type.value = "audio/vorbis"
04-21 14:13:07.546  9225  9761 D CCodecConfig:   string output.media-type.value = "audio/raw"
04-21 14:13:07.546  9225  9761 D CCodecConfig:   c2::u32 raw.channel-count.value = 1
04-21 14:13:07.546  9225  9761 D CCodecConfig:   c2::u32 raw.sample-rate.value = 48000
04-21 14:13:07.546  9225  9761 D CCodecConfig: }
04-21 14:13:07.547  9529  9560 D DWIMSHelper: #DWIMS-DW# resetToDefaultIME [Start]
04-21 14:13:07.547  2411  9521 D a       : #DWIMS# resetToDefaultIME defaultIME: com.google.android.inputmethod.latin/com.android.inputmethod.latin.LatinIME
04-21 14:13:07.547  1495  2191 W ServiceManagerCppClient: Permission failure: android.permission.MEDIA_RESOURCE_OVERRIDE_PID from uid=10102 pid=9225
04-21 14:13:07.547  1495  2191 W ResourceManagerService: addResource called with untrusted pid 9529 or uid 10102, using calling pid 9225, uid 10102
04-21 14:13:07.548  9529  9560 D DWIMSHelper: #DWIMS-DW# resetToDefaultIME [Finish]
04-21 14:13:07.548  9225  9761 D MediaCodec: flushMediametrics
04-21 14:13:07.549  9225  9761 D CCodec  : [c2.android.vorbis.decoder] buffers are bound to CCodec for this session
04-21 14:13:07.549  9225  9761 D CCodecConfig: no c2 equivalents for durationUs
04-21 14:13:07.549  9225  9761 D CCodecConfig: no c2 equivalents for track-id
04-21 14:13:07.549  9225  9761 D CCodecConfig: no c2 equivalents for csd-1
04-21 14:13:07.549  9225  9761 D CCodecConfig: no c2 equivalents for language
04-21 14:13:07.549  9225  9761 D CCodecConfig: no c2 equivalents for file-format
04-21 14:13:07.549  9225  9761 D CCodecConfig: no c2 equivalents for flags
04-21 14:13:07.549  9225  9761 D CCodecConfig: config failed => CORRUPTED
04-21 14:13:07.549  9529  9560 D ScanningProfile: #DWProfile# ScanningProfile(com.ltrudu.rfid_sample_flutter, 30) [Start]
04-21 14:13:07.549  9225  9761 D CCodecConfig: c2 config diff is   c2::u32 coded.bitrate.value = 96000
04-21 14:13:07.550  9529  9560 D IRFIDReader: constructor
04-21 14:13:07.550  9225  9761 W Codec2Client: query -- param skipped: index = 1107298332.
04-21 14:13:07.550  9225  9761 D CCodec  : client requested max input size 8196, which is smaller than what component recommended (32768); overriding with component recommendation.
04-21 14:13:07.550  9225  9761 W CCodec  : This behavior is subject to change. It is recommended that app developers double check whether the requested max input size is in reasonable range.
04-21 14:13:07.550  9225  9761 D CCodec  : encoding statistics level = 0
04-21 14:13:07.550  9225  9761 D CCodec  : setup formats input: AMessage(what = 0x00000000) = {
04-21 14:13:07.550  9225  9761 D CCodec  :   int32_t bitrate = 96000
04-21 14:13:07.550  9225  9761 D CCodec  :   int32_t channel-count = 1
04-21 14:13:07.550  9225  9761 D CCodec  :   int32_t max-input-size = 32768
04-21 14:13:07.550  9225  9761 D CCodec  :   string mime = "audio/vorbis"
04-21 14:13:07.550  9225  9761 D CCodec  :   int32_t sample-rate = 48000
04-21 14:13:07.550  9225  9761 D CCodec  : }
04-21 14:13:07.550  9225  9761 D CCodec  : setup formats output: AMessage(what = 0x00000000) = {
04-21 14:13:07.550  9225  9761 D CCodec  :   int32_t channel-count = 1
04-21 14:13:07.550  9225  9761 D CCodec  :   string mime = "audio/raw"
04-21 14:13:07.550  9225  9761 D CCodec  :   int32_t sample-rate = 48000
04-21 14:13:07.550  9225  9761 D CCodec  :   int32_t android._config-pcm-encoding = 2
04-21 14:13:07.550  9225  9761 D CCodec  : }
04-21 14:13:07.550  9529  9560 E protocol val is: ASCII
04-21 14:13:07.550  9225  9761 I CCodecConfig: query failed after returning 7 values (BAD_INDEX)
04-21 14:13:07.551  9225  9761 W Codec2Client: query -- param skipped: index = 1342179345.
04-21 14:13:07.551  9225  9761 W Codec2Client: query -- param skipped: index = 2415921170.
04-21 14:13:07.551  9225  9761 D C2Store : Using ION
04-21 14:13:07.553  9225  9761 D CCodecBufferChannel: [c2.android.vorbis.decoder#109] Created input block pool with allocatorID 16 => poolID 17 - OK (0)
04-21 14:13:07.554  9225  9761 I CCodecBufferChannel: [c2.android.vorbis.decoder#109] Created output block pool with allocatorID 16 => poolID 38 - OK
04-21 14:13:07.554  9225  9761 D CCodecBufferChannel: [c2.android.vorbis.decoder#109] Configured output block pool ids 38 => OK
04-21 14:13:07.555  9225  9761 D CCodecBufferChannel: [c2.android.vorbis.decoder#109] start: updating output delay 0
04-21 14:13:07.556  1561  9765 D SimpleC2Component: Using output block pool with poolID 38 => got 38 - 0
04-21 14:13:07.558  1492  2206 D MediaBufferGroup: creating MemoryDealer
04-21 14:13:07.568  9225  9761 D CCodecBufferChannel: [c2.android.vorbis.decoder#109] MediaCodec discarded an unknown buffer
04-21 14:13:07.569  9225  9761 I hw-BpHwBinder: onLastStrongRef automatically unlinking death recipients
04-21 14:13:07.570  1561  1814 I hw-BpHwBinder: onLastStrongRef automatically unlinking death recipients
04-21 14:13:07.570  1561  1814 I hw-BpHwBinder: onLastStrongRef automatically unlinking death recipients
04-21 14:13:07.571  1495  2191 W ServiceManagerCppClient: Permission failure: android.permission.MEDIA_RESOURCE_OVERRIDE_PID from uid=10102 pid=9225
04-21 14:13:07.571  1495  2191 W ResourceManagerService: removeResource called with untrusted pid 9529, using calling pid 9225
04-21 14:13:07.572  1495  2191 W ServiceManagerCppClient: Permission failure: android.permission.MEDIA_RESOURCE_OVERRIDE_PID from uid=10102 pid=9225
04-21 14:13:07.572  1495  2191 W ResourceManagerService: removeResource called with untrusted pid 9529, using calling pid 9225
04-21 14:13:07.572  9225  9357 D MediaCodec: flushMediametrics
04-21 14:13:07.574  9225  9357 I ScannerFramework: [AudioFormatConverter::LoadFile] Sample rate: 48000
04-21 14:13:07.574  9225  9357 I ScannerFramework: [AudioFormatConverter::LoadFile] Channels: 1
04-21 14:13:07.574  9225  9357 I ScannerFramework: [AudioFormatConverter::LoadFile] Size: 2734
04-21 14:13:07.574  9225  9357 I ScannerFramework: Audio File size 2734
04-21 14:13:07.574  9225  9357 I ScannerFramework: Set Stream Type to OBOE_USAGE_NOTIFICATION
04-21 14:13:07.574  9225  9357 I ScannerFramework: [PlayAudioEngine::CreatePlaybackStream] Value of audioapi 1
04-21 14:13:07.574  9225  9357 I ScannerFramework: [PlayAudioEngine::CreatePlaybackStream] Value of iExternalHeadset 0
04-21 14:13:07.574  9225  9357 I ScannerFramework: Setting AudioAPI to OpenSLES
04-21 14:13:07.574  9225  9357 I ScannerFramework: PlayAudioEngine::setChannelCount()
04-21 14:13:07.574  9225  9357 I ScannerFramework: Direction: 0, Format: 2, Sample Rate: 48000, Channel Count: 1, Usage: 5, Audio API: 1, Sharing Mode: 0, Performance Mode: 12
04-21 14:13:07.574  9225  9357 I OboeAudio: openStreamInternal() OUTPUT -------- OboeVersion1.9.2 --------
04-21 14:13:07.576  9225  9357 W OboeAudio: SharingMode [AudioStreamBuilder::setSharingMode()] is not supported on OpenSLES streams.
04-21 14:13:07.576  9225  9357 I OboeAudio: AudioStreamOpenSLES::open() chans=1, rate=48000
04-21 14:13:07.580  9225  9357 D dge:zdcpservice: PlayerBase::PlayerBase()
04-21 14:13:07.581  9225  9357 D dge:zdcpservice: TrackPlayerBase::TrackPlayerBase()
04-21 14:13:07.581  9225  9357 I libOpenSLES: Emulating old channel mask behavior (ignoring positional mask 0x4, using default mask 0x1 based on channel count of 1)
04-21 14:13:07.586  1252  3079 W AudioFlinger: createTrack uid 10102 pid 9225 tried to pass itself off as pid 9529
04-21 14:13:07.589  1060  1202 D audio_hw_primary: adev_get_parameters:vr_audio_mode_on
04-21 14:13:07.590  1252  3079 W AudioFlinger: createTrack_l(): mismatch between requested flags (00000104) and output flags (00000006)
04-21 14:13:07.590  1252  3079 D AudioFlinger: Client defaulted notificationFrames to 192 for frameCount 384
04-21 14:13:07.596  9225  9357 I AudioTrack: createTrack_l(0): AUDIO_OUTPUT_FLAG_FAST successful; frameCount 0 -> 384
04-21 14:13:07.601  9225  9357 W OboeAudio: Failed to setBufferSizeInFrames(384). Error was ErrorUnimplemented
04-21 14:13:07.601  9225  9357 I ScannerFramework: [PlayAudioEngine::PrintAudioStreamInfo] StreamID: 0xb40000748502d870
04-21 14:13:07.601  9225  9357 I ScannerFramework: [PlayAudioEngine::PrintAudioStreamInfo] BufferCapacity: 384
04-21 14:13:07.601  9225  9357 I ScannerFramework: [PlayAudioEngine::PrintAudioStreamInfo] BufferSize: 384
04-21 14:13:07.601  9225  9357 I ScannerFramework: [PlayAudioEngine::PrintAudioStreamInfo] FramesPerBurst: 192
04-21 14:13:07.601  9225  9357 I ScannerFramework: [PlayAudioEngine::PrintAudioStreamInfo] XRunCount: 0
04-21 14:13:07.601  9225  9357 I ScannerFramework: [PlayAudioEngine::PrintAudioStreamInfo] SampleRate: 48000
04-21 14:13:07.601  9225  9357 I ScannerFramework: [PlayAudioEngine::PrintAudioStreamInfo] SamplesPerFrame: 1
04-21 14:13:07.601  9225  9357 I ScannerFramework: [PlayAudioEngine::PrintAudioStreamInfo] DeviceId: 0
04-21 14:13:07.601  9225  9357 I ScannerFramework: [PlayAudioEngine::PrintAudioStreamInfo] AudioApi: 1
04-21 14:13:07.601  9225  9357 I ScannerFramework: [PlayAudioEngine::PrintAudioStreamInfo] Format: Float
04-21 14:13:07.601  9225  9357 I ScannerFramework: [PlayAudioEngine::PrintAudioStreamInfo] SharingMode: SHARED
04-21 14:13:07.601  9225  9357 I ScannerFramework: [PlayAudioEngine::PrintAudioStreamInfo] PerformanceMode: LOW_LATENCY
04-21 14:13:07.601  9225  9357 I ScannerFramework: [PlayAudioEngine::PrintAudioStreamInfo] Direction: OUTPUT
04-21 14:13:07.615  9225  9357 I ScannerFramework: DIGIMARC [DigimarkCWrapper::Init] g_mScannerEngine : se4710_cam_builtin g_bInitDone = 1
04-21 14:13:07.616  9225  9357 I ScannerFramework: [Scanner::ReadSubmitEx] - '0'
04-21 14:13:07.617  9529  9593 I DataWedge-ScannerProxyHandler: #DW-SF# Submit Read with callback EX [Finish]
04-21 14:13:07.618  9529  9567 D BroadcastHelper: Sending broadcast to handler com.symbol.datawedge.scanner_status
04-21 14:13:07.619  9529  9592 D BroadcastHelper: Sending broadcast intent com.symbol.datawedge.scanner_status
04-21 14:13:07.619  9529  9592 D DWHelper: getHelper
04-21 14:13:07.619  9529  9567 I DWScanner: #DW-SF# Scan status changed from SCAN_STATUS_ENABLED to SCAN_STATUS_WAITFORTRIGGER
04-21 14:13:07.619  9529  9567 D BroadcastHelper: Sending broadcast to handler com.symbol.datawedge.scanner_status
04-21 14:13:07.624  9529  9592 D BroadcastHelper: Broadcast intent finished com.symbol.datawedge.scanner_status
04-21 14:13:07.624  9529  9592 D BroadcastHelper: Sending broadcast intent com.symbol.datawedge.scanner_status
04-21 14:13:07.624  9529  9592 D DWHelper: getHelper
04-21 14:13:07.627  9529  9592 D BroadcastHelper: Broadcast intent finished com.symbol.datawedge.scanner_status
04-21 14:13:07.909  7732  7732 D yc.zL   : Received battery event
04-21 14:13:07.909  7732  7732 D yc.zL   : BatteryFactory event action = android.intent.action.BATTERY_CHANGED
04-21 14:13:08.061  9529  9560 D KeystrokePlugin: #DWProfile# Loading keystroke plugin for Profile: 30
04-21 14:13:08.061  9529  9560 D KeystrokePlugin: #DWProfile# Loading keystroke params for Profile: 30 [Start]
04-21 14:13:08.062  9529  9560 D Utils   : getDefaultKeyboardHeight: attempt=1, screenHeightPx=2016, calculatedKeyboardHeightPx=787
04-21 14:13:08.062  9529  9560 I Utils   : getDefaultKeyboardHeight: Calculation succeeded, returning 100
04-21 14:13:08.064  9529  9560 D KeystrokePlugin: #DWProfile# Loading keystroke params for Profile: 30, enabled: true [Finish]
04-21 14:13:08.068  9529  9560 D ScanningProfile: #DWProfile# ScanningProfile(com.ltrudu.rfid_sample_flutter, 30) [Finish] took 526 ms
04-21 14:13:08.068  9529  9560 D ActivityTracker: updateCurrentProfile loadActiveProfile
04-21 14:13:08.068  9529  9560 D ActivityTracker: updating current profile: id: 30, name: com.ltrudu.rfid_sample_flutter
04-21 14:13:08.068  9529  9560 D ActivityTracker: disableCurrentProfile next profile enabled
04-21 14:13:08.068  9529  9560 D ScanningProfile: #DWProfile# Disable profile com.ltrudu.rfid_sample_flutter [Start]
04-21 14:13:08.068  9529  9560 D DWIMSHelper: resetIMS()
04-21 14:13:08.069  9529  9560 D DWHelper: getHelper
04-21 14:13:08.069  2411  9521 D a       : getIMSHelper
04-21 14:13:08.075  2411  9521 D g       : resetIMS()
04-21 14:13:08.079  9225  9357 I ScannerFramework: [Scanner::IsReadSubmitted] 'IsReadSubmitted' called, Calling process pid '9529', Scanner type '0'
04-21 14:13:08.079  9225  9357 I ScannerFramework: [Scanner::IsReadSubmitted] - '0'
04-21 14:13:08.080  9529  9593 I DataWedge-ScannerProxyHandler: #DW-SF# Cancel Read [Start]
04-21 14:13:08.080  9225  9357 I ScannerFramework: [Scanner::IsReadSubmitted] 'IsReadSubmitted' called, Calling process pid '9529', Scanner type '0'
04-21 14:13:08.080  9225  9357 I ScannerFramework: [Scanner::IsReadSubmitted] - '0'
04-21 14:13:08.081  9225  9357 I ScannerFramework: [Scanner::ClearReadSubmit] 'ClearReadSubmit' called, Calling process pid '9529', Scanner type '0'
04-21 14:13:08.081  9225  9357 I ScannerFramework: [StateMachine::MoveState] Transition from state 'ReadSubmitted' to 'Enabled' for pid -1
04-21 14:13:08.081  9225  9357 I ScannerFramework: [StateMachine::MoveState] Transition from state 'ReadSubmitted' to 'Enabled' for pid 9529
04-21 14:13:08.081  9225  9357 I ScannerFramework: [Scanner::ClearReadSubmit] - '0'
04-21 14:13:08.081  9529  9593 I DataWedge-ScannerProxyHandler: #DW-SF# Cancel Read [Finish]
04-21 14:13:08.082  9529  9593 I DataWedge-ScannerProxyHandler: #DW-SF# Disable Scanner [Start]
04-21 14:13:08.082  9225  9357 I ScannerFramework: [Scanner::IsReadSubmitted] 'IsReadSubmitted' called, Calling process pid '9529', Scanner type '0'
04-21 14:13:08.082  9225  9357 I ScannerFramework: [Scanner::IsReadSubmitted] - '1'
04-21 14:13:08.082  9225  9357 I ScannerFramework: [Scanner::ScannerDisable] 'ScannerDisable' called, Calling process pid '9529', Scanner type '0'
04-21 14:13:08.083  1212  8961 I ScannerFramework: [ImagerAdapter::v4l2_dealloc_ionbuffers] Unmapping mVideoInfo->bufferPtr 0x6eab43e000
04-21 14:13:08.083  1212  8961 I ScannerFramework: [ImagerAdapter::v4l2_dealloc_ionbuffers] Closing dma_fd  14
04-21 14:13:08.084  1212  8961 I ScannerFramework: [ImagerAdapter::v4l2_dealloc_ionbuffers] closing client_ion_handle  13
04-21 14:13:08.084  1212  8961 I ScannerFramework: [ImagerAdapter::v4l2_dealloc_ionbuffers] Unmapping mVideoInfo->bufferPtr 0x6eab334000
04-21 14:13:08.084  1212  8961 I ScannerFramework: [ImagerAdapter::v4l2_dealloc_ionbuffers] Closing dma_fd  16
04-21 14:13:08.084  1212  8961 I ScannerFramework: [ImagerAdapter::v4l2_dealloc_ionbuffers] closing client_ion_handle  15
04-21 14:13:08.084  1212  8961 I ScannerFramework: [ImagerAdapter::v4l2_dealloc_ionbuffers] Unmapping mVideoInfo->bufferPtr 0x6eab22a000
04-21 14:13:08.084  1212  8961 I ScannerFramework: [ImagerAdapter::v4l2_dealloc_ionbuffers] Closing dma_fd  18
04-21 14:13:08.084  1212  8961 I ScannerFramework: [ImagerAdapter::v4l2_dealloc_ionbuffers] closing client_ion_handle  17
04-21 14:13:08.084  1212  8961 I ScannerFramework: [ImagerAdapter::v4l2_dealloc_ionbuffers] Unmapping mVideoInfo->bufferPtr 0x6eab120000
04-21 14:13:08.084  1212  8961 I ScannerFramework: [ImagerAdapter::v4l2_dealloc_ionbuffers] Closing dma_fd  1a
04-21 14:13:08.084  1212  8961 I ScannerFramework: [ImagerAdapter::v4l2_dealloc_ionbuffers] closing client_ion_handle  19
04-21 14:13:08.084  1212  8961 I ScannerFramework: [ImagerAdapter::v4l2_dealloc_ionbuffers] Unmapping mVideoInfo->bufferPtr 0x6eab016000
04-21 14:13:08.084  1212  8961 I ScannerFramework: [ImagerAdapter::v4l2_dealloc_ionbuffers] Closing dma_fd  1c
04-21 14:13:08.084  1212  8961 I ScannerFramework: [ImagerAdapter::v4l2_dealloc_ionbuffers] closing client_ion_handle  1b
04-21 14:13:08.084  1212  8961 I ScannerFramework: [ImagerAdapter::v4l2_dealloc_ionbuffers] Unmapping mVideoInfo->bufferPtr 0x6eaaf0c000
04-21 14:13:08.084  1212  8961 I ScannerFramework: [ImagerAdapter::v4l2_dealloc_ionbuffers] Closing dma_fd  1e
04-21 14:13:08.084  1212  8961 I ScannerFramework: [ImagerAdapter::v4l2_dealloc_ionbuffers] closing client_ion_handle  1d
04-21 14:13:08.084  1212  8961 I ScannerFramework: [ImagerAdapter::v4l2_dealloc_ionbuffers] Unmapping mVideoInfo->bufferPtr 0x6eaae02000
04-21 14:13:08.085  1212  8961 I ScannerFramework: [ImagerAdapter::v4l2_dealloc_ionbuffers] Closing dma_fd  20
04-21 14:13:08.085  1212  8961 I ScannerFramework: [ImagerAdapter::v4l2_dealloc_ionbuffers] closing client_ion_handle  1f
04-21 14:13:08.085  1212  8961 I ScannerFramework: [ImagerAdapter::v4l2_dealloc_ionbuffers] Unmapping mVideoInfo->bufferPtr 0x6eaacf8000
04-21 14:13:08.085  1212  8961 I ScannerFramework: [ImagerAdapter::v4l2_dealloc_ionbuffers] Closing dma_fd  22
04-21 14:13:08.085  1212  8961 I ScannerFramework: [ImagerAdapter::v4l2_dealloc_ionbuffers] closing client_ion_handle  21
04-21 14:13:08.086  9225  9357 I ScannerFramework: [ImagerControlProxy::Deinit]
04-21 14:13:08.088  9225  9357 I ScannerFramework: [ImagerControlProxy::unloadImagerControl] closed imagerControl library
04-21 14:13:08.088  1212  8961 I ScannerFramework-HIDL: Imager::CloseImager+
04-21 14:13:08.088  1212  8961 I ScannerFramework-HIDL: [ImagerNode::closeImagerNode] mRefCount = 2 and ImagerHandle = 13
04-21 14:13:08.088  1212  8961 I ScannerFramework-HIDL: Imager::CloseImager-
04-21 14:13:08.088  9225  9357 I ScannerFramework: [V4L2ImagerAdapterHIDLProxy::disAssociateImagerAdapterHIDL] disconnected Adapter HIDL
04-21 14:13:08.088  9225  9357 I ScannerFramework: [ImagerHIDLProxy::disAssociateImagerHIDL] disconnected Imager HIDL
04-21 14:13:08.089  9225  9357 I ScannerFramework: [ImagerControlHIDLProxy::disAssociateImagerControlHIDL] Calling close imager
04-21 14:13:08.089  1212  8961 I ScannerFramework-HIDL: Imager::CloseImager+
04-21 14:13:08.089  1212  8961 I ScannerFramework-HIDL: [ImagerNode::closeImagerNode] mRefCount = 1 and ImagerHandle = 13
04-21 14:13:08.089  1212  8961 I ScannerFramework-HIDL: [ImagerNode::closeImagerNode] Closing ImagerNode (Power down) mRefCount = 0 and ImagerHandle = 13
04-21 14:13:08.098  1212  8961 I ScannerFramework-HIDL: Imager::CloseImager-
04-21 14:13:08.098  9225  9357 I ScannerFramework: [ImagerControlHIDLProxy::disAssociateImagerControlHIDL] disconnected Control HIDL
04-21 14:13:08.100  9225  9357 I ScannerFramework: [ImagerHIDLProxy::disAssociateImagerHIDL] disconnected Imager HIDL
04-21 14:13:08.100  9225  9357 I ScannerFramework: [FeedbackLoader::ReleaseResources] release SW Audio resources
04-21 14:13:08.100  9225  9357 I ScannerFramework: [OboeAudioFeedback::ReleaseResources] ++
04-21 14:13:08.100  9225  9357 I ScannerFramework: [PlayAudioEngine::ReleaseResources] 
04-21 14:13:08.100  9225  9357 I ScannerFramework: [PlayAudioEngine::StopStream]++ 
04-21 14:13:08.101  9225  9357 I ScannerFramework: [PlayAudioEngine::StopStream]-- 
04-21 14:13:08.101  9225  9357 D dge:zdcpservice: PlayerBase::pause() from IPlayer
04-21 14:13:08.115  9225  9357 I ScannerFramework: [OboeAudioFeedback::ReleaseResources] Exit
04-21 14:13:08.115  9225  9357 I ScannerFramework: [StateMachine::MoveState] Transition from state 'Enabled' to 'Disabled' for pid -1
04-21 14:13:08.115  9225  9357 I ScannerFramework: [StateMachine::MoveState] Transition from state 'Enabled' to 'Disabled' for pid 9529
04-21 14:13:08.116  9225  9357 W ScannerFramework: [StateMachine::MoveState] Transition from state 'Disabled' to 'Disabled' is invalid
04-21 14:13:08.118  1252  3079 D audioserver: FGS Logger Transaction failed
04-21 14:13:08.118  1252  3079 D audioserver: -129
04-21 14:13:08.130  9225  9369 I ScannerFramework: ISS [HW Trigger] DCHWManager Died
04-21 14:13:08.130  9225  9357 F HidlStatus: Status.cpp:123] Attempted to retrieve value from failed HIDL call: Status(EX_TRANSACTION_FAILED): 'DEAD_OBJECT: '
04-21 14:13:08.273  9225  9357 F dge:zdcpservice: runtime.cc:691] Runtime aborting...
04-21 14:13:08.273  9225  9357 F dge:zdcpservice: runtime.cc:691] Dumping all threads without mutator lock held
04-21 14:13:08.273  9225  9357 F dge:zdcpservice: runtime.cc:691] All threads:
04-21 14:13:08.273  9225  9357 F dge:zdcpservice: runtime.cc:691] DALVIK THREADS (22):
04-21 14:13:08.273  9225  9357 F dge:zdcpservice: runtime.cc:691] "main" prio=5 tid=1 Native
04-21 14:13:08.273  9225  9357 F dge:zdcpservice: runtime.cc:691]   | group="" sCount=1 ucsCount=0 flags=1 obj=0x7276ef88 self=0xb400007365016f50
04-21 14:13:08.273  9225  9357 F dge:zdcpservice: runtime.cc:691]   | sysTid=9225 nice=0 cgrp=foreground sched=0/0 handle=0x754d7894f8
04-21 14:13:08.273  9225  9357 F dge:zdcpservice: runtime.cc:691]   | state=S schedstat=( 84605359 99865938 135 ) utm=3 stm=4 core=2 HZ=100
04-21 14:13:08.273  9225  9357 F dge:zdcpservice: runtime.cc:691]   | stack=0x7fd9232000-0x7fd9234000 stackSize=8188KB
04-21 14:13:08.273  9225  9357 F dge:zdcpservice: runtime.cc:691]   | held mutexes=
04-21 14:13:08.273  9225  9357 F dge:zdcpservice: runtime.cc:691]   native: #00 pc 000afb7c  /apex/com.android.runtime/lib64/bionic/libc.so (__epoll_pwait+12) (BuildId: 50118287324a156bc7be11d3d940c7be)
04-21 14:13:08.273  9225  9357 F dge:zdcpservice: runtime.cc:691]   native: #01 pc 00018748  /system/lib64/libutils.so (android::Looper::pollInner+192) (BuildId: 6df8048e2f2c69be0a5d8ee3149d683d)
04-21 14:13:08.273  9225  9357 F dge:zdcpservice: runtime.cc:691]   native: #02 pc 00018624  /system/lib64/libutils.so (android::Looper::pollOnce+124) (BuildId: 6df8048e2f2c69be0a5d8ee3149d683d)
04-21 14:13:08.273  9225  9357 F dge:zdcpservice: runtime.cc:691]   native: #03 pc 0018807c  /system/lib64/libandroid_runtime.so (android::android_os_MessageQueue_nativePollOnce+48) (BuildId: 59c5fe7527d72f9a9f11ef314d7ae0e1)
04-21 14:13:08.273  9225  9357 F dge:zdcpservice: runtime.cc:691]   at android.os.MessageQueue.nativePollOnce(Native method)
04-21 14:13:08.273  9225  9357 F dge:zdcpservice: runtime.cc:691]   at android.os.MessageQueue.next(MessageQueue.java:335)
04-21 14:13:08.273  9225  9357 F dge:zdcpservice: runtime.cc:691]   at android.os.Looper.loopOnce(Looper.java:162)
04-21 14:13:08.273  9225  9357 F dge:zdcpservice: runtime.cc:691]   at android.os.Looper.loop(Looper.java:294)
04-21 14:13:08.273  9225  9357 F dge:zdcpservice: runtime.cc:691]   at android.app.ActivityThread.main(ActivityThread.java:8223)
04-21 14:13:08.273  9225  9357 F dge:zdcpservice: runtime.cc:691]   at java.lang.reflect.Method.invoke(Native method)
04-21 14:13:08.273  9225  9357 F dge:zdcpservice: runtime.cc:691]   at com.android.internal.os.RuntimeInit$MethodAndArgsCaller.run(RuntimeInit.java:552)
04-21 14:13:08.273  9225  9357 F dge:zdcpservice: runtime.cc:691]   at com.android.internal.os.ZygoteInit.main(ZygoteInit.java:977)
04-21 14:13:08.273  9225  9357 F dge:zdcpservice: runtime.cc:691] 
04-21 14:13:08.273  9225  9357 F dge:zdcpservice: runtime.cc:691] "Timer-1" prio=5 tid=2 TimedWaiting
04-21 14:13:08.273  9225  9357 F dge:zdcpservice: runtime.cc:691]   | group="" sCount=1 ucsCount=0 flags=1 obj=0x13cc1118 self=0xb400007365061b40
04-21 14:13:08.273  9225  9357 F dge:zdcpservice: runtime.cc:691]   | sysTid=9470 nice=0 cgrp=foreground sched=0/0 handle=0x721a069cb0
04-21 14:13:08.273  9225  9357 F dge:zdcpservice: runtime.cc:691]   | state=S schedstat=( 255469 0 2 ) utm=0 stm=0 core=2 HZ=100
04-21 14:13:08.273  9225  9357 F dge:zdcpservice: runtime.cc:691]   | stack=0x7219f66000-0x7219f68000 stackSize=1039KB
04-21 14:13:08.273  9225  9357 F dge:zdcpservice: runtime.cc:691]   | held mutexes=
04-21 14:13:08.273  9225  9357 F dge:zdcpservice: runtime.cc:691]   native: #00 pc 00057844  /apex/com.android.runtime/lib64/bionic/libc.so (syscall+36) (BuildId: 50118287324a156bc7be11d3d940c7be)
04-21 14:13:08.273  9225  9357 F dge:zdcpservice: runtime.cc:691]   native: #01 pc 0028989c  /apex/com.android.art/lib64/libart.so (art::ConditionVariable::TimedWait+252) (BuildId: ddcc440d4609d2099db9d20895487a78)
04-21 14:13:08.273  9225  9357 F dge:zdcpservice: runtime.cc:691]   native: #02 pc 00287c70  /apex/com.android.art/lib64/libart.so (art::Monitor::Wait+1024) (BuildId: ddcc440d4609d2099db9d20895487a78)
04-21 14:13:08.273  9225  9357 F dge:zdcpservice: runtime.cc:691]   at java.lang.Object.wait(Native method)
04-21 14:13:08.273  9225  9357 F dge:zdcpservice: runtime.cc:691]   - waiting on <0x08173d58> (a java.util.TaskQueue)
04-21 14:13:08.273  9225  9357 F dge:zdcpservice: runtime.cc:691]   at java.lang.Object.wait(Object.java:386)
04-21 14:13:08.273  9225  9357 F dge:zdcpservice: runtime.cc:691]   at java.util.TimerThread.mainLoop(Timer.java:560)
04-21 14:13:08.273  9225  9357 F dge:zdcpservice: runtime.cc:691]   - locked <0x08173d58> (a java.util.TaskQueue)
04-21 14:13:08.273  9225  9357 F dge:zdcpservice: runtime.cc:691]   at java.util.TimerThread.run(Timer.java:513)
04-21 14:13:08.273  9225  9357 F dge:zdcpservice: runtime.cc:691] 
04-21 14:13:08.273  9225  9357 F dge:zdcpservice: runtime.cc:691] "ReferenceQueueDaemon" prio=5 tid=12 Waiting
04-21 14:13:08.273  9225  9357 F dge:zdcpservice: runtime.cc:691]   | group="" sCount=1 ucsCount=0 flags=1 obj=0x13cc03c8 self=0xb400007365015380
04-21 14:13:08.273  9225  9357 F dge:zdcpservice: runtime.cc:691]   | sysTid=9236 nice=4 cgrp=foreground sched=0/0 handle=0x7218d5bcb0
04-21 14:13:08.273  9225  9357 F dge:zdcpservice: runtime.cc:691]   | state=S schedstat=( 1955470 7480990 6 ) utm=0 stm=0 core=1 HZ=100
04-21 14:13:08.273  9225  9357 F dge:zdcpservice: runtime.cc:691]   | stack=0x7218c58000-0x7218c5a000 stackSize=1039KB
04-21 14:13:08.273  9225  9357 F dge:zdcpservice: runtime.cc:691]   | held mutexes=
04-21 14:13:08.273  9225  9357 F dge:zdcpservice: runtime.cc:691]   native: #00 pc 00057840  /apex/com.android.runtime/lib64/bionic/libc.so (syscall+32) (BuildId: 50118287324a156bc7be11d3d940c7be)
04-21 14:13:08.273  9225  9357 F dge:zdcpservice: runtime.cc:691]   native: #01 pc 0023247c  /apex/com.android.art/lib64/libart.so (art::ConditionVariable::WaitHoldingLocks+140) (BuildId: ddcc440d4609d2099db9d20895487a78)
04-21 14:13:08.273  9225  9357 F dge:zdcpservice: runtime.cc:691]   native: #02 pc 00289058  /apex/com.android.art/lib64/libart.so (art::Monitor::Wait+6120) (BuildId: ddcc440d4609d2099db9d20895487a78)
04-21 14:13:08.273  9225  9357 F dge:zdcpservice: runtime.cc:691]   at java.lang.Object.wait(Native method)
04-21 14:13:08.273  9225  9357 F dge:zdcpservice: runtime.cc:691]   - waiting on <0x0e98266c> (a java.lang.Class<java.lang.ref.ReferenceQueue>)
04-21 14:13:08.273  9225  9357 F dge:zdcpservice: runtime.cc:691]   at java.lang.Object.wait(Object.java:386)
04-21 14:13:08.273  9225  9357 F dge:zdcpservice: runtime.cc:691]   at java.lang.Object.wait(Object.java:524)
04-21 14:13:08.273  9225  9357 F dge:zdcpservice: runtime.cc:691]   at java.lang.Daemons$ReferenceQueueDaemon.runInternal(Daemons.java:239)
04-21 14:13:08.273  9225  9357 F dge:zdcpservice: runtime.cc:691]   - locked <0x0e98266c> (a java.lang.Class<java.lang.ref.ReferenceQueue>)
04-21 14:13:08.273  9225  9357 F dge:zdcpservice: runtime.cc:691]   at java.lang.Daemons$Daemon.run(Daemons.java:145)
04-21 14:13:08.273  9225  9357 F dge:zdcpservice: runtime.cc:691]   at java.lang.Thread.run(Thread.java:1012)
04-21 14:13:08.273  9225  9357 F dge:zdcpservice: runtime.cc:691] 
04-21 14:13:08.273  9225  9357 F dge:zdcpservice: runtime.cc:691] "FinalizerDaemon" prio=5 tid=13 Waiting
04-21 14:13:08.273  9225  9357 F dge:zdcpservice: runtime.cc:691]   | group="" sCount=1 ucsCount=0 flags=1 obj=0x13cc0440 self=0xb40000736501fa60
04-21 14:13:08.273  9225  9357 F dge:zdcpservice: runtime.cc:691]   | sysTid=9237 nice=4 cgrp=foreground sched=0/0 handle=0x7218c51cb0
04-21 14:13:08.273  9225  9357 F dge:zdcpservice: runtime.cc:691]   | state=S schedstat=( 8410364 5514843 7 ) utm=0 stm=0 core=2 HZ=100
04-21 14:13:08.273  9225  9357 F dge:zdcpservice: runtime.cc:691]   | stack=0x7218b4e000-0x7218b50000 stackSize=1039KB
04-21 14:13:08.273  9225  9357 F dge:zdcpservice: runtime.cc:691]   | held mutexes=
04-21 14:13:08.273  9225  9357 F dge:zdcpservice: runtime.cc:691]   native: #00 pc 00057840  /apex/com.android.runtime/lib64/bionic/libc.so (syscall+32) (BuildId: 50118287324a156bc7be11d3d940c7be)
04-21 14:13:08.273  9225  9357 F dge:zdcpservice: runtime.cc:691]   native: #01 pc 0023247c  /apex/com.android.art/lib64/libart.so (art::ConditionVariable::WaitHoldingLocks+140) (BuildId: ddcc440d4609d2099db9d20895487a78)
04-21 14:13:08.273  9225  9357 F dge:zdcpservice: runtime.cc:691]   native: #02 pc 00289058  /apex/com.android.art/lib64/libart.so (art::Monitor::Wait+6120) (BuildId: ddcc440d4609d2099db9d20895487a78)
04-21 14:13:08.273  9225  9357 F dge:zdcpservice: runtime.cc:691]   at java.lang.Object.wait(Native method)
04-21 14:13:08.273  9225  9357 F dge:zdcpservice: runtime.cc:691]   - waiting on <0x06057435> (a java.lang.Object)
04-21 14:13:08.273  9225  9357 F dge:zdcpservice: runtime.cc:691]   at java.lang.Object.wait(Object.java:386)
04-21 14:13:08.273  9225  9357 F dge:zdcpservice: runtime.cc:691]   at java.lang.ref.ReferenceQueue.remove(ReferenceQueue.java:210)
04-21 14:13:08.273  9225  9357 F dge:zdcpservice: runtime.cc:691]   - locked <0x06057435> (a java.lang.Object)
04-21 14:13:08.273  9225  9357 F dge:zdcpservice: runtime.cc:691]   at java.lang.ref.ReferenceQueue.remove(ReferenceQueue.java:231)
04-21 14:13:08.273  9225  9357 F dge:zdcpservice: runtime.cc:691]   at java.lang.Daemons$FinalizerDaemon.runInternal(Daemons.java:309)
04-21 14:13:08.273  9225  9357 F dge:zdcpservice: runtime.cc:691]   at java.lang.Daemons$Daemon.run(Daemons.java:145)
04-21 14:13:08.273  9225  9357 F dge:zdcpservice: runtime.cc:691]   at java.lang.Thread.run(Thread.java:1012)
04-21 14:13:08.273  9225  9357 F dge:zdcpservice: runtime.cc:691] 
04-21 14:13:08.273  9225  9357 F dge:zdcpservice: runtime.cc:691] "FinalizerWatchdogDaemon" prio=5 tid=14 Waiting
04-21 14:13:08.273  9225  9357 F dge:zdcpservice: runtime.cc:691]   | group="" sCount=1 ucsCount=0 flags=1 obj=0x13cc04b8 self=0xb400007365028570
04-21 14:13:08.273  9225  9357 F dge:zdcpservice: runtime.cc:691]   | sysTid=9238 nice=4 cgrp=foreground sched=0/0 handle=0x7218b47cb0
04-21 14:13:08.273  9225  9357 F dge:zdcpservice: runtime.cc:691]   | state=S schedstat=( 1459530 6793022 12 ) utm=0 stm=0 core=0 HZ=100
04-21 14:13:08.273  9225  9357 F dge:zdcpservice: runtime.cc:691]   | stack=0x7218a44000-0x7218a46000 stackSize=1039KB
04-21 14:13:08.273  9225  9357 F dge:zdcpservice: runtime.cc:691]   | held mutexes=
04-21 14:13:08.273  9225  9357 F dge:zdcpservice: runtime.cc:691]   native: #00 pc 00057840  /apex/com.android.runtime/lib64/bionic/libc.so (syscall+32) (BuildId: 50118287324a156bc7be11d3d940c7be)
04-21 14:13:08.273  9225  9357 F dge:zdcpservice: runtime.cc:691]   native: #01 pc 0023247c  /apex/com.android.art/lib64/libart.so (art::ConditionVariable::WaitHoldingLocks+140) (BuildId: ddcc440d4609d2099db9d20895487a78)
04-21 14:13:08.273  9225  9357 F dge:zdcpservice: runtime.cc:691]   native: #02 pc 00289058  /apex/com.android.art/lib64/libart.so (art::Monitor::Wait+6120) (BuildId: ddcc440d4609d2099db9d20895487a78)
04-21 14:13:08.273  9225  9357 F dge:zdcpservice: runtime.cc:691]   at java.lang.Object.wait(Native method)
04-21 14:13:08.273  9225  9357 F dge:zdcpservice: runtime.cc:691]   - waiting on <0x0fb8d0ca> (a java.lang.Daemons$FinalizerWatchdogDaemon)
04-21 14:13:08.273  9225  9357 F dge:zdcpservice: runtime.cc:691]   at java.lang.Object.wait(Object.java:386)
04-21 14:13:08.273  9225  9357 F dge:zdcpservice: runtime.cc:691]   at java.lang.Object.wait(Object.java:524)
04-21 14:13:08.273  9225  9357 F dge:zdcpservice: runtime.cc:691]   at java.lang.Daemons$FinalizerWatchdogDaemon.sleepUntilNeeded(Daemons.java:428)
04-21 14:13:08.273  9225  9357 F dge:zdcpservice: runtime.cc:691]   - locked <0x0fb8d0ca> (a java.lang.Daemons$FinalizerWatchdogDaemon)
04-21 14:13:08.273  9225  9357 F dge:zdcpservice: runtime.cc:691]   at java.lang.Daemons$FinalizerWatchdogDaemon.runInternal(Daemons.java:408)
04-21 14:13:08.273  9225  9357 F dge:zdcpservice: runtime.cc:691]   at java.lang.Daemons$Daemon.run(Daemons.java:145)
04-21 14:13:08.273  9225  9357 F dge:zdcpservice: runtime.cc:691]   at java.lang.Thread.run(Thread.java:1012)
04-21 14:13:08.273  9225  9357 F dge:zdcpservice: runtime.cc:691] 
04-21 14:13:08.273  9225  9357 F dge:zdcpservice: runtime.cc:691] "Thread-3" prio=5 tid=16 Sleeping
04-21 14:13:08.273  9225  9357 F dge:zdcpservice: runtime.cc:691]   | group="" sCount=1 ucsCount=0 flags=1 obj=0x13cc05a8 self=0xb40000736504cd80
04-21 14:13:08.273  9225  9357 F dge:zdcpservice: runtime.cc:691]   | sysTid=9271 nice=0 cgrp=foreground sched=0/0 handle=0x722a84ccb0
04-21 14:13:08.273  9225  9357 F dge:zdcpservice: runtime.cc:691]   | state=S schedstat=( 6939270 20726302 8 ) utm=0 stm=0 core=3 HZ=100
04-21 14:13:08.273  9225  9357 F dge:zdcpservice: runtime.cc:691]   | stack=0x722a749000-0x722a74b000 stackSize=1039KB
04-21 14:13:08.273  9225  9357 F dge:zdcpservice: runtime.cc:691]   | held mutexes=
04-21 14:13:08.273  9225  9357 F dge:zdcpservice: runtime.cc:691]   native: #00 pc 00057844  /apex/com.android.runtime/lib64/bionic/libc.so (syscall+36) (BuildId: 50118287324a156bc7be11d3d940c7be)
04-21 14:13:08.273  9225  9357 F dge:zdcpservice: runtime.cc:691]   native: #01 pc 0028989c  /apex/com.android.art/lib64/libart.so (art::ConditionVariable::TimedWait+252) (BuildId: ddcc440d4609d2099db9d20895487a78)
04-21 14:13:08.273  9225  9357 F dge:zdcpservice: runtime.cc:691]   native: #02 pc 00287c70  /apex/com.android.art/lib64/libart.so (art::Monitor::Wait+1024) (BuildId: ddcc440d4609d2099db9d20895487a78)
04-21 14:13:08.273  9225  9357 F dge:zdcpservice: runtime.cc:691]   at java.lang.Thread.sleep(Native method)
04-21 14:13:08.273  9225  9357 F dge:zdcpservice: runtime.cc:691]   - sleeping on <0x078aa23b> (a java.lang.Object)
04-21 14:13:08.273  9225  9357 F dge:zdcpservice: runtime.cc:691]   at java.lang.Thread.sleep(Thread.java:450)
04-21 14:13:08.273  9225  9357 F dge:zdcpservice: runtime.cc:691]   - locked <0x078aa23b> (a java.lang.Object)
04-21 14:13:08.273  9225  9357 F dge:zdcpservice: runtime.cc:691]   at java.lang.Thread.sleep(Thread.java:355)
04-21 14:13:08.273  9225  9357 F dge:zdcpservice: runtime.cc:691]   at kp.yj.Zs(unavailable:101)
04-21 14:13:08.273  9225  9357 F dge:zdcpservice: runtime.cc:691]   at java.lang.reflect.Method.invoke(Native method)
04-21 14:13:08.273  9225  9357 F dge:zdcpservice: runtime.cc:691]   at kp.QA.Oa(unavailable:733)
04-21 14:13:08.273  9225  9357 F dge:zdcpservice: runtime.cc:691]   at kp.yj.Zs(unavailable:83)
04-21 14:13:08.273  9225  9357 F dge:zdcpservice: runtime.cc:691]   at java.lang.reflect.Method.invoke(Native method)
04-21 14:13:08.273  9225  9357 F dge:zdcpservice: runtime.cc:691]   at kp.Zg.oa(unavailable:52)
04-21 14:13:08.273  9225  9357 F dge:zdcpservice: runtime.cc:691]   at kp.Zg.run(unavailable:0)
04-21 14:13:08.273  9225  9357 F dge:zdcpservice: runtime.cc:691] 
04-21 14:13:08.273  9225  9357 F dge:zdcpservice: runtime.cc:691] "Signal Catcher" prio=10 tid=3 WaitingInMainSignalCatcherLoop
04-21 14:13:08.273  9225  9357 F dge:zdcpservice: runtime.cc:691]   | group="" sCount=1 ucsCount=0 flags=1 obj=0x13cc01c8 self=0xb40000736501c2c0
04-21 14:13:08.273  9225  9357 F dge:zdcpservice: runtime.cc:691]   | sysTid=9232 nice=-20 cgrp=foreground sched=0/0 handle=0x721a167cb0
04-21 14:13:08.273  9225  9357 F dge:zdcpservice: runtime.cc:691]   | state=S schedstat=( 105468 3479375 2 ) utm=0 stm=0 core=5 HZ=100
04-21 14:13:08.273  9225  9357 F dge:zdcpservice: runtime.cc:691]   | stack=0x721a070000-0x721a072000 stackSize=991KB
04-21 14:13:08.273  9225  9357 F dge:zdcpservice: runtime.cc:691]   | held mutexes=
04-21 14:13:08.273  9225  9357 F dge:zdcpservice: runtime.cc:691]   native: #00 pc 000af59c  /apex/com.android.runtime/lib64/bionic/libc.so (__rt_sigtimedwait+12) (BuildId: 50118287324a156bc7be11d3d940c7be)
04-21 14:13:08.273  9225  9357 F dge:zdcpservice: runtime.cc:691]   native: #01 pc 0006b4e0  /apex/com.android.runtime/lib64/bionic/libc.so (sigwait64+92) (BuildId: 50118287324a156bc7be11d3d940c7be)
04-21 14:13:08.273  9225  9357 F dge:zdcpservice: runtime.cc:691]   native: #02 pc 004c6a50  /apex/com.android.art/lib64/libart.so (art::SignalCatcher::WaitForSignal+108) (BuildId: ddcc440d4609d2099db9d20895487a78)
04-21 14:13:08.273  9225  9357 F dge:zdcpservice: runtime.cc:691]   native: #03 pc 004c6284  /apex/com.android.art/lib64/libart.so (art::SignalCatcher::Run+236) (BuildId: ddcc440d4609d2099db9d20895487a78)
04-21 14:13:08.273  9225  9357 F dge:zdcpservice: runtime.cc:691]   native: #04 pc 000c3644  /apex/com.android.runtime/lib64/bionic/libc.so (__pthread_start+208) (BuildId: 50118287324a156bc7be11d3d940c7be)
04-21 14:13:08.273  9225  9357 F dge:zdcpservice: runtime.cc:691]   native: #05 pc 0005cfa4  /apex/com.android.runtime/lib64/bionic/libc.so (__start_thread+68) (BuildId: 50118287324a156bc7be11d3d940c7be)
04-21 14:13:08.273  9225  9357 F dge:zdcpservice: runtime.cc:691]   (no managed stack frames)
04-21 14:13:08.273  9225  9357 F dge:zdcpservice: runtime.cc:691] 
04-21 14:13:08.273  9225  9357 F dge:zdcpservice: runtime.cc:691] "binder:9225_5" prio=5 tid=4 Native
04-21 14:13:08.273  9225  9357 F dge:zdcpservice: runtime.cc:691]   | group="" sCount=1 ucsCount=0 flags=1 obj=0x12e40000 self=0xb400007365047a10
04-21 14:13:08.273  9225  9357 F dge:zdcpservice: runtime.cc:691]   | sysTid=9630 nice=0 cgrp=foreground sched=0/0 handle=0x722a956cb0
04-21 14:13:08.273  9225  9357 F dge:zdcpservice: runtime.cc:691]   | state=S schedstat=( 22773018 2916615 53 ) utm=1 stm=0 core=2 HZ=100
04-21 14:13:08.273  9225  9357 F dge:zdcpservice: runtime.cc:691]   | stack=0x722a85f000-0x722a861000 stackSize=991KB
04-21 14:13:08.273  9225  9357 F dge:zdcpservice: runtime.cc:691]   | held mutexes=
04-21 14:13:08.273  9225  9357 F dge:zdcpservice: runtime.cc:691]   native: #00 pc 000aebbc  /apex/com.android.runtime/lib64/bionic/libc.so (__ioctl+12) (BuildId: 50118287324a156bc7be11d3d940c7be)
04-21 14:13:08.273  9225  9357 F dge:zdcpservice: runtime.cc:691]   native: #01 pc 00065a58  /apex/com.android.runtime/lib64/bionic/libc.so (ioctl+160) (BuildId: 50118287324a156bc7be11d3d940c7be)
04-21 14:13:08.273  9225  9357 F dge:zdcpservice: runtime.cc:691]   native: #02 pc 000613ec  /system/lib64/libbinder.so (android::IPCThreadState::talkWithDriver+284) (BuildId: 9e14547d76be7e28dd8690fa25e1b05a)
04-21 14:13:08.273  9225  9357 F dge:zdcpservice: runtime.cc:691]   native: #03 pc 00061734  /system/lib64/libbinder.so (android::IPCThreadState::getAndExecuteCommand+28) (BuildId: 9e14547d76be7e28dd8690fa25e1b05a)
04-21 14:13:08.273  9225  9357 F dge:zdcpservice: runtime.cc:691]   native: #04 pc 00062130  /system/lib64/libbinder.so (android::IPCThreadState::joinThreadPool+116) (BuildId: 9e14547d76be7e28dd8690fa25e1b05a)
04-21 14:13:08.273  9225  9357 F dge:zdcpservice: runtime.cc:691]   native: #05 pc 0006bd34  /system/lib64/libbinder.so (android::PoolThread::threadLoop+28) (BuildId: 9e14547d76be7e28dd8690fa25e1b05a)
04-21 14:13:08.273  9225  9357 F dge:zdcpservice: runtime.cc:691]   native: #06 pc 000142d0  /system/lib64/libutils.so (android::Thread::_threadLoop+288) (BuildId: 6df8048e2f2c69be0a5d8ee3149d683d)
04-21 14:13:08.273  9225  9357 F dge:zdcpservice: runtime.cc:691]   native: #07 pc 000ecdd4  /system/lib64/libandroid_runtime.so (android::AndroidRuntime::javaThreadShell+144) (BuildId: 59c5fe7527d72f9a9f11ef314d7ae0e1)
04-21 14:13:08.273  9225  9357 F dge:zdcpservice: runtime.cc:691]   native: #08 pc 000c3644  /apex/com.android.runtime/lib64/bionic/libc.so (__pthread_start+208) (BuildId: 50118287324a156bc7be11d3d940c7be)
04-21 14:13:08.273  9225  9357 F dge:zdcpservice: runtime.cc:691]   native: #09 pc 0005cfa4  /apex/com.android.runtime/lib64/bionic/libc.so (__start_thread+68) (BuildId: 50118287324a156bc7be11d3d940c7be)
04-21 14:13:08.273  9225  9357 F dge:zdcpservice: runtime.cc:691]   (no managed stack frames)
04-21 14:13:08.273  9225  9357 F dge:zdcpservice: runtime.cc:691] 
04-21 14:13:08.273  9225  9357 F dge:zdcpservice: runtime.cc:691] "binder:9225_6" prio=5 tid=5 Native
04-21 14:13:08.273  9225  9357 F dge:zdcpservice: runtime.cc:691]   | group="" sCount=1 ucsCount=0 flags=1 obj=0x12d80238 self=0xb400007365044270
04-21 14:13:08.273  9225  9357 F dge:zdcpservice: runtime.cc:691]   | sysTid=9768 nice=0 cgrp=foreground sched=0/0 handle=0x722a638cb0
04-21 14:13:08.273  9225  9357 F dge:zdcpservice: runtime.cc:691]   | state=S schedstat=( 3119326 231927 8 ) utm=0 stm=0 core=2 HZ=100
04-21 14:13:08.273  9225  9357 F dge:zdcpservice: runtime.cc:691]   | stack=0x722a541000-0x722a543000 stackSize=991KB
04-21 14:13:08.273  9225  9357 F dge:zdcpservice: runtime.cc:691]   | held mutexes=
04-21 14:13:08.273  9225  9357 F dge:zdcpservice: runtime.cc:691]   native: #00 pc 000aebbc  /apex/com.android.runtime/lib64/bionic/libc.so (__ioctl+12) (BuildId: 50118287324a156bc7be11d3d940c7be)
04-21 14:13:08.273  9225  9357 F dge:zdcpservice: runtime.cc:691]   native: #01 pc 00065a58  /apex/com.android.runtime/lib64/bionic/libc.so (ioctl+160) (BuildId: 50118287324a156bc7be11d3d940c7be)
04-21 14:13:08.273  9225  9357 F dge:zdcpservice: runtime.cc:691]   native: #02 pc 000613ec  /system/lib64/libbinder.so (android::IPCThreadState::talkWithDriver+284) (BuildId: 9e14547d76be7e28dd8690fa25e1b05a)
