--------- beginning of system
04-22 08:52:26.461  1406  1440 E JobScheduler.JobStatus: App com.google.android.inputmethod.latin became active but still in NEVER bucket
04-22 08:52:26.496  1406  4981 E JobScheduler.JobStatus: App com.google.android.inputmethod.latin became active but still in NEVER bucket
04-22 08:52:26.497  1406  4983 I ActivityManager: Flag disabled. Ignoring finishAttachApplication from uid: 10079. pid: 4819
04-22 08:52:26.500  1406  4983 I ActivityManager: Flag disabled. Ignoring finishAttachApplication from uid: 10052. pid: 4817
04-22 08:52:26.506  1406  2119 E JobScheduler.JobStatus: App com.google.android.inputmethod.latin became active but still in NEVER bucket
04-22 08:52:26.507  1406  2119 E JobScheduler.JobStatus: App com.google.android.inputmethod.latin became active but still in NEVER bucket
04-22 08:52:26.507  1406  4983 I ActivityManager: Flag disabled. Ignoring finishAttachApplication from uid: 10091. pid: 4876
04-22 08:52:26.508  1406  2119 E JobScheduler.JobStatus: App com.google.android.inputmethod.latin became active but still in NEVER bucket
04-22 08:52:26.547  1406  4981 I ActivityManager: com.android.vending is exempt from freezer
04-22 08:52:26.547  1406  4981 D CompatibilityChangeReporter: Compat change id reported: 135634846; UID 10160; state: DISABLED
04-22 08:52:26.547  1406  4981 D CompatibilityChangeReporter: Compat change id reported: 177438394; UID 10160; state: DISABLED
04-22 08:52:26.548  1406  4981 D CompatibilityChangeReporter: Compat change id reported: 135772972; UID 10160; state: DISABLED
04-22 08:52:26.548  1406  4981 D CompatibilityChangeReporter: Compat change id reported: 135754954; UID 10160; state: ENABLED
04-22 08:52:26.548  1406  1836 D CompatibilityChangeReporter: Compat change id reported: 143937733; UID 10160; state: ENABLED
04-22 08:52:26.567  1406  4974 D CompatibilityChangeReporter: Compat change id reported: 161145287; UID 10091; state: ENABLED
04-22 08:52:26.575  1406  1836 I ActivityManager: Start proc 5080:com.android.vending/u0a160 for service {com.android.vending/com.google.android.finsky.services.LicensingService}
04-22 08:52:26.583  1406  1976 D CompatibilityChangeReporter: Compat change id reported: 265195908; UID 10061; state: ENABLED
04-22 08:52:26.587  1406  4970 D CompatibilityChangeReporter: Compat change id reported: 161145287; UID 10150; state: ENABLED
04-22 08:52:26.590  1406  3562 D CompatibilityChangeReporter: Compat change id reported: 161145287; UID 10094; state: ENABLED
04-22 08:52:26.590  1406  3562 I ActivityManager: Flag disabled. Ignoring finishAttachApplication from uid: 10094. pid: 4936
04-22 08:52:26.594  1406  1954 W ActivityManager: Unable to start service Intent { cmp=com.zebra.mdna.devicetrackercloud/.license.LicenseMgrService } U=0: not found
04-22 08:52:26.596  1406  1954 D CompatibilityChangeReporter: Compat change id reported: 168419799; UID 10160; state: DISABLED
04-22 08:52:26.596  1406  1954 D CompatibilityChangeReporter: Compat change id reported: 273564678; UID 10160; state: DISABLED
04-22 08:52:26.597  1406  1954 D CompatibilityChangeReporter: Compat change id reported: 261072174; UID 10079; state: ENABLED
04-22 08:52:26.598  1406  1976 D CompatibilityChangeReporter: Compat change id reported: 265195908; UID 10160; state: ENABLED
04-22 08:52:26.610  1406  4972 D CompatibilityChangeReporter: Compat change id reported: 170503758; UID 10160; state: ENABLED
04-22 08:52:26.638  1502  1502 I fusionconfd: getVoiceCallState: returns 0
04-22 08:52:26.642  1406  2758 D CompatibilityChangeReporter: Compat change id reported: 253665015; UID 10091; state: ENABLED
04-22 08:52:26.642  1406  2758 D CompatibilityChangeReporter: Compat change id reported: 194532703; UID 10091; state: ENABLED
04-22 08:52:26.642  1406  2758 I JobScheduler: bypass checkIfRestricted for JobStatus{83fb672 #u0a91/1 com.symbol.fota/.jobservices.BootCompleteService u=0 s=10091 TIME=+2m59s999ms:+3m8s999ms satisfied:0xb400000 unsatisfied:0x80000000}
04-22 08:52:26.645  1406  2758 E JobScheduler.JobStatus: App com.google.android.inputmethod.latin became active but still in NEVER bucket
04-22 08:52:26.657  1406  1835 D CompatibilityChangeReporter: Compat change id reported: 135634846; UID 10102; state: DISABLED
04-22 08:52:26.657  1406  1835 D CompatibilityChangeReporter: Compat change id reported: 177438394; UID 10102; state: DISABLED
04-22 08:52:26.657  1406  1835 D CompatibilityChangeReporter: Compat change id reported: 135772972; UID 10102; state: DISABLED
04-22 08:52:26.657  1406  1835 D CompatibilityChangeReporter: Compat change id reported: 135754954; UID 10102; state: ENABLED
04-22 08:52:26.657  1406  1836 D CompatibilityChangeReporter: Compat change id reported: 143937733; UID 10102; state: ENABLED
04-22 08:52:26.671  1406  1836 I ActivityManager: Start proc 5104:com.symbol.datawedge/u0a102 for broadcast {com.symbol.datawedge/com.symbol.datawedge.LicenseManagerReceiver}
04-22 08:52:26.675  1406  2758 I ActivityManager: Flag disabled. Ignoring finishAttachApplication from uid: 10150. pid: 4911
04-22 08:52:26.703  1406  4972 E JobScheduler.JobStatus: App com.google.android.inputmethod.latin became active but still in NEVER bucket
04-22 08:52:26.707  1406  1954 D CompatibilityChangeReporter: Compat change id reported: 261072174; UID 10150; state: ENABLED
04-22 08:52:26.714  1406  1406 I TransportConnection: BackupTransportService#1: Notifying [TransportManager.registerTransport()] transport = BackupTransportClient
04-22 08:52:26.717  1406  2119 E JobScheduler.JobStatus: App com.google.android.inputmethod.latin became active but still in NEVER bucket
04-22 08:52:26.754  1406  3299 D BackupTransportManager: [UserID:0] Transport com.google.android.apps.restore/.transport.BackupTransportService registered
04-22 08:52:26.754  1406  3299 D BackupManagerService: [UserID:0] Transport com.google.android.apps.restore/.transport.BackupTransportService registered 4252ms after first request (delay = 3000ms)
04-22 08:52:26.763  1406  1954 D CompatibilityChangeReporter: Compat change id reported: 253665015; UID 10052; state: ENABLED
04-22 08:52:26.765  1406  1954 D CompatibilityChangeReporter: Compat change id reported: 194532703; UID 10052; state: ENABLED
04-22 08:52:26.773  1406  2758 I JobScheduler: bypass checkIfRestricted for JobStatus{83fb672 #u0a91/1 com.symbol.fota/.jobservices.BootCompleteService u=0 s=10091 TIME=+2m59s869ms:+3m8s869ms satisfied:0xb400000 unsatisfied:0x80000000}
04-22 08:52:26.773  1406  2758 I JobScheduler: bypass checkIfRestricted for JobStatus{83fb672 #u0a91/1 com.symbol.fota/.jobservices.BootCompleteService u=0 s=10091 TIME=+2m59s868ms:+3m8s868ms satisfied:0xb400000 unsatisfied:0x80000000}
04-22 08:52:26.821  1406  5006 D CompatibilityChangeReporter: Compat change id reported: 168419799; UID 10183; state: DISABLED
04-22 08:52:26.821  1406  5006 D CompatibilityChangeReporter: Compat change id reported: 273564678; UID 10183; state: DISABLED
04-22 08:52:26.835  1406  2119 D CompatibilityChangeReporter: Compat change id reported: 168419799; UID 10102; state: DISABLED
04-22 08:52:26.835  1406  2119 D CompatibilityChangeReporter: Compat change id reported: 273564678; UID 10102; state: DISABLED
04-22 08:52:26.846  1406  2119 D CompatibilityChangeReporter: Compat change id reported: 170503758; UID 10102; state: ENABLED
04-22 08:52:26.862  1406  1835 D CompatibilityChangeReporter: Compat change id reported: 135634846; UID 1000; state: DISABLED
04-22 08:52:26.863  1406  1835 D CompatibilityChangeReporter: Compat change id reported: 177438394; UID 1000; state: DISABLED
04-22 08:52:26.863  1406  1835 D CompatibilityChangeReporter: Compat change id reported: 135772972; UID 1000; state: DISABLED
04-22 08:52:26.863  1406  1835 D CompatibilityChangeReporter: Compat change id reported: 135754954; UID 1000; state: ENABLED
04-22 08:52:26.902  1406  4974 E JobScheduler.JobStatus: App com.google.android.inputmethod.latin became active but still in NEVER bucket
04-22 08:52:26.905  1406  1836 I ActivityManager: Start proc 5143:com.zebra.zebraaudiopowermanager/1000 for broadcast {com.zebra.zebraaudiopowermanager/com.zebra.zebraaudiopowermanager.ZebraAudioPowerManagerReceiver}
04-22 08:52:26.932  1406  4972 D CompatibilityChangeReporter: Compat change id reported: 168419799; UID 1000; state: DISABLED
04-22 08:52:26.932  1406  4972 D CompatibilityChangeReporter: Compat change id reported: 273564678; UID 1000; state: DISABLED
04-22 08:52:26.959  1406  4974 D WindowManager: layoutWindowLw currenttaskBarInDb-- 0
04-22 08:52:26.959  1406  4974 D WindowManager: layoutWindowLw currenttaskBarInDb-- 0
04-22 08:52:26.960  1406  4974 D WindowManager: layoutWindowLw currenttaskBarInDb-- 0
04-22 08:52:26.960  1406  4974 D WindowManager: layoutWindowLw currenttaskBarInDb-- 0
04-22 08:52:26.960  1406  4974 D WindowManager: layoutWindowLw currenttaskBarInDb-- 0
04-22 08:52:26.960  1406  4974 D WindowManager: DP::updateSystemBarAttributes called
04-22 08:52:26.960  1406  4974 D WindowManager: DP::::updateSystemBarAttributes displayId: 0
04-22 08:52:26.963  1406  4972 I JobScheduler: bypass checkIfRestricted for JobStatus{83fb672 #u0a91/1 com.symbol.fota/.jobservices.BootCompleteService u=0 s=10091 TIME=+2m59s679ms:+3m8s679ms satisfied:0xb400000 unsatisfied:0x80000000}
04-22 08:52:26.963  1406  4972 I JobScheduler: bypass checkIfRestricted for JobStatus{83fb672 #u0a91/1 com.symbol.fota/.jobservices.BootCompleteService u=0 s=10091 TIME=+2m59s678ms:+3m8s678ms satisfied:0xb400000 unsatisfied:0x80000000}
04-22 08:52:26.978  1406  1817 D WindowManager: DP::updateSystemBarAttributes called
04-22 08:52:26.978  1406  1817 D WindowManager: DP::::updateSystemBarAttributes displayId: 0
04-22 08:52:26.981  1406  1406 I TransportConnection: D2dTransportService#2: Notifying [TransportManager.registerTransport()] transport = BackupTransportClient
04-22 08:52:26.987  1406  1954 D WindowManager: layoutWindowLw currenttaskBarInDb-- 0
04-22 08:52:26.988  1406  1954 D WindowManager: layoutWindowLw currenttaskBarInDb-- 0
04-22 08:52:26.988  1406  1954 D WindowManager: layoutWindowLw currenttaskBarInDb-- 0
04-22 08:52:26.988  1406  1954 D WindowManager: layoutWindowLw currenttaskBarInDb-- 0
04-22 08:52:26.988  1406  1954 D WindowManager: DP::updateSystemBarAttributes called
04-22 08:52:26.988  1406  1954 D WindowManager: DP::::updateSystemBarAttributes displayId: 0
04-22 08:52:26.989  1406  4974 W PackageConfigPersister: App-specific configuration not found for packageName: com.android.launcher3 and userId: 0
04-22 08:52:27.027  1406  4974 W ActivityManager: Unable to start service Intent { act=grpc.io.action.BIND cmp=com.google.android.inputmethod.latin/com.google.android.apps.inputmethod.libs.nga.impl.KeyboardDictationService } U=0: not found
04-22 08:52:27.027  1406  4986 W ActivityManager: Unbind failed: could not find connection for android.os.BinderProxy@3ce6567
04-22 08:52:27.070  1406  3299 D BackupTransportManager: [UserID:0] Transport com.google.android.gms/.backup.component.D2dTransportService registered
04-22 08:52:27.070  1406  3299 D BackupManagerService: [UserID:0] Transport com.google.android.gms/.backup.migrate.service.D2dTransport registered 4568ms after first request (delay = 3000ms)
04-22 08:52:27.079  1406  2119 D CompatibilityChangeReporter: Compat change id reported: 135634846; UID 10058; state: DISABLED
04-22 08:52:27.079  1406  2119 D CompatibilityChangeReporter: Compat change id reported: 177438394; UID 10058; state: DISABLED
04-22 08:52:27.079  1406  2119 D CompatibilityChangeReporter: Compat change id reported: 135772972; UID 10058; state: DISABLED
04-22 08:52:27.079  1406  2119 D CompatibilityChangeReporter: Compat change id reported: 135754954; UID 10058; state: ENABLED
04-22 08:52:27.079  1406  1836 D CompatibilityChangeReporter: Compat change id reported: 143937733; UID 10058; state: ENABLED
04-22 08:52:27.101  1406  4972 I JobScheduler: bypass checkIfRestricted for JobStatus{83fb672 #u0a91/1 com.symbol.fota/.jobservices.BootCompleteService u=0 s=10091 TIME=+2m59s540ms:+3m8s540ms satisfied:0xb400000 unsatisfied:0x80000000}
04-22 08:52:27.102  1406  4972 I JobScheduler: bypass checkIfRestricted for JobStatus{83fb672 #u0a91/1 com.symbol.fota/.jobservices.BootCompleteService u=0 s=10091 TIME=+2m59s539ms:+3m8s539ms satisfied:0xb400000 unsatisfied:0x80000000}
04-22 08:52:27.132  1406  1836 W ActivityManager: Slow operation: 54ms so far, now at startProcess: done updating battery stats
04-22 08:52:27.132  1406  1836 W ActivityManager: Slow operation: 54ms so far, now at startProcess: building log message
04-22 08:52:27.132  1406  1836 I ActivityManager: Start proc 5174:android.process.acore/u0a58 for content provider {com.android.providers.userdictionary/com.android.providers.userdictionary.UserDictionaryProvider}
04-22 08:52:27.132  1406  1836 W ActivityManager: Slow operation: 54ms so far, now at startProcess: starting to update pids map
04-22 08:52:27.132  1406  1836 W ActivityManager: Slow operation: 54ms so far, now at startProcess: done updating pids map
04-22 08:52:27.132  1406  2119 E JobScheduler.JobStatus: App com.google.android.inputmethod.latin became active but still in NEVER bucket
04-22 08:52:27.161  1406  1440 I ActivityManager: Flag disabled. Ignoring finishAttachApplication from uid: 1000. pid: 5143
04-22 08:52:27.171  1406  1406 I TransportConnection: BackupTransportService#3: Notifying [TransportManager.registerTransport()] transport = BackupTransportClient
04-22 08:52:27.188  1406  4972 D CompatibilityChangeReporter: Compat change id reported: 168419799; UID 10058; state: DISABLED
04-22 08:52:27.189  1406  4972 D CompatibilityChangeReporter: Compat change id reported: 273564678; UID 10058; state: DISABLED
04-22 08:52:27.197  1406  1976 D CompatibilityChangeReporter: Compat change id reported: 265195908; UID 10058; state: ENABLED
04-22 08:52:27.200  1406  1954 D CompatibilityChangeReporter: Compat change id reported: 170503758; UID 10058; state: ENABLED
04-22 08:52:27.254  1406  3299 D BackupTransportManager: [UserID:0] Transport com.google.android.gms/.backup.BackupTransportService registered
04-22 08:52:27.254  1406  3299 D BackupManagerService: [UserID:0] Transport com.google.android.gms/.backup.BackupTransportService registered 4752ms after first request (delay = 3000ms)
04-22 08:52:27.259  5143  5143 W ContextImpl: Calling a method in the system process without a qualified user: android.app.ContextImpl.startService:1899 android.content.ContextWrapper.startService:825 android.content.ContextWrapper.startService:825 com.zebra.zebraaudiopowermanager.ZebraAudioPowerManagerReceiver.onReceive:122 android.app.ActivityThread.handleReceiver:4450 
04-22 08:52:27.264  1406  1954 I ActivityManager: Flag disabled. Ignoring finishAttachApplication from uid: 10102. pid: 5104
04-22 08:52:27.287  1406  1440 D WindowManager: layoutWindowLw currenttaskBarInDb-- 0
04-22 08:52:27.287  1406  1440 D WindowManager: layoutWindowLw currenttaskBarInDb-- 0
04-22 08:52:27.287  1406  1440 D WindowManager: layoutWindowLw currenttaskBarInDb-- 0
04-22 08:52:27.287  1406  1440 D WindowManager: layoutWindowLw currenttaskBarInDb-- 0
04-22 08:52:27.287  1406  1440 D WindowManager: DP::updateSystemBarAttributes called
04-22 08:52:27.287  1406  1440 D WindowManager: DP::::updateSystemBarAttributes displayId: 0
04-22 08:52:27.289  1406  4970 D WindowManager: layoutWindowLw currenttaskBarInDb-- 0
04-22 08:52:27.289  1406  4970 D WindowManager: layoutWindowLw currenttaskBarInDb-- 0
04-22 08:52:27.289  1406  4970 D WindowManager: layoutWindowLw currenttaskBarInDb-- 0
04-22 08:52:27.289  1406  4970 D WindowManager: layoutWindowLw currenttaskBarInDb-- 0
04-22 08:52:27.289  1406  4970 D WindowManager: DP::updateSystemBarAttributes called
04-22 08:52:27.289  1406  4970 D WindowManager: DP::::updateSystemBarAttributes displayId: 0
04-22 08:52:27.316  1406  1954 D CompatibilityChangeReporter: Compat change id reported: 161145287; UID 1001; state: DISABLED
04-22 08:52:27.322  1406  3299 I BackupManagerService: [UserID:0] Found 11 stale backup journal(s), scheduling.
04-22 08:52:27.329  1406  4983 D CompatibilityChangeReporter: Compat change id reported: 182478738; UID 1001; state: ENABLED
04-22 08:52:27.329  1406  4970 D CompatibilityChangeReporter: Compat change id reported: 161145287; UID 10160; state: ENABLED
04-22 08:52:27.334  1406  4970 D CompatibilityChangeReporter: Compat change id reported: 253665015; UID 10150; state: ENABLED
04-22 08:52:27.335  1406  4970 D CompatibilityChangeReporter: Compat change id reported: 194532703; UID 10150; state: ENABLED
04-22 08:52:27.351  1406  1406 D OsxLiteService: action :: android.intent.action.BOOT_COMPLETED  userHandle   :  0
04-22 08:52:27.353  1406  1406 I Telecom : MissedCallNotifierImpl: reloadAfterBootComplete: user=0: TSBCR.oR@ADM
04-22 08:52:27.356  1406  4972 D CompatibilityChangeReporter: Compat change id reported: 161145287; UID 10058; state: ENABLED
04-22 08:52:27.357  3589  3589 W ContextImpl: Calling a method in the system process without a qualified user: android.app.ContextImpl.startService:1899 android.content.ContextWrapper.startService:825 android.content.ContextWrapper.startService:825 com.symbol.cu.ConfigUpdate.onReceive:45 android.app.ActivityThread.handleReceiver:4450 
04-22 08:52:27.388  1406  1406 I DevicePolicyManager: Finished calculating hasIncompatibleAccountsTask
04-22 08:52:27.388  1406  1406 E BootReceiver: Could not open /sys/kernel/tracing/instances/bootreceiver/trace_pipe
04-22 08:52:27.388  1406  1406 E BootReceiver: android.system.ErrnoException: open failed: ENOENT (No such file or directory)
04-22 08:52:27.388  1406  1406 E BootReceiver: 	at libcore.io.Linux.open(Native Method)
04-22 08:52:27.388  1406  1406 E BootReceiver: 	at libcore.io.ForwardingOs.open(ForwardingOs.java:563)
04-22 08:52:27.388  1406  1406 E BootReceiver: 	at libcore.io.BlockGuardOs.open(BlockGuardOs.java:274)
04-22 08:52:27.388  1406  1406 E BootReceiver: 	at android.system.Os.open(Os.java:494)
04-22 08:52:27.388  1406  1406 E BootReceiver: 	at com.android.server.BootReceiver.onReceive(BootReceiver.java:164)
04-22 08:52:27.388  1406  1406 E BootReceiver: 	at android.app.ActivityThread.handleReceiver(ActivityThread.java:4450)
04-22 08:52:27.388  1406  1406 E BootReceiver: 	at android.app.ActivityThread.-$$Nest$mhandleReceiver(Unknown Source:0)
04-22 08:52:27.388  1406  1406 E BootReceiver: 	at android.app.ActivityThread$H.handleMessage(ActivityThread.java:2257)
04-22 08:52:27.388  1406  1406 E BootReceiver: 	at android.os.Handler.dispatchMessage(Handler.java:106)
04-22 08:52:27.388  1406  1406 E BootReceiver: 	at android.os.Looper.loopOnce(Looper.java:205)
04-22 08:52:27.388  1406  1406 E BootReceiver: 	at android.os.Looper.loop(Looper.java:294)
04-22 08:52:27.388  1406  1406 E BootReceiver: 	at com.android.server.SystemServer.run(SystemServer.java:986)
04-22 08:52:27.388  1406  1406 E BootReceiver: 	at com.android.server.SystemServer.main(SystemServer.java:680)
04-22 08:52:27.388  1406  1406 E BootReceiver: 	at java.lang.reflect.Method.invoke(Native Method)
04-22 08:52:27.388  1406  1406 E BootReceiver: 	at com.android.internal.os.RuntimeInit$MethodAndArgsCaller.run(RuntimeInit.java:552)
04-22 08:52:27.388  1406  1406 E BootReceiver: 	at com.android.internal.os.ZygoteInit.main(ZygoteInit.java:955)
04-22 08:52:27.391  1406  1954 D CompatibilityChangeReporter: Compat change id reported: 161145287; UID 10146; state: DISABLED
04-22 08:52:27.398  2769  2769 W ContextImpl: Calling a method in the system process without a qualified user: android.app.ContextImpl.startService:1899 android.content.ContextWrapper.startService:825 android.content.ContextWrapper.startService:825 com.symbol.osx.proxyframework.BootCompleteReceiver.onReceive:18 android.app.ActivityThread.handleReceiver:4450 
04-22 08:52:27.398  2819  2819 W ContextImpl: Calling a method in the system process without a qualified user: android.app.ContextImpl.startService:1899 android.content.ContextWrapper.startService:825 android.content.ContextWrapper.startService:825 com.symbol.ethernetsettings.EthernetReceiver.onReceive:37 android.app.ActivityThread.handleReceiver:4450 
04-22 08:52:27.400  5143  5143 W ContextImpl: Calling a method in the system process without a qualified user: android.app.ContextImpl.bindService:1988 b.c.a.a.a:28 com.zebra.zebraaudiopowermanager.ZebraAudioPowerManager.onStartCommand:159 android.app.ActivityThread.handleServiceArgs:4822 android.app.ActivityThread.-$$Nest$mhandleServiceArgs:0 
04-22 08:52:27.403  1406  1440 D CompatibilityChangeReporter: Compat change id reported: 261072174; UID 1000; state: ENABLED
04-22 08:52:27.411  1406  4970 D CompatibilityChangeReporter: Compat change id reported: 161145287; UID 1000; state: ENABLED
04-22 08:52:27.412  1406  4970 D CompatibilityChangeReporter: Compat change id reported: 161145287; UID 1000; state: DISABLED
04-22 08:52:27.426  2769  2769 E PF_AppListHelper: initialize app config..!!
04-22 08:52:27.432  2769  2769 I PF_AppListHelper: APPKEYS File is absent, retry.......
04-22 08:52:27.433  2769  2769 E PF_AppListHelper: AppLockConfig mAppLockEnabled = false
04-22 08:52:27.433  2769  2769 I PF_AppListHelper: App Lock starting, state: Disabled
04-22 08:52:27.440  2769  2769 D PF_AppListHelper: Added application: com.airwatch.androidagent from app file: /system/etc/applist/EMMApplications to group: SYSTEMAPPS
04-22 08:52:27.440  2769  2769 D PF_AppListHelper: Added application: com.airwatch.admin.motorolamx from app file: /system/etc/applist/EMMApplications to group: SYSTEMAPPS
04-22 08:52:27.440  2769  2769 D PF_AppListHelper: Added application: net.soti.mobicontrol.symbol.installer from app file: /system/etc/applist/EMMApplications to group: SYSTEMAPPS
04-22 08:52:27.440  2769  2769 D PF_AppListHelper: Added application: net.soti.mobicontrol.motorola.installer from app file: /system/etc/applist/EMMApplications to group: SYSTEMAPPS
04-22 08:52:27.440  2769  2769 D PF_AppListHelper: Added application: com.airwatch.lockdown.launcher from app file: /system/etc/applist/EMMApplications to group: SYSTEMAPPS
04-22 08:52:27.440  2769  2769 D PF_AppListHelper: Added application: com.airwatch.browser from app file: /system/etc/applist/EMMApplications to group: SYSTEMAPPS
04-22 08:52:27.440  2769  2769 D PF_AppListHelper: Added application: net.soti.mobicontrol.androidwork from app file: /system/etc/applist/EMMApplications to group: SYSTEMAPPS
04-22 08:52:27.443  1406  1440 D CountryDetector: The first listener is added
04-22 08:52:27.443  3497  3497 W ContextImpl: Calling a method in the system process without a qualified user: android.app.ContextImpl.startService:1899 android.content.ContextWrapper.startService:825 android.content.ContextWrapper.startService:825 com.zebra.backio.BootCompleteReceiver.a:1 com.zebra.backio.BootCompleteReceiver.onReceive:47 
04-22 08:52:27.456  1406  5006 I Telecom : DefaultDialerCache: current default pkg: null: TSI.gDDP(capc)@ADQ
04-22 08:52:27.457  1406  5006 I Telecom : DefaultDialerCache: current returning default pkg: com.google.android.dialer: TSI.gDDP(capc)@ADQ
04-22 08:52:27.465  1406  2119 I Telecom : DefaultDialerCache: current default pkg: null: TSI.gDDP(capc)@ADY
04-22 08:52:27.466  1406  2119 I Telecom : DefaultDialerCache: current returning default pkg: com.google.android.dialer: TSI.gDDP(capc)@ADY
04-22 08:52:27.471  1406  4974 E JobScheduler.JobStatus: App com.google.android.inputmethod.latin became active but still in NEVER bucket
04-22 08:52:27.472  1406  5246 I DropBoxManagerService: add tag=SYSTEM_BOOT isTagEnabled=true flags=0x2
04-22 08:52:27.473  1406  5246 I BootReceiver: Copying audit failures to DropBox
04-22 08:52:27.473  1406  5246 I BootReceiver: Checking for fsck errors
04-22 08:52:27.474  1406  5246 I BootReceiver: fs_stat, partition:persist stat:0x54b
04-22 08:52:27.474  1406  5246 I BootReceiver: fs_stat, partition:modem_b stat:0x0
04-22 08:52:27.474  1406  5246 I BootReceiver: fs_stat, partition:dsp_b stat:0x3
04-22 08:52:27.474  1406  5246 I BootReceiver: fs_stat, partition:bluetooth_b stat:0x0
04-22 08:52:27.475  1406  5246 I BootReceiver: fs_stat, partition:qmcs stat:0x0
04-22 08:52:27.475  1406  5246 I BootReceiver: fs_stat, partition:animation stat:0x3
04-22 08:52:27.475  1406  5246 I BootReceiver: fs_stat, partition:userdata stat:0x0
04-22 08:52:27.475  1406  1954 E JobScheduler.JobStatus: App com.google.android.inputmethod.latin became active but still in NEVER bucket
04-22 08:52:27.479  3412  3412 W ContextImpl: Calling a method in the system process without a qualified user: android.app.ContextImpl.startService:1899 android.content.ContextWrapper.startService:825 android.content.ContextWrapper.startService:825 com.zebra.bluetoothsystem.BluetoothSystemReceiver.onReceive:29 android.app.ActivityThread.handleReceiver:4450 
04-22 08:52:27.482  3787  3787 W ContextImpl: Calling a method in the system process without a qualified user: android.app.ContextImpl.startService:1899 android.content.ContextWrapper.startService:825 android.content.ContextWrapper.startService:825 com.zebra.persistencedataservice.PersistenceReceiver.onReceive:47 android.app.ActivityThread.handleReceiver:4450 
04-22 08:52:27.483  3774  3774 W ContextImpl: Calling a method in the system process without a qualified user: android.app.ContextImpl.startService:1899 android.content.ContextWrapper.startService:825 android.content.ContextWrapper.startService:825 com.zebra.osupersistservice.OSUPersistReceiver.onReceive:47 android.app.ActivityThread.handleReceiver:4450 
04-22 08:52:27.493  1406  3562 E JobScheduler.JobStatus: App com.google.android.inputmethod.latin became active but still in NEVER bucket
04-22 08:52:27.496  1406  1440 E JobScheduler.JobStatus: App com.google.android.inputmethod.latin became active but still in NEVER bucket
04-22 08:52:27.502  1406  4970 D CompatibilityChangeReporter: Compat change id reported: 253665015; UID 1002; state: ENABLED
04-22 08:52:27.502  1406  4970 D CompatibilityChangeReporter: Compat change id reported: 194532703; UID 1002; state: ENABLED
04-22 08:52:27.510  1406  1954 I ActivityManager: Flag disabled. Ignoring finishAttachApplication from uid: 10058. pid: 5174
04-22 08:52:27.515  3564  3564 W ContextImpl: Calling a method in the system process without a qualified user: android.app.ContextImpl.startService:1899 android.content.ContextWrapper.startService:825 android.content.ContextWrapper.startService:825 com.zebra.zdatafileio.ZDataFileIOBootReceiver.onReceive:42 android.app.ActivityThread.handleReceiver:4450 
04-22 08:52:27.517  1406  5241 I Telecom : DefaultDialerCache: current default pkg: null: TSI.gDDP(capc)@ADg
04-22 08:52:27.517  1406  5241 I Telecom : DefaultDialerCache: current returning default pkg: com.google.android.dialer: TSI.gDDP(capc)@ADg
04-22 08:52:27.534  1406  4986 E JobScheduler.JobStatus: App com.google.android.inputmethod.latin became active but still in NEVER bucket
04-22 08:52:27.540  3706  3706 W ContextImpl: Calling a method in the system process without a qualified user: android.app.ContextImpl.startService:1899 android.content.ContextWrapper.startService:825 android.content.ContextWrapper.startService:825 com.zebra.server.OSUReceiver.onReceive:27 android.app.ActivityThread.handleReceiver:4450 
04-22 08:52:27.540  1406  1835 I ActivityManager: com.android.devicelockcontroller is exempt from freezer
04-22 08:52:27.540  1406  1835 D CompatibilityChangeReporter: Compat change id reported: 135634846; UID 10248; state: DISABLED
04-22 08:52:27.540  1406  1835 D CompatibilityChangeReporter: Compat change id reported: 177438394; UID 10248; state: DISABLED
04-22 08:52:27.540  1406  1835 D CompatibilityChangeReporter: Compat change id reported: 135772972; UID 10248; state: DISABLED
04-22 08:52:27.540  1406  1835 D CompatibilityChangeReporter: Compat change id reported: 135754954; UID 10248; state: ENABLED
04-22 08:52:27.541  1406  1836 D CompatibilityChangeReporter: Compat change id reported: 143937733; UID 10248; state: ENABLED
04-22 08:52:27.559  1406  4986 E JobScheduler.JobStatus: App com.google.android.inputmethod.latin became active but still in NEVER bucket
04-22 08:52:27.568  1406  4986 I ActivityManager: Flag disabled. Ignoring finishAttachApplication from uid: 10160. pid: 5080
04-22 08:52:27.575  1406  1836 I ActivityManager: Start proc 5294:com.android.devicelockcontroller/u0a248 for broadcast {com.android.devicelockcontroller/com.android.devicelockcontroller.receivers.LockedBootCompletedReceiver}
04-22 08:52:27.577  1406  2119 D CompatibilityChangeReporter: Compat change id reported: 261072174; UID 10102; state: ENABLED
04-22 08:52:27.579  1406  1976 D CompatibilityChangeReporter: Compat change id reported: 265195908; UID 10248; state: ENABLED
04-22 08:52:27.579  1406  1440 D CompatibilityChangeReporter: Compat change id reported: 135634846; UID 10097; state: DISABLED
04-22 08:52:27.579  1406  1440 D CompatibilityChangeReporter: Compat change id reported: 177438394; UID 10097; state: DISABLED
04-22 08:52:27.580  1406  1440 D CompatibilityChangeReporter: Compat change id reported: 135772972; UID 10097; state: DISABLED
04-22 08:52:27.580  1406  1440 D CompatibilityChangeReporter: Compat change id reported: 135754954; UID 10097; state: ENABLED
04-22 08:52:27.580  1406  1836 D CompatibilityChangeReporter: Compat change id reported: 143937733; UID 10097; state: ENABLED
04-22 08:52:27.592  1406  1836 I ActivityManager: Start proc 5306:com.zebra.zebracontentprovider/u0a97 for content provider {com.zebra.zebracontentprovider/com.zebra.dataprovider.provider.DataLakeProvider}
04-22 08:52:27.592  1406  1976 D CompatibilityChangeReporter: Compat change id reported: 265195908; UID 10097; state: ENABLED
04-22 08:52:27.612  1406  3299 I BackupManagerService: [UserID:0] Stale backup journals: Scheduled 34 package(s) total
04-22 08:52:27.625  1406  4974 D CompatibilityChangeReporter: Compat change id reported: 149924527; UID 1000; state: ENABLED
04-22 08:52:27.634  1406  4974 D CompatibilityChangeReporter: Compat change id reported: 132649864; UID 1000; state: DISABLED
04-22 08:52:27.642  2769  2769 D PF_AppListHelper: loadSystemCommonGroups
04-22 08:52:27.644  1406  4981 D CompatibilityChangeReporter: Compat change id reported: 161145287; UID 10113; state: ENABLED
04-22 08:52:27.645  1406  5006 D CompatibilityChangeReporter: Compat change id reported: 168419799; UID 10248; state: DISABLED
04-22 08:52:27.645  1406  5006 D CompatibilityChangeReporter: Compat change id reported: 273564678; UID 10248; state: DISABLED
04-22 08:52:27.656  1406  1835 D CompatibilityChangeReporter: Compat change id reported: 135634846; UID 10216; state: DISABLED
04-22 08:52:27.656  1406  1835 D CompatibilityChangeReporter: Compat change id reported: 177438394; UID 10216; state: DISABLED
04-22 08:52:27.656  1406  1835 D CompatibilityChangeReporter: Compat change id reported: 135772972; UID 10216; state: DISABLED
04-22 08:52:27.656  1406  1835 D CompatibilityChangeReporter: Compat change id reported: 135754954; UID 10216; state: ENABLED
04-22 08:52:27.657  1406  1836 D CompatibilityChangeReporter: Compat change id reported: 143937733; UID 10216; state: ENABLED
04-22 08:52:27.659  1406  4974 D CompatibilityChangeReporter: Compat change id reported: 170503758; UID 10248; state: ENABLED
04-22 08:52:27.664  1406  1835 I ActivityManager: reportOnUserCompletedEvent(0): stored=10, eligible=111
04-22 08:52:27.664  1406  1835 D SystemServerTimingAsync: ssm.CompletedEventUser-0
04-22 08:52:27.664  1406  1835 I SystemServiceManager: Calling onCompletedEventUser 0
04-22 08:52:27.672  1406  1836 I ActivityManager: Start proc 5334:com.qualcomm.qti.performancemode/u0a216 for broadcast {com.qualcomm.qti.performancemode/com.qualcomm.qti.performancemode.SystemEventReceiver}
04-22 08:52:27.675  1406  5336 D SystemServerTimingAsync: ssm.onCompletedEventUser-0_{|Unlocked|}_com.android.server.pm.Installer
04-22 08:52:27.675  1406  5335 D SystemServerTimingAsync: ssm.onCompletedEventUser-0_{|Unlocked|}_com.android.server.security.FileIntegrityService
04-22 08:52:27.681  1406  5335 D SystemServerTimingAsync: ssm.onCompletedEventUser-0_{|Unlocked|}_com.android.server.uri.UriGrantsManagerService$Lifecycle
04-22 08:52:27.681  1406  5335 D SystemServerTimingAsync: ssm.onCompletedEventUser-0_{|Unlocked|}_com.android.server.powerstats.PowerStatsService
04-22 08:52:27.681  1406  5335 D SystemServerTimingAsync: ssm.onCompletedEventUser-0_{|Unlocked|}_com.android.server.permission.access.AccessCheckingService
04-22 08:52:27.681  1406  5335 D SystemServerTimingAsync: ssm.onCompletedEventUser-0_{|Unlocked|}_com.android.server.wm.ActivityTaskManagerService$Lifecycle
04-22 08:52:27.681  1406  5335 D SystemServerTimingAsync: ssm.onCompletedEventUser-0_{|Unlocked|}_com.android.server.am.ActivityManagerService$Lifecycle
04-22 08:52:27.681  1406  5335 D SystemServerTimingAsync: ssm.onCompletedEventUser-0_{|Unlocked|}_com.android.server.pm.DataLoaderManagerService
04-22 08:52:27.681  1406  5335 D SystemServerTimingAsync: ssm.onCompletedEventUser-0_{|Unlocked|}_com.android.server.power.PowerManagerService
04-22 08:52:27.681  1406  5335 D SystemServerTimingAsync: ssm.onCompletedEventUser-0_{|Unlocked|}_com.android.server.power.ThermalManagerService
04-22 08:52:27.681  1406  5335 D SystemServerTimingAsync: ssm.onCompletedEventUser-0_{|Unlocked|}_com.android.server.power.hint.HintManagerService
04-22 08:52:27.681  1406  5335 D SystemServerTimingAsync: ssm.onCompletedEventUser-0_{|Unlocked|}_com.android.server.recoverysystem.RecoverySystemService$Lifecycle
04-22 08:52:27.681  1406  5335 D SystemServerTimingAsync: ssm.onCompletedEventUser-0_{|Unlocked|}_com.android.server.lights.LightsService
04-22 08:52:27.681  1406  5335 D SystemServerTimingAsync: ssm.onCompletedEventUser-0_{|Unlocked|}_com.android.server.display.DisplayManagerService
04-22 08:52:27.681  1406  5335 D SystemServerTimingAsync: ssm.onCompletedEventUser-0_{|Unlocked|}_com.android.server.pm.verify.domain.DomainVerificationService
04-22 08:52:27.681  1406  5335 D SystemServerTimingAsync: ssm.onCompletedEventUser-0_{|Unlocked|}_com.android.server.pm.PackageInstallerService$Lifecycle
04-22 08:52:27.681  1406  5335 D SystemServerTimingAsync: ssm.onCompletedEventUser-0_{|Unlocked|}_com.android.server.pm.UserManagerService$LifeCycle
04-22 08:52:27.681  1406  5335 D SystemServerTimingAsync: ssm.onCompletedEventUser-0_{|Unlocked|}_com.android.server.om.OverlayManagerService
04-22 08:52:27.681  1406  5335 D SystemServerTimingAsync: ssm.onCompletedEventUser-0_{|Unlocked|}_com.android.server.resources.ResourcesManagerService
04-22 08:52:27.681  1406  5335 D SystemServerTimingAsync: ssm.onCompletedEventUser-0_{|Unlocked|}_com.android.server.sensorprivacy.SensorPrivacyService
04-22 08:52:27.681  1406  5335 D SystemServerTimingAsync: ssm.onCompletedEventUser-0_{|Unlocked|}_com.android.server.sensors.SensorService
04-22 08:52:27.681  1406  5335 D SystemServerTimingAsync: ssm.onCompletedEventUser-0_{|Unlocked|}_com.android.server.SystemConfigService
04-22 08:52:27.681  1406  5335 D SystemServerTimingAsync: ssm.onCompletedEventUser-0_{|Unlocked|}_com.android.server.BatteryService
04-22 08:52:27.681  1406  5335 D SystemServerTimingAsync: ssm.onCompletedEventUser-0_{|Unlocked|}_com.android.server.usage.UsageStatsService
04-22 08:52:27.681  1406  5335 D SystemServerTimingAsync: ssm.onCompletedEventUser-0_{|Unlocked|}_com.android.server.webkit.WebViewUpdateService
04-22 08:52:27.681  1406  5335 D SystemServerTimingAsync: ssm.onCompletedEventUser-0_{|Unlocked|}_com.android.server.CachedDeviceStateService
04-22 08:52:27.681  1406  5335 D SystemServerTimingAsync: ssm.onCompletedEventUser-0_{|Unlocked|}_com.android.server.BinderCallsStatsService$LifeCycle
04-22 08:52:27.681  1406  5335 D SystemServerTimingAsync: ssm.onCompletedEventUser-0_{|Unlocked|}_com.android.server.LooperStatsService$Lifecycle
04-22 08:52:27.681  1406  5335 D SystemServerTimingAsync: ssm.onCompletedEventUser-0_{|Unlocked|}_com.android.server.rollback.RollbackManagerService
04-22 08:52:27.681  1406  5335 D SystemServerTimingAsync: ssm.onCompletedEventUser-0_{|Unlocked|}_com.android.server.os.NativeTombstoneManagerService
04-22 08:52:27.681  1406  5335 D SystemServerTimingAsync: ssm.onCompletedEventUser-0_{|Unlocked|}_com.android.server.os.BugreportManagerService
04-22 08:52:27.681  1406  5335 D SystemServerTimingAsync: ssm.onCompletedEventUser-0_{|Unlocked|}_com.android.server.gpu.GpuService
04-22 08:52:27.681  1406  5335 D SystemServerTimingAsync: ssm.onCompletedEventUser-0_{|Unlocked|}_com.android.server.security.rkp.RemoteProvisioningService
04-22 08:52:27.682  1406  5335 D SystemServerTimingAsync: ssm.onCompletedEventUser-0_{|Unlocked|}_com.android.server.security.KeyChainSystemService
04-22 08:52:27.682  1406  5335 D SystemServerTimingAsync: ssm.onCompletedEventUser-0_{|Unlocked|}_com.android.server.BinaryTransparencyService
04-22 08:52:27.682  1406  5335 D SystemServerTimingAsync: ssm.onCompletedEventUser-0_{|Unlocked|}_com.android.server.telecom.TelecomLoaderService
04-22 08:52:27.682  1406  5335 D SystemServerTimingAsync: ssm.onCompletedEventUser-0_{|Unlocked|}_com.android.server.accounts.AccountManagerService$Lifecycle
04-22 08:52:27.682  1406  5335 D SystemServerTimingAsync: ssm.onCompletedEventUser-0_{|Unlocked|}_com.android.server.content.ContentService$Lifecycle
04-22 08:52:27.682  1406  5335 D SystemServerTimingAsync: ssm.onCompletedEventUser-0_{|Unlocked|}_com.android.server.deviceconfig.DeviceConfigInit$Lifecycle
04-22 08:52:27.682  1406  5335 D SystemServerTimingAsync: ssm.onCompletedEventUser-0_{|Unlocked|}_com.android.server.DropBoxManagerService
04-22 08:52:27.682  1406  5335 D SystemServerTimingAsync: ssm.onCompletedEventUser-0_{|Unlocked|}_com.android.role.RoleService
04-22 08:52:27.682  1406  5335 D SystemServerTimingAsync: ssm.onCompletedEventUser-0_{|Unlocked|}_com.android.server.vibrator.VibratorManagerService$Lifecycle
04-22 08:52:27.682  1406  5335 D SystemServerTimingAsync: ssm.onCompletedEventUser-0_{|Unlocked|}_com.android.server.tare.InternalResourceService
04-22 08:52:27.682  1406  5335 D SystemServerTimingAsync: ssm.onCompletedEventUser-0_{|Unlocked|}_com.android.server.alarm.AlarmManagerService
04-22 08:52:27.682  1406  5335 D SystemServerTimingAsync: ssm.onCompletedEventUser-0_{|Unlocked|}_com.android.server.devicestate.DeviceStateManagerService
04-22 08:52:27.682  1406  5335 D SystemServerTimingAsync: ssm.onCompletedEventUser-0_{|Unlocked|}_com.android.server.camera.CameraServiceProxy
04-22 08:52:27.682  1406  5335 D SystemServerTimingAsync: ssm.onCompletedEventUser-0_{|Unlocked|}_com.android.server.bluetooth.BluetoothService
04-22 08:52:27.682  1406  5335 D SystemServerTimingAsync: ssm.onCompletedEventUser-0_{|Unlocked|}_com.android.server.connectivity.IpConnectivityMetrics
04-22 08:52:27.682  1406  5335 D SystemServerTimingAsync: ssm.onCompletedEventUser-0_{|Unlocked|}_com.android.server.net.watchlist.NetworkWatchlistService$Lifecycle
04-22 08:52:27.682  1406  5335 D SystemServerTimingAsync: ssm.onCompletedEventUser-0_{|Unlocked|}_com.android.server.PinnerService
04-22 08:52:27.682  1406  5335 D SystemServerTimingAsync: ssm.onCompletedEventUser-0_{|Unlocked|}_com.android.server.ActivityTriggerService
04-22 08:52:27.682  1406  5335 D SystemServerTimingAsync: ssm.onCompletedEventUser-0_{|Unlocked|}_com.android.server.integrity.AppIntegrityManagerService
04-22 08:52:27.683  1406  5335 D SystemServerTimingAsync: ssm.onCompletedEventUser-0_{|Unlocked|}_com.android.server.logcat.LogcatManagerService
04-22 08:52:27.683  1406  5335 D SystemServerTimingAsync: ssm.onCompletedEventUser-0_{|Unlocked|}_com.android.server.inputmethod.InputMethodManagerService$Lifecycle
04-22 08:52:27.683  1406  5335 D SystemServerTimingAsync: ssm.onCompletedEventUser-0_{|Unlocked|}_com.android.server.accessibility.AccessibilityManagerService$Lifecycle
04-22 08:52:27.683  1406  5335 D SystemServerTimingAsync: ssm.onCompletedEventUser-0_{|Unlocked|}_com.android.server.StorageManagerService$Lifecycle
04-22 08:52:27.683  1406  5335 D SystemServerTimingAsync: ssm.onCompletedEventUser-0_{|Unlocked|}_com.android.server.usage.StorageStatsService$Lifecycle
04-22 08:52:27.683  1406  5335 D SystemServerTimingAsync: ssm.onCompletedEventUser-0_{|Unlocked|}_com.android.server.UiModeManagerService
04-22 08:52:27.683  1406  5335 D SystemServerTimingAsync: ssm.onCompletedEventUser-0_{|Unlocked|}_com.android.server.locales.LocaleManagerService
04-22 08:52:27.683  1406  5335 D SystemServerTimingAsync: ssm.onCompletedEventUser-0_{|Unlocked|}_com.android.server.grammaticalinflection.GrammaticalInflectionService
04-22 08:52:27.683  1406  5335 D SystemServerTimingAsync: ssm.onCompletedEventUser-0_{|Unlocked|}_com.android.server.apphibernation.AppHibernationService
04-22 08:52:27.683  1406  5335 D SystemServerTimingAsync: ssm.onCompletedEventUser-0_{|Unlocked|}_com.android.server.locksettings.LockSettingsService$Lifecycle
04-22 08:52:27.683  1406  5335 D SystemServerTimingAsync: ssm.onCompletedEventUser-0_{|Unlocked|}_com.android.server.PersistentDataBlockService
04-22 08:52:27.683  1406  5335 D SystemServerTimingAsync: ssm.onCompletedEventUser-0_{|Unlocked|}_com.android.server.testharness.TestHarnessModeService
04-22 08:52:27.683  1406  5335 D SystemServerTimingAsync: ssm.onCompletedEventUser-0_{|Unlocked|}_com.android.server.oemlock.OemLockService
04-22 08:52:27.683  1406  5335 D SystemServerTimingAsync: ssm.onCompletedEventUser-0_{|Unlocked|}_com.android.server.DeviceIdleController
04-22 08:52:27.683  1406  5335 D SystemServerTimingAsync: ssm.onCompletedEventUser-0_{|Unlocked|}_com.android.server.devicepolicy.DevicePolicyManagerService$Lifecycle
04-22 08:52:27.683  1406  5335 D SystemServerTimingAsync: ssm.onCompletedEventUser-0_{|Unlocked|}_com.android.server.contentcapture.ContentCaptureManagerService
04-22 08:52:27.683  1406  5335 D SystemServerTimingAsync: ssm.onCompletedEventUser-0_{|Unlocked|}_com.android.server.attention.AttentionManagerService
04-22 08:52:27.683  1406  5335 D SystemServerTimingAsync: ssm.onCompletedEventUser-0_{|Unlocked|}_com.android.server.systemcaptions.SystemCaptionsManagerService
04-22 08:52:27.683  1406  5335 D SystemServerTimingAsync: ssm.onCompletedEventUser-0_{|Unlocked|}_com.android.server.texttospeech.TextToSpeechManagerService
04-22 08:52:27.683  1406  5335 D SystemServerTimingAsync: ssm.onCompletedEventUser-0_{|Unlocked|}_com.android.server.ambientcontext.AmbientContextManagerService
04-22 08:52:27.683  1406  5335 D SystemServerTimingAsync: ssm.onCompletedEventUser-0_{|Unlocked|}_com.android.server.wearable.WearableSensingManagerService
04-22 08:52:27.683  1406  5335 D SystemServerTimingAsync: ssm.onCompletedEventUser-0_{|Unlocked|}_com.android.server.speech.SpeechRecognitionManagerService
04-22 08:52:27.683  1406  5335 D SystemServerTimingAsync: ssm.onCompletedEventUser-0_{|Unlocked|}_com.android.server.appprediction.AppPredictionManagerService
04-22 08:52:27.683  1406  5335 D SystemServerTimingAsync: ssm.onCompletedEventUser-0_{|Unlocked|}_com.android.server.searchui.SearchUiManagerService
04-22 08:52:27.683  1406  5335 D SystemServerTimingAsync: ssm.onCompletedEventUser-0_{|Unlocked|}_com.android.server.smartspace.SmartspaceManagerService
04-22 08:52:27.683  1406  5335 D SystemServerTimingAsync: ssm.onCompletedEventUser-0_{|Unlocked|}_com.android.server.graphics.fonts.FontManagerService$Lifecycle
04-22 08:52:27.683  1406  5335 D SystemServerTimingAsync: ssm.onCompletedEventUser-0_{|Unlocked|}_com.android.server.textservices.TextServicesManagerService$Lifecycle
04-22 08:52:27.683  1406  5335 D SystemServerTimingAsync: ssm.onCompletedEventUser-0_{|Unlocked|}_com.android.server.textclassifier.TextClassificationManagerService$Lifecycle
04-22 08:52:27.683  1406  5335 D SystemServerTimingAsync: ssm.onCompletedEventUser-0_{|Unlocked|}_com.android.server.NetworkScoreService$Lifecycle
04-22 08:52:27.683  1406  5335 D SystemServerTimingAsync: ssm.onCompletedEventUser-0_{|Unlocked|}_com.android.server.NetworkStatsServiceInitializer
04-22 08:52:27.683  1406  5335 D SystemServerTimingAsync: ssm.onCompletedEventUser-0_{|Unlocked|}_com.android.server.wifi.WifiService
04-22 08:52:27.683  1406  5335 D SystemServerTimingAsync: ssm.onCompletedEventUser-0_{|Unlocked|}_com.android.server.wifi.scanner.WifiScanningService
04-22 08:52:27.683  1406  5335 D SystemServerTimingAsync: ssm.onCompletedEventUser-0_{|Unlocked|}_com.android.server.wifi.rtt.RttService
04-22 08:52:27.683  1406  5335 D SystemServerTimingAsync: ssm.onCompletedEventUser-0_{|Unlocked|}_com.android.server.wifi.p2p.WifiP2pService
04-22 08:52:27.683  1406  5335 D SystemServerTimingAsync: ssm.onCompletedEventUser-0_{|Unlocked|}_com.android.server.ConnectivityServiceInitializer
04-22 08:52:27.683  1406  5335 D SystemServerTimingAsync: ssm.onCompletedEventUser-0_{|Unlocked|}_com.android.server.notification.NotificationManagerService
04-22 08:52:27.683  1406  5335 D SystemServerTimingAsync: ssm.onCompletedEventUser-0_{|Unlocked|}_com.android.server.storage.DeviceStorageMonitorService
04-22 08:52:27.683  1406  5335 D SystemServerTimingAsync: ssm.onCompletedEventUser-0_{|Unlocked|}_com.android.server.timedetector.TimeDetectorService$Lifecycle
04-22 08:52:27.683  1406  5335 D SystemServerTimingAsync: ssm.onCompletedEventUser-0_{|Unlocked|}_com.android.server.location.LocationManagerService$Lifecycle
04-22 08:52:27.683  1406  5335 D SystemServerTimingAsync: ssm.onCompletedEventUser-0_{|Unlocked|}_com.android.server.timezonedetector.TimeZoneDetectorService$Lifecycle
04-22 08:52:27.684  1406  5335 D SystemServerTimingAsync: ssm.onCompletedEventUser-0_{|Unlocked|}_com.android.server.location.altitude.AltitudeService$Lifecycle
04-22 08:52:27.684  1406  5335 D SystemServerTimingAsync: ssm.onCompletedEventUser-0_{|Unlocked|}_com.android.server.timezonedetector.location.LocationTimeZoneManagerService$Lifecycle
04-22 08:52:27.684  1406  5335 D SystemServerTimingAsync: ssm.onCompletedEventUser-0_{|Unlocked|}_com.android.server.search.SearchManagerService$Lifecycle
04-22 08:52:27.684  1406  5335 D SystemServerTimingAsync: ssm.onCompletedEventUser-0_{|Unlocked|}_com.android.server.wallpaper.WallpaperManagerService$Lifecycle
04-22 08:52:27.684  1406  5335 D SystemServerTimingAsync: ssm.onCompletedEventUser-0_{|Unlocked|}_com.android.server.wallpapereffectsgeneration.WallpaperEffectsGenerationManagerService
04-22 08:52:27.684  1406  5335 D SystemServerTimingAsync: ssm.onCompletedEventUser-0_{|Unlocked|}_com.android.server.audio.AudioService$Lifecycle
04-22 08:52:27.684  1406  5335 D SystemServerTimingAsync: ssm.onCompletedEventUser-0_{|Unlocked|}_com.android.server.soundtrigger_middleware.SoundTriggerMiddlewareService$Lifecycle
04-22 08:52:27.684  1406  5335 D SystemServerTimingAsync: ssm.onCompletedEventUser-0_{|Unlocked|}_com.android.server.DockObserver
04-22 08:52:27.684  1406  5335 D SystemServerTimingAsync: ssm.onCompletedEventUser-0_{|Unlocked|}_com.android.server.midi.MidiService$Lifecycle
04-22 08:52:27.684  1406  5335 D SystemServerTimingAsync: ssm.onCompletedEventUser-0_{|Unlocked|}_com.android.server.adb.AdbService$Lifecycle
04-22 08:52:27.684  1406  5335 D SystemServerTimingAsync: ssm.onCompletedEventUser-0_{|Unlocked|}_com.android.server.usb.UsbService$Lifecycle
04-22 08:52:27.684  1406  5335 D SystemServerTimingAsync: ssm.onCompletedEventUser-0_{|Unlocked|}_com.android.server.twilight.TwilightService
04-22 08:52:27.684  1406  5335 D SystemServerTimingAsync: ssm.onCompletedEventUser-0_{|Unlocked|}_com.android.server.display.color.ColorDisplayService
04-22 08:52:27.684  1406  5335 D SystemServerTimingAsync: ssm.onCompletedEventUser-0_{|Unlocked|}_com.android.server.job.JobSchedulerService
04-22 08:52:27.684  1406  5335 D SystemServerTimingAsync: ssm.onCompletedEventUser-0_{|Unlocked|}_com.android.server.soundtrigger.SoundTriggerService
04-22 08:52:27.684  1406  5335 D SystemServerTimingAsync: ssm.onCompletedEventUser-0_{|Unlocked|}_com.android.server.trust.TrustManagerService
04-22 08:52:27.684  1406  5335 D SystemServerTimingAsync: ssm.onCompletedEventUser-0_{|Unlocked|}_com.android.server.backup.BackupManagerService$Lifecycle
04-22 08:52:27.684  1406  5335 D SystemServerTimingAsync: ssm.onCompletedEventUser-0_{|Unlocked|}_com.android.server.appwidget.AppWidgetService
04-22 08:52:27.684  1406  5335 D SystemServerTimingAsync: ssm.onCompletedEventUser-0_{|Unlocked|}_com.android.server.voiceinteraction.VoiceInteractionManagerService
04-22 08:52:27.684  1406  5335 D SystemServerTimingAsync: ssm.onCompletedEventUser-0_{|Unlocked|}_com.android.server.GestureLauncherService
04-22 08:52:27.684  1406  5335 D SystemServerTimingAsync: ssm.onCompletedEventUser-0_{|Unlocked|}_com.android.server.SensorNotificationService
04-22 08:52:27.684  1406  5335 D SystemServerTimingAsync: ssm.onCompletedEventUser-0_{|Unlocked|}_com.android.server.emergency.EmergencyAffordanceService
04-22 08:52:27.684  1406  5335 D SystemServerTimingAsync: ssm.onCompletedEventUser-0_{|Unlocked|}_com.android.server.blob.BlobStoreManagerService
04-22 08:52:27.684  1406  5335 D SystemServerTimingAsync: ssm.onCompletedEventUser-0_{|Unlocked|}_com.android.server.dreams.DreamManagerService
04-22 08:52:27.684  1406  5335 D SystemServerTimingAsync: ssm.onCompletedEventUser-0_{|Unlocked|}_com.android.server.print.PrintManagerService
04-22 08:52:27.684  1406  5335 D SystemServerTimingAsync: ssm.onCompletedEventUser-0_{|Unlocked|}_com.android.server.security.AttestationVerificationManagerService
04-22 08:52:27.684  1406  5335 D SystemServerTimingAsync: ssm.onCompletedEventUser-0_{|Unlocked|}_com.android.server.companion.CompanionDeviceManagerService
04-22 08:52:27.684  1406  5335 D SystemServerTimingAsync: ssm.onCompletedEventUser-0_{|Unlocked|}_com.android.server.companion.virtual.VirtualDeviceManagerService
