04-21 14:13:06.301  9676  9676 I ScannerSDK-USBManager: getAvailableScannersList() Completed and found 0 USB Scanners that has permissions
04-21 14:13:06.301  9676  9676 I ScannerSDK-SDKHandler: discoverAvailableScannersWithNotification() Operational mode is DCSSDK_OPMODE_USB_CDC
04-21 14:13:06.301  9676  9676 I ScannerSDK-USBManager: getAvailableScannersList() Started
04-21 14:13:06.302  9676  9676 I ScannerSDK-USBManager: getAvailableScannersList() System has 0 USB devices
04-21 14:13:06.302  9676  9676 I ScannerSDK-USBManager: getAvailableScannersList() Completed and found 0 USB Scanners that has permissions
04-21 14:13:06.302  9676  9676 I ScannerSDK-SDKHandler: dcssdkGetAvailableScannersList() called
04-21 14:13:06.302  9676  9676 I ScannerSDK-SDKHandler: discoverAvailableScannersWithNotification() Started
04-21 14:13:06.302  9676  9676 I ScannerSDK-SDKHandler: discoverAvailableScannersWithNotification() Operational mode is DCSSDK_OPMODE_SNAPI
04-21 14:13:06.302  9676  9676 I ScannerSDK-USBManager: getAvailableScannersList() Started
04-21 14:13:06.302  9676  9676 I ScannerSDK-USBManager: getAvailableScannersList() System has 0 USB devices
04-21 14:13:06.302  9676  9676 I ScannerSDK-USBManager: getAvailableScannersList() Completed and found 0 USB Scanners that has permissions
04-21 14:13:06.302  9676  9676 I ScannerSDK-SDKHandler: discoverAvailableScannersWithNotification() Operational mode is DCSSDK_OPMODE_USB_CDC
04-21 14:13:06.302  9676  9676 I ScannerSDK-USBManager: getAvailableScannersList() Started
04-21 14:13:06.302  9676  9676 I ScannerSDK-USBManager: getAvailableScannersList() System has 0 USB devices
04-21 14:13:06.302  9676  9676 I ScannerSDK-USBManager: getAvailableScannersList() Completed and found 0 USB Scanners that has permissions
04-21 14:13:06.303  9676  9676 D CompatibilityChangeReporter: Compat change id reported: 263076149; UID 10261; state: ENABLED
04-21 14:13:06.304  3286  4648 I FontLog : (REDACTED) Pulling font file for id = %d, cache size = %d
04-21 14:13:06.307  9676  9676 D SCAN_HANDLER: No scanners available via DSC SDK
04-21 14:13:06.307  9676  9676 D MAIN_ACTIVITY: No DSC SDK scanner ŌĆō initializing DataWedge fallback
04-21 14:13:06.310  9676  9676 D DW_HANDLER: SET_CONFIG sent for profile: com.ltrudu.rfid_sample_flutter
04-21 14:13:06.312  9676  9676 D DW_HANDLER: Scan receiver registered
04-21 14:13:06.317  1426  1984 D ActivityManager: freezing 9476 com.symbol.osx.osxprovisionservice
04-21 14:13:06.331  9676  9746 D RfidHostManager: bindhostService
04-21 14:13:06.334  9676  9676 D RFID_HANDLER: reader is not connected
04-21 14:13:06.335  9676  9746 E protocol val is: ASCII
04-21 14:13:06.362  1426  4383 D WindowManager: layoutWindowLw currenttaskBarInDb-- 0
04-21 14:13:06.362  1426  4383 I WindowLayout: isInForceDesktopMode---false displayId: 0 zwcTaskbarHeight: 0
04-21 14:13:06.362  1426  4383 D WindowManager: layoutWindowLw currenttaskBarInDb-- 0
04-21 14:13:06.362  1426  4383 I WindowLayout: isInForceDesktopMode---false displayId: 0 zwcTaskbarHeight: 0
04-21 14:13:06.362  1426  4383 D WindowManager: layoutWindowLw currenttaskBarInDb-- 0
04-21 14:13:06.362  1426  4383 I WindowLayout: isInForceDesktopMode---false displayId: 0 zwcTaskbarHeight: 0
04-21 14:13:06.362  1426  4383 D WindowManager: layoutWindowLw currenttaskBarInDb-- 0
04-21 14:13:06.362  1426  4383 I WindowLayout: isInForceDesktopMode---false displayId: 0 zwcTaskbarHeight: 0
04-21 14:13:06.363  1426  4383 D WindowManager: DP::updateSystemBarAttributes called
04-21 14:13:06.363  1426  4383 D WindowManager: DP::::updateSystemBarAttributes displayId: 0
04-21 14:13:06.363  1426  4383 D WindowManager: displayId: 0
04-21 14:13:06.363  1426  4383 D WindowManager: isFullscreen: false isImmersive: false
04-21 14:13:06.363  1426  4383 D WindowManager: mLastFocusIsFullscreen: false mLastImmersiveMode: false
04-21 14:13:06.363  1426  4383 D WindowManager: mFocusedWindow: Window{7536f93 u0 com.ltrudu.rfid_sample_flutter/com.ltrudu.rfid_sample_flutter.MainActivity}
04-21 14:13:06.363  1426  4383 D WindowManager: mLastFocusedWindow: null
04-21 14:13:06.363  1426  4383 D WindowManager: mLastFocusIsImmersiveAndFullscreen: false
04-21 14:13:06.363  1426  4383 D WindowManager: mLastWindowClosed: null
04-21 14:13:06.394  1426  1848 D WindowManager: layoutWindowLw currenttaskBarInDb-- 0
04-21 14:13:06.394  1426  1848 I WindowLayout: isInForceDesktopMode---false displayId: 0 zwcTaskbarHeight: 0
04-21 14:13:06.394  1426  1848 D WindowManager: layoutWindowLw currenttaskBarInDb-- 0
04-21 14:13:06.394  1426  1848 I WindowLayout: isInForceDesktopMode---false displayId: 0 zwcTaskbarHeight: 0
04-21 14:13:06.394  1426  1848 D WindowManager: layoutWindowLw currenttaskBarInDb-- 0
04-21 14:13:06.394  1426  1848 I WindowLayout: isInForceDesktopMode---false displayId: 0 zwcTaskbarHeight: 0
04-21 14:13:06.395  1426  1848 D WindowManager: layoutWindowLw currenttaskBarInDb-- 0
04-21 14:13:06.395  1426  1848 I WindowLayout: isInForceDesktopMode---false displayId: 0 zwcTaskbarHeight: 0
04-21 14:13:06.395  1426  1848 D WindowManager: DP::updateSystemBarAttributes called
04-21 14:13:06.395  1426  1848 D WindowManager: DP::::updateSystemBarAttributes displayId: 0
04-21 14:13:06.397  1426  1844 W ziparchive: Unable to open '/data/app/~~rNi2X5lO-qOZnXX5XJV0OQ==/com.ltrudu.rfid_sample_flutter-D2s6FGwfenAYf1WMBe1MXA==/base.dm': No such file or directory
04-21 14:13:06.398  1426  1848 D WindowManager: layoutWindowLw currenttaskBarInDb-- 0
04-21 14:13:06.398  1426  1848 I WindowLayout: isInForceDesktopMode---false displayId: 0 zwcTaskbarHeight: 0
04-21 14:13:06.398  1426  1848 D WindowManager: layoutWindowLw currenttaskBarInDb-- 0
04-21 14:13:06.398  1426  1848 I WindowLayout: isInForceDesktopMode---false displayId: 0 zwcTaskbarHeight: 0
04-21 14:13:06.398  1426  1848 D WindowManager: layoutWindowLw currenttaskBarInDb-- 0
04-21 14:13:06.398  1426  1848 I WindowLayout: isInForceDesktopMode---false displayId: 0 zwcTaskbarHeight: 0
04-21 14:13:06.398  1426  1848 D WindowManager: layoutWindowLw currenttaskBarInDb-- 0
04-21 14:13:06.398  1426  1848 I WindowLayout: isInForceDesktopMode---false displayId: 0 zwcTaskbarHeight: 0
04-21 14:13:06.398  1426  1848 D WindowManager: DP::updateSystemBarAttributes called
04-21 14:13:06.398  1426  1848 D WindowManager: DP::::updateSystemBarAttributes displayId: 0
04-21 14:13:06.400  1426  1848 D WindowManager: DP::updateSystemBarAttributes called
04-21 14:13:06.400  1426  1848 D WindowManager: DP::::updateSystemBarAttributes displayId: 0
04-21 14:13:06.405  1426  1844 I ActivityTaskManager: Displayed com.ltrudu.rfid_sample_flutter/.MainActivity for user 0: +2s502ms
04-21 14:13:06.406  1426  2008 D ZebraDisplayServiceFw: isZwcInstalledAndDesktopModeEnabled false
04-21 14:13:06.407  1426  1844 I ActivityTaskManager: Fully drawn com.ltrudu.rfid_sample_flutter/.MainActivity: +2s502ms
04-21 14:13:06.408  1426  1844 W ziparchive: Unable to open '/data/app/~~rNi2X5lO-qOZnXX5XJV0OQ==/com.ltrudu.rfid_sample_flutter-D2s6FGwfenAYf1WMBe1MXA==/base.dm': No such file or directory
04-21 14:13:06.465  9676  9676 D RfidHostManager: connection with rfidhostService established (ComponentInfo{com.zebra.rfidhost/com.zebra.rfidhost.RFIDHostService})
04-21 14:13:06.467  3167  3192 E RFIDHostService: registerProcessDeath: >>>> called by com.ltrudu.rfid_sample_flutter
04-21 14:13:06.468  3167  3192 D RFIDHostService:  setCspConnectionState mSkipCspClientDisconnection = false
04-21 14:13:06.468  9676  9676 D RfidSerialManager: bindSerialService
04-21 14:13:06.486  1426  9657 D CompatibilityChangeReporter: Compat change id reported: 214016041; UID 10261; state: ENABLED
04-21 14:13:06.487  1426  9657 I ImeTracker: com.ltrudu.rfid_sample_flutter:154239c8: onRequestHide at ORIGIN_SERVER_HIDE_INPUT reason HIDE_UNSPECIFIED_WINDOW
04-21 14:13:06.487  1426  9657 I ImeTracker: com.ltrudu.rfid_sample_flutter:154239c8: onCancelled at PHASE_SERVER_SHOULD_HIDE
04-21 14:13:06.488  9676  9676 D RfidSerialManager: connection with serialService established (ComponentInfo{com.zebra.rfidserial/com.zebra.rfidserial.RFIDSerialService})
04-21 14:13:06.492  7107  7107 I GoogleInputMethodService: GoogleInputMethodService.onFinishInput():2186 
04-21 14:13:06.492  7107  7107 I Module  : DeviceLockedStatusModuleProvider$Module.updateDeviceLockedStatus():103 repeatCheckTimes = 0, locked = false
04-21 14:13:06.492  7107  7107 I GoogleInputMethodService: GoogleInputMethodService.onStartInput():1444 onStartInput(EditorInfo{EditorInfo{packageName=com.ltrudu.rfid_sample_flutter, inputType=0, inputTypeString=NULL, enableLearning=false, autoCorrection=false, autoComplete=false, imeOptions=0, privateImeOptions=null, actionName=UNSPECIFIED, actionLabel=null, initialSelStart=-1, initialSelEnd=-1, initialCapsMode=0, label=null, fieldId=0, fieldName=null, extras=null, hintText=null, hintLocales=[]}}, false)
04-21 14:13:06.492  7107  7107 W AndroidIME: LatinIMEBase.updateInputViewCoverNavigation():326 Null input view, cannot update padding!
04-21 14:13:06.493  7107  7107 I Module  : DeviceLockedStatusModuleProvider$Module.updateDeviceLockedStatus():103 repeatCheckTimes = 1, locked = false
04-21 14:13:06.493  1426  4380 W PackageConfigPersister: App-specific configuration not found for packageName: com.ltrudu.rfid_sample_flutter and userId: 0
04-21 14:13:06.494  2346  2379 W DynamicDDSService: appName is not found in cache: com.android.launcher3
04-21 14:13:06.498  1426  1848 D WindowManager: DP::updateSystemBarAttributes called
04-21 14:13:06.498  1426  1848 D WindowManager: DP::::updateSystemBarAttributes displayId: 0
04-21 14:13:06.502  1426  1847 D ActivityManager: com.google.android.gms is skipped freeze by freezeAppAsyncInternalLSP
04-21 14:13:06.503  2513  2659 I ImeTracker: com.android.launcher3:d43f513a: onRequestHide at ORIGIN_CLIENT_HIDE_SOFT_INPUT reason HIDE_SOFT_INPUT
04-21 14:13:06.504  2513  2659 I ImeTracker: com.android.launcher3:d43f513a: onFailed at PHASE_CLIENT_VIEW_SERVED
04-21 14:13:06.509  1426  1426 D FusionRssiPolling: updateLinkLayerStatsRssiSpeedFrequencyCapabilities rssi=-60 TxLinkspeed=619 freq=5680 RxLinkSpeed=6
04-21 14:13:06.521  1426  4383 D ActivityManager: com.google.android.gms is skipped freeze by freezeAppAsyncInternalLSP
04-21 14:13:06.523  1426  2594 D ActivityManager: com.google.android.gms is skipped freeze by freezeAppAsyncInternalLSP
04-21 14:13:06.688  1426  9657 D WindowManager: layoutWindowLw currenttaskBarInDb-- 0
04-21 14:13:06.688  1426  9657 I WindowLayout: isInForceDesktopMode---false displayId: 0 zwcTaskbarHeight: 0
04-21 14:13:06.688  1426  9657 D WindowManager: layoutWindowLw currenttaskBarInDb-- 0
04-21 14:13:06.688  1426  9657 I WindowLayout: isInForceDesktopMode---false displayId: 0 zwcTaskbarHeight: 0
04-21 14:13:06.688  1426  9657 D WindowManager: layoutWindowLw currenttaskBarInDb-- 0
04-21 14:13:06.688  1426  9657 I WindowLayout: isInForceDesktopMode---false displayId: 0 zwcTaskbarHeight: 0
04-21 14:13:06.688  1426  9657 D WindowManager: DP::updateSystemBarAttributes called
04-21 14:13:06.688  1426  9657 D WindowManager: DP::::updateSystemBarAttributes displayId: 0
04-21 14:13:06.693  2120  2181 W WindowOnBackDispatcher: sendCancelIfRunning: isInProgress=falsecallback=android.view.ViewRootImpl$$ExternalSyntheticLambda17@d06f3d4
04-21 14:13:06.694  1426  2594 D CoreBackPreview: Window{2243f10 u0 Splash Screen com.ltrudu.rfid_sample_flutter EXITING}: Setting back callback null
04-21 14:13:06.694  1426  9657 W InputManager-JNI: Input channel object '2243f10 Splash Screen com.ltrudu.rfid_sample_flutter (client)' was disposed without first being removed with the input manager!
04-21 14:13:06.694  1426  9657 I WindowManager: removeWindowLw called: com.ltrudu.rfid_sample_flutter
04-21 14:13:06.694  1426  9657 D WindowManager: removewindowlw package --com.ltrudu.rfid_sample_flutter mState--RESUMED
04-21 14:13:06.695  1426  9657 D WindowManager: layoutWindowLw currenttaskBarInDb-- 0
04-21 14:13:06.695  1426  9657 I WindowLayout: isInForceDesktopMode---false displayId: 0 zwcTaskbarHeight: 0
04-21 14:13:06.695  1426  9657 D WindowManager: layoutWindowLw currenttaskBarInDb-- 0
04-21 14:13:06.695  1426  9657 I WindowLayout: isInForceDesktopMode---false displayId: 0 zwcTaskbarHeight: 0
04-21 14:13:06.696  1426  9657 D WindowManager: layoutWindowLw currenttaskBarInDb-- 0
04-21 14:13:06.696  1426  9657 I WindowLayout: isInForceDesktopMode---false displayId: 0 zwcTaskbarHeight: 0
04-21 14:13:06.696  1426  9657 D WindowManager: DP::updateSystemBarAttributes called
04-21 14:13:06.696  1426  9657 D WindowManager: DP::::updateSystemBarAttributes displayId: 0
04-21 14:13:06.698  1426  1848 D WindowManager: DP::updateSystemBarAttributes called
04-21 14:13:06.698  1426  1848 D WindowManager: DP::::updateSystemBarAttributes displayId: 0
04-21 14:13:06.812  9529  9529 D IntentAPIManager: onReceive(..):android.app.ContextImpl@f70d300,Intent { act=com.symbol.datawedge.api.ACTION flg=0x10 (has extras) }
04-21 14:13:06.836  9529  9560 D IRFIDError: RFIDPROTOAscii: GetStatus: RFID_API_COMMAND_TIMEOUTConnect size 0
04-21 14:13:06.850  9529  9560 I DataWedge-ScannerProxyHandler: #DW-SF# Get Number of Scanners [Start]
04-21 14:13:06.852  1426  1848 I WindowManager: removeWindowLw called: com.ltrudu.rfid_sample_flutter
04-21 14:13:06.852  1426  1848 D WindowManager: removewindowlw package --com.ltrudu.rfid_sample_flutter mState--RESUMED
04-21 14:13:06.852  9529  9560 I DataWedge-ScannerProxyHandler: #DW-SF# Get Number of Scanners [Finish], Nos: 10
04-21 14:13:06.853  1426  1848 D WindowManager: layoutWindowLw currenttaskBarInDb-- 0
04-21 14:13:06.853  1426  1848 I WindowLayout: isInForceDesktopMode---false displayId: 0 zwcTaskbarHeight: 0
04-21 14:13:06.853  1426  1848 D WindowManager: layoutWindowLw currenttaskBarInDb-- 0
04-21 14:13:06.853  1426  1848 I WindowLayout: isInForceDesktopMode---false displayId: 0 zwcTaskbarHeight: 0
04-21 14:13:06.853  1426  1848 D WindowManager: layoutWindowLw currenttaskBarInDb-- 0
04-21 14:13:06.854  1426  1848 I WindowLayout: isInForceDesktopMode---false displayId: 0 zwcTaskbarHeight: 0
04-21 14:13:06.855  1426  1848 D WindowManager: DP::updateSystemBarAttributes called
04-21 14:13:06.855  1426  1848 D WindowManager: DP::::updateSystemBarAttributes displayId: 0
04-21 14:13:06.856  1426  1848 D WindowManager: displayId: 0
04-21 14:13:06.856  1426  1848 D WindowManager: isFullscreen: false isImmersive: false
04-21 14:13:06.856  1426  1848 D WindowManager: mLastFocusIsFullscreen: false mLastImmersiveMode: false
04-21 14:13:06.856  1426  1848 D WindowManager: mFocusedWindow: Window{7536f93 u0 com.ltrudu.rfid_sample_flutter/com.ltrudu.rfid_sample_flutter.MainActivity}
04-21 14:13:06.856  1426  1848 D WindowManager: mLastFocusedWindow: null
04-21 14:13:06.856  1426  1848 D WindowManager: mLastFocusIsImmersiveAndFullscreen: false
04-21 14:13:06.856  1426  1848 D WindowManager: mLastWindowClosed: null
04-21 14:13:06.858  9676  9746 D RFID_HANDLER: SERVICE_USB reader count: 1
04-21 14:13:06.858  9676  9746 D RFID_HANDLER: Found reader: TC22R
04-21 14:13:06.858  9529  9560 I DataWedge-ScannerProxyHandler: #DW-SF# Get Number of Scanners Returning from cache, Nos: 10
04-21 14:13:06.859  9529  9560 I DataWedge-ScannerProxyHandler: #DW-SF# Get Number of Scanners Returning from cache, Nos: 10
04-21 14:13:06.868  9529  9560 E ymbol.datawedge: Invalid resource ID 0x00000000.
04-21 14:13:06.868  1426  1848 D WindowManager: DP::updateSystemBarAttributes called
04-21 14:13:06.868  1426  1848 D WindowManager: DP::::updateSystemBarAttributes displayId: 0
04-21 14:13:06.871  9529  9560 I DataWedge-ScannerProxyHandler: #DW-SF# Get Number of Scanners Returning from cache, Nos: 10
04-21 14:13:06.873  9529  9560 I DataWedge-ScannerProxyHandler: #DW-SF# Get Number of Scanners Returning from cache, Nos: 10
04-21 14:13:06.874  9529  9593 I DataWedge-ScannerProxyHandler: #DW-SF# Open Scanner [Start], Scanner ID: 1
04-21 14:13:06.876  9225  9239 E AuthenticationLib:  [Authentication::verifyCaller] Package VERIFICATION CALLED onClientConnectname : com.symbol.datawedge
04-21 14:13:06.876  9225  9239 E AuthenticationLib: [Authentication::verifyCaller]com.symbol.datawedge ALLOWED
04-21 14:13:06.879  9225  9239 E AuthenticationLib: [Authentication::verifyCaller]com.symbol.datawedge isZebraPrivilegedKeySigned or isPlatformKeySigned 
04-21 14:13:06.880  9225  9357 I ScannerFramework: [Scanner::ScannerOpen] 'ScannerOpen' called, Calling process pid '9529', package name 'com.symbol.datawedge', Scanner type '0'
04-21 14:13:06.881  9225  9357 I ScannerFramework: [Scanner::ScannerOpen] - '0'
04-21 14:13:06.881  9225  9357 I ScannerFramework: [Scanner::GetSupportedParameterDefs] 'GetSupportedParameterDefs' called, Calling process pid '9529', Scanner type '0'
04-21 14:13:06.882  9225  9357 I ScannerFramework: [Scanner::GetSupportedParameterDefs] - 
04-21 14:13:06.908  9529  9593 E ymbol.datawedge: Invalid resource ID 0x00000000.
04-21 14:13:06.913  9529  9593 E ymbol.datawedge: Invalid resource ID 0x00000000.
04-21 14:13:06.913  9529  9593 E ymbol.datawedge: Invalid resource ID 0x00000000.
04-21 14:13:06.913  9529  9593 E ymbol.datawedge: Invalid resource ID 0x00000000.
04-21 14:13:06.914  9529  9593 E ymbol.datawedge: Invalid resource ID 0x00000000.
04-21 14:13:06.914  9529  9593 E ymbol.datawedge: Invalid resource ID 0x00000000.
04-21 14:13:06.914  9529  9593 E ymbol.datawedge: Invalid resource ID 0x00000000.
04-21 14:13:06.915  9529  9593 E ymbol.datawedge: Invalid resource ID 0x00000000.
04-21 14:13:06.916  9529  9593 E ymbol.datawedge: Invalid resource ID 0x00000000.
04-21 14:13:06.916  9529  9593 E ymbol.datawedge: Invalid resource ID 0x00000000.
04-21 14:13:06.916  9529  9593 E ymbol.datawedge: Invalid resource ID 0x00000000.
04-21 14:13:06.917  9529  9593 E ymbol.datawedge: Invalid resource ID 0x00000000.
04-21 14:13:06.927  9529  9593 E ymbol.datawedge: Invalid resource ID 0x00000000.
04-21 14:13:06.928  9529  9593 E ymbol.datawedge: Invalid resource ID 0x00000000.
04-21 14:13:06.942  9225  9357 I ScannerFramework: [Scanner::GetParameters] 'GetParameters' called, Calling process pid '9529', Scanner type '0'
04-21 14:13:06.943  9225  9357 I ScannerFramework: [Scanner::GetParameters] - 
04-21 14:13:06.944  9225  9357 I ScannerFramework: [Scanner::GetSupportedParameterDefs] 'GetSupportedParameterDefs' called, Calling process pid '9529', Scanner type '0'
04-21 14:13:06.944  9225  9357 I ScannerFramework: [Scanner::GetSupportedParameterDefs] - 
04-21 14:13:06.957  9529  9593 E ymbol.datawedge: Invalid resource ID 0x00000000.
04-21 14:13:06.960  9529  9593 E ymbol.datawedge: Invalid resource ID 0x00000000.
04-21 14:13:06.960  9529  9593 E ymbol.datawedge: Invalid resource ID 0x00000000.
04-21 14:13:06.960  9529  9593 E ymbol.datawedge: Invalid resource ID 0x00000000.
04-21 14:13:06.960  9529  9593 E ymbol.datawedge: Invalid resource ID 0x00000000.
04-21 14:13:06.960  9529  9593 E ymbol.datawedge: Invalid resource ID 0x00000000.
04-21 14:13:06.961  9529  9593 E ymbol.datawedge: Invalid resource ID 0x00000000.
04-21 14:13:06.961  9529  9593 E ymbol.datawedge: Invalid resource ID 0x00000000.
04-21 14:13:06.961  9529  9593 E ymbol.datawedge: Invalid resource ID 0x00000000.
04-21 14:13:06.962  9529  9593 E ymbol.datawedge: Invalid resource ID 0x00000000.
04-21 14:13:06.962  9529  9593 E ymbol.datawedge: Invalid resource ID 0x00000000.
04-21 14:13:06.962  9529  9593 E ymbol.datawedge: Invalid resource ID 0x00000000.
04-21 14:13:06.970  9529  9593 E ymbol.datawedge: Invalid resource ID 0x00000000.
04-21 14:13:06.970  9529  9593 E ymbol.datawedge: Invalid resource ID 0x00000000.
04-21 14:13:06.981  9225  9357 I ScannerFramework: [Scanner::GetParameters] 'GetParameters' called, Calling process pid '9529', Scanner type '0'
04-21 14:13:06.982  9225  9357 I ScannerFramework: [Scanner::GetParameters] - 
04-21 14:13:06.983  9225  9357 I ScannerFramework: [Scanner::IsReadSubmitted] 'IsReadSubmitted' called, Calling process pid '9529', Scanner type '0'
04-21 14:13:06.983  9225  9357 I ScannerFramework: [Scanner::IsReadSubmitted] - '1'
04-21 14:13:06.984  9225  9357 I ScannerFramework: [Scanner::SetParameters] 'SetParameters' called, Calling process pid '9529', Scanner type '0'
04-21 14:13:06.985  9225  9357 I ScannerFramework: [UserScnContext::SetFeedBackParameter] Product model = TC22 
04-21 14:13:06.986  9225  9357 I ScannerFramework: [UserScnContext::SetFeedBackParameter] Product model = TC22 
04-21 14:13:06.987  9225  9357 E ScannerFramework: [ScannerContext::UpdateTimer] Updating No decode timer to 180000 
04-21 14:13:06.987  9225  9357 I ScannerFramework: [UserScnContext::SetFeedBackParameter] Product model = TC22 
04-21 14:13:06.988  9225  9357 I ScannerFramework: [UserScnContext::SetFeedBackParameter] Product model = TC22 
04-21 14:13:06.988  9225  9357 I ScannerFramework: [JNIHelper::IsScanLEDAccessible] entry
04-21 14:13:06.988  9225  9357 I  ##ZDCP## : [HWInfoServiceProviderWrapper] [HWInfoServiceProviderWrapper::getInstance]
04-21 14:13:06.989  9202  9247 W System.err: java.lang.NullPointerException: Attempt to invoke interface method 'boolean com.zebra.batteryswap.IBatterySwap.isBatterySwapInProgress()' on a null object reference
04-21 14:13:06.989  9202  9247 W System.err: 	at com.zebra.batteryswap.BatterySwap.isBatterySwapInProgress(BatterySwap.java:3)
04-21 14:13:06.989  9202  9247 W System.err: 	at com.zebra.hwinfoservice.BatterySwapServiceConnector.isBatterySwapInProgress(BatterySwapServiceConnector.java:5)
04-21 14:13:06.989  9202  9247 W System.err: 	at com.zebra.hwinfoservice.HWInfoServiceImpl.isScanLEDAccessible(HWInfoServiceImpl.java:12)
04-21 14:13:06.989  9202  9247 W System.err: 	at com.zebra.hwinfoservice.IHWInfoService$Stub.onTransact(IHWInfoService.java:57)
04-21 14:13:06.989  9202  9247 W System.err: 	at android.os.Binder.execTransactInternal(Binder.java:1339)
04-21 14:13:06.989  9202  9247 W System.err: 	at android.os.Binder.execTransact(Binder.java:1275)
04-21 14:13:06.989  9202  9247 I  ##ZDCP## : [HWInfoServiceImpl] [HWInfoServiceImpl::isScanLEDAccessible] isBatterySwap in progress=false
04-21 14:13:06.990  1085  1085 D qdlights: athena set_light_scan_locked led mode 0, colorRGB=00000000, onMS=0, offMS=0
04-21 14:13:06.990  9225  9357 I ScannerFramework: [Scanner::SetParameters] - '9529'
04-21 14:13:06.991  9225  9239 I ScannerFramework: [Scanner::GetSupportedParameterDefs] 'GetSupportedParameterDefs' called, Calling process pid '9529', Scanner type '0'
04-21 14:13:06.991  9225  9239 I ScannerFramework: [Scanner::GetSupportedParameterDefs] - 
04-21 14:13:07.006  9529  9593 E ymbol.datawedge: Invalid resource ID 0x00000000.
04-21 14:13:07.011  9529  9593 E ymbol.datawedge: Invalid resource ID 0x00000000.
04-21 14:13:07.011  9529  9593 E ymbol.datawedge: Invalid resource ID 0x00000000.
04-21 14:13:07.011  9529  9593 E ymbol.datawedge: Invalid resource ID 0x00000000.
04-21 14:13:07.012  9529  9593 E ymbol.datawedge: Invalid resource ID 0x00000000.
04-21 14:13:07.012  9529  9593 E ymbol.datawedge: Invalid resource ID 0x00000000.
04-21 14:13:07.012  9529  9593 E ymbol.datawedge: Invalid resource ID 0x00000000.
04-21 14:13:07.013  9529  9593 E ymbol.datawedge: Invalid resource ID 0x00000000.
04-21 14:13:07.013  9529  9593 E ymbol.datawedge: Invalid resource ID 0x00000000.
04-21 14:13:07.014  9529  9593 E ymbol.datawedge: Invalid resource ID 0x00000000.
04-21 14:13:07.014  9529  9593 E ymbol.datawedge: Invalid resource ID 0x00000000.
04-21 14:13:07.014  9529  9593 E ymbol.datawedge: Invalid resource ID 0x00000000.
04-21 14:13:07.026  9529  9593 E ymbol.datawedge: Invalid resource ID 0x00000000.
04-21 14:13:07.026  9529  9593 E ymbol.datawedge: Invalid resource ID 0x00000000.
04-21 14:13:07.040  9225  9357 I ScannerFramework: [Scanner::GetParameters] 'GetParameters' called, Calling process pid '9529', Scanner type '0'
04-21 14:13:07.041  9225  9357 I ScannerFramework: [Scanner::GetParameters] - 
04-21 14:13:07.042  9529  9593 I DataWedge-ScannerProxyHandler: #DW-SF# Open Scanner [Finish]
04-21 14:13:07.043  9225  9357 I ScannerFramework: [Scanner::GetSupportedResources] 'GetSupportedResources' called, Calling process pid '9529', Scanner type '0'
04-21 14:13:07.043  9225  9357 I ScannerFramework: [Scanner::GetSupportedResources] - 
04-21 14:13:07.045  9529  9560 I DataWedge-ScannerProxyHandler: #DW-SF# Get Number of Scanners Returning from cache, Nos: 10
04-21 14:13:07.046  9529  9560 I DataWedge-ScannerProxyHandler: #DW-SF# Get Number of Scanners Returning from cache, Nos: 10
04-21 14:13:07.046  9529  9560 I DataWedge-ScannerProxyHandler: #DW-SF# Get Supported Resources [Start]
04-21 14:13:07.046  9225  9239 I ScannerFramework: [Scanner::GetSupportedResources] 'GetSupportedResources' called, Calling process pid '9529', Scanner type '0'
04-21 14:13:07.046  9225  9239 I ScannerFramework: [Scanner::GetSupportedResources] - 
04-21 14:13:07.046  9529  9560 I DataWedge-ScannerProxyHandler: #DW-SF# Get Supported Resources [Finish]
04-21 14:13:07.046  9529  9560 I DataWedge-ScannerProxyHandler: #DW-SF# Get Supported Resources Returning from cache, Nos: 4
04-21 14:13:07.047  9529  9560 I DataWedge-ScannerProxyHandler: #DW-SF# Get Supported Resources Returning from cache, Nos: 4
04-21 14:13:07.047  9529  9560 I DataWedge-ScannerProxyHandler: #DW-SF# Get Supported Resources Returning from cache, Nos: 4
04-21 14:13:07.047  9529  9560 I DataWedge-ScannerProxyHandler: #DW-SF# Get Supported Resources Returning from cache, Nos: 4
04-21 14:13:07.048  9529  9560 I DataWedge-ScannerProxyHandler: #DW-SF# Get Number of Scanners Returning from cache, Nos: 10
04-21 14:13:07.050  9529  9560 I DataWedge-ScannerProxyHandler: #DW-SF# Get Number of Scanners Returning from cache, Nos: 10
04-21 14:13:07.053  9529  9560 I DataWedge-ScannerProxyHandler: #DW-SF# Get Number of Scanners Returning from cache, Nos: 10
04-21 14:13:07.054  9529  9560 I DataWedge-ScannerProxyHandler: #DW-SF# Get Number of Scanners Returning from cache, Nos: 10
04-21 14:13:07.060  9529  9560 E ymbol.datawedge: Invalid resource ID 0x00000000.
04-21 14:13:07.063  9529  9593 I DataWedge-ScannerProxyHandler: #DW-SF# Get Default Parameters [Start]
04-21 14:13:07.064  9225  9357 I ScannerFramework: [Scanner::GetSupportedParameterDefs] 'GetSupportedParameterDefs' called, Calling process pid '9529', Scanner type '0'
04-21 14:13:07.064  9225  9357 I ScannerFramework: [Scanner::GetSupportedParameterDefs] - 
04-21 14:13:07.093  9529  9593 E ymbol.datawedge: Invalid resource ID 0x00000000.
04-21 14:13:07.098  9529  9593 E ymbol.datawedge: Invalid resource ID 0x00000000.
04-21 14:13:07.098  9529  9593 E ymbol.datawedge: Invalid resource ID 0x00000000.
04-21 14:13:07.098  9529  9593 E ymbol.datawedge: Invalid resource ID 0x00000000.
04-21 14:13:07.099  9529  9593 E ymbol.datawedge: Invalid resource ID 0x00000000.
04-21 14:13:07.099  9529  9593 E ymbol.datawedge: Invalid resource ID 0x00000000.
04-21 14:13:07.099  9529  9593 E ymbol.datawedge: Invalid resource ID 0x00000000.
04-21 14:13:07.101  9529  9593 E ymbol.datawedge: Invalid resource ID 0x00000000.
04-21 14:13:07.101  9529  9593 E ymbol.datawedge: Invalid resource ID 0x00000000.
04-21 14:13:07.101  9529  9593 E ymbol.datawedge: Invalid resource ID 0x00000000.
04-21 14:13:07.102  9529  9593 E ymbol.datawedge: Invalid resource ID 0x00000000.
04-21 14:13:07.102  9529  9593 E ymbol.datawedge: Invalid resource ID 0x00000000.
04-21 14:13:07.114  9529  9593 E ymbol.datawedge: Invalid resource ID 0x00000000.
04-21 14:13:07.114  9529  9593 E ymbol.datawedge: Invalid resource ID 0x00000000.
04-21 14:13:07.128  9225  9357 I ScannerFramework: [Scanner::GetParameters] 'GetParameters' called, Calling process pid '9529', Scanner type '0'
04-21 14:13:07.128  9225  9357 I ScannerFramework: [Scanner::GetParameters] - 
04-21 14:13:07.130  9529  9593 I DataWedge-ScannerProxyHandler: #DW-SF# Get Default Parameters [Finish]
04-21 14:13:07.136  9529  9593 I DataWedge-ScannerProxyHandler: #DW-SF# Set Parameters [Start]
04-21 14:13:07.136  9225  9357 I ScannerFramework: [Scanner::IsReadSubmitted] 'IsReadSubmitted' called, Calling process pid '9529', Scanner type '0'
04-21 14:13:07.136  9225  9357 I ScannerFramework: [Scanner::IsReadSubmitted] - '1'
04-21 14:13:07.137  9225  9357 I ScannerFramework: [Scanner::SetParameters] 'SetParameters' called, Calling process pid '9529', Scanner type '0'
04-21 14:13:07.138  9225  9357 I ScannerFramework: [UserScnContext::SetFeedBackParameter] Product model = TC22 
04-21 14:13:07.138  9225  9357 I ScannerFramework: [UserScnContext::SetFeedBackParameter] Product model = TC22 
04-21 14:13:07.138  9225  9357 E ScannerFramework: [ScannerContext::UpdateTimer] Updating No decode timer to 180000 
04-21 14:13:07.139  9225  9357 I ScannerFramework: [UserScnContext::SetFeedBackParameter] Product model = TC22 
04-21 14:13:07.139  9225  9357 I ScannerFramework: [UserScnContext::SetFeedBackParameter] Product model = TC22 
04-21 14:13:07.139  9225  9357 I ScannerFramework: [JNIHelper::IsScanLEDAccessible] entry
04-21 14:13:07.139  9225  9357 I  ##ZDCP## : [HWInfoServiceProviderWrapper] [HWInfoServiceProviderWrapper::getInstance]
04-21 14:13:07.140  9202  9247 W System.err: java.lang.NullPointerException: Attempt to invoke interface method 'boolean com.zebra.batteryswap.IBatterySwap.isBatterySwapInProgress()' on a null object reference
04-21 14:13:07.140  9202  9247 W System.err: 	at com.zebra.batteryswap.BatterySwap.isBatterySwapInProgress(BatterySwap.java:3)
04-21 14:13:07.140  9202  9247 W System.err: 	at com.zebra.hwinfoservice.BatterySwapServiceConnector.isBatterySwapInProgress(BatterySwapServiceConnector.java:5)
04-21 14:13:07.140  9202  9247 W System.err: 	at com.zebra.hwinfoservice.HWInfoServiceImpl.isScanLEDAccessible(HWInfoServiceImpl.java:12)
04-21 14:13:07.140  9202  9247 W System.err: 	at com.zebra.hwinfoservice.IHWInfoService$Stub.onTransact(IHWInfoService.java:57)
04-21 14:13:07.140  9202  9247 W System.err: 	at android.os.Binder.execTransactInternal(Binder.java:1339)
04-21 14:13:07.140  9202  9247 W System.err: 	at android.os.Binder.execTransact(Binder.java:1275)
04-21 14:13:07.140  9202  9247 I  ##ZDCP## : [HWInfoServiceImpl] [HWInfoServiceImpl::isScanLEDAccessible] isBatterySwap in progress=false
04-21 14:13:07.140  1085  1085 D qdlights: athena set_light_scan_locked led mode 0, colorRGB=00000000, onMS=0, offMS=0
04-21 14:13:07.140  9225  9357 I ScannerFramework: [Scanner::SetParameters] - '9529'
04-21 14:13:07.141  9225  9357 I ScannerFramework: [Scanner::GetSupportedParameterDefs] 'GetSupportedParameterDefs' called, Calling process pid '9529', Scanner type '0'
04-21 14:13:07.141  9225  9357 I ScannerFramework: [Scanner::GetSupportedParameterDefs] - 
04-21 14:13:07.159  9529  9593 E ymbol.datawedge: Invalid resource ID 0x00000000.
04-21 14:13:07.162  9529  9593 E ymbol.datawedge: Invalid resource ID 0x00000000.
04-21 14:13:07.163  9529  9593 E ymbol.datawedge: Invalid resource ID 0x00000000.
04-21 14:13:07.163  9529  9593 E ymbol.datawedge: Invalid resource ID 0x00000000.
04-21 14:13:07.163  9529  9593 E ymbol.datawedge: Invalid resource ID 0x00000000.
04-21 14:13:07.163  9529  9593 E ymbol.datawedge: Invalid resource ID 0x00000000.
04-21 14:13:07.164  9529  9593 E ymbol.datawedge: Invalid resource ID 0x00000000.
04-21 14:13:07.165  9529  9593 E ymbol.datawedge: Invalid resource ID 0x00000000.
04-21 14:13:07.165  9529  9593 E ymbol.datawedge: Invalid resource ID 0x00000000.
04-21 14:13:07.165  9529  9593 E ymbol.datawedge: Invalid resource ID 0x00000000.
04-21 14:13:07.165  9529  9593 E ymbol.datawedge: Invalid resource ID 0x00000000.
04-21 14:13:07.166  9529  9593 E ymbol.datawedge: Invalid resource ID 0x00000000.
04-21 14:13:07.175  9529  9593 E ymbol.datawedge: Invalid resource ID 0x00000000.
04-21 14:13:07.176  9529  9593 E ymbol.datawedge: Invalid resource ID 0x00000000.
04-21 14:13:07.187  9225  9357 I ScannerFramework: [Scanner::GetParameters] 'GetParameters' called, Calling process pid '9529', Scanner type '0'
04-21 14:13:07.190  9225  9357 I ScannerFramework: [Scanner::GetParameters] - 
04-21 14:13:07.191  9529  9593 I DataWedge-ScannerProxyHandler: #DW-SF# Set Parameters [Finish]
04-21 14:13:07.269  9529  9593 I DataWedge-ScannerProxyHandler: #DW-SF# Enable Scanner [Start]
04-21 14:13:07.271  9225  9357 I ScannerFramework: [Scanner::IsScannerConnected] 'IsScannerConnected' called, Calling process pid '9529', Scanner type '0'
04-21 14:13:07.271  9225  9357 I ScannerFramework: [Scanner::IsScannerConnected] - '1'
04-21 14:13:07.271  9225  9357 I ScannerFramework: [660:387][Scanner::ScannerEnable] 'ScannerEnable' called, Calling process pid '9529', Scanner type '0'
04-21 14:13:07.271  9225  9357 E ScannerFramework: [UndecodedImagerHandler::Enable] AKB scannertype 0
04-21 14:13:07.277  9225  9357 I ScannerFramework: [ImagerHIDLProxy::associateImagerHIDL] Acquired IImager HIDL interface.
04-21 14:13:07.280  9225  9357 I ScannerFramework: [ImagerControlHIDLProxy::associateImagerControlHIDL] Acquired IImagerControl HIDL interface.
04-21 14:13:07.280  1212  8961 I ScannerFramework-HIDL: Imager::OpenImager+
04-21 14:13:07.308  1212  8961 I ScannerFramework-HIDL: [ImagerNode::resolveV4L2ImagerNode] V4L2 Camera device Node for QC6490: ImagerNode=/dev/video55 mHandle=13
04-21 14:13:07.308  1212  8961 I ScannerFramework-HIDL: [ImagerNode::openImagerNode] Opened Imager Node (Power On). imagerHandle = 13
04-21 14:13:07.308  1212  8961 I ScannerFramework-HIDL: [ImagerNode::openImagerNode] mRefCount=1 at the end of OpenImagerNode()
04-21 14:13:07.308  1212  8961 I ScannerFramework-HIDL: Imager::OpenImager-
04-21 14:13:07.309  1212  8961 I ScannerFramework-HIDL: Imager::GetEngineID ScannerID = 128 
04-21 14:13:07.309  9225  9357 I ScannerFramework: [ImagerControlHIDLProxy::associateImagerControlHIDL] Acquired IImagerControlHIDL interface.
04-21 14:13:07.309  9225  9357 I ScannerFramework: [Imager::InitImainitImagerAdapterClientgerAdapterClient] Interface Type is val=0 , name=V4L2 Interface
04-21 14:13:07.315  9225  9357 I ScannerFramework: [ImagerHIDLProxy::associateImagerHIDL] Acquired IImager HIDL interface.
04-21 14:13:07.318  9225  9357 I ScannerFramework: [V4L2ImagerAdapterHIDLProxy::associateImagerAdapterHIDL] Acquired IImager HIDL interface.
04-21 14:13:07.318  1212  8961 I ScannerFramework-HIDL: Imager::OpenImager+
04-21 14:13:07.318  1212  8961 I ScannerFramework-HIDL: [ImagerNode::openImagerNode] mRefCount = 1 and ImagerHandle = 13
04-21 14:13:07.318  1212  8961 I ScannerFramework-HIDL: [ImagerNode::openImagerNode] mRefCount=2 at the end of OpenImagerNode()
04-21 14:13:07.318  1212  8961 I ScannerFramework-HIDL: Imager::OpenImager-
04-21 14:13:07.318  9225  9357 I ScannerFramework: [V4L2ImagerAdapterHIDLProxy::associateImagerAdapterHIDL] Acquired IImagerAdapter HIDL interface.
04-21 14:13:07.325  9225  9357 I ScannerFramework: [ImagerComponentIndex::AddImagerModule] Adding platform module 'ImagerControl' with Tag '0'
04-21 14:13:07.325  9225  9357 I ScannerFramework: [ImagerComponentIndex::AddImagerModule] Adding platform module 'SE2100Control' with Tag '0'
04-21 14:13:07.325  9225  9357 I ScannerFramework: [ImagerComponentIndex::AddImagerModule] Adding platform module 'SE4100Control' with Tag '0'
04-21 14:13:07.325  9225  9357 I ScannerFramework: [ImagerComponentIndex::AddImagerModule] Adding platform module 'SE4500Control' with Tag '0'
04-21 14:13:07.325  9225  9357 I ScannerFramework: [ImagerComponentIndex::AddImagerModule] Adding platform module 'SE4710Control' with Tag '0'
04-21 14:13:07.325  9225  9357 I ScannerFramework: [ImagerComponentIndex::AddImagerModule] Adding platform module 'SE4720Control' with Tag '0'
04-21 14:13:07.325  9225  9357 I ScannerFramework: [ImagerComponentIndex::AddImagerModule] Adding platform module 'SE4730Control' with Tag '0'
04-21 14:13:07.325  9225  9357 I ScannerFramework: [ImagerComponentIndex::AddImagerModule] Adding platform module 'SE4750Control' with Tag '0'
04-21 14:13:07.325  9225  9357 I ScannerFramework: [ImagerComponentIndex::AddImagerModule] Adding platform module 'SE4750DPControl' with Tag '0'
04-21 14:13:07.325  9225  9357 I ScannerFramework: [ImagerComponentIndex::AddImagerModule] Adding platform module 'SE4770Control' with Tag '0'
04-21 14:13:07.325  9225  9357 I ScannerFramework: [ImagerComponentIndex::AddImagerModule] Adding platform module 'SE4780Control' with Tag '0'
04-21 14:13:07.325  9225  9357 I ScannerFramework: [ImagerComponentIndex::AddImagerModule] Adding platform module 'SE4790Control' with Tag '0'
04-21 14:13:07.325  9225  9357 I ScannerFramework: [ImagerComponentIndex::AddImagerModule] Adding platform module 'SE4850Control' with Tag '0'
04-21 14:13:07.325  9225  9357 I ScannerFramework: [ImagerComponentIndex::AddImagerModule] Adding platform module 'SE5500Control' with Tag '0'
04-21 14:13:07.325  9225  9357 I ScannerFramework: [ImagerComponentIndex::AddImagerModule] Adding platform module 'SE5600ColorControl' with Tag '0'
04-21 14:13:07.325  9225  9357 I ScannerFramework: [ImagerComponentIndex::AddImagerModule] Adding platform module 'SE5600Control' with Tag '0'
04-21 14:13:07.325  9225  9357 I ScannerFramework: [ImagerComponentIndex::AddImagerModule] Adding platform module 'SE5800Control' with Tag '0'
04-21 14:13:07.326  9225  9357 E LoglevelManager: [InitLogLevel::InitLogLevel] Log level XML - 5
04-21 14:13:07.326  9225  9357 I ScannerFramework: ImagerControlProxy::loadImagerControl] Loaded libimagercontrol.so!!
04-21 14:13:07.326  9225  9357 I ScannerFramework: [ImagerControl::SetControlCommandSenderInterface] set Control Command Sender Interface
04-21 14:13:07.326  9225  9357 I ScannerFramework: [ImagerControlProxy::ScanningInit]controlclassName = SE4710Control , engineName = se4710
04-21 14:13:07.347  9225  9357 I ScannerFramework: [ImagerControl::setInitParameters] getSerialNumber : 251103008000J  , getMFGDate : 03NOV25, getBootloaderVersion : BAACDS00-001-R01, getHWModelNumber : 204710-LM010R    
04-21 14:13:07.353  9225  9357 E ScannerFramework: [ImagerControl::setInitParameters] ORIENTATION command SUCCESS
04-21 14:13:07.360  9225  9357 I ScannerFramework: [ImagerControl::setBrightness] default level is 10, set to 10
04-21 14:13:07.393  1225  1225 I vendor.zebra.hardware.health@1.0-service: getZebraHealthInfo
04-21 14:13:07.398  1426  2204 D BatteryService: Processing new values: info=android.hardware.health.HealthInfo@7e716b7, mBatteryLevelCritical=false, mPlugType=2
04-21 14:13:07.400  1426  2204 I BatteryService: File node value is 250
04-21 14:13:07.400  1426  2204 E BatteryService: healthInfoTemp is within the range (250)
04-21 14:13:07.401  1426  2204 D BatteryService: Sending ACTION_BATTERY_CHANGED. scale:100, info:android.hardware.health.HealthInfo@7e716b7
04-21 14:13:07.402  1426  2204 E BatteryService: level : 69 / status : 2/Health : 2/Decommission : 0/error status : 0
04-21 14:13:07.405  9225  9357 I ScannerFramework: [ImagerControlHIDLProxy::configureSettleCount]
04-21 14:13:07.406  1212  1240 D ScannerFramework-HIDL: [V4L2ImagerInterfaceType::ConfigureSettleCount
04-21 14:13:07.406  1212  1240 D ScannerFramework-HIDL: [V4L2ImagerInterfaceType::configureSettleCount]IOCTL function pass
04-21 14:13:07.410  1426  1426 D BatterySaverStateMachine: on BATTERY_CHANGED: current BatteryLevel: 69
04-21 14:13:07.410  1426  1426 D BatterySaverStateMachine: received  intent action android.intent.action.BATTERY_CHANGED
04-21 14:13:07.415  3882  3882 I BeaconConfigHelper : Not a Battery BLE
04-21 14:13:07.417  7576  7576 D HighTemperatureReceiver: Receive action: android.intent.action.BATTERY_CHANGED
04-21 14:13:07.422  9225  9357 I ScannerFramework: ImagerInfoUtils::LoadImagerLibrary] Loaded libimagerclient.so!!
04-21 14:13:07.425  3659  3659 D OSUService: dev-dbg:is_charging current_now 322575, batteryLevel: 69, adapter_charge_limit: 500000, isCharging(isCharging): true
04-21 14:13:07.425  3659  3659 I OSUService: handle_ab_resume -1 3
04-21 14:13:07.429  9225  9357 I ScannerFramework: [ImagerHIDLProxy::associateImagerHIDL] Acquired IImager HIDL interface.
04-21 14:13:07.429  9225  9357 I ScannerFramework: [ImagerInfoUtils::LoadImagerModules] m_Imager not NULL
04-21 14:13:07.429  9225  9357 I ScannerFramework: [ImagerHIDLProxy::getEngineID] getEngineID
04-21 14:13:07.429  1212  1240 I ScannerFramework-HIDL: Imager::GetEngineID ScannerID = 128 
04-21 14:13:07.430  9225  9357 I ScannerFramework: [ImagerHIDLProxy::disAssociateImagerHIDL] disconnected Imager HIDL
04-21 14:13:07.434  1486  6969 E CameraService: cameraId(0) Not imager do not filter.
04-21 14:13:07.434  1486  6969 E CameraService: cameraId(1) Not imager do not filter.
04-21 14:13:07.434  2120  2120 W PowerUI : mBatteryPresent = true
04-21 14:13:07.435  2120  2706 D PowerUI : can't show warning due to - plugged: true status unknown: false
04-21 14:13:07.442  1486  6969 E CameraService: cameraId(0) Not imager do not filter.
04-21 14:13:07.442  1486  6969 E CameraService: cameraId(1) Not imager do not filter.
04-21 14:13:07.442  1486  6969 E CameraService: cameraId(0) Not imager do not filter.
04-21 14:13:07.448  1486  6969 E CameraService: cameraId(0) Not imager do not filter.
04-21 14:13:07.448  1486  6969 E CameraService: cameraId(1) Not imager do not filter.
04-21 14:13:07.454  1486  6969 E CameraService: cameraId(0) Not imager do not filter.
04-21 14:13:07.454  1486  6969 E CameraService: cameraId(1) Not imager do not filter.
04-21 14:13:07.454  1486  6969 E CameraService: cameraId(0) Not imager do not filter.
04-21 14:13:07.456  9225  9357 E ScannerFramework: [DeviceInfo::IsFrontCameraAvaialableCheckUsingNDK] cam facing 1
04-21 14:13:07.456  1486  6969 E CameraService: cameraId(1) Not imager do not filter.
04-21 14:13:07.457  9225  9357 E ScannerFramework: [DeviceInfo::IsFrontCameraAvaialableCheckUsingNDK] cam facing 0
04-21 14:13:07.458  9225  9357 I ScannerFramework: [DeviceInfo::GetSupportedScannerInstance] android version is Android_14
04-21 14:13:07.478  9225  9357 I ScannerFramework: [V4L2ImagerAdapterClient::InitAdapter]adapterClass = ImagerAdapter 
04-21 14:13:07.478  9225  9357 I ScannerFramework: [V4L2ImagerAdapterHIDLProxy::Init]adapterClass = ImagerAdapter 
04-21 14:13:07.478  1212  1212 W HwBinder:1212_3: type=1400 audit(0.0:256): avc:  denied  { read } for  name="enterprise" dev="dm-5" ino=23 scontext=u:r:hal_dchwmanager_hwservice:s0 tcontext=u:object_r:media_rw_data_file:s0 tclass=lnk_file permissive=0
04-21 14:13:07.479  1212  8961 I ScannerFramework: [ComponentIndex::AddPlatformModule] Adding platform module 'ImagerAdapter' with Tag '3'
04-21 14:13:07.479  1212  8961 I ScannerFramework: [ComponentIndex::AddPlatformModule] Adding platform module 'SE2100ImagerAdapter' with Tag '3'
04-21 14:13:07.480  1212  8961 E LoglevelManager: [InitLogLevel::InitLogLevel] Log level XML - 5
04-21 14:13:07.480  1212  8961 D ScannerFramework-HIDL: [ImagerAdapterHIDL::openHAL] Loaded adapter 'ImagerAdapter'
04-21 14:13:07.480  1212  8961 I ScannerFramework: [ImagerAdapter::privInitializer] v4lSetFormat V4L2_PIX_FMT_GREY
04-21 14:13:07.480  1212  8961 I ScannerFramework: [ImagerAdapter::v4lInitMmap] ION supported
04-21 14:13:07.480  1212  8961 I ScannerFramework: [ImagerAdapter::v4lInitMmap] ION supported
04-21 14:13:07.480  1212  8961 I ScannerFramework: [ImagerAdapter::v4lInitMmap] ION supported
04-21 14:13:07.480  1212  8961 I ScannerFramework: [ImagerAdapter::v4lInitMmap] ION supported
04-21 14:13:07.480  1212  8961 I ScannerFramework: [ImagerAdapter::v4lInitMmap] ION supported
04-21 14:13:07.480  1212  8961 I ScannerFramework: [ImagerAdapter::v4lInitMmap] ION supported
04-21 14:13:07.481  1212  8961 I ScannerFramework: [ImagerAdapter::v4lInitMmap] ION supported
04-21 14:13:07.481  1212  8961 I ScannerFramework: [ImagerAdapter::v4lInitMmap] ION supported
04-21 14:13:07.481  9225  9357 I ScannerFramework: [SupportedScannerInfo::IsMirroredAndFlipped] ScannerName=se4710_cam_builtin has orientation = 0
04-21 14:13:07.481  9225  9357 I ScannerFramework: [SupportedScannerInfo::IsMirroredAndFlipped] ScannerName=se4710_cam_builtin has orientation = 0
04-21 14:13:07.481  9225  9357 I ScannerFramework: [Imager::enableImager] Setting Orientation to NO_MIRROR_NO_FLIP 
04-21 14:13:07.481  9225  9357 I ScannerFramework: [SupportedScannerInfo::IsMirroredAndFlipped] ScannerName=se4710_cam_builtin has orientation = 0
04-21 14:13:07.481  9225  9357 I ScannerFramework: [SupportedScannerInfo::IsMirroredAndFlipped] ScannerName=se4710_cam_builtin has orientation = 0
04-21 14:13:07.482  9225  9357 I ScannerFramework: [V4L2ImagerAdapterHIDLProxy::Enable] Transport is registerd
04-21 14:13:07.482  9225  9357 I ScannerFramework: IMGKIT [ImgKitCWrapper::Init] NativeSymbolSecurity Library Version is 2.2
04-21 14:13:07.482  9225  9357 E AsymmetricDecrypt: ZIS_BINARY VERSION: 2.2
04-21 14:13:07.483  9225  9357 E AsymmetricDecrypt: ZIS: calling verifyZISKey...
04-21 14:13:07.485  9225  9357 E AsymmetricDecrypt: ZIS: decrypted_txt: ZebraTechnologies|Zebra|2a6c4a
04-21 14:13:07.485  9225  9357 E AsymmetricDecrypt: 
04-21 14:13:07.486  9225  9357 E AsymmetricDecrypt: ZIS auth success
04-21 14:13:07.486  9225  9357 I imgdec  : OCRVersionString 1.6.5.26
04-21 14:13:07.486  9225  9357 I imgdec  : DecOpen ImgKit IMGKIT_10.02T01.22
04-21 14:13:07.494  9225  9357 I ScannerFramework: [StateMachine::MoveState] Transition from state 'Disabled' to 'Enabled' for pid -1
04-21 14:13:07.494  9225  9357 I ScannerFramework: [StateMachine::MoveState] Transition from state 'Disabled' to 'Enabled' for pid 9529
04-21 14:13:07.495  9225  9357 I ScannerFramework: [Scanner::ScannerEnable] - '0'
04-21 14:13:07.495  9529  9567 I DWScanner: #DW-SF# Scan status changed from SCAN_STATUS_IDLE to SCAN_STATUS_ENABLED
04-21 14:13:07.496  9529  9593 I DataWedge-ScannerProxyHandler: #DW-SF# Enable Scanner [Finish]
04-21 14:13:07.496  9529  9567 D DWScanner: #DW-SNAPI# isSNAPIModeSupported: false
04-21 14:13:07.499  9529  9593 I DataWedge-ScannerProxyHandler: #DW-SF# Submit Read with callback EX [Start]
04-21 14:13:07.499  9225  9357 I ScannerFramework: [Scanner::IsReadSubmitted] 'IsReadSubmitted' called, Calling process pid '9529', Scanner type '0'
04-21 14:13:07.499  9225  9357 I ScannerFramework: [Scanner::IsReadSubmitted] - '1'
04-21 14:13:07.499  9225  9357 I ScannerFramework: [Scanner::ReadSubmitEx] 'ReadSubmitEx' called, Calling process pid '9529', Scanner type '0'
04-21 14:13:07.500  9225  9357 E ScannerFramework: [ImagerContext::SetParam] Aim_type param value=0
04-21 14:13:07.500  9225  9357 E ScannerFramework: [ImagerContext::SetParam] Aim_type param value=0
04-21 14:13:07.500  9225  9357 E ScannerFramework: [ImagerContext::SetParam] Aim_type param value=0
04-21 14:13:07.501  9225  9357 E ScannerFramework: [ImagerContext::SetParam] Aim_type param value=0
04-21 14:13:07.501  9225  9357 E ScannerFramework: [ImagerContext::SetParam] Aim_type param value=0
04-21 14:13:07.501  9225  9357 E ScannerFramework: [ImagerContext::SetParam] Aim_type param value=0
04-21 14:13:07.501  9225  9357 E ScannerFramework: [ImagerContext::SetParam] Aim_type param value=0
04-21 14:13:07.501  9225  9357 E ScannerFramework: [ImagerContext::SetParam] Aim_type param value=0
04-21 14:13:07.501  9225  9357 E ScannerFramework: [ImagerContext::SetParam] Aim_type param value=0
04-21 14:13:07.502  9225  9357 E ScannerFramework: [ImagerContext::SetParam] Aim_type param value=0
04-21 14:13:07.502  9529  9560 I DataWedge-ScannerProxyHandler: #DW-SF# Get Number of Scanners [Start]
04-21 14:13:07.502  9225  9357 E ScannerFramework: [ImagerContext::SetParam] Aim_type param value=0
04-21 14:13:07.502  9225  9357 E ScannerFramework: [ImagerContext::SetParam] Aim_type param value=0
04-21 14:13:07.502  9529  9560 I DataWedge-ScannerProxyHandler: #DW-SF# Get Number of Scanners [Finish], Nos: 10
04-21 14:13:07.502  9225  9357 E ScannerFramework: [ImagerContext::SetParam] Aim_type param value=0
04-21 14:13:07.502  9225  9357 E ScannerFramework: [ImagerContext::SetParam] Aim_type param value=0
04-21 14:13:07.502  9225  9357 E ScannerFramework: [ImagerContext::SetParam] Aim_type param value=0
04-21 14:13:07.502  9225  9357 E ScannerFramework: [ImagerContext::SetParam] Aim_type param value=0
04-21 14:13:07.503  9225  9357 E ScannerFramework: [ImagerContext::SetParam] Aim_type param value=0
04-21 14:13:07.503  9225  9357 E ScannerFramework: [ImagerContext::SetParam] Aim_type param value=0
04-21 14:13:07.503  9225  9357 E ScannerFramework: [ImagerContext::SetParam] Aim_type param value=0
04-21 14:13:07.503  9225  9357 E ScannerFramework: [ImagerContext::SetParam] Aim_type param value=0
04-21 14:13:07.505  9225  9357 E ScannerFramework: [ImagerContext::SetParam] Aim_type param value=0
04-21 14:13:07.505  9225  9357 E ScannerFramework: [ImagerContext::SetParam] Aim_type param value=0
04-21 14:13:07.505  9225  9357 E ScannerFramework: [ImagerContext::SetParam] Aim_type param value=0
04-21 14:13:07.506  9529  9560 I DataWedge-ScannerProxyHandler: #DW-SF# Get Number of Scanners Returning from cache, Nos: 10
04-21 14:13:07.506  9225  9357 I ScannerFramework: [StateMachine::MoveState] Transition from state 'Enabled' to 'ReadSubmitted' for pid -1
04-21 14:13:07.506  9225  9357 I ScannerFramework: [StateMachine::MoveState] Transition from state 'Enabled' to 'ReadSubmitted' for pid 9529
04-21 14:13:07.506  9225  9357 I ScannerFramework: [FeedbackLoader::Readsubmit] Readsubmit SW Audio resources
04-21 14:13:07.506  9225  9357 I ScannerFramework: [OboeAudioFeedback::ReadSubmit] Re init
04-21 14:13:07.506  9225  9357 I ScannerFramework: [AudioFormatConverter::LoadFile] Audio file name decode-short.ogg
04-21 14:13:07.511  1492  2206 I MMParserExtractor: Created(0xb4000078b5c8d5f0)
04-21 14:13:07.511  1492  2206 E MM_OSAL : FileSource::FileSource
04-21 14:13:07.511  1492  2206 E MM_OSAL : FileSource::FileSource m_bEveryThingOK 1
