04-22 08:52:26.751  1406  1836 I ActivityManager: Start proc 5793:com.zebra.smartmu.service/u0a119 for broadcast {com.zebra.smartmu.service/com.zebra.smartmu.intent.BootCompletedReceiver}
04-22 08:52:26.753  1406  4972 I JobScheduler: bypass checkIfRestricted for JobStatus{83fb672 #u0a91/1 com.symbol.fota/.jobservices.BootCompleteService u=0 s=10091 TIME=+2m56s728ms:+3m5s728ms satisfied:0xb400000 unsatisfied:0x80000000}
04-22 08:52:26.767  1406  1976 D CompatibilityChangeReporter: Compat change id reported: 265195908; UID 10119; state: ENABLED
04-22 08:52:26.788  1406  2050 D CompatibilityChangeReporter: Compat change id reported: 143231523; UID 1000; state: DISABLED
04-22 08:52:26.804  1406  2629 I JobScheduler: bypass checkIfRestricted for JobStatus{83fb672 #u0a91/1 com.symbol.fota/.jobservices.BootCompleteService u=0 s=10091 TIME=+2m56s677ms:+3m5s677ms satisfied:0xb400000 unsatisfied:0x80000000}
04-22 08:52:26.807  1406  4576 D CompatibilityChangeReporter: Compat change id reported: 143231523; UID 10078; state: DISABLED
04-22 08:52:26.811  4199  5177 W PackageParser: Unknown element under <manifest>: queries at /data/user_de/0/com.google.android.gms/app_chimera/m/00000018/dl-MlkitOcrCommon.optional_261332100400.apk Binary XML file line #11
04-22 08:52:26.831  1406  3356 D CompatibilityChangeReporter: Compat change id reported: 168419799; UID 10119; state: DISABLED
04-22 08:52:26.831  1406  3356 D CompatibilityChangeReporter: Compat change id reported: 273564678; UID 10119; state: DISABLED
04-22 08:52:26.846  1406  5395 D CompatibilityChangeReporter: Compat change id reported: 170503758; UID 10119; state: ENABLED
04-22 08:52:26.847  1406  2753 I JobScheduler: bypass checkIfRestricted for JobStatus{83fb672 #u0a91/1 com.symbol.fota/.jobservices.BootCompleteService u=0 s=10091 TIME=+2m56s634ms:+3m5s634ms satisfied:0xb400000 unsatisfied:0x80000000}
04-22 08:52:26.884  1406  2222 I ActivityManager: Flag disabled. Ignoring finishAttachApplication from uid: 10098. pid: 5757
04-22 08:52:26.888  1406  5398 I JobScheduler: bypass checkIfRestricted for JobStatus{83fb672 #u0a91/1 com.symbol.fota/.jobservices.BootCompleteService u=0 s=10091 TIME=+2m56s594ms:+3m5s594ms satisfied:0xb400000 unsatisfied:0x80000000}
04-22 08:52:26.890  1406  5398 I JobScheduler: bypass checkIfRestricted for JobStatus{83fb672 #u0a91/1 com.symbol.fota/.jobservices.BootCompleteService u=0 s=10091 TIME=+2m56s591ms:+3m5s591ms satisfied:0xb400000 unsatisfied:0x80000000}
04-22 08:52:26.915  1406  3356 D CompatibilityChangeReporter: Compat change id reported: 261072174; UID 10085; state: ENABLED
04-22 08:52:26.932  1406  1833 I UsageStatsDatabase: Time changed by -3s161ms. files deleted: 0 files moved: 6
04-22 08:52:26.932  1406  2444 D CompatibilityChangeReporter: Compat change id reported: 253665015; UID 10098; state: ENABLED
04-22 08:52:26.932  1406  2444 D CompatibilityChangeReporter: Compat change id reported: 194532703; UID 10098; state: ENABLED
04-22 08:52:26.934  1406  2444 I JobScheduler: bypass checkIfRestricted for JobStatus{89a8e99 #u0a98/240 com.symbol.dataanalytics/androidx.work.impl.background.systemjob.SystemJobService u=0 s=10098 READY}
04-22 08:52:26.944  1406  2444 I JobScheduler: bypass checkIfRestricted for JobStatus{3da9d3f #u0a98/310 com.symbol.dataanalytics/androidx.work.impl.background.systemjob.SystemJobService u=0 s=10098 READY}
04-22 08:52:26.951  1406  3356 I ActivityManager: Flag disabled. Ignoring finishAttachApplication from uid: 10119. pid: 5793
04-22 08:52:26.953  1406  3356 I JobScheduler: bypass checkIfRestricted for JobStatus{3d2996a #u0a98/317 com.symbol.dataanalytics/androidx.work.impl.background.systemjob.SystemJobService u=0 s=10098 READY}
04-22 08:52:26.954  4199  5177 W PackageParser: Unknown element under <manifest>: queries at /data/user_de/0/com.google.android.gms/app_chimera/m/00000016/dl-MlkitBarcodeUi.optional_261332100400.apk Binary XML file line #15
04-22 08:52:26.957  1406  2444 D CompatibilityChangeReporter: Compat change id reported: 161145287; UID 10085; state: ENABLED
04-22 08:52:26.960  1406  3356 I ActivityManager: Background started FGS: Allowed [callingPackage: com.zebra.smartmu.service; callingUid: 10119; uidState: RCVR; uidBFSL: n/a; intent: Intent { act=com.zebra.smartmu.action.START_SMARTMU_SERVICE cmp=com.zebra.smartmu.service/.SMUServiceActivity }; code:LOCKED_BOOT_COMPLETED; tempAllowListReason:<b36826c android.intent.action.LOCKED_BOOT_COMPLETED/u0,reasonCode:LOCKED_BOOT_COMPLETED,duration:20000,callingUid:1000>; targetSdkVersion:34; callerTargetSdkVersion:34; startForegroundCount:0; bindFromPackage:null: isBindService:false]
04-22 08:52:26.963  1406  1835 D CompatibilityChangeReporter: Compat change id reported: 135634846; UID 10108; state: DISABLED
04-22 08:52:26.963  1406  1835 D CompatibilityChangeReporter: Compat change id reported: 177438394; UID 10108; state: DISABLED
04-22 08:52:26.963  1406  1835 D CompatibilityChangeReporter: Compat change id reported: 135772972; UID 10108; state: DISABLED
04-22 08:52:26.964  1406  1835 D CompatibilityChangeReporter: Compat change id reported: 135754954; UID 10108; state: ENABLED
04-22 08:52:26.965  1406  1836 D CompatibilityChangeReporter: Compat change id reported: 143937733; UID 10108; state: ENABLED
04-22 08:52:26.968  1406  1833 D IntervalStats: Unable to parse usage stats packages: [334]
04-22 08:52:26.976  1406  3356 I JobScheduler: bypass checkIfRestricted for JobStatus{e035a3c #u0a98/331 com.symbol.dataanalytics/androidx.work.impl.background.systemjob.SystemJobService u=0 s=10098 READY}
04-22 08:52:26.989  1406  1833 I UsageStatsService: User[0] Rollover scheduled @ 2026-04-22 09:33:37(1776843217851)
04-22 08:52:26.990  1406  1833 I UsageStatsService: Time changed in by -3 seconds
04-22 08:52:26.990  1406  1836 I ActivityManager: Start proc 5845:com.zebra.smartmu.wfwsupportservice/u0a108 for broadcast {com.zebra.smartmu.wfwsupportservice/com.zebra.smartmu.intent.BootCompletedReceiver}
04-22 08:52:27.013  1406  2753 D CompatibilityChangeReporter: Compat change id reported: 161145287; UID 10119; state: ENABLED
04-22 08:52:27.033  1406  1976 D CompatibilityChangeReporter: Compat change id reported: 218533173; UID 10070; state: ENABLED
04-22 08:52:27.036  1406  1976 D CompatibilityChangeReporter: Compat change id reported: 262645982; UID 10070; state: DISABLED
04-22 08:52:27.036  1406  1976 D CompatibilityChangeReporter: Compat change id reported: 218533173; UID 10080; state: ENABLED
04-22 08:52:27.037  1406  1976 D CompatibilityChangeReporter: Compat change id reported: 262645982; UID 10080; state: DISABLED
04-22 08:52:27.037  1406  1976 D CompatibilityChangeReporter: Compat change id reported: 218533173; UID 10052; state: ENABLED
04-22 08:52:27.037  1406  1976 D CompatibilityChangeReporter: Compat change id reported: 262645982; UID 10052; state: ENABLED
04-22 08:52:27.037  1406  1976 D CompatibilityChangeReporter: Compat change id reported: 218533173; UID 10155; state: ENABLED
04-22 08:52:27.040  1406  1976 D CompatibilityChangeReporter: Compat change id reported: 262645982; UID 10155; state: ENABLED
04-22 08:52:27.044  1406  1976 D CompatibilityChangeReporter: Compat change id reported: 218533173; UID 10119; state: ENABLED
04-22 08:52:27.045  1406  1976 D CompatibilityChangeReporter: Compat change id reported: 262645982; UID 10119; state: ENABLED
04-22 08:52:27.045  1406  1976 D CompatibilityChangeReporter: Compat change id reported: 218533173; UID 10069; state: ENABLED
04-22 08:52:27.045  1406  1976 D CompatibilityChangeReporter: Compat change id reported: 262645982; UID 10069; state: ENABLED
04-22 08:52:27.046  1406  1976 D CompatibilityChangeReporter: Compat change id reported: 218533173; UID 10054; state: ENABLED
04-22 08:52:27.046  1406  1976 D CompatibilityChangeReporter: Compat change id reported: 262645982; UID 10054; state: ENABLED
04-22 08:52:27.047  1406  1976 D CompatibilityChangeReporter: Compat change id reported: 218533173; UID 10067; state: ENABLED
04-22 08:52:27.047  1406  1976 D CompatibilityChangeReporter: Compat change id reported: 262645982; UID 10067; state: ENABLED
04-22 08:52:27.047  1406  1976 D CompatibilityChangeReporter: Compat change id reported: 218533173; UID 10198; state: ENABLED
04-22 08:52:27.047  1406  1976 D CompatibilityChangeReporter: Compat change id reported: 262645982; UID 10198; state: DISABLED
04-22 08:52:27.047  1406  1976 D CompatibilityChangeReporter: Compat change id reported: 218533173; UID 10216; state: ENABLED
04-22 08:52:27.048  1406  1976 D CompatibilityChangeReporter: Compat change id reported: 262645982; UID 10216; state: ENABLED
04-22 08:52:27.048  1406  1976 D CompatibilityChangeReporter: Compat change id reported: 218533173; UID 10254; state: ENABLED
04-22 08:52:27.048  1406  1976 D CompatibilityChangeReporter: Compat change id reported: 262645982; UID 10254; state: ENABLED
04-22 08:52:27.050  1406  1976 D CompatibilityChangeReporter: Compat change id reported: 218533173; UID 10077; state: ENABLED
04-22 08:52:27.051  1406  1976 D CompatibilityChangeReporter: Compat change id reported: 262645982; UID 10077; state: ENABLED
04-22 08:52:27.056  1406  1976 D CompatibilityChangeReporter: Compat change id reported: 218533173; UID 10151; state: ENABLED
04-22 08:52:27.057  1406  1976 D CompatibilityChangeReporter: Compat change id reported: 262645982; UID 10151; state: ENABLED
04-22 08:52:27.057  1406  3356 D CompatibilityChangeReporter: Compat change id reported: 261072174; UID 10119; state: ENABLED
04-22 08:52:27.062  1406  1976 D CompatibilityChangeReporter: Compat change id reported: 218533173; UID 10121; state: ENABLED
04-22 08:52:27.062  1406  1976 D CompatibilityChangeReporter: Compat change id reported: 262645982; UID 10121; state: ENABLED
04-22 08:52:27.062  1406  1953 D CompatibilityChangeReporter: Compat change id reported: 161252188; UID 10229; state: DISABLED
04-22 08:52:27.062  1406  1976 D CompatibilityChangeReporter: Compat change id reported: 218533173; UID 10201; state: ENABLED
04-22 08:52:27.063  1406  1976 D CompatibilityChangeReporter: Compat change id reported: 262645982; UID 10201; state: DISABLED
04-22 08:52:27.065  1406  1976 D CompatibilityChangeReporter: Compat change id reported: 218533173; UID 10062; state: ENABLED
04-22 08:52:27.065  1406  1976 D CompatibilityChangeReporter: Compat change id reported: 262645982; UID 10062; state: ENABLED
04-22 08:52:27.075  1406  1976 D CompatibilityChangeReporter: Compat change id reported: 218533173; UID 10130; state: ENABLED
04-22 08:52:27.075  1406  1976 D CompatibilityChangeReporter: Compat change id reported: 262645982; UID 10130; state: DISABLED
04-22 08:52:27.076  1406  1976 D CompatibilityChangeReporter: Compat change id reported: 218533173; UID 10095; state: ENABLED
04-22 08:52:27.076  1406  1976 D CompatibilityChangeReporter: Compat change id reported: 262645982; UID 10095; state: DISABLED
04-22 08:52:27.076  1406  1976 D CompatibilityChangeReporter: Compat change id reported: 262645982; UID 10165; state: ENABLED
04-22 08:52:27.077  1406  1976 D CompatibilityChangeReporter: Compat change id reported: 218533173; UID 10058; state: ENABLED
04-22 08:52:27.077  1406  1976 D CompatibilityChangeReporter: Compat change id reported: 262645982; UID 10058; state: ENABLED
04-22 08:52:27.079  1406  1976 D CompatibilityChangeReporter: Compat change id reported: 218533173; UID 10225; state: ENABLED
04-22 08:52:27.079  1406  1976 D CompatibilityChangeReporter: Compat change id reported: 262645982; UID 10225; state: ENABLED
04-22 08:52:27.081  1406  1976 D CompatibilityChangeReporter: Compat change id reported: 218533173; UID 10093; state: ENABLED
04-22 08:52:27.082  1406  1953 D CompatibilityChangeReporter: Compat change id reported: 135634846; UID 10229; state: DISABLED
04-22 08:52:27.082  1406  1953 D CompatibilityChangeReporter: Compat change id reported: 177438394; UID 10229; state: DISABLED
04-22 08:52:27.082  1406  1953 D CompatibilityChangeReporter: Compat change id reported: 135772972; UID 10229; state: DISABLED
04-22 08:52:27.082  1406  1953 D CompatibilityChangeReporter: Compat change id reported: 135754954; UID 10229; state: ENABLED
04-22 08:52:27.082  1406  1976 D CompatibilityChangeReporter: Compat change id reported: 262645982; UID 10093; state: ENABLED
04-22 08:52:27.083  1406  1836 D CompatibilityChangeReporter: Compat change id reported: 143937733; UID 10229; state: ENABLED
04-22 08:52:27.083  1406  1976 D CompatibilityChangeReporter: Compat change id reported: 218533173; UID 10226; state: ENABLED
04-22 08:52:27.084  1406  2222 D CompatibilityChangeReporter: Compat change id reported: 168419799; UID 10108; state: DISABLED
04-22 08:52:27.084  1406  2222 D CompatibilityChangeReporter: Compat change id reported: 273564678; UID 10108; state: DISABLED
04-22 08:52:27.091  1406  1976 D CompatibilityChangeReporter: Compat change id reported: 262645982; UID 10226; state: DISABLED
04-22 08:52:27.092  1406  1976 D CompatibilityChangeReporter: Compat change id reported: 218533173; UID 10064; state: ENABLED
04-22 08:52:27.092  1406  1976 D CompatibilityChangeReporter: Compat change id reported: 262645982; UID 10064; state: ENABLED
04-22 08:52:27.093  1406  1976 D CompatibilityChangeReporter: Compat change id reported: 218533173; UID 10196; state: ENABLED
04-22 08:52:27.093  1406  1976 D CompatibilityChangeReporter: Compat change id reported: 262645982; UID 10196; state: ENABLED
04-22 08:52:27.094  1406  1976 D CompatibilityChangeReporter: Compat change id reported: 218533173; UID 10102; state: ENABLED
04-22 08:52:27.095  1406  1976 D CompatibilityChangeReporter: Compat change id reported: 262645982; UID 10102; state: ENABLED
04-22 08:52:27.095  1406  1976 D CompatibilityChangeReporter: Compat change id reported: 218533173; UID 10227; state: ENABLED
04-22 08:52:27.095  1406  1976 D CompatibilityChangeReporter: Compat change id reported: 262645982; UID 10227; state: DISABLED
04-22 08:52:27.096  1406  2444 D CompatibilityChangeReporter: Compat change id reported: 170503758; UID 10108; state: ENABLED
04-22 08:52:27.096  1406  1976 D CompatibilityChangeReporter: Compat change id reported: 218533173; UID 10232; state: ENABLED
04-22 08:52:27.096  1406  1976 D CompatibilityChangeReporter: Compat change id reported: 262645982; UID 10232; state: ENABLED
04-22 08:52:27.097  1406  1836 I ActivityManager: Start proc 5882:com.symbol.fusionservice/u0a229 for service {com.symbol.fusionservice/com.symbol.fusionservice.FusionApiService}
04-22 08:52:27.103  1406  1835 D CompatibilityChangeReporter: Compat change id reported: 135634846; UID 1000; state: DISABLED
04-22 08:52:27.103  1406  1835 D CompatibilityChangeReporter: Compat change id reported: 177438394; UID 1000; state: DISABLED
04-22 08:52:27.103  1406  1835 D CompatibilityChangeReporter: Compat change id reported: 135772972; UID 1000; state: DISABLED
04-22 08:52:27.103  1406  1835 D CompatibilityChangeReporter: Compat change id reported: 135754954; UID 1000; state: ENABLED
04-22 08:52:27.107  1406  2222 D CompatibilityChangeReporter: Compat change id reported: 170668199; UID 10119; state: ENABLED
04-22 08:52:27.107  1406  2222 W ActivityManager: Foreground service started from background can not have location/camera/microphone access: service com.zebra.smartmu.service/.SMUServiceActivity
04-22 08:52:27.110  1406  1835 D NotificationService: Foreground Service Notification is hidden for the package: com.zebra.smartmu.service
04-22 08:52:27.115  1406  1976 D CompatibilityChangeReporter: Compat change id reported: 218533173; UID 10097; state: ENABLED
04-22 08:52:27.115  1406  1976 D CompatibilityChangeReporter: Compat change id reported: 262645982; UID 10097; state: ENABLED
04-22 08:52:27.117  1406  1976 D CompatibilityChangeReporter: Compat change id reported: 218533173; UID 10061; state: ENABLED
04-22 08:52:27.117  1406  1976 D CompatibilityChangeReporter: Compat change id reported: 262645982; UID 10061; state: DISABLED
04-22 08:52:27.117  1406  2222 I ActivityManager: Flag disabled. Ignoring finishAttachApplication from uid: 10085. pid: 5719
04-22 08:52:27.119  1406  1976 D CompatibilityChangeReporter: Compat change id reported: 218533173; UID 10079; state: ENABLED
04-22 08:52:27.119  1406  1976 D CompatibilityChangeReporter: Compat change id reported: 262645982; UID 10079; state: ENABLED
04-22 08:52:27.120  1406  1976 D CompatibilityChangeReporter: Compat change id reported: 218533173; UID 10134; state: ENABLED
04-22 08:52:27.121  1406  1976 D CompatibilityChangeReporter: Compat change id reported: 262645982; UID 10134; state: DISABLED
04-22 08:52:27.121  1406  1976 D CompatibilityChangeReporter: Compat change id reported: 218533173; UID 10094; state: ENABLED
04-22 08:52:27.121  1406  1976 D CompatibilityChangeReporter: Compat change id reported: 262645982; UID 10094; state: ENABLED
04-22 08:52:27.124  1406  1976 D CompatibilityChangeReporter: Compat change id reported: 218533173; UID 10228; state: ENABLED
04-22 08:52:27.126  1406  1976 D CompatibilityChangeReporter: Compat change id reported: 262645982; UID 10228; state: ENABLED
04-22 08:52:27.126  1406  1976 D CompatibilityChangeReporter: Compat change id reported: 218533173; UID 10183; state: ENABLED
04-22 08:52:27.126  1406  1976 D CompatibilityChangeReporter: Compat change id reported: 262645982; UID 10183; state: ENABLED
04-22 08:52:27.127  1406  1976 D CompatibilityChangeReporter: Compat change id reported: 218533173; UID 10150; state: ENABLED
04-22 08:52:27.127  1406  1976 D CompatibilityChangeReporter: Compat change id reported: 262645982; UID 10150; state: ENABLED
04-22 08:52:27.131  1406  1976 D CompatibilityChangeReporter: Compat change id reported: 261072174; UID 10102; state: ENABLED
04-22 08:52:27.133  1406  1976 D CompatibilityChangeReporter: Compat change id reported: 261072174; UID 1000; state: ENABLED
04-22 08:52:27.139  1406  1976 D CompatibilityChangeReporter: Compat change id reported: 265195908; UID 10108; state: ENABLED
04-22 08:52:27.140  1406  1976 D CompatibilityChangeReporter: Compat change id reported: 265195908; UID 10229; state: ENABLED
04-22 08:52:27.151  1406  2222 D CompatibilityChangeReporter: Compat change id reported: 168419799; UID 10229; state: DISABLED
04-22 08:52:27.151  1406  2222 D CompatibilityChangeReporter: Compat change id reported: 273564678; UID 10229; state: DISABLED
04-22 08:52:27.161  1406  1836 W ActivityManager: Slow operation: 59ms so far, now at startProcess: returned from zygote!
04-22 08:52:27.161  1406  1836 W ActivityManager: Slow operation: 59ms so far, now at startProcess: done updating battery stats
04-22 08:52:27.161  1406  1836 W ActivityManager: Slow operation: 59ms so far, now at startProcess: building log message
04-22 08:52:27.161  1406  1836 I ActivityManager: Start proc 5911:com.zebra.zchargeled/1000 for broadcast {com.zebra.zchargeled/com.zebra.zchargeled.ZChargeLedBootCompleteReceiver}
04-22 08:52:27.161  1406  1836 W ActivityManager: Slow operation: 59ms so far, now at startProcess: starting to update pids map
04-22 08:52:27.161  1406  1836 W ActivityManager: Slow operation: 59ms so far, now at startProcess: done updating pids map
04-22 08:52:27.162  1406  3356 D CompatibilityChangeReporter: Compat change id reported: 261072174; UID 10165; state: ENABLED
04-22 08:52:27.162  1406  3356 D CompatibilityChangeReporter: Compat change id reported: 261072174; UID 10166; state: ENABLED
04-22 08:52:27.172  1406  2222 D CompatibilityChangeReporter: Compat change id reported: 170503758; UID 10229; state: ENABLED
04-22 08:52:27.186  1406  2222 D CompatibilityChangeReporter: Compat change id reported: 253665015; UID 10085; state: ENABLED
04-22 08:52:27.186  1406  2222 D CompatibilityChangeReporter: Compat change id reported: 194532703; UID 10085; state: ENABLED
04-22 08:52:27.203  1406  1953 I ActivityManager: Flag disabled. Ignoring finishAttachApplication from uid: 10229. pid: 5882
04-22 08:52:27.211  1406  5398 D CompatibilityChangeReporter: Compat change id reported: 168419799; UID 1000; state: DISABLED
04-22 08:52:27.211  1406  5398 D CompatibilityChangeReporter: Compat change id reported: 273564678; UID 1000; state: DISABLED
04-22 08:52:27.216  1406  1835 D CompatibilityChangeReporter: Compat change id reported: 135634846; UID 1000; state: DISABLED
04-22 08:52:27.217  1406  1835 D CompatibilityChangeReporter: Compat change id reported: 177438394; UID 1000; state: DISABLED
04-22 08:52:27.217  1406  1835 D CompatibilityChangeReporter: Compat change id reported: 135772972; UID 1000; state: DISABLED
04-22 08:52:27.218  1406  1835 D CompatibilityChangeReporter: Compat change id reported: 135754954; UID 1000; state: ENABLED
04-22 08:52:27.226  1406  2753 I ActivityManager: Flag disabled. Ignoring finishAttachApplication from uid: 10108. pid: 5845
04-22 08:52:27.230  1406  2753 I ActivityManager: Background started FGS: Allowed [callingPackage: com.zebra.smartmu.wfwsupportservice; callingUid: 10108; uidState: RCVR; uidBFSL: n/a; intent: Intent { act=com.zebra.smartmu.action.START_WFWSUPPORT_SERVICE cmp=com.zebra.smartmu.wfwsupportservice/.WFWSupportServiceActivity }; code:LOCKED_BOOT_COMPLETED; tempAllowListReason:<b36826c android.intent.action.LOCKED_BOOT_COMPLETED/u0,reasonCode:LOCKED_BOOT_COMPLETED,duration:20000,callingUid:1000>; targetSdkVersion:34; callerTargetSdkVersion:34; startForegroundCount:0; bindFromPackage:null: isBindService:false]
04-22 08:52:27.241  1406  1836 I ActivityManager: Start proc 5948:com.zebra.zebravolumecontrol3/1000 for broadcast {com.zebra.zebravolumecontrol3/com.zebra.zebravolumecontrol3.ZVCReceiver3}
04-22 08:52:27.277  1406  2753 D CompatibilityChangeReporter: Compat change id reported: 261072174; UID 10108; state: ENABLED
04-22 08:52:27.281  1406  3356 D CompatibilityChangeReporter: Compat change id reported: 135634846; UID 10154; state: DISABLED
04-22 08:52:27.281  1406  3356 D CompatibilityChangeReporter: Compat change id reported: 177438394; UID 10154; state: DISABLED
04-22 08:52:27.281  1406  3356 D CompatibilityChangeReporter: Compat change id reported: 135772972; UID 10154; state: DISABLED
04-22 08:52:27.281  1406  3356 D CompatibilityChangeReporter: Compat change id reported: 135754954; UID 10154; state: ENABLED
04-22 08:52:27.282  1406  1836 D CompatibilityChangeReporter: Compat change id reported: 143937733; UID 10154; state: ENABLED
04-22 08:52:27.294  1406  2753 D CompatibilityChangeReporter: Compat change id reported: 161145287; UID 10108; state: ENABLED
04-22 08:52:27.311  1406  2753 W ActivityManager: Receiver with filter android.content.IntentFilter@1268d26 already registered for pid 5845, callerPackage is com.zebra.smartmu.wfwsupportservice
04-22 08:52:27.315  1406  5398 D CompatibilityChangeReporter: Compat change id reported: 170668199; UID 10108; state: ENABLED
04-22 08:52:27.315  1406  5398 W ActivityManager: Foreground service started from background can not have location/camera/microphone access: service com.zebra.smartmu.wfwsupportservice/.WFWSupportServiceActivity
04-22 08:52:27.317  1406  1835 D NotificationService: Foreground Service Notification is hidden for the package: com.zebra.smartmu.wfwsupportservice
04-22 08:52:27.321  1406  5398 D CompatibilityChangeReporter: Compat change id reported: 168419799; UID 1000; state: DISABLED
04-22 08:52:27.321  1406  5398 D CompatibilityChangeReporter: Compat change id reported: 273564678; UID 1000; state: DISABLED
04-22 08:52:27.322  1406  2753 D CompatibilityChangeReporter: Compat change id reported: 266524688; UID 10119; state: ENABLED
04-22 08:52:27.349  1406  1835 D CompatibilityChangeReporter: Compat change id reported: 135634846; UID 1000; state: DISABLED
04-22 08:52:27.349  1406  1835 D CompatibilityChangeReporter: Compat change id reported: 177438394; UID 1000; state: DISABLED
04-22 08:52:27.349  1406  1835 D CompatibilityChangeReporter: Compat change id reported: 135772972; UID 1000; state: DISABLED
04-22 08:52:27.349  1406  1835 D CompatibilityChangeReporter: Compat change id reported: 135754954; UID 1000; state: ENABLED
04-22 08:52:27.349  1406  1836 W ActivityManager: Slow operation: 68ms so far, now at startProcess: done updating battery stats
04-22 08:52:27.349  1406  1836 W ActivityManager: Slow operation: 68ms so far, now at startProcess: building log message
04-22 08:52:27.349  1406  1836 I ActivityManager: Start proc 5990:com.google.android.as.oss/u0a154 for service {com.google.android.as.oss/com.google.android.apps.miphone.astrea.grpc.AstreaGrpcService}
04-22 08:52:27.349  1406  1836 W ActivityManager: Slow operation: 68ms so far, now at startProcess: starting to update pids map
04-22 08:52:27.349  1406  1836 W ActivityManager: Slow operation: 68ms so far, now at startProcess: done updating pids map
04-22 08:52:27.362  1406  1836 I ActivityManager: Start proc 6019:com.symbol.rxloggerutility/1000 for broadcast {com.symbol.rxloggerutility/com.symbol.rxloggerutility.core.RxUtilBroadcast}
04-22 08:52:27.363  1406  2753 D CompatibilityChangeReporter: Compat change id reported: 168419799; UID 10154; state: DISABLED
04-22 08:52:27.363  1406  2753 D CompatibilityChangeReporter: Compat change id reported: 273564678; UID 10154; state: DISABLED
04-22 08:52:27.365  1406  1976 D CompatibilityChangeReporter: Compat change id reported: 265195908; UID 10154; state: ENABLED
04-22 08:52:27.367  1406  2119 D CompatibilityChangeReporter: Compat change id reported: 170503758; UID 10154; state: ENABLED
04-22 08:52:27.371  1406  2005 D BatteryService: Processing new values: info=android.hardware.health.HealthInfo@f018f3, mBatteryLevelCritical=false, mPlugType=2
04-22 08:52:27.372  1406  2005 I BatteryService: File node value is 190
04-22 08:52:27.372  1406  2005 E BatteryService: healthInfoTemp is within the range (190)
04-22 08:52:27.372  1406  2005 D BatteryService: Sending ACTION_BATTERY_CHANGED. scale:100, info:android.hardware.health.HealthInfo@f018f3
04-22 08:52:27.373  1406  2005 E BatteryService: level : 65 / status : 2/Health : 2/Decommission : 0/error status : 0
04-22 08:52:27.378  1406  2753 W ActivityManager: Receiver with filter android.content.IntentFilter@fb7e0dc already registered for pid 5845, callerPackage is com.zebra.smartmu.wfwsupportservice
04-22 08:52:27.378  1406  2753 W ActivityManager: Receiver with filter android.content.IntentFilter@df5f5e5 already registered for pid 5845, callerPackage is com.zebra.smartmu.wfwsupportservice
04-22 08:52:27.383  2118  2118 W PowerUI : mBatteryPresent = true
04-22 08:52:27.383  1406  5398 D CompatibilityChangeReporter: Compat change id reported: 161145287; UID 10165; state: ENABLED
04-22 08:52:27.390  1406  2753 W ActivityManager: Receiver with filter android.content.IntentFilter@29d6f74 already registered for pid 5845, callerPackage is com.zebra.smartmu.wfwsupportservice
04-22 08:52:27.395  1406  2119 W ActivityManager: Receiver with filter android.content.IntentFilter@1dc0ee0 already registered for pid 5845, callerPackage is com.zebra.smartmu.wfwsupportservice
04-22 08:52:27.408  2118  6022 D PowerUI : can't show warning due to - plugged: true status unknown: false
04-22 08:52:27.409  1406  3375 D CompatibilityChangeReporter: Compat change id reported: 168419799; UID 1000; state: DISABLED
04-22 08:52:27.409  1406  3375 D CompatibilityChangeReporter: Compat change id reported: 273564678; UID 1000; state: DISABLED
04-22 08:52:27.413  1406  1835 D CompatibilityChangeReporter: Compat change id reported: 177438394; UID 10187; state: DISABLED
04-22 08:52:27.413  1406  1835 D CompatibilityChangeReporter: Compat change id reported: 135772972; UID 10187; state: DISABLED
04-22 08:52:27.413  1406  1835 D CompatibilityChangeReporter: Compat change id reported: 135754954; UID 10187; state: ENABLED
04-22 08:52:27.413  1406  1836 D CompatibilityChangeReporter: Compat change id reported: 143937733; UID 10187; state: ENABLED
04-22 08:52:27.425  1406  1836 I ActivityManager: Start proc 6058:com.google.android.calendar/u0a187 for broadcast {com.google.android.calendar/com.android.calendar.widget.CalendarAppWidgetProvider}
04-22 08:52:27.444  1406  3375 I ActivityManager: Flag disabled. Ignoring finishAttachApplication from uid: 1000. pid: 5911
04-22 08:52:27.450  1406  4970 D CompatibilityChangeReporter: Compat change id reported: 253665015; UID 10154; state: ENABLED
04-22 08:52:27.450  1406  4970 D CompatibilityChangeReporter: Compat change id reported: 194532703; UID 10154; state: ENABLED
04-22 08:52:27.452  1406  4970 I ActivityManager: Flag disabled. Ignoring finishAttachApplication from uid: 10154. pid: 5990
04-22 08:52:27.467  1406  2753 D CompatibilityChangeReporter: Compat change id reported: 168419799; UID 10187; state: DISABLED
04-22 08:52:27.467  1406  2753 D CompatibilityChangeReporter: Compat change id reported: 273564678; UID 10187; state: DISABLED
04-22 08:52:27.471  1406  1835 D CompatibilityChangeReporter: Compat change id reported: 135634846; UID 10241; state: DISABLED
04-22 08:52:27.471  1406  1835 D CompatibilityChangeReporter: Compat change id reported: 177438394; UID 10241; state: DISABLED
04-22 08:52:27.471  1406  1835 D CompatibilityChangeReporter: Compat change id reported: 135772972; UID 10241; state: DISABLED
04-22 08:52:27.471  1406  1835 D CompatibilityChangeReporter: Compat change id reported: 135754954; UID 10241; state: ENABLED
04-22 08:52:27.471  1406  1976 D CompatibilityChangeReporter: Compat change id reported: 265195908; UID 10187; state: ENABLED
04-22 08:52:27.472  1406  1836 D CompatibilityChangeReporter: Compat change id reported: 143937733; UID 10241; state: ENABLED
04-22 08:52:27.478  1406  2119 D CompatibilityChangeReporter: Compat change id reported: 170503758; UID 10187; state: ENABLED
04-22 08:52:27.481  1406  1836 I ActivityManager: Start proc 6083:com.google.android.permissioncontroller/u0a241 for broadcast {com.google.android.permissioncontroller/com.android.permissioncontroller.hibernation.HibernationBroadcastReceiver}
04-22 08:52:27.483  1406  2119 I ActivityManager: Flag disabled. Ignoring finishAttachApplication from uid: 1000. pid: 5948
04-22 08:52:27.490  1406  4970 I JobScheduler: bypass checkIfRestricted for JobStatus{83fb672 #u0a91/1 com.symbol.fota/.jobservices.BootCompleteService u=0 s=10091 TIME=+2m55s991ms:+3m4s991ms satisfied:0xb400000 unsatisfied:0x80000000}
04-22 08:52:27.491  1406  4970 I JobScheduler: bypass checkIfRestricted for JobStatus{a905078 #u0a98/335 com.symbol.dataanalytics/androidx.work.impl.background.systemjob.SystemJobService u=0 s=10098 TIME=+14m59s638ms:none satisfied:0xb400000 unsatisfied:0x80000000}
04-22 08:52:27.491  1406  4970 I JobScheduler: bypass checkIfRestricted for JobStatus{f032a19 #u0a98/334 com.symbol.dataanalytics/androidx.work.impl.background.systemjob.SystemJobService u=0 s=10098 TIME=+5h59m59s625ms:none satisfied:0xb400000 unsatisfied:0x80000000}
04-22 08:52:27.491  1406  4970 I JobScheduler: bypass checkIfRestricted for JobStatus{38dfb3a #u0a98/333 com.symbol.dataanalytics/androidx.work.impl.background.systemjob.SystemJobService u=0 s=10098 TIME=+59m59s575ms:none satisfied:0xb400000 unsatisfied:0x80000000}
04-22 08:52:27.491  1406  4970 I JobScheduler: bypass checkIfRestricted for JobStatus{ce95be0 #u0a98/90 com.symbol.dataanalytics/androidx.work.impl.background.systemjob.SystemJobService u=0 s=10098 TIME=+41m23s28ms:none satisfied:0xb400000 unsatisfied:0x80000000}
04-22 08:52:27.491  1406  4970 I JobScheduler: bypass checkIfRestricted for JobStatus{2f9da12 #u0a98/73 com.symbol.dataanalytics/androidx.work.impl.background.systemjob.SystemJobService u=0 s=10098 TIME=+12d11h7m4s155ms:none satisfied:0xb400000 unsatisfied:0x80000000}
04-22 08:52:27.491  1406  4970 I JobScheduler: bypass checkIfRestricted for JobStatus{83fb672 #u0a91/1 com.symbol.fota/.jobservices.BootCompleteService u=0 s=10091 TIME=+2m55s990ms:+3m4s990ms satisfied:0xb400000 unsatisfied:0x80000000}
04-22 08:52:27.507  1406  4970 D CompatibilityChangeReporter: Compat change id reported: 168419799; UID 10241; state: DISABLED
04-22 08:52:27.508  1406  4970 D CompatibilityChangeReporter: Compat change id reported: 273564678; UID 10241; state: DISABLED
04-22 08:52:27.518  1406  1976 D CompatibilityChangeReporter: Compat change id reported: 265195908; UID 10241; state: ENABLED
04-22 08:52:27.524  1406  2119 I JobScheduler: bypass checkIfRestricted for JobStatus{83fb672 #u0a91/1 com.symbol.fota/.jobservices.BootCompleteService u=0 s=10091 TIME=+2m55s957ms:+3m4s957ms satisfied:0xb400000 unsatisfied:0x80000000}
04-22 08:52:27.525  1406  2119 I JobScheduler: bypass checkIfRestricted for JobStatus{a905078 #u0a98/335 com.symbol.dataanalytics/androidx.work.impl.background.systemjob.SystemJobService u=0 s=10098 TIME=+14m59s604ms:none satisfied:0xb400000 unsatisfied:0x80000000}
04-22 08:52:27.525  1406  2119 I JobScheduler: bypass checkIfRestricted for JobStatus{f032a19 #u0a98/334 com.symbol.dataanalytics/androidx.work.impl.background.systemjob.SystemJobService u=0 s=10098 TIME=+5h59m59s591ms:none satisfied:0xb400000 unsatisfied:0x80000000}
04-22 08:52:27.525  1406  2119 I JobScheduler: bypass checkIfRestricted for JobStatus{38dfb3a #u0a98/333 com.symbol.dataanalytics/androidx.work.impl.background.systemjob.SystemJobService u=0 s=10098 TIME=+59m59s541ms:none satisfied:0xb400000 unsatisfied:0x80000000}
04-22 08:52:27.525  1406  2119 I JobScheduler: bypass checkIfRestricted for JobStatus{ce95be0 #u0a98/90 com.symbol.dataanalytics/androidx.work.impl.background.systemjob.SystemJobService u=0 s=10098 TIME=+41m22s994ms:none satisfied:0xb400000 unsatisfied:0x80000000}
04-22 08:52:27.525  1406  2119 I JobScheduler: bypass checkIfRestricted for JobStatus{2f9da12 #u0a98/73 com.symbol.dataanalytics/androidx.work.impl.background.systemjob.SystemJobService u=0 s=10098 TIME=+12d11h7m4s121ms:none satisfied:0xb400000 unsatisfied:0x80000000}
04-22 08:52:27.525  1406  2119 I JobScheduler: bypass checkIfRestricted for JobStatus{83fb672 #u0a91/1 com.symbol.fota/.jobservices.BootCompleteService u=0 s=10091 TIME=+2m55s956ms:+3m4s956ms satisfied:0xb400000 unsatisfied:0x80000000}
04-22 08:52:27.541  1406  2119 D CompatibilityChangeReporter: Compat change id reported: 170503758; UID 10241; state: ENABLED
04-22 08:52:27.555  1406  2753 I JobScheduler: bypass checkIfRestricted for JobStatus{83fb672 #u0a91/1 com.symbol.fota/.jobservices.BootCompleteService u=0 s=10091 TIME=+2m55s926ms:+3m4s926ms satisfied:0xb400000 unsatisfied:0x80000000}
04-22 08:52:27.556  1406  2753 I JobScheduler: bypass checkIfRestricted for JobStatus{a905078 #u0a98/335 com.symbol.dataanalytics/androidx.work.impl.background.systemjob.SystemJobService u=0 s=10098 TIME=+14m59s573ms:none satisfied:0xb400000 unsatisfied:0x80000000}
04-22 08:52:27.556  1406  2753 I JobScheduler: bypass checkIfRestricted for JobStatus{f032a19 #u0a98/334 com.symbol.dataanalytics/androidx.work.impl.background.systemjob.SystemJobService u=0 s=10098 TIME=+5h59m59s560ms:none satisfied:0xb400000 unsatisfied:0x80000000}
04-22 08:52:27.556  1406  2753 I JobScheduler: bypass checkIfRestricted for JobStatus{38dfb3a #u0a98/333 com.symbol.dataanalytics/androidx.work.impl.background.systemjob.SystemJobService u=0 s=10098 TIME=+59m59s510ms:none satisfied:0xb400000 unsatisfied:0x80000000}
04-22 08:52:27.556  1406  2753 I JobScheduler: bypass checkIfRestricted for JobStatus{ce95be0 #u0a98/90 com.symbol.dataanalytics/androidx.work.impl.background.systemjob.SystemJobService u=0 s=10098 TIME=+41m22s963ms:none satisfied:0xb400000 unsatisfied:0x80000000}
04-22 08:52:27.556  1406  2753 I JobScheduler: bypass checkIfRestricted for JobStatus{2f9da12 #u0a98/73 com.symbol.dataanalytics/androidx.work.impl.background.systemjob.SystemJobService u=0 s=10098 TIME=+12d11h7m4s90ms:none satisfied:0xb400000 unsatisfied:0x80000000}
04-22 08:52:27.556  1406  2753 I JobScheduler: bypass checkIfRestricted for JobStatus{83fb672 #u0a91/1 com.symbol.fota/.jobservices.BootCompleteService u=0 s=10091 TIME=+2m55s925ms:+3m4s925ms satisfied:0xb400000 unsatisfied:0x80000000}
04-22 08:52:27.562  3233  3233 E ActivityThread: Service com.zebra.licensemgrservice.DeviceManagementService has leaked ServiceConnection jl.STi@fdf4b3f that was originally bound here
04-22 08:52:27.562  3233  3233 E ActivityThread: android.app.ServiceConnectionLeaked: Service com.zebra.licensemgrservice.DeviceManagementService has leaked ServiceConnection jl.STi@fdf4b3f that was originally bound here
04-22 08:52:27.562  3233  3233 E ActivityThread: 	at android.app.LoadedApk$ServiceDispatcher.<init>(LoadedApk.java:2055)
04-22 08:52:27.562  3233  3233 E ActivityThread: 	at android.app.LoadedApk.getServiceDispatcherCommon(LoadedApk.java:1927)
04-22 08:52:27.562  3233  3233 E ActivityThread: 	at android.app.LoadedApk.getServiceDispatcher(LoadedApk.java:1906)
04-22 08:52:27.562  3233  3233 E ActivityThread: 	at android.app.ContextImpl.bindServiceCommon(ContextImpl.java:2113)
04-22 08:52:27.562  3233  3233 E ActivityThread: 	at android.app.ContextImpl.bindService(ContextImpl.java:1989)
04-22 08:52:27.562  3233  3233 E ActivityThread: 	at android.content.ContextWrapper.bindService(ContextWrapper.java:861)
04-22 08:52:27.562  3233  3233 E ActivityThread: 	at jl.dDh.rHt(jl.dDh:124)
04-22 08:52:27.562  3233  3233 E ActivityThread: 	at com.zebra.licensemgrservice.DeviceManagementService.Kh(DeviceManagementService.java:111)
04-22 08:52:27.562  3233  3233 E ActivityThread: 	at com.zebra.licensemgrservice.DeviceManagementService.onCreate(DeviceManagementService.java:81)
04-22 08:52:27.562  3233  3233 E ActivityThread: 	at android.app.ActivityThread.handleCreateService(ActivityThread.java:4652)
04-22 08:52:27.562  3233  3233 E ActivityThread: 	at android.app.ActivityThread.-$$Nest$mhandleCreateService(Unknown Source:0)
04-22 08:52:27.562  3233  3233 E ActivityThread: 	at android.app.ActivityThread$H.handleMessage(ActivityThread.java:2265)
04-22 08:52:27.562  3233  3233 E ActivityThread: 	at android.os.Handler.dispatchMessage(Handler.java:106)
04-22 08:52:27.562  3233  3233 E ActivityThread: 	at android.os.Looper.loopOnce(Looper.java:205)
04-22 08:52:27.562  3233  3233 E ActivityThread: 	at android.os.Looper.loop(Looper.java:294)
04-22 08:52:27.562  3233  3233 E ActivityThread: 	at android.app.ActivityThread.main(ActivityThread.java:8223)
04-22 08:52:27.562  3233  3233 E ActivityThread: 	at java.lang.reflect.Method.invoke(Native Method)
04-22 08:52:27.562  3233  3233 E ActivityThread: 	at com.android.internal.os.RuntimeInit$MethodAndArgsCaller.run(RuntimeInit.java:552)
04-22 08:52:27.562  3233  3233 E ActivityThread: 	at com.android.internal.os.ZygoteInit.main(ZygoteInit.java:977)
04-22 08:52:27.581  1406  2119 I ActivityManager: Flag disabled. Ignoring finishAttachApplication from uid: 1000. pid: 6019
04-22 08:52:27.593  4199  5177 W PackageParser: Unknown element under <manifest>: queries at /data/user_de/0/com.google.android.gms/app_chimera/m/00000017/dl-MapsCoreDynamite.integ_260830201100400.apk Binary XML file line #15
04-22 08:52:27.595  4199  5177 W PackageParser: Unknown element under <manifest>: queries at /data/user_de/0/com.google.android.gms/app_chimera/m/00000016/dl-MlkitBarcodeUi.optional_261332100400.apk Binary XML file line #15
04-22 08:52:27.597  4199  5177 W PackageParser: Unknown element under <manifest>: queries at /data/user_de/0/com.google.android.gms/app_chimera/m/00000018/dl-MlkitOcrCommon.optional_261332100400.apk Binary XML file line #11
04-22 08:52:27.597  1406  1835 D CompatibilityChangeReporter: Compat change id reported: 135634846; UID 10147; state: DISABLED
04-22 08:52:27.597  1406  1835 D CompatibilityChangeReporter: Compat change id reported: 177438394; UID 10147; state: DISABLED
04-22 08:52:27.597  1406  1835 D CompatibilityChangeReporter: Compat change id reported: 135772972; UID 10147; state: DISABLED
04-22 08:52:27.597  1406  1835 D CompatibilityChangeReporter: Compat change id reported: 135754954; UID 10147; state: ENABLED
04-22 08:52:27.599  1406  1836 D CompatibilityChangeReporter: Compat change id reported: 143937733; UID 10147; state: ENABLED
04-22 08:52:27.615  1406  1836 I ActivityManager: Start proc 6110:com.qualcomm.timeservice/u0a147 for broadcast {com.qualcomm.timeservice/com.qualcomm.timeservice.TimeServiceBroadcastReceiver}
04-22 08:52:27.616  4199  5177 W PackageParser: Unknown element under <manifest>: queries at /data/user_de/0/com.google.android.gms/app_chimera/m/00000015/dl-VisionBarcode.optional_261332100400.apk Binary XML file line #11
04-22 08:52:27.620  4199  5177 W PackageParser: Unknown element under <manifest>: queries at /data/user_de/0/com.google.android.gms/app_chimera/m/0000001a/dl-AdsFdrDynamite.integ_260480602100000.apk Binary XML file line #15
04-22 08:52:27.654  1406  3375 D CompatibilityChangeReporter: Compat change id reported: 161145287; UID 1000; state: ENABLED
04-22 08:52:27.655  1406  3375 D CompatibilityChangeReporter: Compat change id reported: 161145287; UID 1000; state: DISABLED
04-22 08:52:27.659  1406  4970 D CompatibilityChangeReporter: Compat change id reported: 168419799; UID 10147; state: DISABLED
04-22 08:52:27.660  1406  4970 D CompatibilityChangeReporter: Compat change id reported: 273564678; UID 10147; state: DISABLED
04-22 08:52:27.671  1406  1976 D CompatibilityChangeReporter: Compat change id reported: 265195908; UID 10147; state: ENABLED
04-22 08:52:27.671  1406  5949 D CompatibilityChangeReporter: Compat change id reported: 170503758; UID 10147; state: ENABLED
04-22 08:52:27.674  1406  1835 D CompatibilityChangeReporter: Compat change id reported: 135634846; UID 10051; state: DISABLED
04-22 08:52:27.674  1406  1835 D CompatibilityChangeReporter: Compat change id reported: 177438394; UID 10051; state: DISABLED
04-22 08:52:27.674  1406  1835 D CompatibilityChangeReporter: Compat change id reported: 135772972; UID 10051; state: DISABLED
04-22 08:52:27.674  1406  1835 D CompatibilityChangeReporter: Compat change id reported: 135754954; UID 10051; state: ENABLED
04-22 08:52:27.675  1406  1836 D CompatibilityChangeReporter: Compat change id reported: 143937733; UID 10051; state: ENABLED
04-22 08:52:27.676  5948  5948 W ContextImpl: Calling a method in the system process without a qualified user: android.app.ContextImpl.bindService:1988 com.zebra.zebravolumecontrol3.ZVCService3.onStartCommand:10 android.app.ActivityThread.handleServiceArgs:4822 android.app.ActivityThread.-$$Nest$mhandleServiceArgs:0 android.app.ActivityThread$H.handleMessage:2290 
04-22 08:52:27.678  1406  2119 D CompatibilityChangeReporter: Compat change id reported: 261072174; UID 1000; state: ENABLED
04-22 08:52:27.683  1406  1836 I ActivityManager: Start proc 6128:com.zebra.commontransportlayer/u0a51 for broadcast {com.zebra.commontransportlayer/androidx.work.impl.background.systemalarm.RescheduleReceiver}
04-22 08:52:27.693  1406  2119 I JobScheduler: bypass checkIfRestricted for JobStatus{83fb672 #u0a91/1 com.symbol.fota/.jobservices.BootCompleteService u=0 s=10091 TIME=+2m55s788ms:+3m4s788ms satisfied:0xb400000 unsatisfied:0x80000000}
04-22 08:52:27.704  1406  2119 I JobScheduler: bypass checkIfRestricted for JobStatus{a905078 #u0a98/335 com.symbol.dataanalytics/androidx.work.impl.background.systemjob.SystemJobService u=0 s=10098 TIME=+14m59s425ms:none satisfied:0xb400000 unsatisfied:0x80000000}
04-22 08:52:27.704  1406  2119 I JobScheduler: bypass checkIfRestricted for JobStatus{f032a19 #u0a98/334 com.symbol.dataanalytics/androidx.work.impl.background.systemjob.SystemJobService u=0 s=10098 TIME=+5h59m59s412ms:none satisfied:0xb400000 unsatisfied:0x80000000}
04-22 08:52:27.704  1406  2119 I JobScheduler: bypass checkIfRestricted for JobStatus{38dfb3a #u0a98/333 com.symbol.dataanalytics/androidx.work.impl.background.systemjob.SystemJobService u=0 s=10098 TIME=+59m59s362ms:none satisfied:0xb400000 unsatisfied:0x80000000}
04-22 08:52:27.704  1406  2119 I JobScheduler: bypass checkIfRestricted for JobStatus{ce95be0 #u0a98/90 com.symbol.dataanalytics/androidx.work.impl.background.systemjob.SystemJobService u=0 s=10098 TIME=+41m22s815ms:none satisfied:0xb400000 unsatisfied:0x80000000}
04-22 08:52:27.704  1406  2119 I JobScheduler: bypass checkIfRestricted for JobStatus{2f9da12 #u0a98/73 com.symbol.dataanalytics/androidx.work.impl.background.systemjob.SystemJobService u=0 s=10098 TIME=+12d11h7m3s942ms:none satisfied:0xb400000 unsatisfied:0x80000000}
04-22 08:52:27.704  1406  2119 I JobScheduler: bypass checkIfRestricted for JobStatus{83fb672 #u0a91/1 com.symbol.fota/.jobservices.BootCompleteService u=0 s=10091 TIME=+2m55s777ms:+3m4s777ms satisfied:0xb400000 unsatisfied:0x80000000}
04-22 08:52:27.717  1406  2753 D CompatibilityChangeReporter: Compat change id reported: 168419799; UID 10051; state: DISABLED
04-22 08:52:27.717  1406  2753 D CompatibilityChangeReporter: Compat change id reported: 273564678; UID 10051; state: DISABLED
04-22 08:52:27.724  1406  2119 I JobScheduler: bypass checkIfRestricted for JobStatus{83fb672 #u0a91/1 com.symbol.fota/.jobservices.BootCompleteService u=0 s=10091 TIME=+2m55s757ms:+3m4s757ms satisfied:0xb400000 unsatisfied:0x80000000}
04-22 08:52:27.725  1406  2119 I JobScheduler: bypass checkIfRestricted for JobStatus{a905078 #u0a98/335 com.symbol.dataanalytics/androidx.work.impl.background.systemjob.SystemJobService u=0 s=10098 TIME=+14m59s404ms:none satisfied:0xb400000 unsatisfied:0x80000000}
04-22 08:52:27.725  1406  2119 I JobScheduler: bypass checkIfRestricted for JobStatus{f032a19 #u0a98/334 com.symbol.dataanalytics/androidx.work.impl.background.systemjob.SystemJobService u=0 s=10098 TIME=+5h59m59s391ms:none satisfied:0xb400000 unsatisfied:0x80000000}
04-22 08:52:27.725  1406  2119 I JobScheduler: bypass checkIfRestricted for JobStatus{38dfb3a #u0a98/333 com.symbol.dataanalytics/androidx.work.impl.background.systemjob.SystemJobService u=0 s=10098 TIME=+59m59s341ms:none satisfied:0xb400000 unsatisfied:0x80000000}
04-22 08:52:27.725  1406  2119 I JobScheduler: bypass checkIfRestricted for JobStatus{ce95be0 #u0a98/90 com.symbol.dataanalytics/androidx.work.impl.background.systemjob.SystemJobService u=0 s=10098 TIME=+41m22s794ms:none satisfied:0xb400000 unsatisfied:0x80000000}
04-22 08:52:27.725  1406  2119 I JobScheduler: bypass checkIfRestricted for JobStatus{2f9da12 #u0a98/73 com.symbol.dataanalytics/androidx.work.impl.background.systemjob.SystemJobService u=0 s=10098 TIME=+12d11h7m3s921ms:none satisfied:0xb400000 unsatisfied:0x80000000}
04-22 08:52:27.725  1406  2119 I JobScheduler: bypass checkIfRestricted for JobStatus{83fb672 #u0a91/1 com.symbol.fota/.jobservices.BootCompleteService u=0 s=10091 TIME=+2m55s756ms:+3m4s756ms satisfied:0xb400000 unsatisfied:0x80000000}
04-22 08:52:27.725  1406  5949 D CompatibilityChangeReporter: Compat change id reported: 170503758; UID 10051; state: ENABLED
04-22 08:52:27.726  1406  1976 D CompatibilityChangeReporter: Compat change id reported: 265195908; UID 10051; state: ENABLED
04-22 08:52:27.736  1406  5949 I ActivityManager: Flag disabled. Ignoring finishAttachApplication from uid: 10147. pid: 6110
04-22 08:52:27.749  5948  5948 W ContextImpl: Calling a method in the system process without a qualified user: android.app.ContextImpl.sendBroadcast:1220 android.content.ContextWrapper.sendBroadcast:504 com.zebra.zebravolumecontrol3.ZVCService3$j.onReceive:22 android.app.LoadedApk$ReceiverDispatcher$Args.lambda$getRunnable$0:1802 android.app.LoadedApk$ReceiverDispatcher$Args.$r8$lambda$gDuJqgxY6Zb-ifyeubKeivTLAwk:0 
04-22 08:52:27.787  1406  1835 D CompatibilityChangeReporter: Compat change id reported: 135634846; UID 10089; state: DISABLED
04-22 08:52:27.787  1406  1835 D CompatibilityChangeReporter: Compat change id reported: 177438394; UID 10089; state: DISABLED
04-22 08:52:27.787  1406  1835 D CompatibilityChangeReporter: Compat change id reported: 135772972; UID 10089; state: DISABLED
04-22 08:52:27.787  1406  1835 D CompatibilityChangeReporter: Compat change id reported: 135754954; UID 10089; state: ENABLED
04-22 08:52:27.788  1406  1836 D CompatibilityChangeReporter: Compat change id reported: 143937733; UID 10089; state: ENABLED
04-22 08:52:27.816  1406  5949 I ActivityManager: Flag disabled. Ignoring finishAttachApplication from uid: 10241. pid: 6083
04-22 08:52:27.833  1406  1836 I ActivityManager: Start proc 6161:com.zebra.enrollmentmgr/u0a89 for broadcast {com.zebra.enrollmentmgr/androidx.work.impl.background.systemalarm.RescheduleReceiver}
04-22 08:52:27.841  5948  6148 W ContextImpl: Calling a method in the system process without a qualified user: android.app.ContextImpl.sendBroadcast:1220 b.b.a.a.a.E:2 com.zebra.zebravolumecontrol3.ZVCService3$d$a.run:14 java.lang.Thread.run:1012 <bottom of call stack> 
04-22 08:52:27.860  1406  2119 D CompatibilityChangeReporter: Compat change id reported: 168419799; UID 10089; state: DISABLED
04-22 08:52:27.860  1406  2119 D CompatibilityChangeReporter: Compat change id reported: 273564678; UID 10089; state: DISABLED
04-22 08:52:27.871  1406  1976 D CompatibilityChangeReporter: Compat change id reported: 265195908; UID 10089; state: ENABLED
04-22 08:52:27.873  1406  4970 D CompatibilityChangeReporter: Compat change id reported: 170503758; UID 10089; state: ENABLED
04-22 08:52:27.887  1406  4970 D CompatibilityChangeReporter: Compat change id reported: 161145287; UID 10187; state: ENABLED
04-22 08:52:27.935  1406  4970 D CompatibilityChangeReporter: Compat change id reported: 261072174; UID 10187; state: ENABLED
04-22 08:52:27.994  1406  5949 D CompatibilityChangeReporter: Compat change id reported: 143231523; UID 10187; state: DISABLED
04-22 08:52:28.043  1406  2119 D ActivityManager: freezer override set to true
04-22 08:52:28.043  1406  2119 D ActivityManager: freezer override set to false
04-22 08:52:28.061  1406  4970 I ActivityManager: Flag disabled. Ignoring finishAttachApplication from uid: 10089. pid: 6161
04-22 08:52:28.077  1406  5949 D CompatibilityChangeReporter: Compat change id reported: 261072174; UID 10098; state: ENABLED
