04-22 08:52:37.157  1406  5949 I JobScheduler: bypass checkIfRestricted for JobStatus{ce95be0 #u0a98/90 com.symbol.dataanalytics/androidx.work.impl.background.systemjob.SystemJobService u=0 s=10098 TIME=+41m13s363ms:none satisfied:0xb400000 unsatisfied:0x80000000}
04-22 08:52:37.157  1406  5949 I JobScheduler: bypass checkIfRestricted for JobStatus{2f9da12 #u0a98/73 com.symbol.dataanalytics/androidx.work.impl.background.systemjob.SystemJobService u=0 s=10098 TIME=+12d11h6m54s489ms:none satisfied:0xb400000 unsatisfied:0x80000000}
04-22 08:52:37.157  1406  5949 I JobScheduler: bypass checkIfRestricted for JobStatus{7975012 #u0a91/1 com.symbol.fota/.jobservices.BootCompleteService u=0 s=10091 TIME=+2m51s2ms:+3m0s2ms satisfied:0xb400000 unsatisfied:0x80000000}
04-22 08:52:37.163  1406  4989 I ActivityManager: Flag disabled. Ignoring finishAttachApplication from uid: 10160. pid: 7873
04-22 08:52:37.186  1406  4989 I SoundTriggerMiddlewareLogging: LIST_MODULE [client= "com.quicinc.voice.activation"] () -> [ {Id: 0, Implementor: QUALCOMM Technologies, Inc, Version: 258}, {Id: 1, Implementor: android, Version: 1} ]
04-22 08:52:37.192  1406  5949 I SoundTriggerMiddlewareLogging: ATTACH [client= "com.quicinc.voice.activation0"] (0, android.media.soundtrigger_middleware.ISoundTriggerCallback$Stub$Proxy@64fb592, false) -> com.android.server.soundtrigger_middleware.SoundTriggerModule$Session@c087bf4
04-22 08:52:37.255  1406  2753 I ActivityManager: Flag disabled. Ignoring finishAttachApplication from uid: 10224. pid: 8089
04-22 08:52:37.259  1406  1835 D CompatibilityChangeReporter: Compat change id reported: 135634846; UID 10055; state: DISABLED
04-22 08:52:37.259  1406  1835 D CompatibilityChangeReporter: Compat change id reported: 177438394; UID 10055; state: DISABLED
04-22 08:52:37.259  1406  1835 D CompatibilityChangeReporter: Compat change id reported: 135772972; UID 10055; state: DISABLED
04-22 08:52:37.259  1406  1835 D CompatibilityChangeReporter: Compat change id reported: 135754954; UID 10055; state: ENABLED
04-22 08:52:37.260  1406  1836 D CompatibilityChangeReporter: Compat change id reported: 143937733; UID 10055; state: ENABLED
04-22 08:52:37.293  1406  1836 I ActivityManager: Start proc 8161:com.symbol.mxmf.csp.analyticsmgr/u0a55 for broadcast {com.symbol.mxmf.csp.analyticsmgr/com.symbol.mxmf.csp.analyticsmgr.BootCompleteReceiver}
04-22 08:52:37.311  1406  4989 D CompatibilityChangeReporter: Compat change id reported: 253665015; UID 10192; state: ENABLED
04-22 08:52:37.311  1406  4989 D CompatibilityChangeReporter: Compat change id reported: 194532703; UID 10192; state: ENABLED
04-22 08:52:37.317  1406  4989 E JobScheduler.JobStatus: App com.google.android.youtube became active but still in NEVER bucket
04-22 08:52:37.340  1406  3374 D CompatibilityChangeReporter: Compat change id reported: 168419799; UID 10055; state: DISABLED
04-22 08:52:37.340  1406  3374 D CompatibilityChangeReporter: Compat change id reported: 273564678; UID 10055; state: DISABLED
04-22 08:52:37.351  1406  1976 D CompatibilityChangeReporter: Compat change id reported: 265195908; UID 10055; state: ENABLED
04-22 08:52:37.360  1406  2222 V ShortcutService: hasShortcutHostPermissionInner callers : com.android.server.pm.ShortcutService.hasShortcutHostPermission:2775 com.android.server.pm.ShortcutService$LocalService.hasShortcutHostPermission:3683 com.android.server.usage.UsageStatsService.shouldHideShortcutInvocationEvents:643 com.android.server.usage.UsageStatsService.-$$Nest$mshouldHideShortcutInvocationEvents:0 com.android.server.usage.UsageStatsService$BinderService.queryEvents:2204 android.app.usage.IUsageStatsManager$Stub.onTransact:417 android.os.Binder.execTransactInternal:1339 android.os.Binder.execTransact:1275 <bottom of call stack> <bottom of call stack> 
04-22 08:52:37.360  1406  2222 V ShortcutService: hasShortcutHostPermissionInner: com.google.android.gms userId: 0
04-22 08:52:37.365  1406  3374 D CompatibilityChangeReporter: Compat change id reported: 170503758; UID 10055; state: ENABLED
04-22 08:52:37.376  1406  2222 W ActivityManager: Receiver with filter android.content.IntentFilter@e76d1c6 already registered for pid 5845, callerPackage is com.zebra.smartmu.wfwsupportservice
04-22 08:52:37.381  1406  2222 W ActivityManager: Receiver with filter android.content.IntentFilter@1a5d587 already registered for pid 5845, callerPackage is com.zebra.smartmu.wfwsupportservice
04-22 08:52:37.382  1406  2222 W ActivityManager: Receiver with filter android.content.IntentFilter@8153cb4 already registered for pid 5845, callerPackage is com.zebra.smartmu.wfwsupportservice
04-22 08:52:37.397  1406  5949 D CompatibilityChangeReporter: Compat change id reported: 271850009; UID 10192; state: ENABLED
04-22 08:52:37.398  1406  5949 E JobScheduler.JobStatus: App com.google.android.youtube became active but still in NEVER bucket
04-22 08:52:37.433  1406  2222 V ShortcutService: hasShortcutHostPermissionInner callers : com.android.server.pm.ShortcutService.hasShortcutHostPermission:2775 com.android.server.pm.ShortcutService$LocalService.hasShortcutHostPermission:3683 com.android.server.usage.UsageStatsService.shouldHideShortcutInvocationEvents:643 com.android.server.usage.UsageStatsService.-$$Nest$mshouldHideShortcutInvocationEvents:0 com.android.server.usage.UsageStatsService$BinderService.queryEvents:2204 android.app.usage.IUsageStatsManager$Stub.onTransact:417 android.os.Binder.execTransactInternal:1339 android.os.Binder.execTransact:1275 <bottom of call stack> <bottom of call stack> 
04-22 08:52:37.433  1406  2222 V ShortcutService: hasShortcutHostPermissionInner: com.google.android.gms userId: 0
04-22 08:52:37.457  1406  2439 I ActivityManager: Flag disabled. Ignoring finishAttachApplication from uid: 10203. pid: 8040
04-22 08:52:37.493  1406  1835 D CompatibilityChangeReporter: Compat change id reported: 135634846; UID 1000; state: DISABLED
04-22 08:52:37.493  1406  1835 D CompatibilityChangeReporter: Compat change id reported: 177438394; UID 1000; state: DISABLED
04-22 08:52:37.493  1406  1835 D CompatibilityChangeReporter: Compat change id reported: 135772972; UID 1000; state: DISABLED
04-22 08:52:37.493  1406  1835 D CompatibilityChangeReporter: Compat change id reported: 135754954; UID 1000; state: ENABLED
04-22 08:52:37.511  1406  4989 E JobScheduler.JobStatus: App com.google.android.youtube became active but still in NEVER bucket
04-22 08:52:37.519  1406  1836 I ActivityManager: Start proc 8206:com.zebra.incompatiblebatterywarning/1000 for broadcast {com.zebra.incompatiblebatterywarning/com.zebra.incompatiblebatterywarning.BootReceiver}
04-22 08:52:37.521  1406  4981 E JobScheduler.JobStatus: App com.google.android.youtube became active but still in NEVER bucket
04-22 08:52:37.527  1406  4981 V ShortcutService: hasShortcutHostPermissionInner callers : com.android.server.pm.ShortcutService.hasShortcutHostPermission:2775 com.android.server.pm.ShortcutService$LocalService.hasShortcutHostPermission:3683 com.android.server.usage.UsageStatsService.shouldHideShortcutInvocationEvents:643 com.android.server.usage.UsageStatsService.-$$Nest$mshouldHideShortcutInvocationEvents:0 com.android.server.usage.UsageStatsService$BinderService.queryEvents:2204 android.app.usage.IUsageStatsManager$Stub.onTransact:417 android.os.Binder.execTransactInternal:1339 android.os.Binder.execTransact:1275 <bottom of call stack> <bottom of call stack> 
04-22 08:52:37.527  1406  4981 V ShortcutService: hasShortcutHostPermissionInner: com.google.android.gms userId: 0
04-22 08:52:37.539   674  2110 W keystore2: system/security/keystore2/src/remote_provisioning.rs:102 - Error occurred: system/security/keystore2/src/rkpd_client.rs:226: Trying to get to IRegistration service.
04-22 08:52:37.539   674  2110 W keystore2: 
04-22 08:52:37.539   674  2110 W keystore2: Caused by:
04-22 08:52:37.539   674  2110 W keystore2:     0: system/security/keystore2/src/rkpd_client.rs:120: Trying to get IRPC name.
04-22 08:52:37.539   674  2110 W keystore2:     1: system/security/keystore2/src/globals.rs:444
04-22 08:52:37.539   674  2110 W keystore2:     2: Error::Km(r#HARDWARE_TYPE_UNAVAILABLE)
04-22 08:52:37.561  1406  4989 V ShortcutService: hasShortcutHostPermissionInner callers : com.android.server.pm.ShortcutService.hasShortcutHostPermission:2775 com.android.server.pm.ShortcutService$LocalService.hasShortcutHostPermission:3683 com.android.server.usage.UsageStatsService.shouldHideShortcutInvocationEvents:643 com.android.server.usage.UsageStatsService.-$$Nest$mshouldHideShortcutInvocationEvents:0 com.android.server.usage.UsageStatsService$BinderService.queryEvents:2204 android.app.usage.IUsageStatsManager$Stub.onTransact:417 android.os.Binder.execTransactInternal:1339 android.os.Binder.execTransact:1275 <bottom of call stack> <bottom of call stack> 
04-22 08:52:37.561  1406  4989 V ShortcutService: hasShortcutHostPermissionInner: com.android.vending userId: 0
04-22 08:52:37.564  1406  4981 E JobScheduler.JobStatus: App com.google.android.youtube became active but still in NEVER bucket
04-22 08:52:37.569  1406  2753 D CompatibilityChangeReporter: Compat change id reported: 168419799; UID 1000; state: DISABLED
04-22 08:52:37.569  1406  2753 D CompatibilityChangeReporter: Compat change id reported: 273564678; UID 1000; state: DISABLED
04-22 08:52:37.575  1406  2753 E JobScheduler.JobStatus: App com.google.android.youtube became active but still in NEVER bucket
04-22 08:52:37.576  1406  2753 E JobScheduler.JobStatus: App com.google.android.youtube became active but still in NEVER bucket
04-22 08:52:37.578  1406  2753 E JobScheduler.JobStatus: App com.google.android.youtube became active but still in NEVER bucket
04-22 08:52:37.579  1406  2753 E JobScheduler.JobStatus: App com.google.android.youtube became active but still in NEVER bucket
04-22 08:52:37.581  1406  2753 E JobScheduler.JobStatus: App com.google.android.youtube became active but still in NEVER bucket
04-22 08:52:37.582  1406  4981 E JobScheduler.JobStatus: App com.google.android.youtube became active but still in NEVER bucket
04-22 08:52:37.589  1406  1835 D CompatibilityChangeReporter: Compat change id reported: 135634846; UID 10140; state: DISABLED
04-22 08:52:37.590  1406  1835 D CompatibilityChangeReporter: Compat change id reported: 177438394; UID 10140; state: DISABLED
04-22 08:52:37.590  1406  1835 D CompatibilityChangeReporter: Compat change id reported: 135772972; UID 10140; state: DISABLED
04-22 08:52:37.590  1406  1835 D CompatibilityChangeReporter: Compat change id reported: 135754954; UID 10140; state: ENABLED
04-22 08:52:37.590  1406  1836 D CompatibilityChangeReporter: Compat change id reported: 143937733; UID 10140; state: ENABLED
04-22 08:52:37.597  1406  2753 I ActivityManager: Process com.quicinc.voice.activation (pid 8040) has died: fg  SVC 
04-22 08:52:37.602  1406  1813 D DisplayManagerService: Drop pending events for gone uid 10203
04-22 08:52:37.608  1406  1836 I ActivityManager: Start proc 8230:com.zebra.lifeguardotamanager/u0a140 for broadcast {com.zebra.lifeguardotamanager/com.symbol.mxmf.csp.lifeguardotamanager.BootCompleteReceiver}
04-22 08:52:37.610  1406  2005 D BatteryService: Processing new values: info=android.hardware.health.HealthInfo@c4bc959, mBatteryLevelCritical=false, mPlugType=2
04-22 08:52:37.612  1406  2005 I BatteryService: File node value is 190
04-22 08:52:37.612  1406  2005 E BatteryService: healthInfoTemp is within the range (190)
04-22 08:52:37.612  1406  2005 D BatteryService: Sending ACTION_BATTERY_CHANGED. scale:100, info:android.hardware.health.HealthInfo@c4bc959
04-22 08:52:37.612  1406  2005 E BatteryService: level : 65 / status : 2/Health : 2/Decommission : 0/error status : 0
04-22 08:52:37.614  1406  1976 D CompatibilityChangeReporter: Compat change id reported: 265195908; UID 10140; state: ENABLED
04-22 08:52:37.649  1406  5949 I ActivityManager: Flag disabled. Ignoring finishAttachApplication from uid: 10055. pid: 8161
04-22 08:52:37.682  1406  5949 V ShortcutService: hasShortcutHostPermissionInner callers : com.android.server.pm.ShortcutService.hasShortcutHostPermission:2775 com.android.server.pm.ShortcutService$LocalService.hasShortcutHostPermission:3683 com.android.server.usage.UsageStatsService.shouldHideShortcutInvocationEvents:643 com.android.server.usage.UsageStatsService.-$$Nest$mshouldHideShortcutInvocationEvents:0 com.android.server.usage.UsageStatsService$BinderService.queryEvents:2204 android.app.usage.IUsageStatsManager$Stub.onTransact:417 android.os.Binder.execTransactInternal:1339 android.os.Binder.execTransact:1275 <bottom of call stack> <bottom of call stack> 
04-22 08:52:37.682  1406  5949 V ShortcutService: hasShortcutHostPermissionInner: com.google.android.gms userId: 0
04-22 08:52:37.683  1406  1406 I JobScheduler: bypass checkIfRestricted for JobStatus{7975012 #u0a91/1 com.symbol.fota/.jobservices.BootCompleteService u=0 s=10091 TIME=+2m50s476ms:+2m59s476ms satisfied:0xb400000 unsatisfied:0x80000000}
04-22 08:52:37.683  1406  1406 I JobScheduler: bypass checkIfRestricted for JobStatus{7975012 #u0a91/1 com.symbol.fota/.jobservices.BootCompleteService u=0 s=10091 TIME=+2m50s476ms:+2m59s476ms satisfied:0xb400000 unsatisfied:0x80000000}
04-22 08:52:37.684  1406  1406 I JobScheduler: bypass checkIfRestricted for JobStatus{d415550 #u0a98/342 com.symbol.dataanalytics/androidx.work.impl.background.systemjob.SystemJobService u=0 s=10098 TIME=+7s306ms:none satisfied:0xb400000 unsatisfied:0x80000000}
04-22 08:52:37.684  1406  1406 I JobScheduler: bypass checkIfRestricted for JobStatus{491cfa1 #u0a98/341 com.symbol.dataanalytics/androidx.work.impl.background.systemjob.SystemJobService u=0 s=10098 TIME=+4m58s132ms:none satisfied:0xb400000 unsatisfied:0x80000000}
04-22 08:52:37.684  1406  1406 I JobScheduler: bypass checkIfRestricted for JobStatus{6e8d90e #u0a98/339 com.symbol.dataanalytics/androidx.work.impl.background.systemjob.SystemJobService u=0 s=10098 TIME=+4m51s557ms:none satisfied:0xb400000 unsatisfied:0x80000000}
04-22 08:52:37.684  1406  1406 I JobScheduler: bypass checkIfRestricted for JobStatus{a905078 #u0a98/335 com.symbol.dataanalytics/androidx.work.impl.background.systemjob.SystemJobService u=0 s=10098 TIME=+14m49s445ms:none satisfied:0xb400000 unsatisfied:0x80000000}
04-22 08:52:37.684  1406  1406 I JobScheduler: bypass checkIfRestricted for JobStatus{f032a19 #u0a98/334 com.symbol.dataanalytics/androidx.work.impl.background.systemjob.SystemJobService u=0 s=10098 TIME=+5h59m49s432ms:none satisfied:0xb400000 unsatisfied:0x80000000}
04-22 08:52:37.684  1406  1406 I JobScheduler: bypass checkIfRestricted for JobStatus{38dfb3a #u0a98/333 com.symbol.dataanalytics/androidx.work.impl.background.systemjob.SystemJobService u=0 s=10098 TIME=+59m49s382ms:none satisfied:0xb400000 unsatisfied:0x80000000}
04-22 08:52:37.684  1406  1406 I JobScheduler: bypass checkIfRestricted for JobStatus{ce95be0 #u0a98/90 com.symbol.dataanalytics/androidx.work.impl.background.systemjob.SystemJobService u=0 s=10098 TIME=+41m12s835ms:none satisfied:0xb400000 unsatisfied:0x80000000}
04-22 08:52:37.684  1406  1406 I JobScheduler: bypass checkIfRestricted for JobStatus{2f9da12 #u0a98/73 com.symbol.dataanalytics/androidx.work.impl.background.systemjob.SystemJobService u=0 s=10098 TIME=+12d11h6m53s962ms:none satisfied:0xb400000 unsatisfied:0x80000000}
04-22 08:52:37.685  1406  1406 V ConditionProviders: enabling condition provider for 0: ComponentInfo{com.google.android.apps.wellbeing/com.google.android.apps.wellbeing.azr.impl.AzrConditionProviderService}
04-22 08:52:37.685  1406  1406 V ConditionProviders: Not registering ComponentInfo{com.google.android.apps.wellbeing/com.google.android.apps.wellbeing.azr.impl.AzrConditionProviderService} is already bound
04-22 08:52:37.698  1406  2439 D CompatibilityChangeReporter: Compat change id reported: 168419799; UID 10140; state: DISABLED
04-22 08:52:37.699  1406  2439 D CompatibilityChangeReporter: Compat change id reported: 273564678; UID 10140; state: DISABLED
04-22 08:52:37.752  1406  2753 D CompatibilityChangeReporter: Compat change id reported: 170503758; UID 10140; state: ENABLED
04-22 08:52:37.752  1406  1835 D CompatibilityChangeReporter: Compat change id reported: 135634846; UID 1000; state: DISABLED
04-22 08:52:37.752  1406  1835 D CompatibilityChangeReporter: Compat change id reported: 177438394; UID 1000; state: DISABLED
04-22 08:52:37.752  1406  1835 D CompatibilityChangeReporter: Compat change id reported: 135772972; UID 1000; state: DISABLED
04-22 08:52:37.752  1406  1835 D CompatibilityChangeReporter: Compat change id reported: 135754954; UID 1000; state: ENABLED
04-22 08:52:37.759  1406  5949 W JobScheduler: Job didn't exist in JobStore: 2934bdc {androidx.work.systemjobscheduler} #u0a185/23 @androidx.work.systemjobscheduler@com.google.android.tts/androidx.work.impl.background.systemjob.SystemJobService
04-22 08:52:37.769  1406  1406 I JobScheduler: bypass checkIfRestricted for JobStatus{7975012 #u0a91/1 com.symbol.fota/.jobservices.BootCompleteService u=0 s=10091 TIME=+2m50s390ms:+2m59s390ms satisfied:0xb400000 unsatisfied:0x80000000}
04-22 08:52:37.769  1406  1976 D CompatibilityChangeReporter: Compat change id reported: 218533173; UID 10237; state: ENABLED
04-22 08:52:37.769  1406  1406 I JobScheduler: bypass checkIfRestricted for JobStatus{7975012 #u0a91/1 com.symbol.fota/.jobservices.BootCompleteService u=0 s=10091 TIME=+2m50s390ms:+2m59s390ms satisfied:0xb400000 unsatisfied:0x80000000}
04-22 08:52:37.769  1406  1976 D CompatibilityChangeReporter: Compat change id reported: 262645982; UID 10237; state: ENABLED
04-22 08:52:37.769  1406  1976 D CompatibilityChangeReporter: Compat change id reported: 218533173; UID 10173; state: ENABLED
04-22 08:52:37.770  1406  1976 D CompatibilityChangeReporter: Compat change id reported: 262645982; UID 10173; state: ENABLED
04-22 08:52:37.770  1406  1406 I JobScheduler: bypass checkIfRestricted for JobStatus{d415550 #u0a98/342 com.symbol.dataanalytics/androidx.work.impl.background.systemjob.SystemJobService u=0 s=10098 TIME=+7s220ms:none satisfied:0xb400000 unsatisfied:0x80000000}
04-22 08:52:37.770  1406  1406 I JobScheduler: bypass checkIfRestricted for JobStatus{491cfa1 #u0a98/341 com.symbol.dataanalytics/androidx.work.impl.background.systemjob.SystemJobService u=0 s=10098 TIME=+4m58s46ms:none satisfied:0xb400000 unsatisfied:0x80000000}
04-22 08:52:37.770  1406  1406 I JobScheduler: bypass checkIfRestricted for JobStatus{6e8d90e #u0a98/339 com.symbol.dataanalytics/androidx.work.impl.background.systemjob.SystemJobService u=0 s=10098 TIME=+4m51s471ms:none satisfied:0xb400000 unsatisfied:0x80000000}
04-22 08:52:37.770  1406  1406 I JobScheduler: bypass checkIfRestricted for JobStatus{a905078 #u0a98/335 com.symbol.dataanalytics/androidx.work.impl.background.systemjob.SystemJobService u=0 s=10098 TIME=+14m49s359ms:none satisfied:0xb400000 unsatisfied:0x80000000}
04-22 08:52:37.770  1406  1406 I JobScheduler: bypass checkIfRestricted for JobStatus{f032a19 #u0a98/334 com.symbol.dataanalytics/androidx.work.impl.background.systemjob.SystemJobService u=0 s=10098 TIME=+5h59m49s346ms:none satisfied:0xb400000 unsatisfied:0x80000000}
04-22 08:52:37.770  1406  1406 I JobScheduler: bypass checkIfRestricted for JobStatus{38dfb3a #u0a98/333 com.symbol.dataanalytics/androidx.work.impl.background.systemjob.SystemJobService u=0 s=10098 TIME=+59m49s296ms:none satisfied:0xb400000 unsatisfied:0x80000000}
04-22 08:52:37.770  1406  1406 I JobScheduler: bypass checkIfRestricted for JobStatus{ce95be0 #u0a98/90 com.symbol.dataanalytics/androidx.work.impl.background.systemjob.SystemJobService u=0 s=10098 TIME=+41m12s749ms:none satisfied:0xb400000 unsatisfied:0x80000000}
04-22 08:52:37.770  1406  1406 I JobScheduler: bypass checkIfRestricted for JobStatus{2f9da12 #u0a98/73 com.symbol.dataanalytics/androidx.work.impl.background.systemjob.SystemJobService u=0 s=10098 TIME=+12d11h6m53s876ms:none satisfied:0xb400000 unsatisfied:0x80000000}
04-22 08:52:37.772  1406  1836 I ActivityManager: Start proc 8258:com.zebra.oeminfo/1000 for broadcast {com.zebra.oeminfo/com.zebra.oeminfo.SystemEvents}
04-22 08:52:37.773  1406  4986 W ActivityManager: Receiver with filter android.content.IntentFilter@fafcf56 already registered for pid 5845, callerPackage is com.zebra.smartmu.wfwsupportservice
04-22 08:52:37.773  1406  4986 W ActivityManager: Receiver with filter android.content.IntentFilter@18babd7 already registered for pid 5845, callerPackage is com.zebra.smartmu.wfwsupportservice
04-22 08:52:37.778  1406  1976 D CompatibilityChangeReporter: Compat change id reported: 265195908; UID 10078; state: ENABLED
04-22 08:52:37.779  1406  2439 W ActivityManager: Receiver with filter android.content.IntentFilter@8f18ae2 already registered for pid 5845, callerPackage is com.zebra.smartmu.wfwsupportservice
04-22 08:52:37.780  1406  2439 W ActivityManager: Receiver with filter android.content.IntentFilter@3f52e73 already registered for pid 5845, callerPackage is com.zebra.smartmu.wfwsupportservice
04-22 08:52:37.813  1406  1406 I JobScheduler: bypass checkIfRestricted for JobStatus{7975012 #u0a91/1 com.symbol.fota/.jobservices.BootCompleteService u=0 s=10091 TIME=+2m50s346ms:+2m59s346ms satisfied:0xb400000 unsatisfied:0x80000000}
04-22 08:52:37.813  1406  1406 I JobScheduler: bypass checkIfRestricted for JobStatus{7975012 #u0a91/1 com.symbol.fota/.jobservices.BootCompleteService u=0 s=10091 TIME=+2m50s346ms:+2m59s346ms satisfied:0xb400000 unsatisfied:0x80000000}
04-22 08:52:37.813  1406  1406 I JobScheduler: bypass checkIfRestricted for JobStatus{d415550 #u0a98/342 com.symbol.dataanalytics/androidx.work.impl.background.systemjob.SystemJobService u=0 s=10098 TIME=+7s177ms:none satisfied:0xb400000 unsatisfied:0x80000000}
04-22 08:52:37.813  1406  1406 I JobScheduler: bypass checkIfRestricted for JobStatus{491cfa1 #u0a98/341 com.symbol.dataanalytics/androidx.work.impl.background.systemjob.SystemJobService u=0 s=10098 TIME=+4m58s3ms:none satisfied:0xb400000 unsatisfied:0x80000000}
04-22 08:52:37.813  1406  1406 I JobScheduler: bypass checkIfRestricted for JobStatus{6e8d90e #u0a98/339 com.symbol.dataanalytics/androidx.work.impl.background.systemjob.SystemJobService u=0 s=10098 TIME=+4m51s428ms:none satisfied:0xb400000 unsatisfied:0x80000000}
04-22 08:52:37.814  1406  1406 I JobScheduler: bypass checkIfRestricted for JobStatus{a905078 #u0a98/335 com.symbol.dataanalytics/androidx.work.impl.background.systemjob.SystemJobService u=0 s=10098 TIME=+14m49s315ms:none satisfied:0xb400000 unsatisfied:0x80000000}
04-22 08:52:37.814  1406  1406 I JobScheduler: bypass checkIfRestricted for JobStatus{f032a19 #u0a98/334 com.symbol.dataanalytics/androidx.work.impl.background.systemjob.SystemJobService u=0 s=10098 TIME=+5h59m49s302ms:none satisfied:0xb400000 unsatisfied:0x80000000}
04-22 08:52:37.814  1406  1406 I JobScheduler: bypass checkIfRestricted for JobStatus{38dfb3a #u0a98/333 com.symbol.dataanalytics/androidx.work.impl.background.systemjob.SystemJobService u=0 s=10098 TIME=+59m49s252ms:none satisfied:0xb400000 unsatisfied:0x80000000}
04-22 08:52:37.814  1406  1406 I JobScheduler: bypass checkIfRestricted for JobStatus{ce95be0 #u0a98/90 com.symbol.dataanalytics/androidx.work.impl.background.systemjob.SystemJobService u=0 s=10098 TIME=+41m12s705ms:none satisfied:0xb400000 unsatisfied:0x80000000}
04-22 08:52:37.814  1406  1406 I JobScheduler: bypass checkIfRestricted for JobStatus{2f9da12 #u0a98/73 com.symbol.dataanalytics/androidx.work.impl.background.systemjob.SystemJobService u=0 s=10098 TIME=+12d11h6m53s832ms:none satisfied:0xb400000 unsatisfied:0x80000000}
04-22 08:52:37.817  1406  4981 I ActivityManager: Flag disabled. Ignoring finishAttachApplication from uid: 1000. pid: 8206
04-22 08:52:37.835  1406  1833 D AppWidgetServiceImpl: Provider info from ComponentInfo{com.google.android.apps.docs/com.google.android.apps.docs.drive.widget.suggestion.SuggestionAppWidgetProvider} won't be persisted.
04-22 08:52:37.835  1406  1833 D AppWidgetServiceImpl: Provider info from ComponentInfo{com.google.android.apps.docs/com.google.android.apps.docs.drive.widget.CakemixAppWidgetProvider} won't be persisted.
04-22 08:52:37.835  1406  1833 D AppWidgetServiceImpl: Provider info from ComponentInfo{com.google.android.apps.wellbeing/com.google.android.apps.wellbeing.widget.screentime.ScreenTimeWidgetProviderReceiver_Receiver} won't be persisted.
04-22 08:52:37.844  4141  4141 W ContextImpl: Calling a method in the system process without a qualified user: android.app.ContextImpl.startService:1899 android.content.ContextWrapper.startService:825 android.content.ContextWrapper.startService:825 com.zebra.popupcontrol.PopupBroadcastReceiver.onReceive:31 android.app.ActivityThread.handleReceiver:4450 
04-22 08:52:37.865  1406  1406 I JobScheduler: bypass checkIfRestricted for JobStatus{7975012 #u0a91/1 com.symbol.fota/.jobservices.BootCompleteService u=0 s=10091 TIME=+2m50s294ms:+2m59s294ms satisfied:0xb400000 unsatisfied:0x80000000}
04-22 08:52:37.865  1406  1406 I JobScheduler: bypass checkIfRestricted for JobStatus{7975012 #u0a91/1 com.symbol.fota/.jobservices.BootCompleteService u=0 s=10091 TIME=+2m50s294ms:+2m59s294ms satisfied:0xb400000 unsatisfied:0x80000000}
04-22 08:52:37.866  1406  1406 I JobScheduler: bypass checkIfRestricted for JobStatus{d415550 #u0a98/342 com.symbol.dataanalytics/androidx.work.impl.background.systemjob.SystemJobService u=0 s=10098 TIME=+7s124ms:none satisfied:0xb400000 unsatisfied:0x80000000}
04-22 08:52:37.866  1406  1406 I JobScheduler: bypass checkIfRestricted for JobStatus{491cfa1 #u0a98/341 com.symbol.dataanalytics/androidx.work.impl.background.systemjob.SystemJobService u=0 s=10098 TIME=+4m57s950ms:none satisfied:0xb400000 unsatisfied:0x80000000}
04-22 08:52:37.866  1406  1406 I JobScheduler: bypass checkIfRestricted for JobStatus{6e8d90e #u0a98/339 com.symbol.dataanalytics/androidx.work.impl.background.systemjob.SystemJobService u=0 s=10098 TIME=+4m51s375ms:none satisfied:0xb400000 unsatisfied:0x80000000}
04-22 08:52:37.866  1406  1406 I JobScheduler: bypass checkIfRestricted for JobStatus{a905078 #u0a98/335 com.symbol.dataanalytics/androidx.work.impl.background.systemjob.SystemJobService u=0 s=10098 TIME=+14m49s263ms:none satisfied:0xb400000 unsatisfied:0x80000000}
04-22 08:52:37.866  1406  1406 I JobScheduler: bypass checkIfRestricted for JobStatus{f032a19 #u0a98/334 com.symbol.dataanalytics/androidx.work.impl.background.systemjob.SystemJobService u=0 s=10098 TIME=+5h59m49s250ms:none satisfied:0xb400000 unsatisfied:0x80000000}
04-22 08:52:37.866  1406  1406 I JobScheduler: bypass checkIfRestricted for JobStatus{38dfb3a #u0a98/333 com.symbol.dataanalytics/androidx.work.impl.background.systemjob.SystemJobService u=0 s=10098 TIME=+59m49s200ms:none satisfied:0xb400000 unsatisfied:0x80000000}
04-22 08:52:37.866  1406  1406 I JobScheduler: bypass checkIfRestricted for JobStatus{ce95be0 #u0a98/90 com.symbol.dataanalytics/androidx.work.impl.background.systemjob.SystemJobService u=0 s=10098 TIME=+41m12s653ms:none satisfied:0xb400000 unsatisfied:0x80000000}
04-22 08:52:37.866  1406  1406 I JobScheduler: bypass checkIfRestricted for JobStatus{2f9da12 #u0a98/73 com.symbol.dataanalytics/androidx.work.impl.background.systemjob.SystemJobService u=0 s=10098 TIME=+12d11h6m53s780ms:none satisfied:0xb400000 unsatisfied:0x80000000}
04-22 08:52:37.883  1406  1406 V ConditionProviders: enabling condition provider for 0: ComponentInfo{com.google.android.apps.wellbeing/com.google.android.apps.wellbeing.azr.impl.AzrConditionProviderService}
04-22 08:52:37.883  1406  1406 V ConditionProviders: Not registering ComponentInfo{com.google.android.apps.wellbeing/com.google.android.apps.wellbeing.azr.impl.AzrConditionProviderService} is already bound
04-22 08:52:37.885  1406  1406 I JobScheduler: bypass checkIfRestricted for JobStatus{7975012 #u0a91/1 com.symbol.fota/.jobservices.BootCompleteService u=0 s=10091 TIME=+2m50s274ms:+2m59s274ms satisfied:0xb400000 unsatisfied:0x80000000}
04-22 08:52:37.886  1406  1406 I JobScheduler: bypass checkIfRestricted for JobStatus{7975012 #u0a91/1 com.symbol.fota/.jobservices.BootCompleteService u=0 s=10091 TIME=+2m50s274ms:+2m59s274ms satisfied:0xb400000 unsatisfied:0x80000000}
04-22 08:52:37.886  1406  1406 I JobScheduler: bypass checkIfRestricted for JobStatus{d415550 #u0a98/342 com.symbol.dataanalytics/androidx.work.impl.background.systemjob.SystemJobService u=0 s=10098 TIME=+7s104ms:none satisfied:0xb400000 unsatisfied:0x80000000}
04-22 08:52:37.886  1406  1406 I JobScheduler: bypass checkIfRestricted for JobStatus{491cfa1 #u0a98/341 com.symbol.dataanalytics/androidx.work.impl.background.systemjob.SystemJobService u=0 s=10098 TIME=+4m57s930ms:none satisfied:0xb400000 unsatisfied:0x80000000}
04-22 08:52:37.886  1406  1406 I JobScheduler: bypass checkIfRestricted for JobStatus{6e8d90e #u0a98/339 com.symbol.dataanalytics/androidx.work.impl.background.systemjob.SystemJobService u=0 s=10098 TIME=+4m51s355ms:none satisfied:0xb400000 unsatisfied:0x80000000}
04-22 08:52:37.886  1406  1406 I JobScheduler: bypass checkIfRestricted for JobStatus{a905078 #u0a98/335 com.symbol.dataanalytics/androidx.work.impl.background.systemjob.SystemJobService u=0 s=10098 TIME=+14m49s243ms:none satisfied:0xb400000 unsatisfied:0x80000000}
04-22 08:52:37.886  1406  1406 I JobScheduler: bypass checkIfRestricted for JobStatus{f032a19 #u0a98/334 com.symbol.dataanalytics/androidx.work.impl.background.systemjob.SystemJobService u=0 s=10098 TIME=+5h59m49s230ms:none satisfied:0xb400000 unsatisfied:0x80000000}
04-22 08:52:37.886  1406  1406 I JobScheduler: bypass checkIfRestricted for JobStatus{38dfb3a #u0a98/333 com.symbol.dataanalytics/androidx.work.impl.background.systemjob.SystemJobService u=0 s=10098 TIME=+59m49s180ms:none satisfied:0xb400000 unsatisfied:0x80000000}
04-22 08:52:37.886  1406  1406 I JobScheduler: bypass checkIfRestricted for JobStatus{ce95be0 #u0a98/90 com.symbol.dataanalytics/androidx.work.impl.background.systemjob.SystemJobService u=0 s=10098 TIME=+41m12s633ms:none satisfied:0xb400000 unsatisfied:0x80000000}
04-22 08:52:37.886  1406  1406 I JobScheduler: bypass checkIfRestricted for JobStatus{2f9da12 #u0a98/73 com.symbol.dataanalytics/androidx.work.impl.background.systemjob.SystemJobService u=0 s=10098 TIME=+12d11h6m53s760ms:none satisfied:0xb400000 unsatisfied:0x80000000}
04-22 08:52:37.913  1406  4989 D CompatibilityChangeReporter: Compat change id reported: 168419799; UID 1000; state: DISABLED
04-22 08:52:37.913  1406  4989 D CompatibilityChangeReporter: Compat change id reported: 273564678; UID 1000; state: DISABLED
04-22 08:52:37.916  1406  5949 I JobScheduler: bypass checkIfRestricted for JobStatus{7975012 #u0a91/1 com.symbol.fota/.jobservices.BootCompleteService u=0 s=10091 TIME=+2m50s243ms:+2m59s243ms satisfied:0xb400000 unsatisfied:0x80000000}
04-22 08:52:37.918  1406  5949 I JobScheduler: bypass checkIfRestricted for JobStatus{d415550 #u0a98/342 com.symbol.dataanalytics/androidx.work.impl.background.systemjob.SystemJobService u=0 s=10098 TIME=+7s72ms:none satisfied:0xb400000 unsatisfied:0x80000000}
04-22 08:52:37.918  1406  5949 I JobScheduler: bypass checkIfRestricted for JobStatus{491cfa1 #u0a98/341 com.symbol.dataanalytics/androidx.work.impl.background.systemjob.SystemJobService u=0 s=10098 TIME=+4m57s898ms:none satisfied:0xb400000 unsatisfied:0x80000000}
04-22 08:52:37.918  1406  5949 I JobScheduler: bypass checkIfRestricted for JobStatus{6e8d90e #u0a98/339 com.symbol.dataanalytics/androidx.work.impl.background.systemjob.SystemJobService u=0 s=10098 TIME=+4m51s323ms:none satisfied:0xb400000 unsatisfied:0x80000000}
04-22 08:52:37.920  1406  5949 I JobScheduler: bypass checkIfRestricted for JobStatus{a905078 #u0a98/335 com.symbol.dataanalytics/androidx.work.impl.background.systemjob.SystemJobService u=0 s=10098 TIME=+14m49s209ms:none satisfied:0xb400000 unsatisfied:0x80000000}
04-22 08:52:37.920  1406  5949 I JobScheduler: bypass checkIfRestricted for JobStatus{f032a19 #u0a98/334 com.symbol.dataanalytics/androidx.work.impl.background.systemjob.SystemJobService u=0 s=10098 TIME=+5h59m49s196ms:none satisfied:0xb400000 unsatisfied:0x80000000}
04-22 08:52:37.920  1406  5949 I JobScheduler: bypass checkIfRestricted for JobStatus{38dfb3a #u0a98/333 com.symbol.dataanalytics/androidx.work.impl.background.systemjob.SystemJobService u=0 s=10098 TIME=+59m49s146ms:none satisfied:0xb400000 unsatisfied:0x80000000}
04-22 08:52:37.920  1406  5949 I JobScheduler: bypass checkIfRestricted for JobStatus{ce95be0 #u0a98/90 com.symbol.dataanalytics/androidx.work.impl.background.systemjob.SystemJobService u=0 s=10098 TIME=+41m12s599ms:none satisfied:0xb400000 unsatisfied:0x80000000}
04-22 08:52:37.920  1406  5949 I JobScheduler: bypass checkIfRestricted for JobStatus{2f9da12 #u0a98/73 com.symbol.dataanalytics/androidx.work.impl.background.systemjob.SystemJobService u=0 s=10098 TIME=+12d11h6m53s726ms:none satisfied:0xb400000 unsatisfied:0x80000000}
04-22 08:52:37.921  1406  5949 I JobScheduler: bypass checkIfRestricted for JobStatus{7975012 #u0a91/1 com.symbol.fota/.jobservices.BootCompleteService u=0 s=10091 TIME=+2m50s238ms:+2m59s238ms satisfied:0xb400000 unsatisfied:0x80000000}
04-22 08:52:37.948  1406  1835 D CompatibilityChangeReporter: Compat change id reported: 135634846; UID 1000; state: DISABLED
04-22 08:52:37.948  1406  1835 D CompatibilityChangeReporter: Compat change id reported: 177438394; UID 1000; state: DISABLED
04-22 08:52:37.948  1406  1835 D CompatibilityChangeReporter: Compat change id reported: 135772972; UID 1000; state: DISABLED
04-22 08:52:37.948  1406  1835 D CompatibilityChangeReporter: Compat change id reported: 135754954; UID 1000; state: ENABLED
04-22 08:52:37.957  1406  4981 D CompatibilityChangeReporter: Compat change id reported: 161145287; UID 10241; state: ENABLED
04-22 08:52:37.958  1406  3375 D CompatibilityChangeReporter: Compat change id reported: 161145287; UID 10166; state: ENABLED
04-22 08:52:37.961  1406  1836 I ActivityManager: Start proc 8289:com.zebra.valueadd.batterymgr/1000 for broadcast {com.zebra.valueadd.batterymgr/com.zebra.valueadd.batterymgr.BootCompleteReceiver}
04-22 08:52:37.971  1406  1406 I JobScheduler: bypass checkIfRestricted for JobStatus{7975012 #u0a91/1 com.symbol.fota/.jobservices.BootCompleteService u=0 s=10091 TIME=+2m50s188ms:+2m59s188ms satisfied:0xb400000 unsatisfied:0x80000000}
04-22 08:52:37.971  1406  1406 I JobScheduler: bypass checkIfRestricted for JobStatus{7975012 #u0a91/1 com.symbol.fota/.jobservices.BootCompleteService u=0 s=10091 TIME=+2m50s188ms:+2m59s188ms satisfied:0xb400000 unsatisfied:0x80000000}
04-22 08:52:37.972  1406  1406 I JobScheduler: bypass checkIfRestricted for JobStatus{d415550 #u0a98/342 com.symbol.dataanalytics/androidx.work.impl.background.systemjob.SystemJobService u=0 s=10098 TIME=+7s18ms:none satisfied:0xb400000 unsatisfied:0x80000000}
04-22 08:52:37.972  1406  1406 I JobScheduler: bypass checkIfRestricted for JobStatus{491cfa1 #u0a98/341 com.symbol.dataanalytics/androidx.work.impl.background.systemjob.SystemJobService u=0 s=10098 TIME=+4m57s844ms:none satisfied:0xb400000 unsatisfied:0x80000000}
04-22 08:52:37.972  1406  1406 I JobScheduler: bypass checkIfRestricted for JobStatus{6e8d90e #u0a98/339 com.symbol.dataanalytics/androidx.work.impl.background.systemjob.SystemJobService u=0 s=10098 TIME=+4m51s269ms:none satisfied:0xb400000 unsatisfied:0x80000000}
04-22 08:52:37.972  1406  1406 I JobScheduler: bypass checkIfRestricted for JobStatus{a905078 #u0a98/335 com.symbol.dataanalytics/androidx.work.impl.background.systemjob.SystemJobService u=0 s=10098 TIME=+14m49s157ms:none satisfied:0xb400000 unsatisfied:0x80000000}
04-22 08:52:37.972  1406  1406 I JobScheduler: bypass checkIfRestricted for JobStatus{f032a19 #u0a98/334 com.symbol.dataanalytics/androidx.work.impl.background.systemjob.SystemJobService u=0 s=10098 TIME=+5h59m49s144ms:none satisfied:0xb400000 unsatisfied:0x80000000}
04-22 08:52:37.972  1406  1406 I JobScheduler: bypass checkIfRestricted for JobStatus{38dfb3a #u0a98/333 com.symbol.dataanalytics/androidx.work.impl.background.systemjob.SystemJobService u=0 s=10098 TIME=+59m49s94ms:none satisfied:0xb400000 unsatisfied:0x80000000}
04-22 08:52:37.972  1406  1406 I JobScheduler: bypass checkIfRestricted for JobStatus{ce95be0 #u0a98/90 com.symbol.dataanalytics/androidx.work.impl.background.systemjob.SystemJobService u=0 s=10098 TIME=+41m12s547ms:none satisfied:0xb400000 unsatisfied:0x80000000}
04-22 08:52:37.973  1406  1406 I JobScheduler: bypass checkIfRestricted for JobStatus{2f9da12 #u0a98/73 com.symbol.dataanalytics/androidx.work.impl.background.systemjob.SystemJobService u=0 s=10098 TIME=+12d11h6m53s674ms:none satisfied:0xb400000 unsatisfied:0x80000000}
04-22 08:52:38.003  1406  2753 V ShortcutService: hasShortcutHostPermissionInner callers : com.android.server.pm.ShortcutService.hasShortcutHostPermission:2775 com.android.server.pm.ShortcutService$LocalService.hasShortcutHostPermission:3683 com.android.server.usage.UsageStatsService.shouldHideShortcutInvocationEvents:643 com.android.server.usage.UsageStatsService.-$$Nest$mshouldHideShortcutInvocationEvents:0 com.android.server.usage.UsageStatsService$BinderService.queryEvents:2204 android.app.usage.IUsageStatsManager$Stub.onTransact:417 android.os.Binder.execTransactInternal:1339 android.os.Binder.execTransact:1275 <bottom of call stack> <bottom of call stack> 
04-22 08:52:38.003  1406  2753 V ShortcutService: hasShortcutHostPermissionInner: com.android.vending userId: 0
04-22 08:52:38.021  1406  3375 D CompatibilityChangeReporter: Compat change id reported: 168419799; UID 1000; state: DISABLED
04-22 08:52:38.021  1406  3375 D CompatibilityChangeReporter: Compat change id reported: 273564678; UID 1000; state: DISABLED
04-22 08:52:38.059  1406  3375 I ActivityManager: Flag disabled. Ignoring finishAttachApplication from uid: 10140. pid: 8230
04-22 08:52:38.081  1406  1406 I JobScheduler: bypass checkIfRestricted for JobStatus{7975012 #u0a91/1 com.symbol.fota/.jobservices.BootCompleteService u=0 s=10091 TIME=+2m50s78ms:+2m59s78ms satisfied:0xb400000 unsatisfied:0x80000000}
04-22 08:52:38.081  1406  1406 I JobScheduler: bypass checkIfRestricted for JobStatus{7975012 #u0a91/1 com.symbol.fota/.jobservices.BootCompleteService u=0 s=10091 TIME=+2m50s78ms:+2m59s78ms satisfied:0xb400000 unsatisfied:0x80000000}
04-22 08:52:38.083  1406  1406 I JobScheduler: bypass checkIfRestricted for JobStatus{d415550 #u0a98/342 com.symbol.dataanalytics/androidx.work.impl.background.systemjob.SystemJobService u=0 s=10098 TIME=+6s908ms:none satisfied:0xb400000 unsatisfied:0x80000000}
04-22 08:52:38.083  1406  1406 I JobScheduler: bypass checkIfRestricted for JobStatus{491cfa1 #u0a98/341 com.symbol.dataanalytics/androidx.work.impl.background.systemjob.SystemJobService u=0 s=10098 TIME=+4m57s733ms:none satisfied:0xb400000 unsatisfied:0x80000000}
04-22 08:52:38.083  1406  1406 I JobScheduler: bypass checkIfRestricted for JobStatus{6e8d90e #u0a98/339 com.symbol.dataanalytics/androidx.work.impl.background.systemjob.SystemJobService u=0 s=10098 TIME=+4m51s158ms:none satisfied:0xb400000 unsatisfied:0x80000000}
04-22 08:52:38.083  1406  1406 I JobScheduler: bypass checkIfRestricted for JobStatus{a905078 #u0a98/335 com.symbol.dataanalytics/androidx.work.impl.background.systemjob.SystemJobService u=0 s=10098 TIME=+14m49s46ms:none satisfied:0xb400000 unsatisfied:0x80000000}
04-22 08:52:38.084  1406  1406 I JobScheduler: bypass checkIfRestricted for JobStatus{f032a19 #u0a98/334 com.symbol.dataanalytics/androidx.work.impl.background.systemjob.SystemJobService u=0 s=10098 TIME=+5h59m49s33ms:none satisfied:0xb400000 unsatisfied:0x80000000}
04-22 08:52:38.084  1406  1406 I JobScheduler: bypass checkIfRestricted for JobStatus{38dfb3a #u0a98/333 com.symbol.dataanalytics/androidx.work.impl.background.systemjob.SystemJobService u=0 s=10098 TIME=+59m48s982ms:none satisfied:0xb400000 unsatisfied:0x80000000}
04-22 08:52:38.084  1406  1406 I JobScheduler: bypass checkIfRestricted for JobStatus{ce95be0 #u0a98/90 com.symbol.dataanalytics/androidx.work.impl.background.systemjob.SystemJobService u=0 s=10098 TIME=+41m12s435ms:none satisfied:0xb400000 unsatisfied:0x80000000}
04-22 08:52:38.084  1406  1406 I JobScheduler: bypass checkIfRestricted for JobStatus{2f9da12 #u0a98/73 com.symbol.dataanalytics/androidx.work.impl.background.systemjob.SystemJobService u=0 s=10098 TIME=+12d11h6m53s562ms:none satisfied:0xb400000 unsatisfied:0x80000000}
04-22 08:52:38.106  1406  3356 D CompatibilityChangeReporter: Compat change id reported: 183164979; UID 10192; state: ENABLED
04-22 08:52:38.112  1502  1502 I fusionconfd: getDriverCountry ENTER
04-22 08:52:38.130  1502  1502 E fusionconfd: getDriverCountry : SkinnyCat : WLAN get driver country DE
04-22 08:52:38.137  1502  1502 I fusionconfd: setVerboseLoggingEnabled ENTER :0
04-22 08:52:38.137  1502  1502 I fusionconfd: setVerboseLoggingEnabled: returns 1
04-22 08:52:38.141  1406  1833 D AppWidgetServiceImpl: Provider info from ComponentInfo{com.google.android.apps.docs/com.google.android.apps.docs.drive.widget.suggestion.SuggestionAppWidgetProvider} won't be persisted.
04-22 08:52:38.141  1406  1833 D AppWidgetServiceImpl: Provider info from ComponentInfo{com.google.android.apps.docs/com.google.android.apps.docs.drive.widget.CakemixAppWidgetProvider} won't be persisted.
04-22 08:52:38.141  1406  1833 D AppWidgetServiceImpl: Provider info from ComponentInfo{com.google.android.apps.wellbeing/com.google.android.apps.wellbeing.widget.screentime.ScreenTimeWidgetProviderReceiver_Receiver} won't be persisted.
04-22 08:52:38.156  1406  3356 I ActivityManager: Flag disabled. Ignoring finishAttachApplication from uid: 1000. pid: 8258
04-22 08:52:38.161  1502  1502 I fusionconfd: getDriverCountry ENTER
04-22 08:52:38.162  1502  1502 E fusionconfd: getDriverCountry : SkinnyCat : WLAN get driver country DE
04-22 08:52:38.166  8258  8320 W ContextImpl: Calling a method in the system process without a qualified user: android.app.ContextImpl.startService:1899 android.content.ContextWrapper.startService:825 android.content.ContextWrapper.startService:825 com.zebra.oeminfo.SystemEvents$a.run:6 java.lang.Thread.run:1012 
04-22 08:52:38.173  1502  1502 I fusionconfd: getDriverCountry ENTER
04-22 08:52:38.174  1502  1502 E fusionconfd: getDriverCountry : SkinnyCat : WLAN get driver country DE
04-22 08:52:38.174  8258  8320 W ContextImpl: Calling a method in the system process without a qualified user: android.app.ContextImpl.startService:1899 android.content.ContextWrapper.startService:825 android.content.ContextWrapper.startService:825 com.zebra.oeminfo.SystemEvents$a.run:15 java.lang.Thread.run:1012 
04-22 08:52:38.180  8258  8320 W ContextImpl: Calling a method in the system process without a qualified user: android.app.ContextImpl.startService:1899 android.content.ContextWrapper.startService:825 android.content.ContextWrapper.startService:825 com.zebra.oeminfo.SystemEvents.b:1 com.zebra.oeminfo.SystemEvents.a:1 
04-22 08:52:38.200  1406  2439 D CompatibilityChangeReporter: Compat change id reported: 161145287; UID 1000; state: ENABLED
04-22 08:52:38.201  1406  2439 D CompatibilityChangeReporter: Compat change id reported: 161145287; UID 1000; state: DISABLED
04-22 08:52:38.206  1406  5398 D CompatibilityChangeReporter: Compat change id reported: 161145287; UID 10149; state: ENABLED
04-22 08:52:38.212  1406  1976 D CompatibilityChangeReporter: Compat change id reported: 265195908; UID 10149; state: ENABLED
04-22 08:52:38.216  8258  8258 W ContextImpl: Calling a method in the system process without a qualified user: android.app.ContextImpl.startService:1899 android.content.ContextWrapper.startService:825 com.zebra.oeminfo.core.RegisterStateChangeService$a.onReceive:43 android.app.LoadedApk$ReceiverDispatcher$Args.lambda$getRunnable$0:1802 android.app.LoadedApk$ReceiverDispatcher$Args.$r8$lambda$gDuJqgxY6Zb-ifyeubKeivTLAwk:0 
04-22 08:52:38.220  8258  8258 W ContextImpl: Calling a method in the system process without a qualified user: android.app.ContextImpl.startService:1899 android.content.ContextWrapper.startService:825 com.zebra.oeminfo.core.RegisterStateChangeService$a.onReceive:53 android.app.LoadedApk$ReceiverDispatcher$Args.lambda$getRunnable$0:1802 android.app.LoadedApk$ReceiverDispatcher$Args.$r8$lambda$gDuJqgxY6Zb-ifyeubKeivTLAwk:0 
04-22 08:52:38.226  8258  8258 W ContextImpl: Calling a method in the system process without a qualified user: android.app.ContextImpl.startService:1899 android.content.ContextWrapper.startService:825 com.zebra.oeminfo.core.RegisterStateChangeService$b.onReceive:55 android.app.LoadedApk$ReceiverDispatcher$Args.lambda$getRunnable$0:1802 android.app.LoadedApk$ReceiverDispatcher$Args.$r8$lambda$gDuJqgxY6Zb-ifyeubKeivTLAwk:0 
04-22 08:52:38.229  8258  8258 W ContextImpl: Calling a method in the system process without a qualified user: android.app.ContextImpl.startService:1899 android.content.ContextWrapper.startService:825 com.zebra.oeminfo.core.RegisterStateChangeService$b.onReceive:65 android.app.LoadedApk$ReceiverDispatcher$Args.lambda$getRunnable$0:1802 android.app.LoadedApk$ReceiverDispatcher$Args.$r8$lambda$gDuJqgxY6Zb-ifyeubKeivTLAwk:0 
04-22 08:52:38.236  1406  2439 I JobScheduler: bypass checkIfRestricted for JobStatus{7975012 #u0a91/1 com.symbol.fota/.jobservices.BootCompleteService u=0 s=10091 TIME=+2m49s923ms:+2m58s923ms satisfied:0xb400000 unsatisfied:0x80000000}
04-22 08:52:38.239  1406  2439 I JobScheduler: bypass checkIfRestricted for JobStatus{d415550 #u0a98/342 com.symbol.dataanalytics/androidx.work.impl.background.systemjob.SystemJobService u=0 s=10098 TIME=+6s751ms:none satisfied:0xb400000 unsatisfied:0x80000000}
04-22 08:52:38.240  1406  2439 I JobScheduler: bypass checkIfRestricted for JobStatus{491cfa1 #u0a98/341 com.symbol.dataanalytics/androidx.work.impl.background.systemjob.SystemJobService u=0 s=10098 TIME=+4m57s577ms:none satisfied:0xb400000 unsatisfied:0x80000000}
04-22 08:52:38.241  8258  8258 W ContextImpl: Calling a method in the system process without a qualified user: android.app.ContextImpl.startService:1899 android.content.ContextWrapper.startService:825 com.zebra.oeminfo.core.RegisterStateChangeService$b.onReceive:75 android.app.LoadedApk$ReceiverDispatcher$Args.lambda$getRunnable$0:1802 android.app.LoadedApk$ReceiverDispatcher$Args.$r8$lambda$gDuJqgxY6Zb-ifyeubKeivTLAwk:0 
04-22 08:52:38.241  1406  2439 I JobScheduler: bypass checkIfRestricted for JobStatus{a905078 #u0a98/335 com.symbol.dataanalytics/androidx.work.impl.background.systemjob.SystemJobService u=0 s=10098 TIME=+14m48s888ms:none satisfied:0xb400000 unsatisfied:0x80000000}
04-22 08:52:38.241  1406  2439 I JobScheduler: bypass checkIfRestricted for JobStatus{f032a19 #u0a98/334 com.symbol.dataanalytics/androidx.work.impl.background.systemjob.SystemJobService u=0 s=10098 TIME=+5h59m48s875ms:none satisfied:0xb400000 unsatisfied:0x80000000}
04-22 08:52:38.242  1406  2439 I JobScheduler: bypass checkIfRestricted for JobStatus{38dfb3a #u0a98/333 com.symbol.dataanalytics/androidx.work.impl.background.systemjob.SystemJobService u=0 s=10098 TIME=+59m48s825ms:none satisfied:0xb400000 unsatisfied:0x80000000}
04-22 08:52:38.242  1406  2439 I JobScheduler: bypass checkIfRestricted for JobStatus{ce95be0 #u0a98/90 com.symbol.dataanalytics/androidx.work.impl.background.systemjob.SystemJobService u=0 s=10098 TIME=+41m12s277ms:none satisfied:0xb400000 unsatisfied:0x80000000}
04-22 08:52:38.242  1406  2439 I JobScheduler: bypass checkIfRestricted for JobStatus{2f9da12 #u0a98/73 com.symbol.dataanalytics/androidx.work.impl.background.systemjob.SystemJobService u=0 s=10098 TIME=+12d11h6m53s404ms:none satisfied:0xb400000 unsatisfied:0x80000000}
04-22 08:52:38.242  1406  2439 I JobScheduler: bypass checkIfRestricted for JobStatus{7975012 #u0a91/1 com.symbol.fota/.jobservices.BootCompleteService u=0 s=10091 TIME=+2m49s917ms:+2m58s917ms satisfied:0xb400000 unsatisfied:0x80000000}
04-22 08:52:38.246  1406  5006 D CompatibilityChangeReporter: Compat change id reported: 253665015; UID 10149; state: ENABLED
04-22 08:52:38.246  1406  5006 D CompatibilityChangeReporter: Compat change id reported: 194532703; UID 10149; state: ENABLED
04-22 08:52:38.251  1406  5949 D CompatibilityChangeReporter: Compat change id reported: 253665015; UID 1000; state: ENABLED
04-22 08:52:38.251  1406  5949 D CompatibilityChangeReporter: Compat change id reported: 253665015; UID 1000; state: DISABLED
04-22 08:52:38.253  1406  5949 D CompatibilityChangeReporter: Compat change id reported: 194532703; UID 1000; state: ENABLED
04-22 08:52:38.253  1406  4981 I JobScheduler: bypass checkIfRestricted for JobStatus{7975012 #u0a91/1 com.symbol.fota/.jobservices.BootCompleteService u=0 s=10091 TIME=+2m49s906ms:+2m58s906ms satisfied:0xb400000 unsatisfied:0x80000000}
04-22 08:52:38.254  1406  4981 I JobScheduler: bypass checkIfRestricted for JobStatus{d415550 #u0a98/342 com.symbol.dataanalytics/androidx.work.impl.background.systemjob.SystemJobService u=0 s=10098 TIME=+6s736ms:none satisfied:0xb400000 unsatisfied:0x80000000}
04-22 08:52:38.255  1406  4981 I JobScheduler: bypass checkIfRestricted for JobStatus{a905078 #u0a98/335 com.symbol.dataanalytics/androidx.work.impl.background.systemjob.SystemJobService u=0 s=10098 TIME=+14m48s874ms:none satisfied:0xb400000 unsatisfied:0x80000000}
04-22 08:52:38.255  1406  4981 I JobScheduler: bypass checkIfRestricted for JobStatus{f032a19 #u0a98/334 com.symbol.dataanalytics/androidx.work.impl.background.systemjob.SystemJobService u=0 s=10098 TIME=+5h59m48s861ms:none satisfied:0xb400000 unsatisfied:0x80000000}
