--------- beginning of main
04-21 14:13:03.764  1426  1426 D AS.AudioService: Rfid intent onRecive called
04-21 14:13:03.764  1426  1426 D AS.AudioService: RFID Off intent is received
04-21 14:13:03.764  1060  1202 D audio_hw_primary: adev_set_parameters: enter: RfidOn=off
04-21 14:13:03.764  1060  1202 D audio_hw_primary: Rfid_prof Rfid off  recived in hal
04-21 14:13:03.764  1060  1202 D msm8974_platform: Rfid_prof platform_set_awpa_RFID 0 
04-21 14:13:03.764  1060  1202 D msm8974_platform: Rfid_prof platform_set_awpa_RFID: apply mixer and update path: awpa-rfid-off
04-21 14:13:03.764  1060  1202 D audio_route: Apply path: awpa-rfid-off
04-21 14:13:03.765  3214  3327 D app_process64: PortJni: Read complete, size 0.
04-21 14:13:03.765  3214  9522 D app_process64: PortJni: Read complete, size 0.
04-21 14:13:03.766  3214  3327 D Serial.Port: readData: retcode -1
04-21 14:13:03.766  3214  9522 D Serial.Port: readData: retcode -1
04-21 14:13:03.766  9529  9634 I RFIDSerialIOMgr: Recieving status mState=STOPPING
04-21 14:13:03.766  3167  4096 E TelephonyManager: Error calling clearRadioPowerOffForReason
04-21 14:13:03.766  3167  4096 E TelephonyManager: java.lang.IllegalStateException: Telephony service is null.
04-21 14:13:03.766  3167  4096 E TelephonyManager: 	at android.telephony.TelephonyManager.clearRadioPowerOffForReason(TelephonyManager.java:10871)
04-21 14:13:03.766  3167  4096 E TelephonyManager: 	at android.telephony.TelephonyManager.setRadioPower(TelephonyManager.java:10800)
04-21 14:13:03.766  3167  4096 E TelephonyManager: 	at java.lang.reflect.Method.invoke(Native Method)
04-21 14:13:03.766  3167  4096 E TelephonyManager: 	at com.zebra.rfidhost.Utils.setRadioPower(Utils.java:404)
04-21 14:13:03.766  3167  4096 E TelephonyManager: 	at com.zebra.rfidhost.RFIDClientConnection.enableRfid(RFIDClientConnection.java:485)
04-21 14:13:03.766  3167  4096 E TelephonyManager: 	at com.zebra.rfidhost.RFIDClientConnection.clearRfidState(RFIDClientConnection.java:660)
04-21 14:13:03.766  3167  4096 E TelephonyManager: 	at com.zebra.rfidhost.RFIDHostService$5$1.binderDied(RFIDHostService.java:392)
04-21 14:13:03.766  3167  4096 E TelephonyManager: 	at android.os.IBinder$DeathRecipient.binderDied(IBinder.java:319)
04-21 14:13:03.766  3167  4096 E TelephonyManager: 	at android.os.BinderProxy.sendDeathNotice(BinderProxy.java:704)
04-21 14:13:03.766  3167  4096 D RfidHostUtils: setRadioPower called failed
04-21 14:13:03.766  3086  3086 D vendor.zebra.hardware.rfidhost-service: RfidHost isRfidOn
04-21 14:13:03.767  3086  3086 D vendor.zebra.hardware.rfidhost-service: Rfidon isDeviceSRV = 0
04-21 14:13:03.767  3086  3086 D vendor.zebra.hardware.rfidhost-service: Rfidon isDeviceCharmander = 1
04-21 14:13:03.767  3086  3086 D vendor.zebra.hardware.rfidhost-service: RfidHost isRfidOn passed isDeviceSRV or isDeviceCharmander check
04-21 14:13:03.767  3086  3086 D vendor.zebra.hardware.rfidhost-service: RfidHost isRfidOn /sys/devices/platform/soc/8c00000.hsusb/mode exists
04-21 14:13:03.767  3086  3086 D vendor.zebra.hardware.rfidhost-service: RfidHost: isRfidOn: returning false
04-21 14:13:03.767  3167  4096 D RFIDClientConnection: clearRfidState make reader available
--------- beginning of system
04-21 14:13:03.769  1426  1848 D WindowManager: layoutWindowLw currenttaskBarInDb-- 0
04-21 14:13:03.769  1426  1848 I WindowLayout: isInForceDesktopMode---false displayId: 0 zwcTaskbarHeight: 0
04-21 14:13:03.769  1426  1848 D WindowManager: layoutWindowLw currenttaskBarInDb-- 0
04-21 14:13:03.769  1426  1848 I WindowLayout: isInForceDesktopMode---false displayId: 0 zwcTaskbarHeight: 0
04-21 14:13:03.769  1426  1848 D WindowManager: layoutWindowLw currenttaskBarInDb-- 0
04-21 14:13:03.769  1426  1848 I WindowLayout: isInForceDesktopMode---false displayId: 0 zwcTaskbarHeight: 0
04-21 14:13:03.769  1426  1848 D WindowManager: layoutWindowLw currenttaskBarInDb-- 0
04-21 14:13:03.770  1426  1844 V WindowManager: Sent Transition #9 createdAt=04-21 14:13:03.684 via request=TransitionRequestInfo { type = CLOSE, triggerTask = TaskInfo{userId=0 taskId=89 displayId=0 isRunning=false baseIntent=Intent { flg=0x10000000 cmp=com.ltrudu.rfid_sample_flutter/.MainActivity } baseActivity=null topActivity=null origActivity=null realActivity=ComponentInfo{com.ltrudu.rfid_sample_flutter/com.ltrudu.rfid_sample_flutter.MainActivity} numActivities=0 lastActiveTime=394125 supportsMultiWindow=true resizeMode=1 isResizeable=true minWidth=-1 minHeight=-1 defaultMinSize=220 token=WCT{RemoteToken{881e38b Task{16d2a76 #89 type=standard I=com.ltrudu.rfid_sample_flutter/.MainActivity}}} topActivityType=1 pictureInPictureParams=null shouldDockBigOverlays=false launchIntoPipHostTaskId=-1 lastParentTaskIdBeforePip=-1 displayCutoutSafeInsets=null topActivityInfo=null launchCookies=[] positionInParent=Point(0, 0) parentTaskId=-1 isFocused=true isVisible=true isVisibleRequested=true isSleeping=false topActivityInSizeCompat=false topActivityEligibleForLetterboxEducation= false topActivityLetterboxed= false isFromDoubleTap= false topActivityLetterboxVerticalPosition= -1 topActivityLetterboxHorizontalPosition= -1 topActivityLetterboxWidth=-1 topActivityLetterboxHeight=-1 locusId=null displayAreaFeatureId=1 cameraCompatControlState=hidden}, remoteTransition = null, displayChange = null }
04-21 14:13:03.770  3167  4096 D PowerOptimisationManager:  nfcServiceInstance not null
04-21 14:13:03.770  1426  1848 I WindowLayout: isInForceDesktopMode---false displayId: 0 zwcTaskbarHeight: 0
04-21 14:13:03.770  1426  1844 V WindowManager:     startWCT=WindowContainerTransaction { changes = {} hops = [] errorCallbackToken=null taskFragmentOrganizer=null }
04-21 14:13:03.770  1426  1848 D WindowManager: DP::updateSystemBarAttributes called
04-21 14:13:03.770  1426  1848 D WindowManager: DP::::updateSystemBarAttributes displayId: 0
04-21 14:13:03.770  1426  1844 V WindowManager:     info={id=9 t=CLOSE f=0x0 trk=0 r=[0@Point(0, 0)] c=[{WCT{RemoteToken{881e38b Task{16d2a76 #89 type=standard I=com.ltrudu.rfid_sample_flutter/.MainActivity}}} m=CLOSE f=NONE leash=Surface(name=Task=89)/@0xe5f6105 sb=Rect(0, 0 - 1080, 2160) eb=Rect(0, 0 - 1080, 2160) d=0},{WCT{RemoteToken{41542e5 Task{664f268 #1 type=home}}} m=TO_FRONT f=SHOW_WALLPAPER leash=Surface(name=Task=1)/@0x7d873d1 sb=Rect(0, 0 - 1080, 2160) eb=Rect(0, 0 - 1080, 2160) d=0},{null m=TO_FRONT f=IS_WALLPAPER leash=Surface(name=WallpaperWindowToken{169755d token=android.os.Binder@45334})/@0x6406a5b sb=Rect(0, 0 - 1080, 2160) eb=Rect(0, 0 - 1080, 2160) d=0}]}
04-21 14:13:03.771  2120  2169 V WindowManagerShell: onTransitionReady android.os.BinderProxy@bdf0481: {id=9 t=CLOSE f=0x0 trk=0 r=[0@Point(0, 0)] c=[{WCT{android.window.IWindowContainerToken$Stub$Proxy@2334c80} m=CLOSE f=NONE leash=Surface(name=Task=89)/@0x5fe1314 sb=Rect(0, 0 - 1080, 2160) eb=Rect(0, 0 - 1080, 2160) d=0},{WCT{android.window.IWindowContainerToken$Stub$Proxy@c26c2b9} m=TO_FRONT f=SHOW_WALLPAPER leash=Surface(name=Task=1)/@0xc7667bd sb=Rect(0, 0 - 1080, 2160) eb=Rect(0, 0 - 1080, 2160) d=0},{null m=TO_FRONT f=IS_WALLPAPER leash=Surface(name=WallpaperWindowToken{169755d token=android.os.Binder@45334})/@0xb33f1b2 sb=Rect(0, 0 - 1080, 2160) eb=Rect(0, 0 - 1080, 2160) d=0}]}
04-21 14:13:03.771  2120  2169 V WindowManagerShell: Playing animation for (#9)android.os.BinderProxy@bdf0481@0
04-21 14:13:03.771  2120  2169 V WindowManagerShell:  try handler com.android.wm.shell.transition.DefaultMixedHandler@74e6a94
04-21 14:13:03.771  2120  2169 V WindowManagerShell:  try handler com.android.wm.shell.keyguard.KeyguardTransitionHandler@d49250b
04-21 14:13:03.771  2120  2169 V WindowManagerShell:  try handler com.android.wm.shell.activityembedding.ActivityEmbeddingController@2f04fe8
04-21 14:13:03.771  2120  2169 V WindowManagerShell:  try handler com.android.wm.shell.recents.RecentsTransitionHandler@e1ae601
04-21 14:13:03.771  2120  2169 V ShellRecents: RecentsTransitionHandler.startAnimation: no controller found
04-21 14:13:03.771  2120  2169 V WindowManagerShell:  try handler com.android.wm.shell.pip.PipTransition@94e6ca6
04-21 14:13:03.772  2120  2169 V WindowManagerShell:  try handler com.android.wm.shell.splitscreen.StageCoordinator@9e306e7
04-21 14:13:03.772  2120  2169 V WindowManagerShell:  try handler com.android.wm.shell.transition.RemoteTransitionHandler@f6e8294
04-21 14:13:03.772  2120  2169 V WindowManagerShell: Transition doesn't have explicit remote, search filters for match for {id=9 t=CLOSE f=0x0 trk=0 r=[0@Point(0, 0)] c=[{WCT{android.window.IWindowContainerToken$Stub$Proxy@2334c80} m=CLOSE f=NONE leash=Surface(name=Task=89)/@0x5fe1314 sb=Rect(0, 0 - 1080, 2160) eb=Rect(0, 0 - 1080, 2160) d=0},{WCT{android.window.IWindowContainerToken$Stub$Proxy@c26c2b9} m=TO_FRONT f=SHOW_WALLPAPER leash=Surface(name=Task=1)/@0xc7667bd sb=Rect(0, 0 - 1080, 2160) eb=Rect(0, 0 - 1080, 2160) d=0},{null m=TO_FRONT f=IS_WALLPAPER leash=Surface(name=WallpaperWindowToken{169755d token=android.os.Binder@45334})/@0xb33f1b2 sb=Rect(0, 0 - 1080, 2160) eb=Rect(0, 0 - 1080, 2160) d=0}]}
04-21 14:13:03.772  1426  1848 D WindowManager: DP::updateSystemBarAttributes called
04-21 14:13:03.772  1426  1848 D WindowManager: DP::::updateSystemBarAttributes displayId: 0
04-21 14:13:03.772  2120  2169 V WindowManagerShell:  Checking filter Pair{{types=[] flags=0x0] notFlags=0x100 checks=[{atype=home independent=true modes=[OPEN,TO_FRONT] flags=NONE mustBeTask=false order=TOP topActivity=ComponentInfo{com.android.launcher3/com.android.launcher3.uioverrides.QuickstepLauncher}},{atype=standard independent=true modes=[CLOSE,TO_BACK] flags=NONE mustBeTask=false order=ANY topActivity=null}]} RemoteTransition { remoteTransition = android.window.IRemoteTransition$Stub$Proxy@4ee13d, appThread = android.app.IApplicationThread$Stub$Proxy@c64ad32, debugName = QuickstepLaunchHome }}
04-21 14:13:03.772  2120  2169 V WindowManagerShell:  Delegate animation for #9 to null
04-21 14:13:03.772  2120  2169 V WindowManagerShell:  try handler com.android.wm.shell.transition.DefaultTransitionHandler@a4f2a83
04-21 14:13:03.772  2120  2169 V WindowManagerShell: start default transition animation, info = {id=9 t=CLOSE f=0x0 trk=0 r=[0@Point(0, 0)] c=[{WCT{android.window.IWindowContainerToken$Stub$Proxy@2334c80} m=CLOSE f=NONE leash=Surface(name=Task=89)/@0x5fe1314 sb=Rect(0, 0 - 1080, 2160) eb=Rect(0, 0 - 1080, 2160) d=0},{WCT{android.window.IWindowContainerToken$Stub$Proxy@c26c2b9} m=TO_FRONT f=SHOW_WALLPAPER leash=Surface(name=Task=1)/@0xc7667bd sb=Rect(0, 0 - 1080, 2160) eb=Rect(0, 0 - 1080, 2160) d=0},{null m=TO_FRONT f=IS_WALLPAPER leash=Surface(name=WallpaperWindowToken{169755d token=android.os.Binder@45334})/@0xb33f1b2 sb=Rect(0, 0 - 1080, 2160) eb=Rect(0, 0 - 1080, 2160) d=0}]}
04-21 14:13:03.772  1426  1847 D ActivityManager: com.google.android.gms is skipped freeze by freezeAppAsyncInternalLSP
04-21 14:13:03.773  3167  4096 D PowerOptimisationManager: enableNFC from RFIDService
04-21 14:13:03.774  2120  2169 V WindowManagerShell: loadAnimation: anim=android.view.animation.AnimationSet@bf73e5f animAttr=0x10 type=CLOSE isEntrance=true
04-21 14:13:03.780  2120  2169 V WindowManagerShell: loadAnimation: anim=android.view.animation.AnimationSet@304050a animAttr=0x11 type=CLOSE isEntrance=false
04-21 14:13:03.781  2120  2169 V WindowManagerShell:  animated by com.android.wm.shell.transition.DefaultTransitionHandler@a4f2a83
04-21 14:13:03.783  3167  4096 D PowerOptimisationManager: stopPollingForAvgCurr
04-21 14:13:03.783  1426  2008 D ZebraDisplayServiceFw: isZwcInstalledAndDesktopModeEnabled false
04-21 14:13:03.784  3086  3086 D vendor.zebra.hardware.rfidhost-service: RfidHost isRfidOn
04-21 14:13:03.784  3086  3086 D vendor.zebra.hardware.rfidhost-service: Rfidon isDeviceSRV = 0
04-21 14:13:03.783  3666  4293 I NfcService: Enabling NFC
04-21 14:13:03.784  3086  3086 D vendor.zebra.hardware.rfidhost-service: Rfidon isDeviceCharmander = 1
04-21 14:13:03.784  3086  3086 D vendor.zebra.hardware.rfidhost-service: RfidHost isRfidOn passed isDeviceSRV or isDeviceCharmander check
04-21 14:13:03.784  3086  3086 D vendor.zebra.hardware.rfidhost-service: RfidHost isRfidOn /sys/devices/platform/soc/8c00000.hsusb/mode exists
04-21 14:13:03.784  3086  3086 D vendor.zebra.hardware.rfidhost-service: RfidHost: isRfidOn: returning false
04-21 14:13:03.784  3167  4096 D RFIDClientConnection: clearRfidState: <<<< 
04-21 14:13:03.785  3666  4293 I com.nxp.emvco.NxpProfileDiscovery: onNfcStateChange newState:2
04-21 14:13:03.785  1426  2121 I UsbHostManager: usbDeviceRemoved--deviceAddress= /dev/bus/usb/004/002 name=/dev/bus/usb/004/002 id=4002
04-21 14:13:03.785  1426  2121 I UsbHostManager: innerClassList--interfaceClass=2
04-21 14:13:03.785  1426  2121 I UsbHostManager: innerClassList--interfaceClass=10
04-21 14:13:03.785  1426  2121 I UsbHostManager: innerClassList--interfaceClass=2
04-21 14:13:03.785  1426  2121 I UsbHostManager: innerClassList--interfaceClass=10
04-21 14:13:03.785  1426  2121 I UsbHostManager: innerClassList--4
04-21 14:13:03.786  3666  4293 D com.nxp.emvco.NxpProfileDiscovery: Unable to acquire EMVCo HAL service
04-21 14:13:03.786  3666  4293 D com.nxp.emvco.NxpProfileDiscovery: Please check if HAL service is up and retry after some time
04-21 14:13:03.786  1426  4380 I ImeTracker: com.android.launcher3:cde7bac5: onRequestHide at ORIGIN_SERVER_HIDE_INPUT reason HIDE_UNSPECIFIED_WINDOW
04-21 14:13:03.786  1426  4380 I ImeTracker: com.android.launcher3:cde7bac5: onCancelled at PHASE_SERVER_SHOULD_HIDE
04-21 14:13:03.787  2075  2080 I zus     : updateDeviceList--Device Name : Zebra Technologies, Inc TC2205-0G1250SS-E8::::EAupdateStatus::Added/Removed 0
04-21 14:13:03.787  2075  2080 I zus     : updateDeviceList--calling get_deviceid_data while removing
04-21 14:13:03.789  4131  4172 D com.zebra.valueadd.enfc.ENFCSettingsService: readSharedPreference : nfc_type_all_key : true
04-21 14:13:03.789  4131  4172 D com.zebra.valueadd.enfc.ENFCSettingsService: readENFCPreference : nfc_type_all_key : true
04-21 14:13:03.789  3666  4293 D EnterpriseNfcAdapter:  readENFCPreference : nfc_type_all_key=true
04-21 14:13:03.789  4131  4172 D com.zebra.valueadd.enfc.ENFCSettingsService: readSharedPreference : nfc_type_a_key : true
04-21 14:13:03.789  4131  4172 D com.zebra.valueadd.enfc.ENFCSettingsService: readENFCPreference : nfc_type_a_key : true
04-21 14:13:03.789  3666  4293 D EnterpriseNfcAdapter:  readENFCPreference : nfc_type_a_key=true
04-21 14:13:03.789  4131  4172 D com.zebra.valueadd.enfc.ENFCSettingsService: readSharedPreference : nfc_type_b_key : true
04-21 14:13:03.789  4131  4172 D com.zebra.valueadd.enfc.ENFCSettingsService: readENFCPreference : nfc_type_b_key : true
04-21 14:13:03.789  3666  4293 D EnterpriseNfcAdapter:  readENFCPreference : nfc_type_b_key=true
04-21 14:13:03.789  4131  4172 D com.zebra.valueadd.enfc.ENFCSettingsService: readSharedPreference : nfc_type_f_key : true
04-21 14:13:03.789  7107  7107 I GoogleInputMethodService: GoogleInputMethodService.onFinishInput():2186 
04-21 14:13:03.789  4131  4172 D com.zebra.valueadd.enfc.ENFCSettingsService: readENFCPreference : nfc_type_f_key : true
04-21 14:13:03.789  3666  4293 D EnterpriseNfcAdapter:  readENFCPreference : nfc_type_f_key=true
04-21 14:13:03.789  4131  4172 D com.zebra.valueadd.enfc.ENFCSettingsService: readSharedPreference : nfc_type_v_key : true
04-21 14:13:03.789  4131  4172 D com.zebra.valueadd.enfc.ENFCSettingsService: readENFCPreference : nfc_type_v_key : true
04-21 14:13:03.789  3666  4293 D EnterpriseNfcAdapter:  readENFCPreference : nfc_type_v_key=true
04-21 14:13:03.789  4131  4172 D com.zebra.valueadd.enfc.ENFCSettingsService: readSharedPreference : nfc_p2p_key : true
04-21 14:13:03.789  4131  4172 D com.zebra.valueadd.enfc.ENFCSettingsService: readENFCPreference : nfc_p2p_key : true
04-21 14:13:03.789  1227  1227 I vendor.zebra.hardware.zusbservice@1.0-service: update_deviceid_map deviceId:4002 flag:0
04-21 14:13:03.789  3666  4293 D EnterpriseNfcAdapter:  readENFCPreference : nfc_p2p_key=true
04-21 14:13:03.790  4131  4172 D com.zebra.valueadd.enfc.ENFCSettingsService: readSharedPreference : nfc_ce_key : true
04-21 14:13:03.790  4131  4172 D com.zebra.valueadd.enfc.ENFCSettingsService: readENFCPreference : nfc_ce_key : true
04-21 14:13:03.790  7107  7107 I Module  : DeviceLockedStatusModuleProvider$Module.updateDeviceLockedStatus():103 repeatCheckTimes = 0, locked = false
04-21 14:13:03.790  2075  2080 I zus     : Zebra Technologies, Inc TC2205-0G1250SS-E8::::EA device removed from mUsbDeviceInfoList
04-21 14:13:03.790  3666  4293 D EnterpriseNfcAdapter:  readENFCPreference : nfc_ce_key=true
04-21 14:13:03.790  3666  4293 D EnterpriseNfcAdapter: isCEEnabled  = true
04-21 14:13:03.790  2075  2080 I zus     : updateDeviceList--mInputDeviceInfoList size: 0 mUsbDeviceInfoList size: 0
04-21 14:13:03.790  7107  7107 I GoogleInputMethodService: GoogleInputMethodService.onStartInput():1444 onStartInput(EditorInfo{EditorInfo{packageName=com.android.launcher3, inputType=0, inputTypeString=NULL, enableLearning=false, autoCorrection=false, autoComplete=false, imeOptions=0, privateImeOptions=null, actionName=UNSPECIFIED, actionLabel=null, initialSelStart=-1, initialSelEnd=-1, initialCapsMode=0, label=null, fieldId=0, fieldName=null, extras=null, hintText=null, hintLocales=[]}}, false)
04-21 14:13:03.790  7107  7107 W AndroidIME: LatinIMEBase.updateInputViewCoverNavigation():326 Null input view, cannot update padding!
04-21 14:13:03.790  3666  4293 I com.android.nfc: ConfigFile - Parsing file '/vendor/etc/libnfc-nci-TC22R.conf'
04-21 14:13:03.790  3666  4293 I com.android.nfc: ConfigFile - [APPL_TRACE_LEVEL] = 0xFF
04-21 14:13:03.790  3666  4293 I com.android.nfc: ConfigFile - [PROTOCOL_TRACE_LEVEL] = 0xFFFFFFFF
04-21 14:13:03.790  3666  4293 I com.android.nfc: ConfigFile - [NFC_DEBUG_ENABLED] = 0x01
04-21 14:13:03.790  3666  4293 I com.android.nfc: ConfigFile - [NFA_STORAGE] = "/data/vendor/nfc"
04-21 14:13:03.790  1426  2121 D UsbHostManager: Removed device at /dev/bus/usb/004/002: TC2205-0G1250SS-E8::::EA
04-21 14:13:03.790  3666  4293 I com.android.nfc: ConfigFile - [HOST_LISTEN_TECH_MASK] = 0x03
04-21 14:13:03.790  3666  4293 I com.android.nfc: ConfigFile - [SCREEN_OFF_POWER_STATE] = 1
04-21 14:13:03.790  3666  4293 I com.android.nfc: ConfigFile - [NCI_HAL_MODULE] = "nfc_nci.pn54x"
04-21 14:13:03.790  3666  4293 I com.android.nfc: ConfigFile - [POLLING_TECH_MASK] = 0xEF
04-21 14:13:03.790  1426  2121 I UsbHostManager: Removed device--deviceAddress= /dev/bus/usb/004/002 name=/dev/bus/usb/004/002 id=4002
04-21 14:13:03.790  3666  4293 I com.android.nfc: ConfigFile - [P2P_LISTEN_TECH_MASK] = 0xC5
04-21 14:13:03.790  3666  4293 I com.android.nfc: ConfigFile - [PRESERVE_STORAGE] = 0x01
04-21 14:13:03.790  3666  4293 I com.android.nfc: ConfigFile - [AID_MATCHING_MODE] = 0x03
04-21 14:13:03.790  3666  4293 I com.android.nfc: ConfigFile - [NXP_CHIP_TYPE] = 0x01
04-21 14:13:03.790  1426  2121 I UsbAlsaManager: USB Audio Device Removed: null
04-21 14:13:03.790  3666  4293 I libnfc_nci: [INFO:NfcAdaptation.cc(905)] NfcAdaptation::InitializeHalDeviceContext: INxpNfc::tryGetService()
04-21 14:13:03.790  7107  7107 I Module  : DeviceLockedStatusModuleProvider$Module.updateDeviceLockedStatus():103 repeatCheckTimes = 1, locked = false
04-21 14:13:03.791  1426  4380 W PackageConfigPersister: App-specific configuration not found for packageName: com.android.launcher3 and userId: 0
04-21 14:13:03.792  3666  4293 I libnfc_nci: [INFO:NfcAdaptation.cc(913)] NfcAdaptation::InitializeHalDeviceContext: INfc::getService()
04-21 14:13:03.794  3041  3041 E DisplayManagerService|ZebraDisplayImpl|UsbHdmiReceiver: USB Broadcast came android.hardware.usb.action.USB_DEVICE_DETACHED
04-21 14:13:03.794  3041  3041 D DisplayManagerService|ZebraDisplayImpl: hdmiConnectionState: state  = false
04-21 14:13:03.794  1426  1848 D WindowManager: DP::updateSystemBarAttributes called
04-21 14:13:03.794  1426  1848 D WindowManager: DP::::updateSystemBarAttributes displayId: 0
04-21 14:13:03.794  3041  3041 D DisplayManagerService|ZebraDisplayImpl: currentdesktopstate = false
04-21 14:13:03.794  3041  3041 D DisplayManagerService|ZebraDisplayImpl: hdmi disconnected
04-21 14:13:03.795  1426  2121 W UsbDescriptorParser:   Unparsed Class-specific
04-21 14:13:03.795  1426  2121 W UsbDescriptorParser:   Unparsed Class-specific
04-21 14:13:03.795  1426  2121 W UsbDescriptorParser:   Unparsed Class-specific
04-21 14:13:03.795  1426  2121 W UsbDescriptorParser:   Unparsed Class-specific
04-21 14:13:03.795  1426  2121 W UsbDescriptorParser:   Unparsed Class-specific
04-21 14:13:03.795  1426  2121 W UsbDescriptorParser:   Unparsed Class-specific
04-21 14:13:03.795  1426  2121 W UsbDescriptorParser:   Unparsed Class-specific
04-21 14:13:03.795  1426  2121 W UsbDescriptorParser:   Unparsed Class-specific
04-21 14:13:03.795  1426  2121 D UsbHostManager: usbDeviceRemoved mHubHidDevices containes entry, remove it
04-21 14:13:03.795  3666  4293 I libnfc_nci: [INFO:NfcAdaptation.cc(939)] NfcAdaptation::InitializeHalDeviceContext: INfc::getService() returned 0xb400007315024c10 (remote)
04-21 14:13:03.795  1426  2121 I UsbHostManager: innerClassList--interfaceClass=9
04-21 14:13:03.795  1426  2121 I UsbHostManager: innerClassList--1
04-21 14:13:03.795  1426  1426 I WKS     : UsbDeviceManager.onReceive ELSE VID = 1504
04-21 14:13:03.795  1426  1848 W WindowManager: Failed to deliver inset control state change to w=Window{2f49152 u0 com.ltrudu.rfid_sample_flutter/com.ltrudu.rfid_sample_flutter.MainActivity EXITING}
04-21 14:13:03.795  1426  1848 W WindowManager: android.os.DeadObjectException
04-21 14:13:03.795  1426  1848 W WindowManager: 	at android.os.BinderProxy.transactNative(Native Method)
04-21 14:13:03.795  1426  1848 W WindowManager: 	at android.os.BinderProxy.transact(BinderProxy.java:584)
04-21 14:13:03.795  1426  1848 W WindowManager: 	at android.view.IWindow$Stub$Proxy.insetsControlChanged(IWindow.java:495)
04-21 14:13:03.795  1426  1848 W WindowManager: 	at com.android.server.wm.WindowState.notifyInsetsControlChanged(WindowState.java:3868)
04-21 14:13:03.795  1426  1848 W WindowManager: 	at com.android.server.wm.InsetsStateController.lambda$notifyPendingInsetsControlChanged$3(InsetsStateController.java:343)
04-21 14:13:03.795  1426  1848 W WindowManager: 	at com.android.server.wm.InsetsStateController.$r8$lambda$8yykPRG1GyNq_J17QvL9d5xANMc(InsetsStateController.java:0)
04-21 14:13:03.795  1426  1848 W WindowManager: 	at com.android.server.wm.InsetsStateController$$ExternalSyntheticLambda2.run(R8$$SyntheticClass:0)
04-21 14:13:03.795  1426  1848 W WindowManager: 	at com.android.server.wm.WindowAnimator.executeAfterPrepareSurfacesRunnables(WindowAnimator.java:294)
04-21 14:13:03.795  1426  1848 W WindowManager: 	at com.android.server.wm.RootWindowContainer.performSurfacePlacementNoTrace(RootWindowContainer.java:830)
04-21 14:13:03.795  1426  1848 W WindowManager: 	at com.android.server.wm.RootWindowContainer.performSurfacePlacement(RootWindowContainer.java:775)
04-21 14:13:03.795  1426  1848 W WindowManager: 	at com.android.server.wm.WindowSurfacePlacer.performSurfacePlacementLoop(WindowSurfacePlacer.java:177)
04-21 14:13:03.795  1426  1848 W WindowManager: 	at com.android.server.wm.WindowSurfacePlacer.performSurfacePlacement(WindowSurfacePlacer.java:126)
04-21 14:13:03.795  1426  1848 W WindowManager: 	at com.android.server.wm.WindowSurfacePlacer.performSurfacePlacement(WindowSurfacePlacer.java:115)
04-21 14:13:03.795  1426  1848 W WindowManager: 	at com.android.server.wm.WindowSurfacePlacer$Traverser.run(WindowSurfacePlacer.java:57)
04-21 14:13:03.795  1426  1848 W WindowManager: 	at android.os.Handler.handleCallback(Handler.java:958)
04-21 14:13:03.795  1426  1848 W WindowManager: 	at android.os.Handler.dispatchMessage(Handler.java:99)
04-21 14:13:03.795  1426  1848 W WindowManager: 	at android.os.Looper.loopOnce(Looper.java:205)
04-21 14:13:03.795  1426  1848 W WindowManager: 	at android.os.Looper.loop(Looper.java:294)
04-21 14:13:03.795  1426  1848 W WindowManager: 	at android.os.HandlerThread.run(HandlerThread.java:67)
04-21 14:13:03.795  1426  1848 W WindowManager: 	at com.android.server.ServiceThread.run(ServiceThread.java:46)
04-21 14:13:03.795  1455  1455 I android.hardware.nfc_pn72xx@1.2-service: createFile calling with libnfc-nxp-TC22R.conf
04-21 14:13:03.795  1455  1455 I android.hardware.nfc_pn72xx@1.2-service: #ENFCS# CreateFile config file libnfc-nxp-TC22R.conf
04-21 14:13:03.796  1426  1848 D WindowManager: DP::updateSystemBarAttributes called
04-21 14:13:03.796  1426  1848 D WindowManager: DP::::updateSystemBarAttributes displayId: 0
04-21 14:13:03.796  2749  2749 I PF-Utils: isUSBMassStoargeDevice :: false
04-21 14:13:03.796  1426  1847 D WindowManager: DP::updateSystemBarAttributes called
04-21 14:13:03.796  1426  1847 D WindowManager: DP::::updateSystemBarAttributes displayId: 0
04-21 14:13:03.797  2075  2080 I zus     : updateDeviceList--Device Name : Linux 5.4.281-qgki xhci-hcd xHCI Host ControllerupdateStatus::Added/Removed 0
04-21 14:13:03.797  2075  2080 I zus     : updateDeviceList--calling get_deviceid_data while removing
04-21 14:13:03.799  1455  1455 I android.hardware.nfc_pn72xx@1.2-service: createFile returned  with /data/vendor/enfc/libnfc-combine.conf
04-21 14:13:03.800  1455  1455 D android.hardware.nfc_pn72xx@1.2-service: readConfig; filename is /data/vendor/enfc/libnfc-combine.conf
04-21 14:13:03.800  1455  1455 D android.hardware.nfc_pn72xx@1.2-service: readNxpRFConfig-Enter..Reading /system/vendor/libnfc-nxp_RF.conf
04-21 14:13:03.800  1455  1455 E android.hardware.nfc_pn72xx@1.2-service: readConfig Cannot open config file /system/vendor/libnfc-nxp_RF.conf
04-21 14:13:03.800  1455  1455 D android.hardware.nfc_pn72xx@1.2-service: readNxpTransitConfig-Enter..Reading /data/vendor/nfc/libnfc-nxpTransit.conf
04-21 14:13:03.800  1455  1455 E android.hardware.nfc_pn72xx@1.2-service: readConfig Cannot open config file /data/vendor/nfc/libnfc-nxpTransit.conf
04-21 14:13:03.800  1455  1455 D NxpExtns: find found ISO_DEP_MAX_TRANSCEIVE=(0xfeff)
04-21 14:13:03.800  1455  1455 D NxpExtns: find found NFA_PROPRIETARY_CFG=  üĆp  
04-21 14:13:03.800  1455  1455 D NxpExtns: find found PRESENCE_CHECK_ALGORITHM=(0x2)
04-21 14:13:03.800  1426  4380 D WindowManager: layoutWindowLw currenttaskBarInDb-- 0
04-21 14:13:03.800  1426  4380 I WindowLayout: isInForceDesktopMode---false displayId: 0 zwcTaskbarHeight: 0
04-21 14:13:03.801  1426  4380 D WindowManager: layoutWindowLw currenttaskBarInDb-- 0
04-21 14:13:03.801  1426  4380 I WindowLayout: isInForceDesktopMode---false displayId: 0 zwcTaskbarHeight: 0
04-21 14:13:03.801  1426  4380 D WindowManager: layoutWindowLw currenttaskBarInDb-- 0
04-21 14:13:03.801  1426  4380 I WindowLayout: isInForceDesktopMode---false displayId: 0 zwcTaskbarHeight: 0
04-21 14:13:03.802  1426  4380 D WindowManager: layoutWindowLw currenttaskBarInDb-- 0
04-21 14:13:03.802  1426  4380 I WindowLayout: isInForceDesktopMode---false displayId: 0 zwcTaskbarHeight: 0
04-21 14:13:03.802  1426  4380 D WindowManager: DP::updateSystemBarAttributes called
04-21 14:13:03.802  1426  4380 D WindowManager: DP::::updateSystemBarAttributes displayId: 0
04-21 14:13:03.805  3666  9664 W libnfc_nci: [WARNING:gki_ulinux.cc(101)] gki_task task_id=0 terminating
04-21 14:13:03.806  1455  1455 D android.hardware.nfc@1.2-impl: Nfc::open Enter
04-21 14:13:03.806  1455  1455 E android.hardware.nfc@1.2-impl: MW-HAL Version: NFC_AR_INFRA_0004_13.21.00
04-21 14:13:03.806  1455  1455 E NxpHal  : HAL imple phNxpNciHal_open NFC HAL OPEN
04-21 14:13:03.806  1455  1455 D NxpHal  : phNxpNci_MinOpen(): enter
04-21 14:13:03.806  1455  1455 D NxpHal  : nfc_debug_enabled : 1
04-21 14:13:03.806  1455  1455 D NxpExtns: find found NXPLOG_NCIHAL_LOGLEVEL=(0x1)
04-21 14:13:03.806  1455  1455 D NxpExtns: find found NXPLOG_EXTNS_LOGLEVEL=(0x1)
04-21 14:13:03.806  1455  1455 D NxpExtns: find found NXPLOG_TML_LOGLEVEL=(0x1)
04-21 14:13:03.806  1455  1455 D NxpExtns: find found NXPLOG_FWDNLD_LOGLEVEL=(0x1)
04-21 14:13:03.806  1455  1455 D NxpExtns: find found NXPLOG_NCIX_LOGLEVEL=(0x1)
04-21 14:13:03.806  1455  1455 D NxpExtns: find found NXPLOG_NCIR_LOGLEVEL=(0x1)
04-21 14:13:03.806  1455  1455 D NxpNfcHal: phNxpLog_InitializeLogLevel: global =1, Fwdnld =1, extns =1,                 hal =1, tml =1, ncir =1,                 ncix =1
04-21 14:13:03.806  1455  1455 D NxpExtns: find found MIFARE_READER_ENABLE=(0x1)
04-21 14:13:03.806  1455  1455 D NxpHal  : Entering phNxpNciHal_init_monitor
04-21 14:13:03.806  1455  1455 D NxpHal  : Returning with SUCCESS
04-21 14:13:03.806  1455  1455 D NxpExtns: find found NXP_NFC_DEV_NODE=/dev/nxpnfc
04-21 14:13:03.806  1455  1455 D NxpExtns: find found NXP_CHIP_TYPE=(0x1)
04-21 14:13:03.806  1455  1455 D NxpTml  : getTransport Requested transportType: 2
04-21 14:13:03.806  1455  1455 D NxpTml  : OpenAndConfigure Opening port=/dev/nxpnfc
04-21 14:13:03.806  1455  1455 D NxpTml  : NfccReset, VEN eType 0
04-21 14:13:03.807  3380  3380 I azud    : onReceive
04-21 14:13:03.808  3380  4253 I elwy    : (REDACTED) %s TNG App is logging Clearcut event named %s with the %s account state and %s source
04-21 14:13:03.811  1227  1227 I vendor.zebra.hardware.zusbservice@1.0-service: update_deviceid_map deviceId:4001 flag:0
04-21 14:13:03.811  2075  2080 I zus     : Linux 5.4.281-qgki xhci-hcd xHCI Host Controller device removed from mUsbDeviceInfoList
04-21 14:13:03.811  2075  2080 I zus     : updateDeviceList--mInputDeviceInfoList size: 0 mUsbDeviceInfoList size: 0
04-21 14:13:03.811  1426  2121 D UsbIPMaverickCallback: onNotifyUsbEvent invoked. Message: UsbDeviceRemoved, Device Status: 0
04-21 14:13:03.811  1426  2121 W UsbIPMaverickCallback: No callbacks to notify. usbIPMaverickRemoteCallback is null.
04-21 14:13:03.811  1426  2121 D UsbHostManager: Can't find device at /dev/bus/usb/004/001
04-21 14:13:03.812  1426  2121 D UsbHostManager: Removed device at /dev/bus/usb/004/001 was already gone
04-21 14:13:03.816  1455  1455 D NxpTml  : NfccReset, VEN eType 1
04-21 14:13:03.816  1455  9667 D NxpTml  : PN72xx - Tml Reader Thread Started................
04-21 14:13:03.817  1455  9668 D NxpTml  : PN72xx - Tml Writer Thread Started................
04-21 14:13:03.817  1455  9668 D NxpTml  : PN72xx - Tml Writer Thread Running................
04-21 14:13:03.819  1455  1455 D NxpTml  : NfccReset, VEN eType 1
04-21 14:13:03.820  1455  9670 D NxpHal  : thread started
04-21 14:13:03.820  1455  9667 D NxpTml  : PN72xx - Read requested.....
04-21 14:13:03.820  1455  9667 D NxpTml  : PN72xx - Invoking I2C Read.....
04-21 14:13:03.895  1426  2594 W ActivityTaskManager: callingPackage for (uid=2000, pid=9673) has no WPC
04-21 14:13:03.901  1426  2594 E CellBroadcastUtils: getDefaultCellBroadcastReceiverPackageName: no package found
04-21 14:13:03.907  1426  2594 D CompatibilityChangeReporter: Compat change id reported: 184838306; UID 10261; state: DISABLED
04-21 14:13:03.907  1426  2594 D CompatibilityChangeReporter: Compat change id reported: 185004937; UID 10261; state: DISABLED
04-21 14:13:03.910  1426  2594 D CompatibilityChangeReporter: Compat change id reported: 205907456; UID 10261; state: ENABLED
04-21 14:13:03.911  1426  2594 D ActivityTrigger: ActivityTrigger activityPauseTrigger 
04-21 14:13:03.911  1196  1307 E ANDR-PERF-LM: GAMEOPT: getData() 1005: isHeavy hint type 1 for app com.ltrudu.rfid_sample_flutter
04-21 14:13:03.913  1426  2594 I ActivityTaskManager: Add Task{16d2a76 #89 type=standard I=com.ltrudu.rfid_sample_flutter/.MainActivity} to hidden list because adding Task{471fca4 #90 type=standard I=com.ltrudu.rfid_sample_flutter/.MainActivity}
04-21 14:13:03.914  1426  2594 I ActivityTaskManager: START u0 {flg=0x10000000 cmp=com.ltrudu.rfid_sample_flutter/.MainActivity} with LAUNCH_SINGLE_TOP from uid 2000 (BAL_ALLOW_PERMISSION) result code=0
04-21 14:13:03.918  1426  1847 D CompatibilityChangeReporter: Compat change id reported: 135634846; UID 10261; state: DISABLED
04-21 14:13:03.918  1426  1847 D CompatibilityChangeReporter: Compat change id reported: 177438394; UID 10261; state: DISABLED
04-21 14:13:03.918  1426  1847 D CompatibilityChangeReporter: Compat change id reported: 135772972; UID 10261; state: DISABLED
04-21 14:13:03.918  1426  1847 D CompatibilityChangeReporter: Compat change id reported: 135754954; UID 10261; state: ENABLED
04-21 14:13:03.920  1426  1859 D CompatibilityChangeReporter: Compat change id reported: 143937733; UID 10261; state: ENABLED
04-21 14:13:03.920  1455  9668 D NxpTml  : PN72xx - Write requested.....
04-21 14:13:03.920  1455  9668 D NxpTml  : PN72xx - Invoking I2C Write.....
04-21 14:13:03.920  2120  2169 V WindowManagerShell: Transition requested: android.os.BinderProxy@108281a TransitionRequestInfo { type = OPEN, triggerTask = TaskInfo{userId=0 taskId=90 displayId=0 isRunning=true baseIntent=Intent { flg=0x10000000 cmp=com.ltrudu.rfid_sample_flutter/.MainActivity } baseActivity=ComponentInfo{com.ltrudu.rfid_sample_flutter/com.ltrudu.rfid_sample_flutter.MainActivity} topActivity=ComponentInfo{com.ltrudu.rfid_sample_flutter/com.ltrudu.rfid_sample_flutter.MainActivity} origActivity=null realActivity=ComponentInfo{com.ltrudu.rfid_sample_flutter/com.ltrudu.rfid_sample_flutter.MainActivity} numActivities=1 lastActiveTime=657030 supportsMultiWindow=true resizeMode=1 isResizeable=true minWidth=-1 minHeight=-1 defaultMinSize=220 token=WCT{android.window.IWindowContainerToken$Stub$Proxy@acd2f4b} topActivityType=1 pictureInPictureParams=null shouldDockBigOverlays=false launchIntoPipHostTaskId=-1 lastParentTaskIdBeforePip=-1 displayCutoutSafeInsets=null topActivityInfo=ActivityInfo{cc82d28 com.ltrudu.rfid_sample_flutter.MainActivity} launchCookies=[] positionInParent=Point(0, 0) parentTaskId=-1 isFocused=false isVisible=false isVisibleRequested=false isSleeping=false topActivityInSizeCompat=false topActivityEligibleForLetterboxEducation= false topActivityLetterboxed= false isFromDoubleTap= false topActivityLetterboxVerticalPosition= -1 topActivityLetterboxHorizontalPosition= -1 topActivityLetterboxWidth=-1 topActivityLetterboxHeight=-1 locusId=null displayAreaFeatureId=1 cameraCompatControlState=hidden}, remoteTransition = null, displayChange = null }
04-21 14:13:03.922  1426  2594 D ActivityTaskManager: activityPaused = android.app.IActivityClientController$Stub.onTransact:670 com.android.server.wm.ActivityClientController.onTransact:173 android.os.Binder.execTransactInternal:1339 android.os.Binder.execTransact:1275 <bottom of call stack> <bottom of call stack> <bottom of call stack> <bottom of call stack> <bottom of call stack> <bottom of call stack> 
04-21 14:13:03.925  1426  2594 D ActivityTaskManager: ActivityRecord r = ActivityRecord{9031214 u0 com.android.launcher3/.uioverrides.QuickstepLauncher t88}
04-21 14:13:03.925  1455  9668 D NxpNciX : len =   4 > 20000100
04-21 14:13:03.925  1455  9668 D NxpTml  : PN72xx - I2C Write successful.....
04-21 14:13:03.926  1455  9667 D NxpTml  : PN72xx - I2C Read successful.....
04-21 14:13:03.926  1455  9667 D NxpNciR : len =   4 <= 40000100
04-21 14:13:03.926  1455  9667 D NxpTml  : PN72xx - Posting read message.....
04-21 14:13:03.926  1455  9668 D NxpTml  : PN72xx - Posting Fresh Write message.....
04-21 14:13:03.927  1455  9668 D NxpTml  : PN72xx - Tml Writer Thread Running................
04-21 14:13:03.927  1455  9670 D NxpHal  : read successful status = 0x0
04-21 14:13:03.927  1455  9670 D NxpHal  : CORE_RESET_RSP NCI2.0
04-21 14:13:03.927  1455  9670 D NxpHal  : write successful status = 0x0
04-21 14:13:03.927  1455  9667 D NxpTml  : PN72xx - Read requested.....
04-21 14:13:03.927  1455  9667 D NxpTml  : PN72xx - Invoking I2C Read.....
04-21 14:13:03.928  1455  1455 D NxpHal  : Response timer started
04-21 14:13:03.928  1455  1455 D NxpHal  : Waiting after ext cmd sent
04-21 14:13:03.928  1455  1455 D NxpHal  : Response timer stopped
04-21 14:13:03.928  1455  1455 D NxpHal  : Response timer started
04-21 14:13:03.930  1455  9667 D NxpTml  : PN72xx - I2C Read successful.....
04-21 14:13:03.930  1455  9667 D NxpNciR : len =  12 <= 60000902002004047112500E
04-21 14:13:03.930  1455  9667 D NxpTml  : PN72xx - Posting read message.....
04-21 14:13:03.931  1426  2594 D WindowManager: DP::updateSystemBarAttributes called
04-21 14:13:03.931  1426  2594 D WindowManager: DP::::updateSystemBarAttributes displayId: 0
04-21 14:13:03.932  1455  9670 D NxpHal  : read successful status = 0x0
04-21 14:13:03.932  1455  9670 D NxpHal  : CORE_RESET_NTF NCI2.0 reason CORE_RESET_CMD received !
04-21 14:13:03.932  1455  9670 D NxpHal  : processChipType Product : pn7160
04-21 14:13:03.932  1455  9670 D NxpHal  : phNxpNciHal_configFeatureList ()chipType = 1
04-21 14:13:03.932  1455  9670 D NxpTml  : phTmlNfc_e_setFragmentSize 0x100
04-21 14:13:03.932  1455  9670 D NxpHal  : NxpNci> FW Version: 12.50.e
04-21 14:13:03.934  1426  9657 D CompatibilityChangeReporter: Compat change id reported: 168419799; UID 10261; state: DISABLED
04-21 14:13:03.934  1426  9657 D CompatibilityChangeReporter: Compat change id reported: 273564678; UID 10261; state: DISABLED
04-21 14:13:03.935  1455  9670 W libc    : Unable to set property "ro.vendor.nfc.nci.version" to "0x20": error code: 0xb
04-21 14:13:03.936  1455  9670 W libc    : Unable to set property "ro.vendor.nfc.fw.version" to "12.50.e": error code: 0xb
04-21 14:13:03.937  1455  9670 W libc    : Unable to set property "ro.vendor.nfc.version" to "PN7160_AR_14.01.00": error code: 0xb
04-21 14:13:03.937  1455  1455 D NxpHal  : Response timer stopped
04-21 14:13:03.937  1455  1455 D NxpHal  : Checking response
04-21 14:13:03.937  1455  9668 D NxpTml  : PN72xx - Write requested.....
04-21 14:13:03.937  1455  9667 D NxpTml  : PN72xx - Read requested.....
04-21 14:13:03.937  1455  9668 D NxpTml  : PN72xx - Invoking I2C Write.....
04-21 14:13:03.937  1455  9667 D NxpTml  : PN72xx - Invoking I2C Read.....
04-21 14:13:03.938  2120  2181 D VRI[rfid_sample_flutter]: zwctaskbarheight = -1
04-21 14:13:03.938  2120  2181 I WindowLayout: isInForceDesktopMode---false displayId: 0 zwcTaskbarHeight: -1
04-21 14:13:03.939  1455  9668 D NxpNciX : len =   5 > 2001020000
04-21 14:13:03.939  1455  9668 D NxpTml  : PN72xx - I2C Write successful.....
04-21 14:13:03.939  1455  9668 D NxpTml  : PN72xx - Posting Fresh Write message.....
04-21 14:13:03.939  1455  9668 D NxpTml  : PN72xx - Tml Writer Thread Running................
04-21 14:13:03.939  1455  9670 D NxpHal  : write successful status = 0x0
04-21 14:13:03.939  1455  1455 D NxpHal  : Response timer started
04-21 14:13:03.939  1455  1455 D NxpHal  : Waiting after ext cmd sent
04-21 14:13:03.940  1455  9667 D NxpTml  : PN72xx - I2C Read successful.....
04-21 14:13:03.940  1455  9667 D NxpNciR : len =  33 <= 40011E001A7E060301D002FFFF01FF000800000100020003008000820083008400
04-21 14:13:03.940  1455  9667 D NxpTml  : PN72xx - Posting read message.....
04-21 14:13:03.940  1455  9670 D NxpHal  : read successful status = 0x0
04-21 14:13:03.940  1455  9670 D NxpHal  : CORE_INIT_RSP NCI2.0 received !
04-21 14:13:03.940  1455  9667 D NxpTml  : PN72xx - Read requested.....
04-21 14:13:03.940  1455  1455 D NxpHal  : Response timer stopped
04-21 14:13:03.940  1455  9667 D NxpTml  : PN72xx - Invoking I2C Read.....
04-21 14:13:03.940  1455  1455 D NxpHal  : Checking response
04-21 14:13:03.940  1455  1455 D NxpExtns: find found NXP_FW_TYPE=(0x1)
04-21 14:13:03.940  1455  1455 D NxpFwDnld: firmware type from conf file: 1
04-21 14:13:03.940  1455  1455 D android.hardware.nfc_pn72xx@1.2-service: Fw_Lib_Path=/vendor/lib64/libpn7160_fw.so
04-21 14:13:03.941  1455  1455 D NxpExtns: find found NXP_I2C_FRAGMENTATION_ENABLED=(0x0)
04-21 14:13:03.941  1455  1455 D NxpFwDnld: I2C status : 0
04-21 14:13:03.941  1426  9657 D CoreBackPreview: Window{2243f10 u0 Splash Screen com.ltrudu.rfid_sample_flutter}: Setting back callback OnBackInvokedCallbackInfo{mCallback=android.window.IOnBackInvokedCallback$Stub$Proxy@ac9940e, mPriority=0, mIsAnimationCallback=false}
04-21 14:13:03.941  1455  9668 D NxpTml  : PN72xx - Write requested.....
04-21 14:13:03.941  1455  9668 D NxpTml  : PN72xx - Invoking I2C Write.....
04-21 14:13:03.941  1426  1847 D ActivityManager: com.google.android.gms is skipped freeze by freezeAppAsyncInternalLSP
04-21 14:13:03.942  1455  9668 D NxpNciX : len =   6 > 20030301A005
04-21 14:13:03.942  1455  9668 D NxpTml  : PN72xx - I2C Write successful.....
04-21 14:13:03.942  1455  9668 D NxpTml  : PN72xx - Posting Fresh Write message.....
04-21 14:13:03.942  1455  9668 D NxpTml  : PN72xx - Tml Writer Thread Running................
04-21 14:13:03.942  1455  9670 D NxpHal  : write successful status = 0x0
04-21 14:13:03.942  1455  1455 D NxpHal  : Response timer started
04-21 14:13:03.942  1455  1455 D NxpHal  : Waiting after ext cmd sent
04-21 14:13:03.943  1455  9667 D NxpTml  : PN72xx - I2C Read successful.....
04-21 14:13:03.944  1455  9667 D NxpNciR : len =   9 <= 4003060001A0050100
04-21 14:13:03.944  1455  9667 D NxpTml  : PN72xx - Posting read message.....
04-21 14:13:03.944  1426  1975 D CompatibilityChangeReporter: Compat change id reported: 265195908; UID 10261; state: ENABLED
04-21 14:13:03.944  1455  9670 D NxpHal  : read successful status = 0x0
04-21 14:13:03.944  1455  9670 D NxpHal  : phNxpNciHal_print_res_status: response status =STATUS_OK
04-21 14:13:03.944  1455  1455 D NxpHal  : Response timer stopped
04-21 14:13:03.944  1455  1455 D NxpHal  : Checking response
04-21 14:13:03.944  1455  1455 D NxpHal  : phNxpNciHal_CheckFwRegFlashRequired() : enter
04-21 14:13:03.944  1455  1455 D NxpFwDnld: Allocating Mem for Dnld Context..
04-21 14:13:03.944  1455  1455 E NxpFwDnld: phDnldNfc_SetDlRspTimeout timeout value =9c4
04-21 14:13:03.944  1455  1455 D NxpExtns: find found NXP_FW_TYPE=(0x1)
04-21 14:13:03.944  1455  1455 D NxpFwDnld: firmware type from conf file: 1
04-21 14:13:03.944  1455  1455 E NxpFwDnld: free library SUCCESS !!
04-21 14:13:03.945  1455  1455 D NxpFwDnld: @@@/vendor/lib64/libpn7160_fw.so
04-21 14:13:03.945  1455  1455 D NxpFwDnld: FW image loded for chipType pn7160 (1)
04-21 14:13:03.945  1455  1455 D NxpFwDnld: FW Image Length - ImageInfoLen 34542
04-21 14:13:03.945  1455  1455 D NxpFwDnld: FW Image Info Pointer - pImageInfo 0x75783dd360
04-21 14:13:03.945  1455  1455 D NxpFwDnld: FW Major Version Num - 5000
04-21 14:13:03.945  1455  1455 D NxpFwDnld: FW Minor Version Num - e
04-21 14:13:03.945  1455  1455 D NxpFwDnld: FW Image Length - 34542
04-21 14:13:03.945  1455  1455 D NxpFwDnld: FW Image Info Pointer - 0x75783dd360
04-21 14:13:03.945  1455  1455 D NxpFwDnld: fragment len set 100
04-21 14:13:03.945  1455  1455 D NxpHal  : FW version from the binary(.so/bin) = 0x500e
04-21 14:13:03.945  1455  1455 D NxpHal  : FW version found on the device = 0x12500e
04-21 14:13:03.945  1455  1455 D NxpHal  : Flash option not found; giving default value
04-21 14:13:03.945  1455  1455 D NxpHal  : FW update not required
04-21 14:13:03.945  1455  1455 D NxpFwDnld: Freeing Mem for Dnld Context..
04-21 14:13:03.945  1455  1455 D NxpHal  : phNxpNciHal_CheckFwRegFlashRequired() : exit - status = 0 wFwUpdateReq=0, wRfUpdateReq=0
04-21 14:13:03.945  1455  1455 D NxpHal  : FW update not required
04-21 14:13:03.945  1455  1455 D NxpHal  : property_set_intf, key[nfc.fw.downloadmode_force], value[0]
04-21 14:13:03.945  1455  1455 D NxpHal  : phNxpNciHal_setSystemProperty : Enter Key = nfc.fw.downloadmode_force, value = 0
04-21 14:13:03.945  1455  1455 D android.hardware.nfc_pn72xx@1.2-service: isModified enter; conf file type 3
04-21 14:13:03.945  1455  1455 E android.hardware.nfc_pn72xx@1.2-service: isModified Unable to open file assume modified
04-21 14:13:03.945  1455  1455 E NxpHal  : pn7160 unable to retrieve get_clk_src_sel 10
04-21 14:13:03.945  1455  1455 D NxpExtns: find found NXP_SYS_CLK_SRC_SEL=(0x2)
04-21 14:13:03.945  1455  1455 D NxpExtns: find found NXP_SYS_CLK_FREQ_SEL=(0x2)
04-21 14:13:03.945  1455  1455 D NxpExtns: find found NXP_SYS_CLOCK_TO_CFG=(0x6)
04-21 14:13:03.945  1455  1455 D NxpFwDnld: gphNxpNciHal_fw_IoctlCtx.bClkSrcVal = 0x2
04-21 14:13:03.945  1455  1455 D NxpFwDnld: gphNxpNciHal_fw_IoctlCtx.bClkFreqVal = 0x2
04-21 14:13:03.945  1455  1455 E NxpFwDnld: Clock frequency value is wrong in config file, setting it as default
04-21 14:13:03.945  1455  9668 D NxpTml  : PN72xx - Write requested.....
04-21 14:13:03.945  1455  9668 D NxpTml  : PN72xx - Invoking I2C Write.....
04-21 14:13:03.945  1426  2594 D WindowManager: layoutWindowLw currenttaskBarInDb-- 0
04-21 14:13:03.945  1426  2594 I WindowLayout: isInForceDesktopMode---false displayId: 0 zwcTaskbarHeight: 0
04-21 14:13:03.945  1455  9667 D NxpTml  : PN72xx - Read requested.....
04-21 14:13:03.945  1455  9667 D NxpTml  : PN72xx - Invoking I2C Read.....
04-21 14:13:03.945  1426  2594 D WindowManager: layoutWindowLw currenttaskBarInDb-- 0
04-21 14:13:03.945  1426  2594 I WindowLayout: isInForceDesktopMode---false displayId: 0 zwcTaskbarHeight: 0
04-21 14:13:03.946  1426  2594 D WindowManager: layoutWindowLw currenttaskBarInDb-- 0
04-21 14:13:03.946  1426  2594 I WindowLayout: isInForceDesktopMode---false displayId: 0 zwcTaskbarHeight: 0
04-21 14:13:03.946  1426  2594 D WindowManager: layoutWindowLw currenttaskBarInDb-- 0
04-21 14:13:03.946  1426  2594 I WindowLayout: isInForceDesktopMode---false displayId: 0 zwcTaskbarHeight: 0
04-21 14:13:03.946  1426  2594 D WindowManager: DP::updateSystemBarAttributes called
04-21 14:13:03.946  1426  2594 D WindowManager: DP::::updateSystemBarAttributes displayId: 0
04-21 14:13:03.946  1455  9668 D NxpNciX : len =  10 > 20030703A002A003A004
04-21 14:13:03.946  1455  9668 D NxpTml  : PN72xx - I2C Write successful.....
04-21 14:13:03.946  1455  9668 D NxpTml  : PN72xx - Posting Fresh Write message.....
04-21 14:13:03.946  1455  9668 D NxpTml  : PN72xx - Tml Writer Thread Running................
04-21 14:13:03.947  1455  9670 D NxpHal  : write successful status = 0x0
04-21 14:13:03.947  1455  1455 D NxpHal  : Response timer started
04-21 14:13:03.947  1455  1455 D NxpHal  : Waiting after ext cmd sent
04-21 14:13:03.948  1426  2594 D WindowManager: DP::updateSystemBarAttributes called
04-21 14:13:03.948  1426  2594 D WindowManager: DP::::updateSystemBarAttributes displayId: 0
04-21 14:13:03.948   894   894 D Zygote  : Forked child process 9676
04-21 14:13:03.949  1426  1859 I ActivityManager: Start proc 9676:com.ltrudu.rfid_sample_flutter/u0a261 for next-top-activity {com.ltrudu.rfid_sample_flutter/com.ltrudu.rfid_sample_flutter.MainActivity}
04-21 14:13:03.951  1426  2008 D ZebraDisplayServiceFw: isZwcInstalledAndDesktopModeEnabled false
04-21 14:13:03.951  1426  2594 D WindowManager: displayId: 0
04-21 14:13:03.951  1426  2594 D WindowManager: isFullscreen: false isImmersive: false
04-21 14:13:03.951  1426  2594 D WindowManager: mLastFocusIsFullscreen: false mLastImmersiveMode: false
04-21 14:13:03.951  1426  2594 D WindowManager: mFocusedWindow: null
04-21 14:13:03.951  1426  2594 D WindowManager: mLastFocusedWindow: Window{fc17b73 u0 com.android.launcher3/com.android.launcher3.uioverrides.QuickstepLauncher}
04-21 14:13:03.951  1426  2594 D WindowManager: mLastFocusIsImmersiveAndFullscreen: false
04-21 14:13:03.951  1426  2594 D WindowManager: mLastWindowClosed: null
04-21 14:13:03.953  1455  9667 D NxpTml  : PN72xx - I2C Read successful.....
04-21 14:13:03.953  1455  9667 D NxpNciR : len =  17 <= 40030E0003A0020101A0030101A0040101
04-21 14:13:03.953  1455  9667 D NxpTml  : PN72xx - Posting read message.....
04-21 14:13:03.953  1455  9670 D NxpHal  : read successful status = 0x0
04-21 14:13:03.953  1455  9670 D NxpHal  : phNxpNciHal_print_res_status: response status =STATUS_OK
04-21 14:13:03.953  1455  9667 D NxpTml  : PN72xx - Read requested.....
04-21 14:13:03.953  1455  1455 D NxpHal  : Response timer stopped
04-21 14:13:03.953  1455  9667 D NxpTml  : PN72xx - Invoking I2C Read.....
04-21 14:13:03.953  1455  1455 D NxpHal  : Checking response
04-21 14:13:03.953  1455  1455 E NxpHal  : Wrong clock freq, send default PLL@19.2MHz
04-21 14:13:03.953  1455  1455 D NxpHal  : Setting Clock Source and Frequency
04-21 14:13:03.953  1455  1455 D NxpExtns: find found NXP_SYS_CLK_SRC_SEL=(0x2)
04-21 14:13:03.953  1455  1455 D NxpExtns: find found NXP_SYS_CLK_FREQ_SEL=(0x2)
04-21 14:13:03.953  1455  1455 D NxpHal  : phNxpNciHal_txNfccClockSetCmd : clock source = 2, frequency = 2
04-21 14:13:03.953  1455  1455 E NxpHal  : ERROR: Invalid clock frequency!!
04-21 14:13:03.953  1455  1455 D NxpHal  : phNxpNciHal_hceLmNfcADiscCfgApply
04-21 14:13:03.953  1455  1455 E NxpHal  : New Config: NAME_NXP_HCE_SENS_RES Not found
04-21 14:13:03.953  1455  1455 E NxpHal  : Failed to read the config file
04-21 14:13:03.953  1455  1455 E NxpHal  : phNxpNciHal_hceLmNfcADiscCfgApply failed
04-21 14:13:03.953  1455  1455 D NxpTml  : NfccReset, VEN eType 1
04-21 14:13:03.954  2120  2185 E OpenGLRenderer: Unable to match the desired swap behavior.
04-21 14:13:03.957  1426  1848 D WindowManager: layoutWindowLw currenttaskBarInDb-- 0
04-21 14:13:03.957  1426  1848 I WindowLayout: isInForceDesktopMode---false displayId: 0 zwcTaskbarHeight: 0
04-21 14:13:03.958  1426  1848 D WindowManager: layoutWindowLw currenttaskBarInDb-- 0
04-21 14:13:03.958  1426  1848 I WindowLayout: isInForceDesktopMode---false displayId: 0 zwcTaskbarHeight: 0
04-21 14:13:03.958  1426  1848 D WindowManager: layoutWindowLw currenttaskBarInDb-- 0
04-21 14:13:03.958  1426  1848 I WindowLayout: isInForceDesktopMode---false displayId: 0 zwcTaskbarHeight: 0
04-21 14:13:03.958  1426  1848 D WindowManager: layoutWindowLw currenttaskBarInDb-- 0
04-21 14:13:03.958  1426  1848 I WindowLayout: isInForceDesktopMode---false displayId: 0 zwcTaskbarHeight: 0
04-21 14:13:03.958  1426  1848 D WindowManager: DP::updateSystemBarAttributes called
