04-22 08:52:34.141  1406  4986 I Telecom : CallsManager: Sending phone-account unregistered intent to default dialer: TSI.uPA(cgaat)@ADs
04-22 08:52:34.143  1406  2119 D CompatibilityChangeReporter: Compat change id reported: 168419799; UID 10244; state: DISABLED
04-22 08:52:34.143  1406  2119 D CompatibilityChangeReporter: Compat change id reported: 273564678; UID 10244; state: DISABLED
04-22 08:52:34.148  1406  1976 D CompatibilityChangeReporter: Compat change id reported: 265195908; UID 10244; state: ENABLED
04-22 08:52:34.148  1406  2222 D CompatibilityChangeReporter: Compat change id reported: 168419799; UID 1000; state: DISABLED
04-22 08:52:34.148  1406  2222 D CompatibilityChangeReporter: Compat change id reported: 273564678; UID 1000; state: DISABLED
04-22 08:52:34.156  1406  3375 W Telecom : : registerPhoneAccount - attempt to set a group from a non-system caller.: TSI.rPA(cgaat)@ADw
04-22 08:52:34.157  1406  3375 I Telecom : : registerPhoneAccount: account=[[ ] PhoneAccount: ComponentInfo{com.google.android.apps.tachyon/com.google.android.apps.tachyon}, ***, UserHandle{0} Capabilities: SelfManaged SuppVideo Video TransactOps  Audio Routes: BESW Schemes: tel  Extras: Bundle[{isCoreTelecomAccount=true}] GroupId: ***]: TSI.rPA(cgaat)@ADw
04-22 08:52:34.157  1406  3375 I Telecom : PhoneAccountRegistrar: New phone account registered: [[ ] PhoneAccount: ComponentInfo{com.google.android.apps.tachyon/com.google.android.apps.tachyon}, ***, UserHandle{0} Capabilities: SelfManaged SuppVideo Video TransactOps  Audio Routes: BESW Schemes: tel  Extras: Bundle[{isCoreTelecomAccount=true}] GroupId: ***]: TSI.rPA(cgaat)@ADw
04-22 08:52:34.159  1406  3375 I Telecom : AppLabelProxy: package com.google.android.apps.tachyon: name is Meet: TSI.rPA(cgaat)@ADw
04-22 08:52:34.159  1406  3375 I Telecom : CallsManager: Sending phone-account ComponentInfo{com.google.android.apps.tachyon/com.google.android.apps.tachyon}, ***, UserHandle{0} registered intent as user: TSI.rPA(cgaat)@ADw
04-22 08:52:34.160  1406  2222 I JobScheduler: bypass checkIfRestricted for JobStatus{7975012 #u0a91/1 com.symbol.fota/.jobservices.BootCompleteService u=0 s=10091 TIME=+2m53s999ms:+3m2s999ms satisfied:0xb400000 unsatisfied:0x80000000}
04-22 08:52:34.163  1406  2222 I JobScheduler: bypass checkIfRestricted for JobStatus{6e8d90e #u0a98/339 com.symbol.dataanalytics/androidx.work.impl.background.systemjob.SystemJobService u=0 s=10098 TIME=+4m55s78ms:none satisfied:0xb400000 unsatisfied:0x80000000}
04-22 08:52:34.164  1406  2222 I JobScheduler: bypass checkIfRestricted for JobStatus{a905078 #u0a98/335 com.symbol.dataanalytics/androidx.work.impl.background.systemjob.SystemJobService u=0 s=10098 TIME=+14m52s965ms:none satisfied:0xb400000 unsatisfied:0x80000000}
04-22 08:52:34.164  1406  2222 I JobScheduler: bypass checkIfRestricted for JobStatus{f032a19 #u0a98/334 com.symbol.dataanalytics/androidx.work.impl.background.systemjob.SystemJobService u=0 s=10098 TIME=+5h59m52s952ms:none satisfied:0xb400000 unsatisfied:0x80000000}
04-22 08:52:34.164  1406  2222 I JobScheduler: bypass checkIfRestricted for JobStatus{38dfb3a #u0a98/333 com.symbol.dataanalytics/androidx.work.impl.background.systemjob.SystemJobService u=0 s=10098 TIME=+59m52s902ms:none satisfied:0xb400000 unsatisfied:0x80000000}
04-22 08:52:34.164  1406  2222 I JobScheduler: bypass checkIfRestricted for JobStatus{ce95be0 #u0a98/90 com.symbol.dataanalytics/androidx.work.impl.background.systemjob.SystemJobService u=0 s=10098 TIME=+41m16s355ms:none satisfied:0xb400000 unsatisfied:0x80000000}
04-22 08:52:34.164  1406  2222 I JobScheduler: bypass checkIfRestricted for JobStatus{2f9da12 #u0a98/73 com.symbol.dataanalytics/androidx.work.impl.background.systemjob.SystemJobService u=0 s=10098 TIME=+12d11h6m57s482ms:none satisfied:0xb400000 unsatisfied:0x80000000}
04-22 08:52:34.165  1406  2222 I JobScheduler: bypass checkIfRestricted for JobStatus{7975012 #u0a91/1 com.symbol.fota/.jobservices.BootCompleteService u=0 s=10091 TIME=+2m53s994ms:+3m2s994ms satisfied:0xb400000 unsatisfied:0x80000000}
04-22 08:52:34.167  1406  2119 D CompatibilityChangeReporter: Compat change id reported: 261072174; UID 10194; state: ENABLED
04-22 08:52:34.177  1406  3375 I Telecom : DefaultDialerCache: current default pkg: null: TSI.rPA(cgaat)@ADw
04-22 08:52:34.177  1406  3375 I Telecom : DefaultDialerCache: current returning default pkg: com.google.android.dialer: TSI.rPA(cgaat)@ADw
04-22 08:52:34.177  1406  3375 I Telecom : CallsManager: Sending phone-account registered intent to default dialer: TSI.rPA(cgaat)@ADw
04-22 08:52:34.181  1406  3375 D CompatibilityChangeReporter: Compat change id reported: 170503758; UID 10244; state: ENABLED
04-22 08:52:34.199  1406  1835 I ActivityManager: Waited long enough for: ServiceRecord{d08d59f u0 com.zebra.igk/.IGKeyguardUtilsService}
04-22 08:52:34.237  1406  1835 I ActivityManager: Waited long enough for: ServiceRecord{c3134e5 u0 com.zebra.rfidserial/.RFIDSerialService}
04-22 08:52:34.342  1406  4981 I ActivityManager: Flag disabled. Ignoring finishAttachApplication from uid: 1000. pid: 7473
04-22 08:52:34.354  1406  3375 I ActivityManager: Flag disabled. Ignoring finishAttachApplication from uid: 10244. pid: 7464
04-22 08:52:34.361  1406  4981 I DynamicSystemService: isInstalled(): false
04-22 08:52:34.379  1406  1835 I ActivityManager: com.google.android.packageinstaller is exempt from freezer
04-22 08:52:34.379  1406  1835 D CompatibilityChangeReporter: Compat change id reported: 135634846; UID 10081; state: DISABLED
04-22 08:52:34.379  1406  1835 D CompatibilityChangeReporter: Compat change id reported: 177438394; UID 10081; state: DISABLED
04-22 08:52:34.379  1406  1835 D CompatibilityChangeReporter: Compat change id reported: 135772972; UID 10081; state: DISABLED
04-22 08:52:34.380  1406  1835 D CompatibilityChangeReporter: Compat change id reported: 135754954; UID 10081; state: ENABLED
04-22 08:52:34.380  1406  1836 D CompatibilityChangeReporter: Compat change id reported: 143937733; UID 10081; state: ENABLED
04-22 08:52:34.392  1406  4989 I ActivityManager: Flag disabled. Ignoring finishAttachApplication from uid: 10194. pid: 7185
04-22 08:52:34.394  1406  4989 D CompatibilityChangeReporter: Compat change id reported: 253665015; UID 10194; state: ENABLED
04-22 08:52:34.394  1406  4989 D CompatibilityChangeReporter: Compat change id reported: 194532703; UID 10194; state: ENABLED
04-22 08:52:34.401  1406  1836 I ActivityManager: Start proc 7547:com.google.android.packageinstaller/u0a81 for broadcast {com.google.android.packageinstaller/com.android.packageinstaller.TemporaryFileManager}
04-22 08:52:34.411  1406  2439 D CompatibilityChangeReporter: Compat change id reported: 271850009; UID 10179; state: ENABLED
04-22 08:52:34.411  1406  2439 D CompatibilityChangeReporter: Compat change id reported: 253665015; UID 10179; state: ENABLED
04-22 08:52:34.411  1406  2439 D CompatibilityChangeReporter: Compat change id reported: 194532703; UID 10179; state: ENABLED
04-22 08:52:34.419  1406  2439 E JobScheduler.JobStatus: App com.google.android.apps.youtube.music became active but still in NEVER bucket
04-22 08:52:34.429  1406  3375 E JobScheduler.JobStatus: App com.google.android.apps.youtube.music became active but still in NEVER bucket
04-22 08:52:34.431  1406  4986 E JobScheduler.JobStatus: App com.google.android.apps.youtube.music became active but still in NEVER bucket
04-22 08:52:34.434  1406  4989 E JobScheduler.JobStatus: App com.google.android.apps.youtube.music became active but still in NEVER bucket
04-22 08:52:34.455  1406  4989 E JobScheduler.JobStatus: App com.google.android.apps.youtube.music became active but still in NEVER bucket
04-22 08:52:34.468  1406  1835 I ActivityManager: Waited long enough for: ServiceRecord{fa3b353 u0 com.zebra.rfidhost/.RFIDHostService}
04-22 08:52:34.471  1406  2439 D CompatibilityChangeReporter: Compat change id reported: 253665015; UID 10188; state: ENABLED
04-22 08:52:34.471  1406  2439 D CompatibilityChangeReporter: Compat change id reported: 194532703; UID 10188; state: ENABLED
04-22 08:52:34.479  1406  2439 E JobScheduler.JobStatus: App com.google.android.contacts became active but still in NEVER bucket
04-22 08:52:34.482  1406  2439 E JobScheduler.JobStatus: App com.google.android.contacts became active but still in NEVER bucket
04-22 08:52:34.494  1406  2439 D CompatibilityChangeReporter: Compat change id reported: 271850009; UID 10188; state: ENABLED
04-22 08:52:34.495  1406  2439 E JobScheduler.JobStatus: App com.google.android.contacts became active but still in NEVER bucket
04-22 08:52:34.496  1406  4989 E JobScheduler.JobStatus: App com.google.android.contacts became active but still in NEVER bucket
04-22 08:52:34.502  1406  2119 D CompatibilityChangeReporter: Compat change id reported: 168419799; UID 10081; state: DISABLED
04-22 08:52:34.502  1406  2119 D CompatibilityChangeReporter: Compat change id reported: 273564678; UID 10081; state: DISABLED
04-22 08:52:34.510  1406  4981 E JobScheduler.JobStatus: App com.google.android.contacts became active but still in NEVER bucket
04-22 08:52:34.524  1406  4986 D CompatibilityChangeReporter: Compat change id reported: 170503758; UID 10081; state: ENABLED
04-22 08:52:34.525  1406  1976 D CompatibilityChangeReporter: Compat change id reported: 265195908; UID 10081; state: ENABLED
04-22 08:52:34.545  1406  4986 E JobScheduler.JobStatus: App com.google.android.apps.youtube.music became active but still in NEVER bucket
04-22 08:52:34.558  1406  5949 E JobScheduler.JobStatus: App com.google.android.contacts became active but still in NEVER bucket
04-22 08:52:34.576  1406  1835 D CompatibilityChangeReporter: Compat change id reported: 135634846; UID 10163; state: DISABLED
04-22 08:52:34.577  1406  1835 D CompatibilityChangeReporter: Compat change id reported: 177438394; UID 10163; state: DISABLED
04-22 08:52:34.577  1406  1835 D CompatibilityChangeReporter: Compat change id reported: 135772972; UID 10163; state: DISABLED
04-22 08:52:34.577  1406  1835 D CompatibilityChangeReporter: Compat change id reported: 135754954; UID 10163; state: ENABLED
04-22 08:52:34.578  1406  1836 D CompatibilityChangeReporter: Compat change id reported: 143937733; UID 10163; state: ENABLED
04-22 08:52:34.606  1406  1836 I ActivityManager: Start proc 7600:com.google.android.partnersetup/u0a163 for broadcast {com.google.android.partnersetup/com.google.android.partnersetup.BootReceiver}
04-22 08:52:34.671  1406  4986 D CompatibilityChangeReporter: Compat change id reported: 168419799; UID 10163; state: DISABLED
04-22 08:52:34.672  1406  4986 D CompatibilityChangeReporter: Compat change id reported: 273564678; UID 10163; state: DISABLED
04-22 08:52:34.679  1406  5949 I JobScheduler: bypass checkIfRestricted for JobStatus{7975012 #u0a91/1 com.symbol.fota/.jobservices.BootCompleteService u=0 s=10091 TIME=+2m53s480ms:+3m2s480ms satisfied:0xb400000 unsatisfied:0x80000000}
04-22 08:52:34.689  1406  5949 I JobScheduler: bypass checkIfRestricted for JobStatus{6e8d90e #u0a98/339 com.symbol.dataanalytics/androidx.work.impl.background.systemjob.SystemJobService u=0 s=10098 TIME=+4m54s552ms:none satisfied:0xb400000 unsatisfied:0x80000000}
04-22 08:52:34.695  1406  3375 D CompatibilityChangeReporter: Compat change id reported: 170503758; UID 10163; state: ENABLED
04-22 08:52:34.699  1406  5949 I JobScheduler: bypass checkIfRestricted for JobStatus{a905078 #u0a98/335 com.symbol.dataanalytics/androidx.work.impl.background.systemjob.SystemJobService u=0 s=10098 TIME=+14m52s440ms:none satisfied:0xb400000 unsatisfied:0x80000000}
04-22 08:52:34.701  1406  5949 I JobScheduler: bypass checkIfRestricted for JobStatus{f032a19 #u0a98/334 com.symbol.dataanalytics/androidx.work.impl.background.systemjob.SystemJobService u=0 s=10098 TIME=+5h59m52s415ms:none satisfied:0xb400000 unsatisfied:0x80000000}
04-22 08:52:34.701  1406  5949 I JobScheduler: bypass checkIfRestricted for JobStatus{38dfb3a #u0a98/333 com.symbol.dataanalytics/androidx.work.impl.background.systemjob.SystemJobService u=0 s=10098 TIME=+59m52s365ms:none satisfied:0xb400000 unsatisfied:0x80000000}
04-22 08:52:34.701  1406  5949 I JobScheduler: bypass checkIfRestricted for JobStatus{ce95be0 #u0a98/90 com.symbol.dataanalytics/androidx.work.impl.background.systemjob.SystemJobService u=0 s=10098 TIME=+41m15s818ms:none satisfied:0xb400000 unsatisfied:0x80000000}
04-22 08:52:34.701  1406  5949 I JobScheduler: bypass checkIfRestricted for JobStatus{2f9da12 #u0a98/73 com.symbol.dataanalytics/androidx.work.impl.background.systemjob.SystemJobService u=0 s=10098 TIME=+12d11h6m56s945ms:none satisfied:0xb400000 unsatisfied:0x80000000}
04-22 08:52:34.712  1406  1976 D CompatibilityChangeReporter: Compat change id reported: 265195908; UID 10163; state: ENABLED
04-22 08:52:34.718  1406  3375 W ActivityManager: Unable to start service Intent { act=com.google.android.gms.lockbox.service.START pkg=com.google.android.gms } U=0: not found
04-22 08:52:34.722  1406  1835 D CompatibilityChangeReporter: Compat change id reported: 135634846; UID 10207; state: DISABLED
04-22 08:52:34.723  1406  1835 D CompatibilityChangeReporter: Compat change id reported: 177438394; UID 10207; state: DISABLED
04-22 08:52:34.723  1406  1835 D CompatibilityChangeReporter: Compat change id reported: 135772972; UID 10207; state: DISABLED
04-22 08:52:34.723  1406  1835 D CompatibilityChangeReporter: Compat change id reported: 135754954; UID 10207; state: ENABLED
04-22 08:52:34.723  1406  1836 D CompatibilityChangeReporter: Compat change id reported: 143937733; UID 10207; state: ENABLED
04-22 08:52:34.730  1406  4981 I ActivityManager: Flag disabled. Ignoring finishAttachApplication from uid: 10081. pid: 7547
04-22 08:52:34.746  1406  3374 W JobScheduler: Job didn't exist in JobStore: ce35392 {androidx.work.systemjobscheduler} #u0a179/31 @androidx.work.systemjobscheduler@com.google.android.apps.youtube.music/androidx.work.impl.background.systemjob.SystemJobService
04-22 08:52:34.748  1406  2439 W ActivityManager: Unbind failed: could not find connection for android.os.BinderProxy@612617b
04-22 08:52:34.757  1406  2119 D CompatibilityChangeReporter: Compat change id reported: 161252188; UID 10098; state: DISABLED
04-22 08:52:34.758  1406  1976 D CompatibilityChangeReporter: Compat change id reported: 265195908; UID 10207; state: ENABLED
04-22 08:52:34.764  1406  1836 I ActivityManager: Start proc 7630:com.google.android.setupwizard/u0a207 for broadcast {com.google.android.setupwizard/com.google.android.setupwizard.pairing.PairingBootReceiver}
04-22 08:52:34.862  1406  2439 D CompatibilityChangeReporter: Compat change id reported: 161145287; UID 10084; state: ENABLED
04-22 08:52:34.871  1406  4981 D CompatibilityChangeReporter: Compat change id reported: 168419799; UID 10207; state: DISABLED
04-22 08:52:34.871  1406  4981 D CompatibilityChangeReporter: Compat change id reported: 273564678; UID 10207; state: DISABLED
04-22 08:52:34.878  1406  3375 I JobScheduler: bypass checkIfRestricted for JobStatus{7975012 #u0a91/1 com.symbol.fota/.jobservices.BootCompleteService u=0 s=10091 TIME=+2m53s281ms:+3m2s281ms satisfied:0xb400000 unsatisfied:0x80000000}
04-22 08:52:34.879  1406  3375 I JobScheduler: bypass checkIfRestricted for JobStatus{6e8d90e #u0a98/339 com.symbol.dataanalytics/androidx.work.impl.background.systemjob.SystemJobService u=0 s=10098 TIME=+4m54s362ms:none satisfied:0xb400000 unsatisfied:0x80000000}
04-22 08:52:34.879  1406  3375 I JobScheduler: bypass checkIfRestricted for JobStatus{a905078 #u0a98/335 com.symbol.dataanalytics/androidx.work.impl.background.systemjob.SystemJobService u=0 s=10098 TIME=+14m52s250ms:none satisfied:0xb400000 unsatisfied:0x80000000}
04-22 08:52:34.879  1406  3375 I JobScheduler: bypass checkIfRestricted for JobStatus{f032a19 #u0a98/334 com.symbol.dataanalytics/androidx.work.impl.background.systemjob.SystemJobService u=0 s=10098 TIME=+5h59m52s237ms:none satisfied:0xb400000 unsatisfied:0x80000000}
04-22 08:52:34.879  1406  3375 I JobScheduler: bypass checkIfRestricted for JobStatus{38dfb3a #u0a98/333 com.symbol.dataanalytics/androidx.work.impl.background.systemjob.SystemJobService u=0 s=10098 TIME=+59m52s187ms:none satisfied:0xb400000 unsatisfied:0x80000000}
04-22 08:52:34.879  1406  3375 I JobScheduler: bypass checkIfRestricted for JobStatus{ce95be0 #u0a98/90 com.symbol.dataanalytics/androidx.work.impl.background.systemjob.SystemJobService u=0 s=10098 TIME=+41m15s640ms:none satisfied:0xb400000 unsatisfied:0x80000000}
04-22 08:52:34.879  1406  3375 I JobScheduler: bypass checkIfRestricted for JobStatus{2f9da12 #u0a98/73 com.symbol.dataanalytics/androidx.work.impl.background.systemjob.SystemJobService u=0 s=10098 TIME=+12d11h6m56s767ms:none satisfied:0xb400000 unsatisfied:0x80000000}
04-22 08:52:34.879  1406  3375 I JobScheduler: bypass checkIfRestricted for JobStatus{7975012 #u0a91/1 com.symbol.fota/.jobservices.BootCompleteService u=0 s=10091 TIME=+2m53s280ms:+3m2s280ms satisfied:0xb400000 unsatisfied:0x80000000}
04-22 08:52:34.893  1406  2222 D CompatibilityChangeReporter: Compat change id reported: 170503758; UID 10207; state: ENABLED
04-22 08:52:34.926  1406  3375 E JobScheduler.JobStatus: App com.google.android.apps.youtube.music became active but still in NEVER bucket
04-22 08:52:34.973  1406  1835 D CompatibilityChangeReporter: Compat change id reported: 135634846; UID 10185; state: DISABLED
04-22 08:52:34.973  1406  1835 D CompatibilityChangeReporter: Compat change id reported: 177438394; UID 10185; state: DISABLED
04-22 08:52:34.973  1406  1835 D CompatibilityChangeReporter: Compat change id reported: 135772972; UID 10185; state: DISABLED
04-22 08:52:34.973  1406  1835 D CompatibilityChangeReporter: Compat change id reported: 135754954; UID 10185; state: ENABLED
04-22 08:52:34.974  1406  1836 D CompatibilityChangeReporter: Compat change id reported: 143937733; UID 10185; state: ENABLED
04-22 08:52:35.018  1406  1836 W ActivityManager: Slow operation: 59ms so far, now at startProcess: returned from zygote!
04-22 08:52:35.023  1406  1836 W ActivityManager: Slow operation: 64ms so far, now at startProcess: done updating battery stats
04-22 08:52:35.024  1406  1836 W ActivityManager: Slow operation: 65ms so far, now at startProcess: building log message
04-22 08:52:35.024  1406  1836 I ActivityManager: Start proc 7683:com.google.android.tts/u0a185 for broadcast {com.google.android.tts/androidx.work.impl.background.systemalarm.RescheduleReceiver}
04-22 08:52:35.024  1406  1836 W ActivityManager: Slow operation: 65ms so far, now at startProcess: starting to update pids map
04-22 08:52:35.024  1406  1836 W ActivityManager: Slow operation: 65ms so far, now at startProcess: done updating pids map
04-22 08:52:35.026  1406  3375 I JobScheduler: bypass checkIfRestricted for JobStatus{7975012 #u0a91/1 com.symbol.fota/.jobservices.BootCompleteService u=0 s=10091 TIME=+2m53s133ms:+3m2s133ms satisfied:0xb400000 unsatisfied:0x80000000}
04-22 08:52:35.028  1406  3375 I JobScheduler: bypass checkIfRestricted for JobStatus{6e8d90e #u0a98/339 com.symbol.dataanalytics/androidx.work.impl.background.systemjob.SystemJobService u=0 s=10098 TIME=+4m54s213ms:none satisfied:0xb400000 unsatisfied:0x80000000}
04-22 08:52:35.028  1406  3375 I JobScheduler: bypass checkIfRestricted for JobStatus{a905078 #u0a98/335 com.symbol.dataanalytics/androidx.work.impl.background.systemjob.SystemJobService u=0 s=10098 TIME=+14m52s101ms:none satisfied:0xb400000 unsatisfied:0x80000000}
04-22 08:52:35.028  1406  3375 I JobScheduler: bypass checkIfRestricted for JobStatus{f032a19 #u0a98/334 com.symbol.dataanalytics/androidx.work.impl.background.systemjob.SystemJobService u=0 s=10098 TIME=+5h59m52s88ms:none satisfied:0xb400000 unsatisfied:0x80000000}
04-22 08:52:35.029  1406  3375 I JobScheduler: bypass checkIfRestricted for JobStatus{38dfb3a #u0a98/333 com.symbol.dataanalytics/androidx.work.impl.background.systemjob.SystemJobService u=0 s=10098 TIME=+59m52s37ms:none satisfied:0xb400000 unsatisfied:0x80000000}
04-22 08:52:35.029  1406  3375 I JobScheduler: bypass checkIfRestricted for JobStatus{ce95be0 #u0a98/90 com.symbol.dataanalytics/androidx.work.impl.background.systemjob.SystemJobService u=0 s=10098 TIME=+41m15s490ms:none satisfied:0xb400000 unsatisfied:0x80000000}
04-22 08:52:35.029  1406  3375 I JobScheduler: bypass checkIfRestricted for JobStatus{2f9da12 #u0a98/73 com.symbol.dataanalytics/androidx.work.impl.background.systemjob.SystemJobService u=0 s=10098 TIME=+12d11h6m56s617ms:none satisfied:0xb400000 unsatisfied:0x80000000}
04-22 08:52:35.029  1406  3375 I JobScheduler: bypass checkIfRestricted for JobStatus{7975012 #u0a91/1 com.symbol.fota/.jobservices.BootCompleteService u=0 s=10091 TIME=+2m53s130ms:+3m2s130ms satisfied:0xb400000 unsatisfied:0x80000000}
04-22 08:52:35.037  1406  3374 D CompatibilityChangeReporter: Compat change id reported: 168419799; UID 10185; state: DISABLED
04-22 08:52:35.037  1406  3374 D CompatibilityChangeReporter: Compat change id reported: 273564678; UID 10185; state: DISABLED
04-22 08:52:35.055  1406  1976 D CompatibilityChangeReporter: Compat change id reported: 265195908; UID 10185; state: ENABLED
04-22 08:52:35.059  1406  3375 D CompatibilityChangeReporter: Compat change id reported: 253665015; UID 10163; state: ENABLED
04-22 08:52:35.061  1406  3375 D CompatibilityChangeReporter: Compat change id reported: 194532703; UID 10163; state: ENABLED
04-22 08:52:35.070  1406  3375 I ActivityManager: Flag disabled. Ignoring finishAttachApplication from uid: 10163. pid: 7600
04-22 08:52:35.074  1406  3374 D CompatibilityChangeReporter: Compat change id reported: 161145287; UID 10163; state: ENABLED
04-22 08:52:35.080  1406  3374 D CompatibilityChangeReporter: Compat change id reported: 183164979; UID 10179; state: ENABLED
04-22 08:52:35.084  1406  2439 E JobScheduler.JobStatus: App com.google.android.contacts became active but still in NEVER bucket
04-22 08:52:35.088  1406  3375 D CompatibilityChangeReporter: Compat change id reported: 170503758; UID 10185; state: ENABLED
04-22 08:52:35.115  1406  4981 I AppsFilter: Invalidating cache: grantImplicitAccess: 10165 -> 10163
04-22 08:52:35.158  1406  2119 D OomAdjuster: Not killing cached processes
04-22 08:52:35.166  1406  1835 D CompatibilityChangeReporter: Compat change id reported: 177438394; UID 10177; state: DISABLED
04-22 08:52:35.166  1406  1835 D CompatibilityChangeReporter: Compat change id reported: 135772972; UID 10177; state: DISABLED
04-22 08:52:35.166  1406  1835 D CompatibilityChangeReporter: Compat change id reported: 135754954; UID 10177; state: ENABLED
04-22 08:52:35.167  1406  1836 D CompatibilityChangeReporter: Compat change id reported: 143937733; UID 10177; state: ENABLED
04-22 08:52:35.181  1406  1836 I ActivityManager: Start proc 7716:com.google.android.videos/u0a177 for broadcast {com.google.android.videos/com.google.android.libraries.mediahome.providers.video.broadcastreceivers.BootCompletedReceiver}
04-22 08:52:35.199  1406  4981 E JobScheduler.JobStatus: App com.google.android.apps.youtube.music became active but still in NEVER bucket
04-22 08:52:35.200  1406  1406 I JobScheduler: bypass checkIfRestricted for JobStatus{7975012 #u0a91/1 com.symbol.fota/.jobservices.BootCompleteService u=0 s=10091 TIME=+2m52s959ms:+3m1s959ms satisfied:0xb400000 unsatisfied:0x80000000}
04-22 08:52:35.239  1406  1880 I AppsFilter: Cache invalidated while building, retrying.
04-22 08:52:35.255  1406  4989 I JobScheduler: bypass checkIfRestricted for JobStatus{7975012 #u0a91/1 com.symbol.fota/.jobservices.BootCompleteService u=0 s=10091 TIME=+2m52s905ms:+3m1s905ms satisfied:0xb400000 unsatisfied:0x80000000}
04-22 08:52:35.255  1406  4989 I JobScheduler: bypass checkIfRestricted for JobStatus{6e8d90e #u0a98/339 com.symbol.dataanalytics/androidx.work.impl.background.systemjob.SystemJobService u=0 s=10098 TIME=+4m53s986ms:none satisfied:0xb400000 unsatisfied:0x80000000}
04-22 08:52:35.255  1406  4989 I JobScheduler: bypass checkIfRestricted for JobStatus{a905078 #u0a98/335 com.symbol.dataanalytics/androidx.work.impl.background.systemjob.SystemJobService u=0 s=10098 TIME=+14m51s874ms:none satisfied:0xb400000 unsatisfied:0x80000000}
04-22 08:52:35.255  1406  4989 I JobScheduler: bypass checkIfRestricted for JobStatus{f032a19 #u0a98/334 com.symbol.dataanalytics/androidx.work.impl.background.systemjob.SystemJobService u=0 s=10098 TIME=+5h59m51s861ms:none satisfied:0xb400000 unsatisfied:0x80000000}
04-22 08:52:35.255  1406  4989 I JobScheduler: bypass checkIfRestricted for JobStatus{38dfb3a #u0a98/333 com.symbol.dataanalytics/androidx.work.impl.background.systemjob.SystemJobService u=0 s=10098 TIME=+59m51s811ms:none satisfied:0xb400000 unsatisfied:0x80000000}
04-22 08:52:35.255  1406  4989 I JobScheduler: bypass checkIfRestricted for JobStatus{ce95be0 #u0a98/90 com.symbol.dataanalytics/androidx.work.impl.background.systemjob.SystemJobService u=0 s=10098 TIME=+41m15s264ms:none satisfied:0xb400000 unsatisfied:0x80000000}
04-22 08:52:35.255  1406  4989 I JobScheduler: bypass checkIfRestricted for JobStatus{2f9da12 #u0a98/73 com.symbol.dataanalytics/androidx.work.impl.background.systemjob.SystemJobService u=0 s=10098 TIME=+12d11h6m56s391ms:none satisfied:0xb400000 unsatisfied:0x80000000}
04-22 08:52:35.256  1406  4989 I JobScheduler: bypass checkIfRestricted for JobStatus{7975012 #u0a91/1 com.symbol.fota/.jobservices.BootCompleteService u=0 s=10091 TIME=+2m52s904ms:+3m1s904ms satisfied:0xb400000 unsatisfied:0x80000000}
04-22 08:52:35.259  1406  4989 D CompatibilityChangeReporter: Compat change id reported: 168419799; UID 10177; state: DISABLED
04-22 08:52:35.259  1406  4989 D CompatibilityChangeReporter: Compat change id reported: 273564678; UID 10177; state: DISABLED
04-22 08:52:35.264  1406  1976 D CompatibilityChangeReporter: Compat change id reported: 265195908; UID 10177; state: ENABLED
04-22 08:52:35.307   674   692 W keystore2: system/security/keystore2/src/remote_provisioning.rs:102 - Error occurred: system/security/keystore2/src/rkpd_client.rs:226: Trying to get to IRegistration service.
04-22 08:52:35.307   674   692 W keystore2: 
04-22 08:52:35.307   674   692 W keystore2: Caused by:
04-22 08:52:35.307   674   692 W keystore2:     0: system/security/keystore2/src/rkpd_client.rs:120: Trying to get IRPC name.
04-22 08:52:35.307   674   692 W keystore2:     1: system/security/keystore2/src/globals.rs:444
04-22 08:52:35.307   674   692 W keystore2:     2: Error::Km(r#HARDWARE_TYPE_UNAVAILABLE)
04-22 08:52:35.310  1406  3374 D CompatibilityChangeReporter: Compat change id reported: 170503758; UID 10177; state: ENABLED
04-22 08:52:35.355  1406  3374 E JobScheduler.JobStatus: App com.google.android.contacts became active but still in NEVER bucket
04-22 08:52:35.365  1406  4981 E JobScheduler.JobStatus: App com.google.android.apps.youtube.music became active but still in NEVER bucket
04-22 08:52:35.375  1406  2222 I ActivityManager: com.android.vending is exempt from freezer
04-22 08:52:35.375  1406  2222 D CompatibilityChangeReporter: Compat change id reported: 135634846; UID 10160; state: DISABLED
04-22 08:52:35.375  1406  2222 D CompatibilityChangeReporter: Compat change id reported: 177438394; UID 10160; state: DISABLED
04-22 08:52:35.375  1406  2222 D CompatibilityChangeReporter: Compat change id reported: 135772972; UID 10160; state: DISABLED
04-22 08:52:35.375  1406  2222 D CompatibilityChangeReporter: Compat change id reported: 135754954; UID 10160; state: ENABLED
04-22 08:52:35.376  1406  1836 D CompatibilityChangeReporter: Compat change id reported: 143937733; UID 10160; state: ENABLED
04-22 08:52:35.395  1406  1836 I ActivityManager: Start proc 7749:com.android.vending:background/u0a160 for service {com.android.vending/com.google.frameworks.client.data.android.server.play.BackgroundProcessEndpointService}
04-22 08:52:35.408  1406  3374 D CompatibilityChangeReporter: Compat change id reported: 271850009; UID 10194; state: ENABLED
04-22 08:52:35.409  1406  2439 D CompatibilityChangeReporter: Compat change id reported: 149924527; UID 10160; state: ENABLED
04-22 08:52:35.409  1406  2222 D CompatibilityChangeReporter: Compat change id reported: 132649864; UID 10160; state: DISABLED
04-22 08:52:35.435  1406  1835 D CompatibilityChangeReporter: Compat change id reported: 135634846; UID 10103; state: DISABLED
04-22 08:52:35.435  1406  1835 D CompatibilityChangeReporter: Compat change id reported: 177438394; UID 10103; state: DISABLED
04-22 08:52:35.435  1406  1835 D CompatibilityChangeReporter: Compat change id reported: 135772972; UID 10103; state: DISABLED
04-22 08:52:35.436  1406  1835 D CompatibilityChangeReporter: Compat change id reported: 135754954; UID 10103; state: ENABLED
04-22 08:52:35.437  1406  1836 D CompatibilityChangeReporter: Compat change id reported: 143937733; UID 10103; state: ENABLED
04-22 08:52:35.444  1406  2222 D CompatibilityChangeReporter: Compat change id reported: 168419799; UID 10160; state: DISABLED
04-22 08:52:35.444  1406  2222 D CompatibilityChangeReporter: Compat change id reported: 273564678; UID 10160; state: DISABLED
04-22 08:52:35.448  1406  1836 I ActivityManager: Start proc 7765:com.google.android.wfcactivation/u0a103 for broadcast {com.google.android.wfcactivation/com.google.android.wfcactivation.fcm.FcmRegistrationReceiver}
04-22 08:52:35.487  1406  3374 I ActivityManager: Flag disabled. Ignoring finishAttachApplication from uid: 10207. pid: 7630
04-22 08:52:35.501  1406  3375 D CompatibilityChangeReporter: Compat change id reported: 170503758; UID 10160; state: ENABLED
04-22 08:52:35.502  1406  3374 D CompatibilityChangeReporter: Compat change id reported: 168419799; UID 10103; state: DISABLED
04-22 08:52:35.502  1406  3374 D CompatibilityChangeReporter: Compat change id reported: 273564678; UID 10103; state: DISABLED
04-22 08:52:35.512  1406  1976 D CompatibilityChangeReporter: Compat change id reported: 265195908; UID 10103; state: ENABLED
04-22 08:52:35.523  1406  3375 D CompatibilityChangeReporter: Compat change id reported: 170503758; UID 10103; state: ENABLED
04-22 08:52:35.538  1406  3375 E JobScheduler.JobStatus: App com.google.android.contacts became active but still in NEVER bucket
04-22 08:52:35.550  1406  1835 D CompatibilityChangeReporter: Compat change id reported: 135634846; UID 10192; state: DISABLED
04-22 08:52:35.550  1406  1835 D CompatibilityChangeReporter: Compat change id reported: 177438394; UID 10192; state: DISABLED
04-22 08:52:35.550  1406  1835 D CompatibilityChangeReporter: Compat change id reported: 135772972; UID 10192; state: DISABLED
04-22 08:52:35.550  1406  1835 D CompatibilityChangeReporter: Compat change id reported: 135754954; UID 10192; state: ENABLED
04-22 08:52:35.551  1406  1836 D CompatibilityChangeReporter: Compat change id reported: 143937733; UID 10192; state: ENABLED
04-22 08:52:35.562  1406  1836 I ActivityManager: Start proc 7792:com.google.android.youtube/u0a192 for broadcast {com.google.android.youtube/com.google.android.libraries.youtube.mdx.background.MdxBackgroundScanBootReceiver}
04-22 08:52:35.652  1406  4970 D CompatibilityChangeReporter: Compat change id reported: 135634846; UID 1000; state: DISABLED
04-22 08:52:35.652  1406  4970 D CompatibilityChangeReporter: Compat change id reported: 177438394; UID 1000; state: DISABLED
04-22 08:52:35.655  1406  4970 D CompatibilityChangeReporter: Compat change id reported: 135772972; UID 1000; state: DISABLED
04-22 08:52:35.655  1406  4970 D CompatibilityChangeReporter: Compat change id reported: 135754954; UID 1000; state: ENABLED
04-22 08:52:35.658  1406  3356 D CompatibilityChangeReporter: Compat change id reported: 261072174; UID 10163; state: ENABLED
04-22 08:52:35.663  1406  4989 D CompatibilityChangeReporter: Compat change id reported: 168419799; UID 10192; state: DISABLED
04-22 08:52:35.664  1406  4989 D CompatibilityChangeReporter: Compat change id reported: 273564678; UID 10192; state: DISABLED
04-22 08:52:35.679  1406  4973 I ActivityManager: Flag disabled. Ignoring finishAttachApplication from uid: 10103. pid: 7765
04-22 08:52:35.682  1406  4973 D CompatibilityChangeReporter: Compat change id reported: 271850009; UID 10103; state: ENABLED
04-22 08:52:35.683  1406  4973 D CompatibilityChangeReporter: Compat change id reported: 253665015; UID 10103; state: ENABLED
04-22 08:52:35.683  1406  4973 D CompatibilityChangeReporter: Compat change id reported: 194532703; UID 10103; state: ENABLED
04-22 08:52:35.686  1406  4981 D CompatibilityChangeReporter: Compat change id reported: 170503758; UID 10192; state: ENABLED
04-22 08:52:35.688  1406  1836 I ActivityManager: Start proc 7811:com.symbol.dataanalytics.systemhelper/1000 for service {com.symbol.dataanalytics.systemhelper/com.symbol.dataanalytics.systemhelper.HelperService}
04-22 08:52:35.698  1406  1976 D CompatibilityChangeReporter: Compat change id reported: 265195908; UID 10192; state: ENABLED
04-22 08:52:35.742  1406  4970 D CompatibilityChangeReporter: Compat change id reported: 168419799; UID 1000; state: DISABLED
04-22 08:52:35.742  1406  4970 D CompatibilityChangeReporter: Compat change id reported: 273564678; UID 1000; state: DISABLED
04-22 08:52:35.749  1406  1836 I ActivityManager: Start proc 7830:com.qualcomm.qti.notificationservice/1000 for broadcast {com.qualcomm.qti.notificationservice/com.qualcomm.qti.notificationservice.BootReceiver}
04-22 08:52:35.793  1406  4970 D CompatibilityChangeReporter: Compat change id reported: 168419799; UID 1000; state: DISABLED
04-22 08:52:35.794  1406  4970 D CompatibilityChangeReporter: Compat change id reported: 273564678; UID 1000; state: DISABLED
04-22 08:52:35.858  1406  1406 I JobScheduler: bypass checkIfRestricted for JobStatus{7975012 #u0a91/1 com.symbol.fota/.jobservices.BootCompleteService u=0 s=10091 TIME=+2m52s301ms:+3m1s301ms satisfied:0xb400000 unsatisfied:0x80000000}
04-22 08:52:35.951  1406  2222 I ActivityManager: Flag disabled. Ignoring finishAttachApplication from uid: 10185. pid: 7683
04-22 08:52:35.998  1406  3356 I JobScheduler: bypass checkIfRestricted for JobStatus{d415550 #u0a98/342 com.symbol.dataanalytics/androidx.work.impl.background.systemjob.SystemJobService u=0 s=10098 TIME=+8s992ms:none satisfied:0xb400000 unsatisfied:0x80000000}
04-22 08:52:35.999  1406  4981 D CompatibilityChangeReporter: Compat change id reported: 261072174; UID 10185; state: ENABLED
04-22 08:52:36.020  1406  4973 I ActivityManager: com.android.vending is exempt from freezer
04-22 08:52:36.020  1406  4973 D CompatibilityChangeReporter: Compat change id reported: 135634846; UID 10160; state: DISABLED
04-22 08:52:36.020  1406  4973 D CompatibilityChangeReporter: Compat change id reported: 177438394; UID 10160; state: DISABLED
04-22 08:52:36.020  1406  4973 D CompatibilityChangeReporter: Compat change id reported: 135772972; UID 10160; state: DISABLED
04-22 08:52:36.021  1406  4973 D CompatibilityChangeReporter: Compat change id reported: 135754954; UID 10160; state: ENABLED
04-22 08:52:36.021  1406  1836 D CompatibilityChangeReporter: Compat change id reported: 143937733; UID 10160; state: ENABLED
04-22 08:52:36.032  1406  1836 I ActivityManager: Start proc 7873:com.android.vending:quick_launch/u0a160 for service {com.android.vending/com.google.frameworks.client.data.android.server.play.QuickLaunchProcessEndpointService}
04-22 08:52:36.045  1406  4973 I JobScheduler: bypass checkIfRestricted for JobStatus{ea31b4f #u0a98/343 com.symbol.dataanalytics/androidx.work.impl.background.systemjob.SystemJobService u=0 s=10098 READY}
04-22 08:52:36.089  7811  7811 W ActivityThread: ClassLoader.getResources: The class loader returned by Thread.getContextClassLoader() may fail for processes that host multiple applications. You should explicitly specify a context class loader. For example: Thread.setContextClassLoader(getClass().getClassLoader());
04-22 08:52:36.130  1406  2439 I ActivityManager: Flag disabled. Ignoring finishAttachApplication from uid: 1000. pid: 7811
04-22 08:52:36.149  1406  4973 D CompatibilityChangeReporter: Compat change id reported: 161145287; UID 10185; state: ENABLED
04-22 08:52:36.152  1406  2439 D CompatibilityChangeReporter: Compat change id reported: 161145287; UID 10177; state: ENABLED
04-22 08:52:36.161  1406  4973 I ActivityManager: Flag disabled. Ignoring finishAttachApplication from uid: 1000. pid: 7830
04-22 08:52:36.163  7830  7830 W ContextImpl: Calling a method in the system process without a qualified user: android.app.ContextImpl.startService:1899 android.content.ContextWrapper.startService:825 android.content.ContextWrapper.startService:825 com.qualcomm.qti.notificationservice.BootReceiver.onReceive:28 android.app.ActivityThread.handleReceiver:4450 
04-22 08:52:36.167  1406  1835 D CompatibilityChangeReporter: Compat change id reported: 135634846; UID 10148; state: DISABLED
04-22 08:52:36.167  1406  1835 D CompatibilityChangeReporter: Compat change id reported: 177438394; UID 10148; state: DISABLED
04-22 08:52:36.167  1406  1835 D CompatibilityChangeReporter: Compat change id reported: 135772972; UID 10148; state: DISABLED
04-22 08:52:36.167  1406  1835 D CompatibilityChangeReporter: Compat change id reported: 135754954; UID 10148; state: ENABLED
04-22 08:52:36.168  1406  1836 D CompatibilityChangeReporter: Compat change id reported: 143937733; UID 10148; state: ENABLED
04-22 08:52:36.175  1406  4981 D CompatibilityChangeReporter: Compat change id reported: 161145287; UID 1000; state: ENABLED
04-22 08:52:36.175  1406  4981 D CompatibilityChangeReporter: Compat change id reported: 161145287; UID 1000; state: DISABLED
04-22 08:52:36.186  1406  1836 I ActivityManager: Start proc 7900:com.qualcomm.qti.qms.service.connectionsecurity/u0a148 for broadcast {com.qualcomm.qti.qms.service.connectionsecurity/com.qualcomm.qti.qms.service.connectionsecurity.ConnSecBroadcastReceiver}
04-22 08:52:36.258  1406  2439 D CompatibilityChangeReporter: Compat change id reported: 168419799; UID 10148; state: DISABLED
04-22 08:52:36.258  1406  2439 D CompatibilityChangeReporter: Compat change id reported: 273564678; UID 10148; state: DISABLED
04-22 08:52:36.263  1406  1976 D CompatibilityChangeReporter: Compat change id reported: 265195908; UID 10148; state: ENABLED
04-22 08:52:36.289  1406  4981 V ShortcutService: hasShortcutHostPermissionInner callers : com.android.server.pm.ShortcutService.hasShortcutHostPermission:2775 com.android.server.pm.ShortcutService$LocalService.hasShortcutHostPermission:3683 com.android.server.usage.UsageStatsService.shouldHideShortcutInvocationEvents:643 com.android.server.usage.UsageStatsService.-$$Nest$mshouldHideShortcutInvocationEvents:0 com.android.server.usage.UsageStatsService$BinderService.queryEvents:2204 android.app.usage.IUsageStatsManager$Stub.onTransact:417 android.os.Binder.execTransactInternal:1339 android.os.Binder.execTransact:1275 <bottom of call stack> <bottom of call stack> 
04-22 08:52:36.289  1406  4981 V ShortcutService: hasShortcutHostPermissionInner: com.google.android.gms userId: 0
04-22 08:52:36.295  1406  4981 D CompatibilityChangeReporter: Compat change id reported: 161252188; UID 10261; state: DISABLED
04-22 08:52:36.304  1406  4981 D CompatibilityChangeReporter: Compat change id reported: 170503758; UID 10148; state: ENABLED
04-22 08:52:36.324  1406  2439 E JobScheduler.JobStatus: App com.google.android.apps.youtube.music became active but still in NEVER bucket
04-22 08:52:36.340  1406  4989 D CompatibilityChangeReporter: Compat change id reported: 261072174; UID 10177; state: ENABLED
04-22 08:52:36.367  1406  2439 D CompatibilityChangeReporter: Compat change id reported: 161252188; UID 1000; state: DISABLED
04-22 08:52:36.414  1406  2439 I ActivityManager: Flag disabled. Ignoring finishAttachApplication from uid: 10192. pid: 7792
04-22 08:52:36.418  1406  2753 W JobScheduler: Job didn't exist in JobStore: cf05c08 {androidx.work.systemjobscheduler} #u0a194/555000032 @androidx.work.systemjobscheduler@com.google.android.gm/androidx.work.impl.background.systemjob.SystemJobService
04-22 08:52:36.421  1406  4989 I ActivityManager: Flag disabled. Ignoring finishAttachApplication from uid: 10160. pid: 7749
04-22 08:52:36.426  1406  4989 E JobScheduler.JobStatus: App com.google.android.apps.youtube.music became active but still in NEVER bucket
04-22 08:52:36.443  1406  3375 D CompatibilityChangeReporter: Compat change id reported: 271850009; UID 10177; state: ENABLED
04-22 08:52:36.444  1406  3375 D CompatibilityChangeReporter: Compat change id reported: 253665015; UID 10177; state: ENABLED
04-22 08:52:36.444  1406  3375 D CompatibilityChangeReporter: Compat change id reported: 194532703; UID 10177; state: ENABLED
04-22 08:52:36.444  1406  3375 E JobScheduler.JobStatus: App com.google.android.videos became active but still in NEVER bucket
04-22 08:52:36.446  1406  3375 E JobScheduler.JobStatus: App com.google.android.videos became active but still in NEVER bucket
04-22 08:52:36.526  1406  3356 W JobScheduler: Job didn't exist in JobStore: 53112c0 #u0a163/8192 com.google.android.partnersetup/.ClientIdJobService
04-22 08:52:36.527  1406  2222 E JobScheduler.JobStatus: App com.google.android.apps.youtube.music became active but still in NEVER bucket
04-22 08:52:36.559  1406  3356 I MediaSessionStack: addSession to bottom of stack | record: com.google.android.videos/play_movies_media (userId=0)
04-22 08:52:36.612  1406  1406 I JobScheduler: bypass checkIfRestricted for JobStatus{7975012 #u0a91/1 com.symbol.fota/.jobservices.BootCompleteService u=0 s=10091 TIME=+2m51s547ms:+3m0s547ms satisfied:0xb400000 unsatisfied:0x80000000}
04-22 08:52:36.660  1406  2222 D CompatibilityChangeReporter: Compat change id reported: 161145287; UID 10192; state: ENABLED
04-22 08:52:36.685  1406  4989 E JobScheduler.JobStatus: App com.google.android.videos became active but still in NEVER bucket
04-22 08:52:36.692  1406  4973 I ActivityManager: Flag disabled. Ignoring finishAttachApplication from uid: 10177. pid: 7716
04-22 08:52:36.696  1406  2753 I ActivityManager: Flag disabled. Ignoring finishAttachApplication from uid: 10148. pid: 7900
04-22 08:52:36.704  1406  1835 D CompatibilityChangeReporter: Compat change id reported: 135634846; UID 10203; state: DISABLED
04-22 08:52:36.704  1406  1835 D CompatibilityChangeReporter: Compat change id reported: 177438394; UID 10203; state: DISABLED
04-22 08:52:36.704  1406  1835 D CompatibilityChangeReporter: Compat change id reported: 135772972; UID 10203; state: DISABLED
04-22 08:52:36.704  1406  1835 D CompatibilityChangeReporter: Compat change id reported: 135754954; UID 10203; state: ENABLED
04-22 08:52:36.704  1406  1836 D CompatibilityChangeReporter: Compat change id reported: 143937733; UID 10203; state: ENABLED
04-22 08:52:36.713  1406  1836 I ActivityManager: Start proc 8040:com.quicinc.voice.activation/u0a203 for broadcast {com.quicinc.voice.activation/com.quicinc.voice.activation.receiver.VoiceAssistReceiver}
04-22 08:52:36.756  1406  3356 D CompatibilityChangeReporter: Compat change id reported: 253665015; UID 10185; state: ENABLED
04-22 08:52:36.756  1406  3356 D CompatibilityChangeReporter: Compat change id reported: 194532703; UID 10185; state: ENABLED
04-22 08:52:36.765  1406  3356 D CompatibilityChangeReporter: Compat change id reported: 168419799; UID 10203; state: DISABLED
04-22 08:52:36.765  1406  3356 D CompatibilityChangeReporter: Compat change id reported: 273564678; UID 10203; state: DISABLED
04-22 08:52:36.770  1406  1976 D CompatibilityChangeReporter: Compat change id reported: 265195908; UID 10203; state: ENABLED
04-22 08:52:36.819  1406  4973 D CompatibilityChangeReporter: Compat change id reported: 261072174; UID 10192; state: ENABLED
04-22 08:52:36.826  1406  2753 D CompatibilityChangeReporter: Compat change id reported: 170503758; UID 10203; state: ENABLED
04-22 08:52:36.896  1406  4989 D CompatibilityChangeReporter: Compat change id reported: 229362273; UID 10165; state: ENABLED
04-22 08:52:36.903  1406  1835 D CompatibilityChangeReporter: Compat change id reported: 135634846; UID 10224; state: DISABLED
04-22 08:52:36.903  1406  1835 D CompatibilityChangeReporter: Compat change id reported: 177438394; UID 10224; state: DISABLED
04-22 08:52:36.903  1406  1835 D CompatibilityChangeReporter: Compat change id reported: 135772972; UID 10224; state: DISABLED
04-22 08:52:36.903  1406  1835 D CompatibilityChangeReporter: Compat change id reported: 135754954; UID 10224; state: ENABLED
04-22 08:52:36.905  1406  1836 D CompatibilityChangeReporter: Compat change id reported: 143937733; UID 10224; state: ENABLED
04-22 08:52:36.908  1406  4989 E JobScheduler.JobStatus: App com.google.android.videos became active but still in NEVER bucket
04-22 08:52:36.926  1406  1836 I ActivityManager: Start proc 8089:com.symbol.fusionsettings/u0a224 for broadcast {com.symbol.fusionsettings/com.symbol.fusionsettings.StartFusionServiceReceiver}
04-22 08:52:36.948  1406  1835 I ActivityManager: Waited long enough for: ServiceRecord{ee1655d u0 com.zebra.wirelessservice/.WirelessDisplayService}
04-22 08:52:36.951  1406  2439 D CompatibilityChangeReporter: Compat change id reported: 271850009; UID 10185; state: ENABLED
04-22 08:52:36.957  1406  4986 V ShortcutService: hasShortcutHostPermissionInner callers : com.android.server.pm.ShortcutService.hasShortcutHostPermission:2775 com.android.server.pm.ShortcutService$LocalService.hasShortcutHostPermission:3683 com.android.server.usage.UsageStatsService.shouldHideShortcutInvocationEvents:643 com.android.server.usage.UsageStatsService.-$$Nest$mshouldHideShortcutInvocationEvents:0 com.android.server.usage.UsageStatsService$BinderService.queryEvents:2204 android.app.usage.IUsageStatsManager$Stub.onTransact:417 android.os.Binder.execTransactInternal:1339 android.os.Binder.execTransact:1275 <bottom of call stack> <bottom of call stack> 
04-22 08:52:36.957  1406  4986 V ShortcutService: hasShortcutHostPermissionInner: com.google.android.gms userId: 0
04-22 08:52:36.991  1406  2439 D CompatibilityChangeReporter: Compat change id reported: 271850009; UID 10160; state: ENABLED
04-22 08:52:36.991  1406  2439 D CompatibilityChangeReporter: Compat change id reported: 253665015; UID 10160; state: ENABLED
04-22 08:52:36.991  1406  2439 D CompatibilityChangeReporter: Compat change id reported: 194532703; UID 10160; state: ENABLED
04-22 08:52:37.008  1406  2439 W JobScheduler: Job didn't exist in JobStore: ee15508 {androidx.work.systemjobscheduler} #u0a177/56 @androidx.work.systemjobscheduler@com.google.android.videos/androidx.work.impl.background.systemjob.SystemJobService
04-22 08:52:37.035  1406  3375 D CompatibilityChangeReporter: Compat change id reported: 161145287; UID 10203; state: ENABLED
04-22 08:52:37.038  1406  2439 D CompatibilityChangeReporter: Compat change id reported: 168419799; UID 10224; state: DISABLED
04-22 08:52:37.038  1406  2439 D CompatibilityChangeReporter: Compat change id reported: 273564678; UID 10224; state: DISABLED
04-22 08:52:37.043  1406  1976 D CompatibilityChangeReporter: Compat change id reported: 265195908; UID 10224; state: ENABLED
04-22 08:52:37.048  1406  4989 D CompatibilityChangeReporter: Compat change id reported: 170503758; UID 10224; state: ENABLED
04-22 08:52:37.152  1406  4989 V ShortcutService: hasShortcutHostPermissionInner callers : com.android.server.pm.ShortcutService.hasShortcutHostPermission:2775 com.android.server.pm.ShortcutService$LocalService.hasShortcutHostPermission:3683 com.android.server.usage.UsageStatsService.shouldHideShortcutInvocationEvents:643 com.android.server.usage.UsageStatsService.-$$Nest$mshouldHideShortcutInvocationEvents:0 com.android.server.usage.UsageStatsService$BinderService.queryEvents:2204 android.app.usage.IUsageStatsManager$Stub.onTransact:417 android.os.Binder.execTransactInternal:1339 android.os.Binder.execTransact:1275 <bottom of call stack> <bottom of call stack> 
04-22 08:52:37.152  1406  4989 V ShortcutService: hasShortcutHostPermissionInner: com.symbol.dataanalytics.dca userId: 0
04-22 08:52:37.156  1406  5949 I JobScheduler: bypass checkIfRestricted for JobStatus{7975012 #u0a91/1 com.symbol.fota/.jobservices.BootCompleteService u=0 s=10091 TIME=+2m51s3ms:+3m0s3ms satisfied:0xb400000 unsatisfied:0x80000000}
04-22 08:52:37.156  1406  5949 I JobScheduler: bypass checkIfRestricted for JobStatus{d415550 #u0a98/342 com.symbol.dataanalytics/androidx.work.impl.background.systemjob.SystemJobService u=0 s=10098 TIME=+7s834ms:none satisfied:0xb400000 unsatisfied:0x80000000}
04-22 08:52:37.156  1406  5949 I JobScheduler: bypass checkIfRestricted for JobStatus{491cfa1 #u0a98/341 com.symbol.dataanalytics/androidx.work.impl.background.systemjob.SystemJobService u=0 s=10098 TIME=+4m58s660ms:none satisfied:0xb400000 unsatisfied:0x80000000}
04-22 08:52:37.156  1406  5949 I JobScheduler: bypass checkIfRestricted for JobStatus{6e8d90e #u0a98/339 com.symbol.dataanalytics/androidx.work.impl.background.systemjob.SystemJobService u=0 s=10098 TIME=+4m52s85ms:none satisfied:0xb400000 unsatisfied:0x80000000}
04-22 08:52:37.156  1406  5949 I JobScheduler: bypass checkIfRestricted for JobStatus{a905078 #u0a98/335 com.symbol.dataanalytics/androidx.work.impl.background.systemjob.SystemJobService u=0 s=10098 TIME=+14m49s973ms:none satisfied:0xb400000 unsatisfied:0x80000000}
04-22 08:52:37.156  1406  5949 I JobScheduler: bypass checkIfRestricted for JobStatus{f032a19 #u0a98/334 com.symbol.dataanalytics/androidx.work.impl.background.systemjob.SystemJobService u=0 s=10098 TIME=+5h59m49s960ms:none satisfied:0xb400000 unsatisfied:0x80000000}
04-22 08:52:37.157  1406  5949 I JobScheduler: bypass checkIfRestricted for JobStatus{38dfb3a #u0a98/333 com.symbol.dataanalytics/androidx.work.impl.background.systemjob.SystemJobService u=0 s=10098 TIME=+59m49s910ms:none satisfied:0xb400000 unsatisfied:0x80000000}
