04-21 14:13:11.576  9788  9876 E  ##ZDCP## : [UpdaterFacade] The engine has not set preferred BauRate
04-21 14:13:11.576  9788  9876 E  ##ZDCP## : [UpdaterFacade] The engine has not set preferred BauRate
04-21 14:13:11.576  9788  9876 E  ##ZDCP## : [UpdaterFacade] The engine has not set preferred BauRate
04-21 14:13:11.576  9788  9876 E  ##ZDCP## : [UpdaterFacade] The engine has not set preferred BauRate
04-21 14:13:11.576  9788  9876 E  ##ZDCP## : [UpdaterFacade] The engine has not set preferred BauRate
04-21 14:13:11.577  9788  9876 E  ##ZDCP## : [UpdaterFacade] The engine has not set preferred BauRate
04-21 14:13:11.577  9788  9876 E  ##ZDCP## : [UpdaterFacade] The engine has not set preferred BauRate
04-21 14:13:11.577  9788  9876 E  ##ZDCP## : [UpdaterFacade] The engine has not set preferred BauRate
04-21 14:13:11.577  9788  9876 E  ##ZDCP## : [UpdaterFacade] The engine has not set preferred BauRate
04-21 14:13:11.577  9788  9876 E  ##ZDCP## : [UpdaterFacade] The engine has not set preferred BauRate
04-21 14:13:11.578  9788  9876 E  ##ZDCP## : [UpdaterFacade] The engine has not set preferred BauRate
04-21 14:13:11.578  9788  9876 E  ##ZDCP## : [UpdaterFacade] The engine has not set preferred BauRate
04-21 14:13:11.578  9788  9876 E  ##ZDCP## : [UpdaterFacade] The engine has not set preferred BauRate
04-21 14:13:11.578  9788  9876 E  ##ZDCP## : [UpdaterFacade] The engine has not set preferred BauRate
04-21 14:13:11.578  9788  9876 E  ##ZDCP## : [UpdaterFacade] The engine has not set preferred BauRate
04-21 14:13:11.579  9788  9876 E  ##ZDCP## : [UpdaterFacade] The engine has not set preferred BauRate
04-21 14:13:11.579  9788  9876 E  ##ZDCP## : [UpdaterFacade] The engine has not set preferred BauRate
04-21 14:13:11.579  9788  9876 E  ##ZDCP## : [UpdaterFacade] The engine has not set preferred BauRate
04-21 14:13:11.579  9788  9876 E  ##ZDCP## : [UpdaterFacade] The engine has not set preferred BauRate
04-21 14:13:11.579  9788  9876 E  ##ZDCP## : [UpdaterFacade] The engine has not set preferred BauRate
04-21 14:13:11.580  9788  9876 E  ##ZDCP## : [UpdaterFacade] The engine has not set preferred BauRate
04-21 14:13:11.580  9788  9876 E  ##ZDCP## : [UpdaterFacade] The engine has not set preferred BauRate
04-21 14:13:11.580  9788  9876 E  ##ZDCP## : [UpdaterFacade] The engine has not set preferred BauRate
04-21 14:13:11.580  9788  9876 E  ##ZDCP## : [UpdaterFacade] The engine has not set preferred BauRate
04-21 14:13:11.580  9788  9876 E  ##ZDCP## : [UpdaterFacade] The engine has not set preferred BauRate
04-21 14:13:11.581  9788  9876 E  ##ZDCP## : [UpdaterFacade] The engine has not set preferred BauRate
04-21 14:13:11.581  9788  9876 E  ##ZDCP## : [UpdaterFacade] The engine has not set preferred BauRate
04-21 14:13:11.581  9788  9876 E  ##ZDCP## : [UpdaterFacade] The engine has not set preferred BauRate
04-21 14:13:11.581  9788  9876 E  ##ZDCP## : [UpdaterFacade] The engine has not set preferred BauRate
04-21 14:13:11.581  9788  9876 E  ##ZDCP## : [UpdaterFacade] The engine has not set preferred BauRate
04-21 14:13:11.582  9788  9876 E  ##ZDCP## : [UpdaterFacade] The engine has not set preferred BauRate
04-21 14:13:11.582  9788  9876 E  ##ZDCP## : [UpdaterFacade] The engine has not set preferred BauRate
04-21 14:13:11.582  9788  9876 E  ##ZDCP## : [UpdaterFacade] The engine has not set preferred BauRate
04-21 14:13:11.582  9788  9876 E  ##ZDCP## : [UpdaterFacade] The engine has not set preferred BauRate
04-21 14:13:11.582  9788  9876 E  ##ZDCP## : [UpdaterFacade] The engine has not set preferred BauRate
04-21 14:13:11.583  9788  9876 E  ##ZDCP## : [UpdaterFacade] The engine has not set preferred BauRate
04-21 14:13:11.583  9788  9876 E  ##ZDCP## : [UpdaterFacade] The engine has not set preferred BauRate
04-21 14:13:11.583  9788  9876 E  ##ZDCP## : [UpdaterFacade] The engine has not set preferred BauRate
04-21 14:13:11.583  9788  9876 E  ##ZDCP## : [UpdaterFacade] The engine has not set preferred BauRate
04-21 14:13:11.583  9788  9876 E  ##ZDCP## : [UpdaterFacade] The engine has not set preferred BauRate
04-21 14:13:11.584  9788  9876 E  ##ZDCP## : [UpdaterFacade] The engine has not set preferred BauRate
04-21 14:13:11.584  9788  9876 E  ##ZDCP## : [UpdaterFacade] The engine has not set preferred BauRate
04-21 14:13:11.584  9788  9876 E  ##ZDCP## : [UpdaterFacade] The engine has not set preferred BauRate
04-21 14:13:11.584  9788  9876 E  ##ZDCP## : [UpdaterFacade] The engine has not set preferred BauRate
04-21 14:13:11.584  9788  9876 E  ##ZDCP## : [UpdaterFacade] The engine has not set preferred BauRate
04-21 14:13:11.585  9788  9876 E  ##ZDCP## : [UpdaterFacade] The engine has not set preferred BauRate
04-21 14:13:11.585  9788  9876 E  ##ZDCP## : [UpdaterFacade] The engine has not set preferred BauRate
04-21 14:13:11.585  9788  9876 E  ##ZDCP## : [UpdaterFacade] The engine has not set preferred BauRate
04-21 14:13:11.585  9788  9876 E  ##ZDCP## : [UpdaterFacade] The engine has not set preferred BauRate
04-21 14:13:11.585  9788  9876 E  ##ZDCP## : [UpdaterFacade] The engine has not set preferred BauRate
04-21 14:13:11.585  9788  9876 E  ##ZDCP## : [UpdaterFacade] The engine has not set preferred BauRate
04-21 14:13:11.586  9788  9876 E  ##ZDCP## : [UpdaterFacade] The engine has not set preferred BauRate
04-21 14:13:11.586  9788  9876 E  ##ZDCP## : [UpdaterFacade] The engine has not set preferred BauRate
04-21 14:13:11.586  9788  9876 E  ##ZDCP## : [UpdaterFacade] The engine has not set preferred BauRate
04-21 14:13:11.586  9788  9876 E  ##ZDCP## : [UpdaterFacade] The engine has not set preferred BauRate
04-21 14:13:11.586  9788  9876 E  ##ZDCP## : [UpdaterFacade] The engine has not set preferred BauRate
04-21 14:13:11.587  9788  9876 E  ##ZDCP## : [UpdaterFacade] The engine has not set preferred BauRate
04-21 14:13:11.587  9788  9876 E  ##ZDCP## : [UpdaterFacade] The engine has not set preferred BauRate
04-21 14:13:11.587  9788  9876 E  ##ZDCP## : [UpdaterFacade] The engine has not set preferred BauRate
04-21 14:13:11.588  9788  9876 E  ##ZDCP## : [UpdaterFacade] The engine has not set preferred BauRate
04-21 14:13:11.588  9788  9876 E  ##ZDCP## : [UpdaterFacade] The engine has not set preferred BauRate
04-21 14:13:11.588  9788  9876 E  ##ZDCP## : [UpdaterFacade] The engine has not set preferred BauRate
04-21 14:13:11.588  9788  9876 E  ##ZDCP## : [UpdaterFacade] The engine has not set preferred BauRate
04-21 14:13:11.588  9788  9876 E  ##ZDCP## : [UpdaterFacade] The engine has not set preferred BauRate
04-21 14:13:11.589  9788  9876 E  ##ZDCP## : [UpdaterFacade] The engine has not set preferred BauRate
04-21 14:13:11.589  9788  9876 E  ##ZDCP## : [UpdaterFacade] The engine has not set preferred BauRate
04-21 14:13:11.589  9788  9876 E  ##ZDCP## : [UpdaterFacade] The engine has not set preferred BauRate
04-21 14:13:11.589  9788  9876 E  ##ZDCP## : [UpdaterFacade] The engine has not set preferred BauRate
04-21 14:13:11.589  9788  9876 E  ##ZDCP## : [UpdaterFacade] The engine has not set preferred BauRate
04-21 14:13:11.589  9788  9876 E  ##ZDCP## : [UpdaterFacade] The engine has not set preferred BauRate
04-21 14:13:11.589  9788  9876 E  ##ZDCP## : [UpdaterFacade] The engine has not set preferred BauRate
04-21 14:13:11.589  9788  9876 E  ##ZDCP## : [UpdaterFacade] The engine has not set preferred BauRate
04-21 14:13:11.589  9788  9876 E  ##ZDCP## : [UpdaterFacade] The engine has not set preferred BauRate
04-21 14:13:11.589  9788  9876 E  ##ZDCP## : [UpdaterFacade] The engine has not set preferred BauRate
04-21 14:13:11.590  9788  9876 E  ##ZDCP## : [UpdaterFacade] The engine has not set preferred BauRate
04-21 14:13:11.590  9788  9876 E  ##ZDCP## : [UpdaterFacade] The engine has not set preferred BauRate
04-21 14:13:11.590  9788  9876 E  ##ZDCP## : [UpdaterFacade] The engine has not set preferred BauRate
04-21 14:13:11.590  9788  9876 E  ##ZDCP## : [UpdaterFacade] The engine has not set preferred BauRate
04-21 14:13:11.590  9788  9876 E  ##ZDCP## : [UpdaterFacade] The engine has not set preferred BauRate
04-21 14:13:11.590  9788  9876 E  ##ZDCP## : [UpdaterFacade] The engine has not set preferred BauRate
04-21 14:13:11.590  9788  9876 E  ##ZDCP## : [UpdaterFacade] The engine has not set preferred BauRate
04-21 14:13:11.590  9788  9876 E  ##ZDCP## : [UpdaterFacade] The engine has not set preferred BauRate
04-21 14:13:11.590  9788  9876 E  ##ZDCP## : [UpdaterFacade] The engine has not set preferred BauRate
04-21 14:13:11.590  9788  9876 E  ##ZDCP## : [UpdaterFacade] The engine has not set preferred BauRate
04-21 14:13:11.591  9788  9876 E  ##ZDCP## : [UpdaterFacade] The engine has not set preferred BauRate
04-21 14:13:11.591  9788  9876 E  ##ZDCP## : [UpdaterFacade] The engine has not set preferred BauRate
04-21 14:13:11.591  9788  9876 E  ##ZDCP## : [UpdaterFacade] The engine has not set preferred BauRate
04-21 14:13:11.591  9788  9876 E  ##ZDCP## : [UpdaterFacade] The engine has not set preferred BauRate
04-21 14:13:11.591  9788  9876 E  ##ZDCP## : [UpdaterFacade] The engine has not set preferred BauRate
04-21 14:13:11.591  9788  9876 E  ##ZDCP## : [UpdaterFacade] The engine has not set preferred BauRate
04-21 14:13:11.591  9788  9876 E  ##ZDCP## : [UpdaterFacade] The engine has not set preferred BauRate
04-21 14:13:11.591  9788  9876 E  ##ZDCP## : [UpdaterFacade] The engine has not set preferred BauRate
04-21 14:13:11.591  9788  9876 E  ##ZDCP## : [UpdaterFacade] The engine has not set preferred BauRate
04-21 14:13:11.592  9788  9876 E  ##ZDCP## : [UpdaterFacade] The engine has not set preferred BauRate
04-21 14:13:11.592  9788  9876 E  ##ZDCP## : [UpdaterFacade] The engine has not set preferred BauRate
04-21 14:13:11.592  9788  9876 E  ##ZDCP## : [UpdaterFacade] The engine has not set preferred BauRate
04-21 14:13:11.592  9788  9876 E  ##ZDCP## : [UpdaterFacade] The engine has not set preferred BauRate
04-21 14:13:11.592  9788  9876 E  ##ZDCP## : [UpdaterFacade] The engine has not set preferred BauRate
04-21 14:13:11.592  9788  9876 E  ##ZDCP## : [UpdaterFacade] Found device TC22 with engine SE4710_cam. firmware version in dat file PAACDS00-001-R03D0.DAT is PAACDS00-001-R03
04-21 14:13:11.592  9788  9876 E  ##ZDCP## : [UpdaterFacade] Versions are same or invalid versions found. Ignore update... 
04-21 14:13:11.592  9788  9876 I ScannerFramework: [ImagerControlProxy::Deinit]
04-21 14:13:11.593  9788  9876 I ScannerFramework: [ImagerControlProxy::unloadImagerControl] closed imagerControl library
04-21 14:13:11.593  9788  9876 I ScannerFramework: [ImagerControlHIDLProxy::disAssociateImagerControlHIDL] Calling close imager
04-21 14:13:11.593  9773  9773 I ScannerFramework-HIDL: Imager::CloseImager+
04-21 14:13:11.593  9773  9773 I ScannerFramework-HIDL: [ImagerNode::closeImagerNode] mRefCount = 1 and ImagerHandle = 14
04-21 14:13:11.593  9773  9773 I ScannerFramework-HIDL: [ImagerNode::closeImagerNode] Closing ImagerNode (Power down) mRefCount = 0 and ImagerHandle = 14
04-21 14:13:11.594  9773  9773 I ScannerFramework-HIDL: Imager::CloseImager-
04-21 14:13:11.595  9788  9876 I ScannerFramework: [ImagerControlHIDLProxy::disAssociateImagerControlHIDL] disconnected Control HIDL
04-21 14:13:11.596  9788  9876 I ScannerFramework: [ImagerHIDLProxy::disAssociateImagerHIDL] disconnected Imager HIDL
04-21 14:13:11.596  9788  9876 E ScannerFramework: [StackAdapter::ResumeUndecodedEngineStack] Unable to register bt callback
04-21 14:13:11.596  9788  9876 E ScannerFramework: [StackAdapter::ResumeUndecodedEngineStack] Unable to register bt callback
04-21 14:13:11.596  9200  9246 E AuthenticationLib:  [Authentication::verifyCaller] Package VERIFICATION CALLED aidlConnectname : com.symbol.datawedge
04-21 14:13:11.596  9200  9246 E AuthenticationLib: [Authentication::verifyCaller]com.symbol.datawedge ALLOWED
04-21 14:13:11.597  9200  9246 E AuthenticationLib: [Authentication::verifyCaller]com.symbol.datawedge isZebraPrivilegedKeySigned or isPlatformKeySigned 
04-21 14:13:11.597  9200  9246 I  ##ZDCP## : [BTScannerService] [BTScannerService::IBTScannerService.Stub::RegisterCallback] Callback received for device identifier RS507
04-21 14:13:11.597  9200  9246 I  ##ZDCP## : [BTScannerService] [BTScannerService::BTStateHolder::ReportStatus] Sending connection state to scanner 
04-21 14:13:11.598  9200  9246 E AuthenticationLib:  [Authentication::verifyCaller] Package VERIFICATION CALLED aidlConnectname : com.symbol.datawedge
04-21 14:13:11.598  9200  9246 E AuthenticationLib: [Authentication::verifyCaller]com.symbol.datawedge ALLOWED
04-21 14:13:11.599  9200  9246 E AuthenticationLib: [Authentication::verifyCaller]com.symbol.datawedge isZebraPrivilegedKeySigned or isPlatformKeySigned 
04-21 14:13:11.599  9200  9246 I  ##ZDCP## : [BTScannerService] [BTScannerService::IBTScannerService.Stub::RegisterCallback] Callback received for device identifier RS6000
04-21 14:13:11.599  9200  9246 I  ##ZDCP## : [BTScannerService] [BTScannerService::BTStateHolder::ReportStatus] Sending connection state to scanner 
04-21 14:13:11.600  9200  9246 E AuthenticationLib:  [Authentication::verifyCaller] Package VERIFICATION CALLED aidlConnectname : com.symbol.datawedge
04-21 14:13:11.600  9200  9246 E AuthenticationLib: [Authentication::verifyCaller]com.symbol.datawedge ALLOWED
04-21 14:13:11.600  9200  9246 E AuthenticationLib: [Authentication::verifyCaller]com.symbol.datawedge isZebraPrivilegedKeySigned or isPlatformKeySigned 
04-21 14:13:11.600  9200  9246 I  ##ZDCP## : [BTScannerService] [BTScannerService::IBTScannerService.Stub::RegisterCallback] Callback received for device identifier RS5100
04-21 14:13:11.600  9200  9246 I  ##ZDCP## : [BTScannerService] [BTScannerService::BTStateHolder::ReportStatus] Sending connection state to scanner 
04-21 14:13:11.601  9200  9246 E AuthenticationLib:  [Authentication::verifyCaller] Package VERIFICATION CALLED aidlConnectname : com.symbol.datawedge
04-21 14:13:11.601  9200  9246 E AuthenticationLib: [Authentication::verifyCaller]com.symbol.datawedge ALLOWED
04-21 14:13:11.601  9200  9246 E AuthenticationLib: [Authentication::verifyCaller]com.symbol.datawedge isZebraPrivilegedKeySigned or isPlatformKeySigned 
04-21 14:13:11.601  9200  9246 I  ##ZDCP## : [BTScannerService] [BTScannerService::IBTScannerService.Stub::RegisterCallback] Callback received for device identifier Zebra BT Scanner
04-21 14:13:11.601  9200  9246 I  ##ZDCP## : [BTScannerService] [BTScannerService::BTStateHolder::ReportStatus] Sending connection state to scanner 
04-21 14:13:11.601  9788  9876 E  ##ZDCP## : [USBScannerCommunication] registerRFIDIntents Adding RFID actions to filter
04-21 14:13:11.602  9788  9876 E  ##ZDCP## : [USBScannerCommunication] [IsScannerConnected] E 
04-21 14:13:11.602  9788  9876 E  ##ZDCP## : [USBScannerCommunication] [Constructor] No scanner detected at boot
04-21 14:13:11.602  9788  9876 E  ##ZDCP## : [USBScannerCommunication] registerRFIDIntents Adding RFID actions to filter
04-21 14:13:11.602  9788  9876 E  ##ZDCP## : [USBScannerCommunication] [IsScannerConnected] E 
04-21 14:13:11.602  9788  9876 E  ##ZDCP## : [USBScannerCommunication] [Constructor] No scanner detected at boot
04-21 14:13:11.602  1426  4383 W ActivityManager: Receiver with filter android.content.IntentFilter@5710d4b already registered for pid 9788, callerPackage is com.symbol.datawedge
04-21 14:13:11.602  9788  9876 E  ##ZDCP## : [USBHIDScannerCommunication] [IsScannerConnected] deviceiterator = java.util.HashMap$ValueIterator@4f1104b
04-21 14:13:11.602  9788  9876 E  ##ZDCP## : [USBHIDScannerCommunication] [Constructor] No scanner detected at boot
04-21 14:13:11.602  9788  9876 D SNAPIUSBScannerAdapter: ScanForDevices mUSBSNAPIScannerCommunication instance + com.symbol.scanning.snapiusbscanner.USBSNAPIScannerCommunication@29cfa28
04-21 14:13:11.602  9788  9876 D SNAPIUSBScannerAdapter: ScanForDevices: Calling driver method
04-21 14:13:11.603  1426  4383 W ActivityManager: Receiver with filter android.content.IntentFilter@631b328 already registered for pid 9788, callerPackage is com.symbol.datawedge
04-21 14:13:11.603  9788  9876 D USBSNAPIScannerCommunication: [IsScannerConnected] E 
04-21 14:13:11.603  9788  9876 E USBSNAPIScannerCommunication: [IsScannerConnected] deviceiterator = java.util.HashMap$ValueIterator@3fee341
04-21 14:13:11.603  9788  9876 E USBSNAPIScannerCommunication: [Constructor] No scanner detected at boot
04-21 14:13:11.603  9788  9835 W ScannerFramework: [StateMachine::MoveState] Transition from state 'Disconnected' to 'Disconnected' is invalid
04-21 14:13:11.603  9788  9835 I ScannerFramework: [JNIHelper::IsScanLEDAccessible] entry
04-21 14:13:11.604  9788  9835 I  ##ZDCP## : [HWInfoServiceProviderWrapper] [HWInfoServiceProviderWrapper::getInstance]
04-21 14:13:11.604  9788  9876 E  ##ZDCP## : [UpdaterFacade] writing to sysfs failed
04-21 14:13:11.604  9788  9876 I ScannerFramework: [ExternalEventHandler::OnNotificationEx] id=FirmwareVersionInfo , arg=PAACDS00-001-R03
04-21 14:13:11.604  9788  9876 I ScannerFramework: [PolicyManager::OnExternalEvent] Received external event notification 7 for scanner 0
04-21 14:13:11.605  9202  9247 W System.err: java.lang.NullPointerException: Attempt to invoke interface method 'boolean com.zebra.batteryswap.IBatterySwap.isBatterySwapInProgress()' on a null object reference
04-21 14:13:11.605  9202  9247 W System.err: 	at com.zebra.batteryswap.BatterySwap.isBatterySwapInProgress(BatterySwap.java:3)
04-21 14:13:11.605  9202  9247 W System.err: 	at com.zebra.hwinfoservice.BatterySwapServiceConnector.isBatterySwapInProgress(BatterySwapServiceConnector.java:5)
04-21 14:13:11.605  9202  9247 W System.err: 	at com.zebra.hwinfoservice.HWInfoServiceImpl.isScanLEDAccessible(HWInfoServiceImpl.java:12)
04-21 14:13:11.605  9202  9247 W System.err: 	at com.zebra.hwinfoservice.IHWInfoService$Stub.onTransact(IHWInfoService.java:57)
04-21 14:13:11.605  9202  9247 W System.err: 	at android.os.Binder.execTransactInternal(Binder.java:1339)
04-21 14:13:11.605  9202  9247 W System.err: 	at android.os.Binder.execTransact(Binder.java:1275)
04-21 14:13:11.605  9202  9247 I  ##ZDCP## : [HWInfoServiceImpl] [HWInfoServiceImpl::isScanLEDAccessible] isBatterySwap in progress=false
04-21 14:13:11.606  1085  1085 D qdlights: athena set_light_scan_locked led mode 0, colorRGB=00000000, onMS=0, offMS=0
04-21 14:13:11.606  9788  9835 I  ##ZDCP## : [INotificationService] sendIntentToUI - bypass FrameworkDependencyResolver
04-21 14:13:11.608  9788  9835 W ScannerFramework: [StateMachine::MoveState] Transition from state 'Disconnected' to 'Disconnected' is invalid
04-21 14:13:11.608  9788  9835 I ScannerFramework: [JNIHelper::IsScanLEDAccessible] entry
04-21 14:13:11.608  9788  9835 I  ##ZDCP## : [HWInfoServiceProviderWrapper] [HWInfoServiceProviderWrapper::getInstance]
04-21 14:13:11.609  9202  9247 W System.err: java.lang.NullPointerException: Attempt to invoke interface method 'boolean com.zebra.batteryswap.IBatterySwap.isBatterySwapInProgress()' on a null object reference
04-21 14:13:11.609  9202  9247 W System.err: 	at com.zebra.batteryswap.BatterySwap.isBatterySwapInProgress(BatterySwap.java:3)
04-21 14:13:11.609  9202  9247 W System.err: 	at com.zebra.hwinfoservice.BatterySwapServiceConnector.isBatterySwapInProgress(BatterySwapServiceConnector.java:5)
04-21 14:13:11.609  9202  9247 W System.err: 	at com.zebra.hwinfoservice.HWInfoServiceImpl.isScanLEDAccessible(HWInfoServiceImpl.java:12)
04-21 14:13:11.609  9202  9247 W System.err: 	at com.zebra.hwinfoservice.IHWInfoService$Stub.onTransact(IHWInfoService.java:57)
04-21 14:13:11.609  9202  9247 W System.err: 	at android.os.Binder.execTransactInternal(Binder.java:1339)
04-21 14:13:11.609  9202  9247 W System.err: 	at android.os.Binder.execTransact(Binder.java:1275)
04-21 14:13:11.609  9202  9247 I  ##ZDCP## : [HWInfoServiceImpl] [HWInfoServiceImpl::isScanLEDAccessible] isBatterySwap in progress=false
04-21 14:13:11.610  1085  1085 D qdlights: athena set_light_scan_locked led mode 0, colorRGB=00000000, onMS=0, offMS=0
04-21 14:13:11.611  9788  9835 I  ##ZDCP## : [INotificationService] sendIntentToUI - bypass FrameworkDependencyResolver
04-21 14:13:11.612  9788  9835 W ScannerFramework: [StateMachine::MoveState] Transition from state 'Disconnected' to 'Disconnected' is invalid
04-21 14:13:11.612  9788  9835 I ScannerFramework: [JNIHelper::IsScanLEDAccessible] entry
04-21 14:13:11.612  9788  9835 I  ##ZDCP## : [HWInfoServiceProviderWrapper] [HWInfoServiceProviderWrapper::getInstance]
04-21 14:13:11.613  9202  9247 W System.err: java.lang.NullPointerException: Attempt to invoke interface method 'boolean com.zebra.batteryswap.IBatterySwap.isBatterySwapInProgress()' on a null object reference
04-21 14:13:11.613  9202  9247 W System.err: 	at com.zebra.batteryswap.BatterySwap.isBatterySwapInProgress(BatterySwap.java:3)
04-21 14:13:11.613  9202  9247 W System.err: 	at com.zebra.hwinfoservice.BatterySwapServiceConnector.isBatterySwapInProgress(BatterySwapServiceConnector.java:5)
04-21 14:13:11.613  9202  9247 W System.err: 	at com.zebra.hwinfoservice.HWInfoServiceImpl.isScanLEDAccessible(HWInfoServiceImpl.java:12)
04-21 14:13:11.613  9202  9247 W System.err: 	at com.zebra.hwinfoservice.IHWInfoService$Stub.onTransact(IHWInfoService.java:57)
04-21 14:13:11.613  9202  9247 W System.err: 	at android.os.Binder.execTransactInternal(Binder.java:1339)
04-21 14:13:11.613  9202  9247 W System.err: 	at android.os.Binder.execTransact(Binder.java:1275)
04-21 14:13:11.613  9202  9247 I  ##ZDCP## : [HWInfoServiceImpl] [HWInfoServiceImpl::isScanLEDAccessible] isBatterySwap in progress=false
04-21 14:13:11.614  1085  1085 D qdlights: athena set_light_scan_locked led mode 0, colorRGB=00000000, onMS=0, offMS=0
04-21 14:13:11.614  9788  9835 I  ##ZDCP## : [INotificationService] sendIntentToUI - bypass FrameworkDependencyResolver
04-21 14:13:11.616  9788  9835 W ScannerFramework: [StateMachine::MoveState] Transition from state 'Disconnected' to 'Disconnected' is invalid
04-21 14:13:11.616  9788  9835 I ScannerFramework: [JNIHelper::IsScanLEDAccessible] entry
04-21 14:13:11.616  9788  9835 I  ##ZDCP## : [HWInfoServiceProviderWrapper] [HWInfoServiceProviderWrapper::getInstance]
04-21 14:13:11.617  9202  9247 W System.err: java.lang.NullPointerException: Attempt to invoke interface method 'boolean com.zebra.batteryswap.IBatterySwap.isBatterySwapInProgress()' on a null object reference
04-21 14:13:11.617  9202  9247 W System.err: 	at com.zebra.batteryswap.BatterySwap.isBatterySwapInProgress(BatterySwap.java:3)
04-21 14:13:11.617  9202  9247 W System.err: 	at com.zebra.hwinfoservice.BatterySwapServiceConnector.isBatterySwapInProgress(BatterySwapServiceConnector.java:5)
04-21 14:13:11.617  9202  9247 W System.err: 	at com.zebra.hwinfoservice.HWInfoServiceImpl.isScanLEDAccessible(HWInfoServiceImpl.java:12)
04-21 14:13:11.617  9202  9247 W System.err: 	at com.zebra.hwinfoservice.IHWInfoService$Stub.onTransact(IHWInfoService.java:57)
04-21 14:13:11.617  9202  9247 W System.err: 	at android.os.Binder.execTransactInternal(Binder.java:1339)
04-21 14:13:11.617  9202  9247 W System.err: 	at android.os.Binder.execTransact(Binder.java:1275)
04-21 14:13:11.617  9202  9247 I  ##ZDCP## : [HWInfoServiceImpl] [HWInfoServiceImpl::isScanLEDAccessible] isBatterySwap in progress=false
04-21 14:13:11.618  1085  1085 D qdlights: athena set_light_scan_locked led mode 0, colorRGB=00000000, onMS=0, offMS=0
04-21 14:13:11.619  9788  9835 I  ##ZDCP## : [INotificationService] sendIntentToUI - bypass FrameworkDependencyResolver
04-21 14:13:11.622  9788  9876 I  ##ZDCP## : [UpdaterFacade] notifying InterfaceManager that Built-In Scanner FWUpdate is completed
04-21 14:13:11.622  9788  9876 I  ##ZDCP## : [ZDCPService] [InterfaceManager::onFirmwareUpdateCompleted]
04-21 14:13:11.623  7732  8290 I ScannerSDK: [ServiceCallback::onServiceAvailable]
04-21 14:13:11.623  9529  9783 I  ##ZDCP## : [ScannerSDK] [ServiceCallback::onServiceAvailable]
04-21 14:13:11.623  7732  8290 D ScannerSDK: [DataCaptureSdk::sendDataCaptureSdkState] Data Capture SDK is Ready
04-21 14:13:11.624  9529  9783 D ScannerFrameworkStateCallback: DataCaptureSdkStateCallback received to DataWedge  : READY
04-21 14:13:11.624  7732  8290 D ScannerSDK: [ScannerInitResolver::DataCaptureSdkStateCallback::onStateChange] Data Capture SDK state change : Data Capture SDK is Ready
04-21 14:13:11.624  9529  9783 D ScanningService: in onScannerReadyReceiveWork()
04-21 14:13:11.624  7732  8290 I f7.a    : ScannerFramework state :: SF_READY
04-21 14:13:11.631  9788  9833 I ScannerFramework: [Analytics::AnalyticsOpen] 'AnalyticsOpen' called, Calling process pid '7732' 
04-21 14:13:11.631  9788  9833 E ScannerFramework: [AnalyticsManager::RegisterAnalyticsUser] Analytics user already registered : PID - 7732
04-21 14:13:11.631  9788  9833 I ScannerFramework: [Analytics::AnalyticsOpen] - '1'
04-21 14:13:11.632  7732  8290 W System.err: com.symbol.scanning.analytics.AnalyticsException: Application is already registered
04-21 14:13:11.632  7732  8290 W System.err: 	at yc.pq.Igg(Unknown Source:59)
04-21 14:13:11.632  7732  8290 W System.err: 	at com.symbol.scanning.analytics.AnalyticsInterface.AnalyticsOpen(Unknown Source:14)
04-21 14:13:11.632  7732  8290 W System.err: 	at yc.cTg.qg(Unknown Source:71)
04-21 14:13:11.632  7732  8290 W System.err: 	at yc.cTg.Ug(Unknown Source:0)
04-21 14:13:11.632  7732  8290 W System.err: 	at yc.Fn.onSFStateChange(Unknown Source:97)
04-21 14:13:11.632  7732  8290 W System.err: 	at com.symbol.scanning.ScannerInitResolver$DataCaptureSdkStateCallback.onStateChange(Unknown Source:77)
04-21 14:13:11.632  7732  8290 W System.err: 	at yc.Qz.Yg(Unknown Source:124)
04-21 14:13:11.632  7732  8290 W System.err: 	at yc.tQ.onTransact(Unknown Source:186)
04-21 14:13:11.632  7732  8290 W System.err: 	at android.os.Binder.execTransactInternal(Binder.java:1344)
04-21 14:13:11.632  7732  8290 W System.err: 	at android.os.Binder.execTransact(Binder.java:1275)
04-21 14:13:11.632  7732  8290 E f7.a    : [Ljava.lang.StackTraceElement;@74bbf6b
04-21 14:13:11.632  7732  8290 D f7.a    : registerEventHandler End
04-21 14:13:12.323  2946  3463 I BtGatt.ScanManager: msg.what = 6
04-21 14:13:12.380  3086  3086 D vendor.zebra.hardware.rfidhost-service: RfidHost isRfidOn
04-21 14:13:12.380  3086  3086 D vendor.zebra.hardware.rfidhost-service: Rfidon isDeviceSRV = 0
04-21 14:13:12.380  3086  3086 D vendor.zebra.hardware.rfidhost-service: Rfidon isDeviceCharmander = 1
04-21 14:13:12.380  3086  3086 D vendor.zebra.hardware.rfidhost-service: RfidHost isRfidOn passed isDeviceSRV or isDeviceCharmander check
04-21 14:13:12.381  3086  3086 D vendor.zebra.hardware.rfidhost-service: RfidHost isRfidOn /sys/devices/platform/soc/8c00000.hsusb/mode exists
04-21 14:13:12.381  3086  3086 D vendor.zebra.hardware.rfidhost-service: RfidHost: isRfidOn: returning false
04-21 14:13:12.381  3167  4096 D RFIDClientConnection: rfid state = false
04-21 14:13:12.382  3086  3086 D vendor.zebra.hardware.rfidhost-service: RfidHost isRfidOn
04-21 14:13:12.382  3086  3086 D vendor.zebra.hardware.rfidhost-service: Rfidon isDeviceSRV = 0
04-21 14:13:12.382  3086  3086 D vendor.zebra.hardware.rfidhost-service: Rfidon isDeviceCharmander = 1
04-21 14:13:12.382  3086  3086 D vendor.zebra.hardware.rfidhost-service: RfidHost isRfidOn passed isDeviceSRV or isDeviceCharmander check
04-21 14:13:12.382  3086  3086 D vendor.zebra.hardware.rfidhost-service: RfidHost isRfidOn /sys/devices/platform/soc/8c00000.hsusb/mode exists
04-21 14:13:12.382  3086  3086 D vendor.zebra.hardware.rfidhost-service: RfidHost: isRfidOn: returning false
04-21 14:13:12.383  3086  3086 D vendor.zebra.hardware.rfidhost-service: RfidHost enableRfid= 1
04-21 14:13:12.383  3086  3086 D vendor.zebra.hardware.rfidhost-service: isDeviceSRV = 0
04-21 14:13:12.383  3086  3086 D vendor.zebra.hardware.rfidhost-service: isDeviceCharmander = 1
04-21 14:13:12.383  3086  3086 D vendor.zebra.hardware.rfidhost-service: RfidHost enableRfid passed isDeviceSRV check
04-21 14:13:12.383  3086  3086 D vendor.zebra.hardware.rfidhost-service: RfidHost enableRfid /sys/devices/platform/soc/8c00000.hsusb/mode exists
04-21 14:13:12.383  3086  3086 D vendor.zebra.hardware.rfidhost-service: RfidHost enableRfid returning true value
04-21 14:13:12.384  3167  4096 W ContextImpl: Calling a method in the system process without a qualified user: android.app.ContextImpl.sendBroadcast:1220 android.content.ContextWrapper.sendBroadcast:504 com.zebra.rfidhost.RFIDClientConnection.sendBroadCast:513 com.zebra.rfidhost.RFIDClientConnection.toggleRfidReaderPower:502 com.zebra.rfidhost.RFIDClientConnection.enableRfid:442 
04-21 14:13:12.386  3167  4096 D RFIDHostService: performReaderAction enable reader client name = com.ltrudu.rfid_sample_flutter
04-21 14:13:12.386  1426  1426 D AS.AudioService: Rfid intent onRecive called
04-21 14:13:12.386  1426  1426 D AS.AudioService: RFID On intent is received
04-21 14:13:12.388  1060  1201 D audio_hw_primary: adev_set_parameters: enter: RfidOn=on
04-21 14:13:12.388  1060  1201 D audio_hw_primary: Rfid_prof Rfid on  recived in hal
04-21 14:13:12.388  1060  1201 D msm8974_platform: Rfid_prof platform_set_awpa_RFID 1 
04-21 14:13:12.388  1060  1201 D msm8974_platform: Rfid_prof platform_set_awpa_RFID: apply mixer and update path: awpa-rfid-on
04-21 14:13:12.389  1060  1201 D audio_route: Apply path: awpa-rfid-on
04-21 14:13:12.414  1426  2121 D UsbHostManager: deviceClass : 9checkUsbInterfacesBlackListed :false
04-21 14:13:12.415  1426  2121 D UsbIPMaverickCallback: onNotifyUsbEvent invoked. Message: UsbDeviceAdded, Device Status: 1
04-21 14:13:12.415  1426  2121 W UsbIPMaverickCallback: No callbacks to notify. usbIPMaverickRemoteCallback is null.
04-21 14:13:12.416  1426  2121 D UsbDeviceDescriptor:   1 configs
04-21 14:13:12.417  1426  2121 D UsbHostManager: mHubHidDevices added size is 4
04-21 14:13:12.518  1225  1225 I vendor.zebra.hardware.health@1.0-service: getZebraHealthInfo
04-21 14:13:12.524  1426  2204 D BatteryService: Processing new values: info=android.hardware.health.HealthInfo@354a1e6, mBatteryLevelCritical=false, mPlugType=2
04-21 14:13:12.527  1426  2204 I BatteryService: File node value is 250
04-21 14:13:12.527  1426  2204 E BatteryService: healthInfoTemp is within the range (250)
04-21 14:13:12.527  1426  2204 D BatteryService: Sending ACTION_BATTERY_CHANGED. scale:100, info:android.hardware.health.HealthInfo@354a1e6
04-21 14:13:12.528  1426  2204 E BatteryService: level : 69 / status : 2/Health : 2/Decommission : 0/error status : 0
04-21 14:13:12.535  1426  1426 D BatterySaverStateMachine: on BATTERY_CHANGED: current BatteryLevel: 69
04-21 14:13:12.535  1426  1426 D BatterySaverStateMachine: received  intent action android.intent.action.BATTERY_CHANGED
04-21 14:13:12.539  3659  3659 D OSUService: dev-dbg:is_charging current_now 294498, batteryLevel: 69, adapter_charge_limit: 500000, isCharging(isCharging): true
04-21 14:13:12.539  3659  3659 I OSUService: handle_ab_resume -1 3
04-21 14:13:12.541  3882  3882 I BeaconConfigHelper : Not a Battery BLE
04-21 14:13:12.543  7576  7576 D HighTemperatureReceiver: Receive action: android.intent.action.BATTERY_CHANGED
04-21 14:13:12.550  2120  2120 W PowerUI : mBatteryPresent = true
04-21 14:13:12.551  2120  2794 D PowerUI : can't show warning due to - plugged: true status unknown: false
04-21 14:13:12.565  1426  1426 D FusionRssiPolling: updateLinkLayerStatsRssiSpeedFrequencyCapabilities rssi=-62 TxLinkspeed=619 freq=5680 RxLinkSpeed=6
04-21 14:13:12.666  3086  3086 D vendor.zebra.hardware.rfidhost-service: RfidHost isRfidOn
04-21 14:13:12.666  3086  3086 D vendor.zebra.hardware.rfidhost-service: Rfidon isDeviceSRV = 0
04-21 14:13:12.666  3086  3086 D vendor.zebra.hardware.rfidhost-service: Rfidon isDeviceCharmander = 1
04-21 14:13:12.667  3086  3086 D vendor.zebra.hardware.rfidhost-service: RfidHost isRfidOn passed isDeviceSRV or isDeviceCharmander check
04-21 14:13:12.667  3086  3086 D vendor.zebra.hardware.rfidhost-service: RfidHost isRfidOn /sys/devices/platform/soc/8c00000.hsusb/mode exists
04-21 14:13:12.667  3086  3086 D vendor.zebra.hardware.rfidhost-service: RfidHost: isRfidOn: returning true
04-21 14:13:12.667  3167  4096 D RFIDClientConnection: rfid state = true
04-21 14:13:12.667  3086  3086 D vendor.zebra.hardware.rfidhost-service: RfidHost isRfidOn
04-21 14:13:12.668  3086  3086 D vendor.zebra.hardware.rfidhost-service: Rfidon isDeviceSRV = 0
04-21 14:13:12.668  3086  3086 D vendor.zebra.hardware.rfidhost-service: Rfidon isDeviceCharmander = 1
04-21 14:13:12.668  3086  3086 D vendor.zebra.hardware.rfidhost-service: RfidHost isRfidOn passed isDeviceSRV or isDeviceCharmander check
04-21 14:13:12.668  3086  3086 D vendor.zebra.hardware.rfidhost-service: RfidHost isRfidOn /sys/devices/platform/soc/8c00000.hsusb/mode exists
04-21 14:13:12.668  3086  3086 D vendor.zebra.hardware.rfidhost-service: RfidHost: isRfidOn: returning true
04-21 14:13:13.032  7732  7732 D yc.zL   : Received battery event
04-21 14:13:13.033  7732  7732 D yc.zL   : BatteryFactory event action = android.intent.action.BATTERY_CHANGED
04-21 14:13:13.766  1426  4383 D CompatibilityChangeReporter: Compat change id reported: 197654537; UID 10261; state: ENABLED
04-21 14:13:13.769  1426  1984 D ActivityManager: freezing 4678 com.google.android.apps.photos
04-21 14:13:13.846  1426  1984 D ActivityManager: freezing 4108 com.google.android.googlequicksearchbox:search
04-21 14:13:13.849  1426  1984 D ActivityManager: freezing 9285 android.process.media
04-21 14:13:13.862  1426  2121 W UsbDescriptorParser:   Unparsed Class-specific
04-21 14:13:13.863  1426  2121 W UsbDescriptorParser:   Unparsed Class-specific
04-21 14:13:13.863  1426  2121 W UsbDescriptorParser:   Unparsed Class-specific
04-21 14:13:13.863  1426  2121 W UsbDescriptorParser:   Unparsed Class-specific
04-21 14:13:13.863  1426  2121 W UsbDescriptorParser:   Unparsed Class-specific
04-21 14:13:13.863  1426  2121 W UsbDescriptorParser:   Unparsed Class-specific
04-21 14:13:13.863  1426  2121 W UsbDescriptorParser:   Unparsed Class-specific
04-21 14:13:13.863  1426  2121 W UsbDescriptorParser:   Unparsed Class-specific
04-21 14:13:13.863  1426  2121 D UsbHostManager: deviceClass : 239checkUsbInterfacesBlackListed :false
04-21 14:13:13.863  1426  2121 D UsbIPMaverickCallback: onNotifyUsbEvent invoked. Message: UsbDeviceAdded, Device Status: 1
04-21 14:13:13.863  1426  2121 W UsbIPMaverickCallback: No callbacks to notify. usbIPMaverickRemoteCallback is null.
04-21 14:13:13.863  1426  2121 W UsbDescriptorParser:   Unparsed Class-specific
04-21 14:13:13.863  1426  2121 W UsbDescriptorParser:   Unparsed Class-specific
04-21 14:13:13.863  1426  2121 W UsbDescriptorParser:   Unparsed Class-specific
04-21 14:13:13.863  1426  2121 W UsbDescriptorParser:   Unparsed Class-specific
04-21 14:13:13.863  1426  2121 W UsbDescriptorParser:   Unparsed Class-specific
04-21 14:13:13.863  1426  2121 W UsbDescriptorParser:   Unparsed Class-specific
04-21 14:13:13.863  1426  2121 W UsbDescriptorParser:   Unparsed Class-specific
04-21 14:13:13.863  1426  2121 W UsbDescriptorParser:   Unparsed Class-specific
04-21 14:13:13.865  1426  2121 D UsbHostManager: USB device attached: vidpid 05e0:1702 portType Secondary  mfg/product/ver/serial Zebra Technologies, Inc/TC2205-0G1250SS-E8::::EA/0.01/S/N:BFPE01BQROI000XXXXXXXXXXXXXXXXXX:E hasAudio/HID/Storage: false/false/false
04-21 14:13:13.866  1426  2121 D UsbDeviceDescriptor:   1 configs
04-21 14:13:13.869  1426  2121 D UsbHostManager: Added device UsbDevice[mName=/dev/bus/usb/004/002,mVendorId=1504,mProductId=5890,mClass=239,mSubclass=2,mProtocol=1,mManufacturerName=Zebra Technologies, Inc,mProductName=TC2205-0G1250SS-E8::::EA,mVersion=0.01,mSerialNumberReader=com.android.server.usb.UsbSerialReader@4bf601f, mHasAudioPlayback=false, mHasAudioCapture=false, mHasMidi=false, mHasVideoCapture=false, mHasVideoPlayback=false, mConfigurations=[
04-21 14:13:13.869  1426  2121 D UsbHostManager: UsbConfiguration[mId=1,mName=Bus Powered,mAttributes=160,mMaxPower=250,mInterfaces=[
04-21 14:13:13.869  1426  2121 D UsbHostManager: UsbInterface[mId=0,mAlternateSetting=0,mName=ZETI Interface,mClass=2,mSubclass=2,mProtocol=1,mEndpoints=[
04-21 14:13:13.869  1426  2121 D UsbHostManager: UsbEndpoint[mAddress=129,mAttributes=3,mMaxPacketSize=64,mInterval=1]]
04-21 14:13:13.869  1426  2121 D UsbHostManager: UsbInterface[mId=1,mAlternateSetting=0,mName=ZETI Interface,mClass=10,mSubclass=0,mProtocol=0,mEndpoints=[
04-21 14:13:13.869  1426  2121 D UsbHostManager: UsbEndpoint[mAddress=2,mAttributes=2,mMaxPacketSize=64,mInterval=255]
04-21 14:13:13.869  1426  2121 D UsbHostManager: UsbEndpoint[mAddress=131,mAttributes=2,mMaxPacketSize=64,mInterval=255]]
04-21 14:13:13.869  1426  2121 D UsbHostManager: UsbInterface[mId=2,mAlternateSetting=0,mName=SSI Interface,mClass=2,mSubclass=2,mProtocol=1,mEndpoints=[
04-21 14:13:13.869  1426  2121 D UsbHostManager: UsbEndpoint[mAddress=132,mAttributes=3,mMaxPacketSize=64,mInterval=1]]
04-21 14:13:13.869  1426  2121 D UsbHostManager: UsbInterface[mId=3,mAlternateSetting=0,mName=SSI Interface,mClass=10,mSubclass=0,mProtocol=0,mEndpoints=[
04-21 14:13:13.869  1426  2121 D UsbHostManager: UsbEndpoint[mAddress=5,mAttributes=2,mMaxPacketSize=64,mInterval=255]
04-21 14:13:13.869  1426  2121 D UsbHostManager: UsbEndpoint[mAddress=134,mAttributes=2,mMaxPacketSize=64,mInterval=255]]]]
04-21 14:13:13.869  1426  2121 I UsbHostManager: usbdeviceadded--- newDevice info--name= /dev/bus/usb/004/002deviceId= 4002deviceClass= 239
04-21 14:13:13.869  1426  2121 D UsbHostManager: Send device to PopupControl
04-21 14:13:13.869  1426  2121 E UsbHostManager: sendDeviceToService 05E0:1702
04-21 14:13:13.871  4084  9474 I PopupControl: USB ignored: 05E0:1702
04-21 14:13:13.871  1426  2121 I UsbHostManager: innerClassList--interfaceClass=2
04-21 14:13:13.871  1426  2121 I UsbHostManager: innerClassList--interfaceClass=10
04-21 14:13:13.871  1426  2121 I UsbHostManager: innerClassList--interfaceClass=2
04-21 14:13:13.871  1426  2121 I UsbHostManager: innerClassList--interfaceClass=10
04-21 14:13:13.871  1426  2121 I UsbHostManager: innerClassList--4
04-21 14:13:13.873  2075  2080 I zus     : class is 2not HID
04-21 14:13:13.876  1227  1227 I vendor.zebra.hardware.zusbservice@1.0-service: create_usb_device_map called
04-21 14:13:13.885  1227  1227 I vendor.zebra.hardware.zusbservice@1.0-service: deleting the list using deleteAllnode with delete safe
04-21 14:13:13.885  1227  1227 I vendor.zebra.hardware.zusbservice@1.0-service: ***Entered empty_list******
04-21 14:13:13.885  1227  1227 I vendor.zebra.hardware.zusbservice@1.0-service: print_deviceid_map 
04-21 14:13:13.885  1227  1227 I vendor.zebra.hardware.zusbservice@1.0-service:  DeviceId: 4002 Interface name:4-1:1.3 class:10 Vendor ID:1504 Product ID:5890
04-21 14:13:13.885  1227  1227 I vendor.zebra.hardware.zusbservice@1.0-service:  DeviceId: 4002 Interface name:4-1:1.1 class:10 Vendor ID:1504 Product ID:5890
04-21 14:13:13.885  1227  1227 I vendor.zebra.hardware.zusbservice@1.0-service:  DeviceId: 4002 Interface name:4-1:1.2 class:2 Vendor ID:1504 Product ID:5890
04-21 14:13:13.885  1227  1227 I vendor.zebra.hardware.zusbservice@1.0-service:  DeviceId: 4002 Interface name:4-1:1.0 class:2 Vendor ID:1504 Product ID:5890
04-21 14:13:13.885  1227  1227 I vendor.zebra.hardware.zusbservice@1.0-service: create_usb_device_map returned check loop
04-21 14:13:13.885  2075  2080 I zus     : isDeviceAllowed res val:1
04-21 14:13:13.887  1227  1227 I vendor.zebra.hardware.zusbservice@1.0-service: get_deviceid_data() with deviceId : 4002size--4
04-21 14:13:13.887  3096  3096 D vendor.zebra.hardware.rfidserial-service: Entering RfidSerial getPortNames
04-21 14:13:13.887  1227  1227 I vendor.zebra.hardware.zusbservice@1.0-service: Found deviceid  : 4002device : 4-1:1.3
04-21 14:13:13.887  3096  3096 D vendor.zebra.hardware.rfidserial-service: RFID Interface = 2
04-21 14:13:13.887  1227  1227 I vendor.zebra.hardware.zusbservice@1.0-service: Found deviceid  : 4002device : 4-1:1.1
04-21 14:13:13.887  3096  3096 D vendor.zebra.hardware.rfidserial-service: RfidSerial getPortNames : inside USB condition
04-21 14:13:13.887  1227  1227 I vendor.zebra.hardware.zusbservice@1.0-service: Found deviceid  : 4002device : 4-1:1.2
04-21 14:13:13.887  1227  1227 I vendor.zebra.hardware.zusbservice@1.0-service: Found deviceid  : 4002device : 4-1:1.0
04-21 14:13:13.887  3096  3096 D vendor.zebra.hardware.rfidserial-service: isDeviceSRV = 0
04-21 14:13:13.888  2075  2080 I zus     : Zebra Technologies, Inc TC2205-0G1250SS-E8::::EA device added to mUsbDeviceInfoList 
04-21 14:13:13.888  2075  2080 I zus     : custom_struct size is 4
04-21 14:13:13.888  2075  2080 I zus     :  device category  4 categoryPath empty;ttyACM1;ttyACM0;
04-21 14:13:13.888  2075  2080 I zus     : isDeviceAllowed called with mode: default DeviceInfo:= { DeviceId:4002, DeviceName: Zebra Technologies, Inc TC2205-0G1250SS-E8::::EA, ClassName: USB_CLASS_MISC[ 239 ], InterfaceClassCount: 4, VendorId: 1504, ProductId: 5890, Status: 1, Reason: Enabled by default rule }
04-21 14:13:13.888  1426  2121 I UsbHostManager: usbdeviceadded--isDeviceAllowed true
04-21 14:13:13.888  3096  3096 D vendor.zebra.hardware.rfidserial-service: PRODUCT = 5e0/1702/1
04-21 14:13:13.888  3096  3096 D vendor.zebra.hardware.rfidserial-service: Final RFID port name: ttyACM1
04-21 14:13:13.889  3214  3244 D RFIDSerialService: openPort = /dev/ttyACM0
04-21 14:13:13.890  3214  3244 D Serial.Port: Port constructor
04-21 14:13:13.890  3214  3244 D Serial.Port: Close port before open
04-21 14:13:13.890  3214  3244 D app_process64: PortJni: Opening /dev/ttyACM0
04-21 14:13:13.891  3214  3244 D app_process64: PortJni: fd = 5
04-21 14:13:13.891  3214  3244 D app_process64: [PortJni] open handle 5, setting speed
04-21 14:13:13.891  3214  3244 D app_process64: PortJni: Serial timings 10 us/char, 1000 us wait, 90 expected, 92160 limit
04-21 14:13:13.892  3214  3244 D app_process64: [PortJni] Set low latency flag
04-21 14:13:13.892  1426  1858 D ActivityManager: sync unfroze 9476 com.symbol.osx.osxprovisionservice for 3
04-21 14:13:13.894  9476  9476 I OSXProvisionService: OSXProvisionReceiver onReceiver(): android.hardware.usb.action.USB_DEVICE_ATTACHED
04-21 14:13:13.897  9476  9476 I OSXProvisionService: OSXProvisionReceiver onReceiver(), currentDefaultHome = com.android.launcher3
04-21 14:13:13.898  1426  2121 E UsbProfileGroupSettingsManager: OSX resolveActivity 
04-21 14:13:13.898  1426  2121 E OSxUsbConfig: isUSBMassStoargeDevice :: false
04-21 14:13:13.899  1426  2121 E UsbAlsaManager: usbDeviceAdded(): cannot find sound card for /dev/bus/usb/004/002
04-21 14:13:13.900  3041  3041 E DisplayManagerService|ZebraDisplayImpl|UsbHdmiReceiver: USB Broadcast came android.hardware.usb.action.USB_DEVICE_ATTACHED
04-21 14:13:13.900  3041  3041 D DisplayManagerService|ZebraDisplayImpl: hdmiConnectionState: state  = true
04-21 14:13:13.900  3041  3041 D DisplayManagerService|ZebraDisplayImpl: currentdesktopstate = false
04-21 14:13:13.901  1426  1426 I WKS     : UsbDeviceManager.onReceive ACTION_USB_DEVICE_ATTACHED VID = 1504
04-21 14:13:13.902  3214  3244 D Serial.Port: writeData: count 2
04-21 14:13:13.902  3214  3244 D app_process64: PortJni: Writing
04-21 14:13:13.902  3214  3244 D app_process64: PortJni: ... count 2
04-21 14:13:13.902  3214  3244 D app_process64: PortJni: ... data "
04-21 14:13:13.902  3214  3244 D app_process64: "
04-21 14:13:13.902  3214  3244 D app_process64: PortJni: ... done
04-21 14:13:13.902  3214  3244 D Serial.Port: writeData: retcode true
04-21 14:13:13.903  3214  3244 D Serial.Port: readData: count 8192
04-21 14:13:13.903  3214  3244 D app_process64: PortJni: Reading new
04-21 14:13:13.903  9788  9788 E  ##ZDCP## : [USBScannerCommunication] [BroadcastReceiver] Invoked
04-21 14:13:13.903  3214  3244 D app_process64: PortJni: ... up to count 8192 with timeout -1
04-21 14:13:13.904  3167  4096 D PowerOptimisationManager: READER_CONNECTED
04-21 14:13:13.904  1426  1858 D ActivityManager: sync unfroze 9285 android.process.media for 3
04-21 14:13:13.904  9788  9788 E  ##ZDCP## : [USBScannerCommunication] [BroadcastReceiver] Invoked action android.hardware.usb.action.USB_DEVICE_ATTACHED
04-21 14:13:13.904  9788  9788 E  ##ZDCP## : [USBHIDScannerCommunication] [BroadcastReceiver] ACTION_USB_ATTACHED
04-21 14:13:13.905  9788  9788 D USBSNAPIScannerCommunication: [BroadcastReceiver] Invoked
04-21 14:13:13.905  9788  9788 E USBSNAPIScannerCommunication: [BroadcastReceiver] ACTION_USB_ATTACHED
04-21 14:13:13.905  9788  9788 D USBSNAPIScannerCommunication: BroadcastReceiver: USB device attached VID/PID didnt match PID = 5890VID = 1504Device class = 239
04-21 14:13:13.905  9676  9676 I ScannerSDK-SDKHandler: ACTION_USB_DEVICE_ATTACHED received for /dev/bus/usb/004/002 vendorID is 1504 productID is 5890
04-21 14:13:13.906  1426  1858 D ActivityManager: sync unfroze 4108 com.google.android.googlequicksearchbox:search for 3
04-21 14:13:13.913  2749  2749 I PF-Utils: isUSBMassStoargeDevice :: false
04-21 14:13:13.914  3214  3327 D Serial.Port: writeData: count 8
04-21 14:13:13.914  3214  3327 D app_process64: PortJni: Writing
04-21 14:13:13.914  3214  3327 D app_process64: PortJni: ... count 8
04-21 14:13:13.915  3214  3327 D app_process64: PortJni: ... data "connect
04-21 14:13:13.915  3214  3327 D app_process64: "
04-21 14:13:13.915  3214  3327 D app_process64: PortJni: ... done
04-21 14:13:13.915  3214  3327 D Serial.Port: writeData: retcode true
04-21 14:13:13.916  3380  3380 I azud    : onReceive
04-21 14:13:13.916  3380  4239 I elwy    : (REDACTED) %s TNG App is logging Clearcut event named %s with the %s account state and %s source
04-21 14:13:13.964  3286  4247 I NearbyMediums: [UsbNcm]: USB broadcast received, isHost=false, isDevice=true, isDeviceConnected=true
04-21 14:13:14.170  3096  3096 D vendor.zebra.hardware.rfidserial-service: Entering RfidSerial getPortNames
04-21 14:13:14.170  3096  3096 D vendor.zebra.hardware.rfidserial-service: RFID Interface = 2
04-21 14:13:14.170  3096  3096 D vendor.zebra.hardware.rfidserial-service: RfidSerial getPortNames : inside USB condition
04-21 14:13:14.170  3096  3096 D vendor.zebra.hardware.rfidserial-service: isDeviceSRV = 0
04-21 14:13:14.171  3096  3096 D vendor.zebra.hardware.rfidserial-service: PRODUCT = 5e0/1702/1
04-21 14:13:14.172  3096  3096 D vendor.zebra.hardware.rfidserial-service: Final RFID port name: ttyACM1
04-21 14:13:14.172  3214  3327 D RFIDSerialService: openPort = /dev/ttyACM0
04-