--------- beginning of system
04-21 14:15:52.494  1426  9284 I ActivityManager: Force stopping com.ltrudu.rfid_sample_flutter appid=10261 user=0: from pid 10054
04-21 14:15:52.497  1426  9284 D ActivityManager: com.google.android.gms is skipped freeze by freezeAppAsyncInternalLSP
04-21 14:15:52.504  1426  9284 W ProcessStats: Tracking association SourceState{c64f5d com.symbol.datawedge:zdcpservice/10102 Fgs #4028} whose proc state 3 is better than process ProcessState{96d8d5 com.symbol.datawedge:btscanner/10102 pkg=com.symbol.datawedge} proc state 5 (16 skipped)
04-21 14:15:52.505  1426  2204 D BatteryService: Processing new values: info=android.hardware.health.HealthInfo@f8c50d2, mBatteryLevelCritical=false, mPlugType=2
04-21 14:15:52.507  1426  2204 I BatteryService: File node value is 250
04-21 14:15:52.507  1426  9284 I AppsFilter: interaction: PackageSetting{a3bb8c9 de.rfid_konsortium.cot_merck_storage/10257} -> PackageSetting{5eb90a0 com.ltrudu.rfid_sample_flutter/10261} BLOCKED
04-21 14:15:52.507  1426  2204 E BatteryService: healthInfoTemp is within the range (250)
04-21 14:15:52.507  1426  2204 D BatteryService: Sending ACTION_BATTERY_CHANGED. scale:100, info:android.hardware.health.HealthInfo@f8c50d2
04-21 14:15:52.507  1426  2204 E BatteryService: level : 69 / status : 2/Health : 2/Decommission : 0/error status : 0
04-21 14:15:52.511  1426  1847 D ActivityManager: com.google.android.gms is skipped freeze by freezeAppAsyncInternalLSP
04-21 14:15:52.531  2120  2120 W PowerUI : mBatteryPresent = true
04-21 14:15:52.531  2120  8233 D PowerUI : can't show warning due to - plugged: true status unknown: false
04-21 14:15:52.567  1426  9284 I ActivityManager: Force stopping com.symbol.datawedge appid=10102 user=0: from pid 10059
04-21 14:15:52.572  1426  9284 I ActivityManager: Killing 9200:com.symbol.datawedge:btscanner/u0a102 (adj 100): stop com.symbol.datawedge due to from pid 10059
04-21 14:15:52.577  1426  9284 I ActivityManager: Killing 9202:com.symbol.datawedge:hwinfoservice/u0a102 (adj 100): stop com.symbol.datawedge due to from pid 10059
04-21 14:15:52.580  1426  9284 I ActivityManager: Killing 9788:com.symbol.datawedge:zdcpservice/u0a102 (adj 100): stop com.symbol.datawedge due to from pid 10059
04-21 14:15:52.585  1426  9284 W ForegroundServiceTypeLoggerModule: Logger should be tracking FGS types correctly for UID 10102 in package com.symbol.datawedge
04-21 14:15:52.586  1426  9284 I ActivityManager: Killing 9529:com.symbol.datawedge/u0a102 (adj 100): stop com.symbol.datawedge due to from pid 10059
04-21 14:15:52.591  1426  9284 I ActivityManager: Killing 9293:com.symbol.datawedge:dcvision/u0a102 (adj 100): stop com.symbol.datawedge due to from pid 10059
04-21 14:15:52.592  1426  9284 W ForegroundServiceTypeLoggerModule: Logger should be tracking FGS types correctly for UID 10102 in package com.symbol.datawedge
04-21 14:15:52.593  1426  1845 D DisplayManagerService: Drop pending events for gone uid 10102
04-21 14:15:52.594  1426  9284 D ActivityManager: com.google.android.gms is skipped freeze by freezeAppAsyncInternalLSP
04-21 14:15:52.620  1426  2207 V ActivityManager: Got obituary of 9202:com.symbol.datawedge:hwinfoservice
04-21 14:15:52.622  1426  1847 D ActivityManager: com.google.android.gms is skipped freeze by freezeAppAsyncInternalLSP
04-21 14:15:52.623  1426  9657 V ActivityManager: Got obituary of 9200:com.symbol.datawedge:btscanner
04-21 14:15:52.628  1426  4383 D CompatibilityChangeReporter: Compat change id reported: 135634846; UID 10102; state: DISABLED
04-21 14:15:52.628  1426  4383 D CompatibilityChangeReporter: Compat change id reported: 177438394; UID 10102; state: DISABLED
04-21 14:15:52.628  1426  4383 D CompatibilityChangeReporter: Compat change id reported: 135772972; UID 10102; state: DISABLED
04-21 14:15:52.628  1426  4383 D CompatibilityChangeReporter: Compat change id reported: 135754954; UID 10102; state: ENABLED
04-21 14:15:52.628  1426  1859 D CompatibilityChangeReporter: Compat change id reported: 143937733; UID 10102; state: ENABLED
04-21 14:15:52.630  1426  1918 V ActivityManager: Got obituary of 9293:com.symbol.datawedge:dcvision
04-21 14:15:52.630  1426  9657 V ActivityManager: Got obituary of 9788:com.symbol.datawedge:zdcpservice
04-21 14:15:52.630  1426  9284 V ActivityManager: Got obituary of 9529:com.symbol.datawedge
04-21 14:15:52.637  1426  1859 I ActivityManager: Start proc 10068:com.symbol.datawedge:btscanner/u0a102 for service {com.symbol.datawedge/com.symbol.scanning.ScanningService.BTScannerService}
04-21 14:15:52.655  1426  1859 I ActivityManager: Start proc 10084:com.symbol.datawedge:hwinfoservice/u0a102 for service {com.symbol.datawedge/com.zebra.hwinfoservice.HWInfoService}
04-21 14:15:52.658  1426  1918 D CompatibilityChangeReporter: Compat change id reported: 168419799; UID 10102; state: DISABLED
04-21 14:15:52.658  1426  1918 D CompatibilityChangeReporter: Compat change id reported: 273564678; UID 10102; state: DISABLED
04-21 14:15:52.666  1426  1859 I ActivityManager: Start proc 10090:com.symbol.datawedge:zdcpservice/u0a102 for service {com.symbol.datawedge/com.zebra.zdcpservice.ServiceInterface}
04-21 14:15:52.666  1426  1859 D CompatibilityChangeReporter: Compat change id reported: 143937733; UID 10102; state: ENABLED
04-21 14:15:52.668  1426  1975 D CompatibilityChangeReporter: Compat change id reported: 265195908; UID 10102; state: ENABLED
04-21 14:15:52.671  1426  4383 D CompatibilityChangeReporter: Compat change id reported: 170503758; UID 10102; state: ENABLED
04-21 14:15:52.674  1426  4383 D CompatibilityChangeReporter: Compat change id reported: 135634846; UID 10102; state: DISABLED
04-21 14:15:52.674  1426  4383 D CompatibilityChangeReporter: Compat change id reported: 177438394; UID 10102; state: DISABLED
04-21 14:15:52.674  1426  4383 D CompatibilityChangeReporter: Compat change id reported: 135772972; UID 10102; state: DISABLED
04-21 14:15:52.674  1426  4383 D CompatibilityChangeReporter: Compat change id reported: 135754954; UID 10102; state: ENABLED
04-21 14:15:52.679  1426  1859 I ActivityManager: Start proc 10101:com.symbol.datawedge:dcvision/u0a102 for service {com.symbol.datawedge/com.zebra.datacapturevision.DCVisionService}
04-21 14:15:52.688  1426  1859 I ActivityManager: Start proc 10110:com.symbol.datawedge/u0a102 for service {com.symbol.datawedge/com.symbol.datawedge.ScanningService}
04-21 14:15:52.718  1426  9897 I ActivityManager: Flag disabled. Ignoring finishAttachApplication from uid: 10102. pid: 10068
04-21 14:15:52.737  1426  9897 D CompatibilityChangeReporter: Compat change id reported: 161145287; UID 10102; state: ENABLED
04-21 14:15:52.746  1426  9657 I ActivityManager: Flag disabled. Ignoring finishAttachApplication from uid: 10102. pid: 10084
04-21 14:15:52.770  1426  9897 I ActivityManager: Flag disabled. Ignoring finishAttachApplication from uid: 10102. pid: 10090
04-21 14:15:52.780  1426  9657 I ActivityManager: Flag disabled. Ignoring finishAttachApplication from uid: 10102. pid: 10101
04-21 14:15:52.782  1426  9657 I ActivityManager: Background started FGS: Allowed [callingPackage: com.zebra.zvahelper; callingUid: 10113; uidState: PER ; uidBFSL: [BFSL]; intent: Intent { act=ZDCPService pkg=com.symbol.datawedge }; code:PROC_STATE_PERSISTENT; tempAllowListReason:<null>; targetSdkVersion:34; callerTargetSdkVersion:34; startForegroundCount:0; bindFromPackage:null: isBindService:true]
04-21 14:15:52.791  1426  9897 D CompatibilityChangeReporter: Compat change id reported: 170668199; UID 10102; state: ENABLED
04-21 14:15:52.795  1426  9657 I ActivityManager: Background started FGS: Allowed [callingPackage: com.zebra.zvahelper; callingUid: 10113; uidState: PER ; uidBFSL: [BFSL]; intent: Intent { act=DCVisionService pkg=com.symbol.datawedge }; code:PROC_STATE_PERSISTENT; tempAllowListReason:<null>; targetSdkVersion:34; callerTargetSdkVersion:34; startForegroundCount:0; bindFromPackage:null: isBindService:true]
04-21 14:15:52.827  1426  4383 I ActivityManager: Flag disabled. Ignoring finishAttachApplication from uid: 10102. pid: 10110
04-21 14:15:52.952  1426  1918 W ActivityManager: Receiver with filter android.content.IntentFilter@8c5fd12 already registered for pid 10110, callerPackage is com.symbol.datawedge
04-21 14:15:53.476  1426  1858 D ActivityManager: sync unfroze 5156 com.symbol.mxmf for 3
04-21 14:15:55.005  1426  4383 W ActivityManager: Receiver with filter android.content.IntentFilter@9697c91 already registered for pid 10090, callerPackage is com.symbol.datawedge
04-21 14:15:55.006  1426  4383 W ActivityManager: Receiver with filter android.content.IntentFilter@f0467f6 already registered for pid 10090, callerPackage is com.symbol.datawedge
04-21 14:15:56.009  1426  2204 D BatteryService: Processing new values: info=android.hardware.health.HealthInfo@71bcc85, mBatteryLevelCritical=false, mPlugType=2
04-21 14:15:56.010  1426  2204 I BatteryService: File node value is 250
04-21 14:15:56.010  1426  2204 E BatteryService: healthInfoTemp is within the range (250)
04-21 14:15:56.010  1426  2204 D BatteryService: Sending ACTION_BATTERY_CHANGED. scale:100, info:android.hardware.health.HealthInfo@71bcc85
04-21 14:15:56.011  1426  2204 E BatteryService: level : 69 / status : 2/Health : 2/Decommission : 0/error status : 0
04-21 14:15:56.021  2120  2120 W PowerUI : mBatteryPresent = true
04-21 14:15:56.021  2120  2706 D PowerUI : can't show warning due to - plugged: true status unknown: false
04-21 14:15:57.630  1426  2204 D BatteryService: Processing new values: info=android.hardware.health.HealthInfo@9159e8a, mBatteryLevelCritical=false, mPlugType=2
04-21 14:15:57.631  1426  2204 I BatteryService: File node value is 250
04-21 14:15:57.631  1426  2204 E BatteryService: healthInfoTemp is within the range (250)
04-21 14:15:57.631  1426  2204 D BatteryService: Sending ACTION_BATTERY_CHANGED. scale:100, info:android.hardware.health.HealthInfo@9159e8a
04-21 14:15:57.632  1426  2204 E BatteryService: level : 69 / status : 2/Health : 2/Decommission : 0/error status : 0
04-21 14:15:57.644  2120  2120 W PowerUI : mBatteryPresent = true
04-21 14:15:57.644  2120  2794 D PowerUI : can't show warning due to - plugged: true status unknown: false
04-21 14:15:58.024  1426  9284 D ActivityManager: sync unfroze 4466 com.zebra.securestoragemanager for 7
04-21 14:16:00.006  1426  1858 D ActivityManager: sync unfroze 4338 com.zebra.timecacher for 3
04-21 14:16:02.751  1426  2204 D BatteryService: Processing new values: info=android.hardware.health.HealthInfo@3a22acb, mBatteryLevelCritical=false, mPlugType=2
04-21 14:16:02.753  1426  2204 I BatteryService: File node value is 250
04-21 14:16:02.753  1426  2204 E BatteryService: healthInfoTemp is within the range (250)
04-21 14:16:02.754  1426  2204 D BatteryService: Sending ACTION_BATTERY_CHANGED. scale:100, info:android.hardware.health.HealthInfo@3a22acb
04-21 14:16:02.754  1426  2204 E BatteryService: level : 69 / status : 2/Health : 2/Decommission : 0/error status : 0
04-21 14:16:02.763  2120  2120 W PowerUI : mBatteryPresent = true
04-21 14:16:02.763  2120  4918 D PowerUI : can't show warning due to - plugged: true status unknown: false
04-21 14:16:03.522  1426  1984 D ActivityManager: freezing 5156 com.symbol.mxmf
04-21 14:16:04.745  1426  6907 D CompatibilityChangeReporter: Compat change id reported: 161252188; UID 10261; state: DISABLED
04-21 14:16:04.746  1426  6907 W ActivityTaskManager: callingPackage for (uid=2000, pid=10340) has no WPC
04-21 14:16:04.746  1426  6907 D CompatibilityChangeReporter: Compat change id reported: 265464455; UID 10261; state: DISABLED
04-21 14:16:04.747  1426  6907 D CompatibilityChangeReporter: Compat change id reported: 265452344; UID 10261; state: DISABLED
04-21 14:16:04.747  1426  6907 D CompatibilityChangeReporter: Compat change id reported: 266124927; UID 10261; state: DISABLED
04-21 14:16:04.747  1426  6907 D CompatibilityChangeReporter: Compat change id reported: 265451093; UID 10261; state: DISABLED
04-21 14:16:04.747  1426  6907 D CompatibilityChangeReporter: Compat change id reported: 265456536; UID 10261; state: DISABLED
04-21 14:16:04.747  1426  6907 D CompatibilityChangeReporter: Compat change id reported: 255940284; UID 10261; state: DISABLED
04-21 14:16:04.747  1426  6907 D CompatibilityChangeReporter: Compat change id reported: 236283604; UID 10261; state: DISABLED
04-21 14:16:04.747  1426  6907 D CompatibilityChangeReporter: Compat change id reported: 263959004; UID 10261; state: DISABLED
04-21 14:16:04.747  1426  6907 D CompatibilityChangeReporter: Compat change id reported: 264304459; UID 10261; state: DISABLED
04-21 14:16:04.747  1426  6907 D CompatibilityChangeReporter: Compat change id reported: 264301586; UID 10261; state: DISABLED
04-21 14:16:04.747  1426  6907 D CompatibilityChangeReporter: Compat change id reported: 254631730; UID 10261; state: DISABLED
04-21 14:16:04.747  1426  6907 D CompatibilityChangeReporter: Compat change id reported: 273509367; UID 10261; state: DISABLED
04-21 14:16:04.747  1426  6907 D CompatibilityChangeReporter: Compat change id reported: 263259275; UID 10261; state: DISABLED
04-21 14:16:04.747  1426  6907 D CompatibilityChangeReporter: Compat change id reported: 174042980; UID 10261; state: DISABLED
04-21 14:16:04.748  1426  6907 D CompatibilityChangeReporter: Compat change id reported: 174042936; UID 10261; state: DISABLED
04-21 14:16:04.748  1426  6907 D CompatibilityChangeReporter: Compat change id reported: 181136395; UID 10261; state: DISABLED
04-21 14:16:04.748  1426  6907 D CompatibilityChangeReporter: Compat change id reported: 194480991; UID 10261; state: ENABLED
04-21 14:16:04.751  1426  6907 D CompatibilityChangeReporter: Compat change id reported: 184838306; UID 10261; state: DISABLED
04-21 14:16:04.751  1426  6907 D CompatibilityChangeReporter: Compat change id reported: 185004937; UID 10261; state: DISABLED
04-21 14:16:04.752  1426  6907 D CompatibilityChangeReporter: Compat change id reported: 205907456; UID 10261; state: ENABLED
04-21 14:16:04.755  1426  6907 I ActivityTaskManager: START u0 {flg=0x10000000 cmp=com.ltrudu.rfid_sample_flutter/.MainActivity} with LAUNCH_SINGLE_TOP from uid 2000 (BAL_ALLOW_PERMISSION) result code=0
04-21 14:16:04.777  1426  1478 D WindowManager: DP::updateSystemBarAttributes called
04-21 14:16:04.777  1426  1478 D WindowManager: DP::::updateSystemBarAttributes displayId: 0
04-21 14:16:04.782  1426  4380 D CompatibilityChangeReporter: Compat change id reported: 168419799; UID 10261; state: DISABLED
04-21 14:16:04.783  2120  2169 V WindowManagerShell: Transition requested: android.os.BinderProxy@83752dd TransitionRequestInfo { type = OPEN, triggerTask = TaskInfo{userId=0 taskId=91 displayId=0 isRunning=true baseIntent=Intent { flg=0x10000000 cmp=com.ltrudu.rfid_sample_flutter/.MainActivity } baseActivity=ComponentInfo{com.ltrudu.rfid_sample_flutter/com.ltrudu.rfid_sample_flutter.MainActivity} topActivity=ComponentInfo{com.ltrudu.rfid_sample_flutter/com.ltrudu.rfid_sample_flutter.MainActivity} origActivity=null realActivity=ComponentInfo{com.ltrudu.rfid_sample_flutter/com.ltrudu.rfid_sample_flutter.MainActivity} numActivities=1 lastActiveTime=837871 supportsMultiWindow=true resizeMode=1 isResizeable=true minWidth=-1 minHeight=-1 defaultMinSize=220 token=WCT{android.window.IWindowContainerToken$Stub$Proxy@ebbce52} topActivityType=1 pictureInPictureParams=null shouldDockBigOverlays=false launchIntoPipHostTaskId=-1 lastParentTaskIdBeforePip=-1 displayCutoutSafeInsets=null topActivityInfo=ActivityInfo{4400523 com.ltrudu.rfid_sample_flutter.MainActivity} launchCookies=[] positionInParent=Point(0, 0) parentTaskId=-1 isFocused=false isVisible=false isVisibleRequested=false isSleeping=false topActivityInSizeCompat=false topActivityEligibleForLetterboxEducation= false topActivityLetterboxed= false isFromDoubleTap= false topActivityLetterboxVerticalPosition= -1 topActivityLetterboxHorizontalPosition= -1 topActivityLetterboxWidth=-1 topActivityLetterboxHeight=-1 locusId=null displayAreaFeatureId=1 cameraCompatControlState=hidden}, remoteTransition = null, displayChange = null }
04-21 14:16:04.783  1426  4380 D CompatibilityChangeReporter: Compat change id reported: 273564678; UID 10261; state: DISABLED
04-21 14:16:04.792  1426  1847 D CompatibilityChangeReporter: Compat change id reported: 135634846; UID 10261; state: DISABLED
04-21 14:16:04.792  1426  1847 D CompatibilityChangeReporter: Compat change id reported: 177438394; UID 10261; state: DISABLED
04-21 14:16:04.792  1426  1847 D CompatibilityChangeReporter: Compat change id reported: 135772972; UID 10261; state: DISABLED
04-21 14:16:04.792  1426  1847 D CompatibilityChangeReporter: Compat change id reported: 135754954; UID 10261; state: ENABLED
04-21 14:16:04.793  1426  1859 D CompatibilityChangeReporter: Compat change id reported: 143937733; UID 10261; state: ENABLED
04-21 14:16:04.801  1426  1478 D CoreBackPreview: Window{22e059f u0 Splash Screen com.ltrudu.rfid_sample_flutter}: Setting back callback OnBackInvokedCallbackInfo{mCallback=android.window.IOnBackInvokedCallback$Stub$Proxy@4bc0ab5, mPriority=0, mIsAnimationCallback=false}
04-21 14:16:04.802  1426  1847 D ActivityManager: com.google.android.gms is skipped freeze by freezeAppAsyncInternalLSP
04-21 14:16:04.803  1426  6907 D WindowManager: layoutWindowLw currenttaskBarInDb-- 0
04-21 14:16:04.804  1426  6907 D WindowManager: layoutWindowLw currenttaskBarInDb-- 0
04-21 14:16:04.804  1426  6907 D WindowManager: layoutWindowLw currenttaskBarInDb-- 0
04-21 14:16:04.804  1426  6907 D WindowManager: layoutWindowLw currenttaskBarInDb-- 0
04-21 14:16:04.804  1426  6907 D WindowManager: DP::updateSystemBarAttributes called
04-21 14:16:04.804  1426  6907 D WindowManager: DP::::updateSystemBarAttributes displayId: 0
04-21 14:16:04.806  1426  6907 D WindowManager: DP::updateSystemBarAttributes called
04-21 14:16:04.806  1426  6907 D WindowManager: DP::::updateSystemBarAttributes displayId: 0
04-21 14:16:04.806  1426  1847 W ProcessStats: Tracking association SourceState{7c2b88c com.symbol.datawedge/10102 ImpFg #4093} whose proc state 5 is better than process ProcessState{9c60d25 com.zebra.rfidserial/1000 pkg=com.zebra.rfidserial} proc state 8 (65 skipped)
04-21 14:16:04.808  1426  1975 D CompatibilityChangeReporter: Compat change id reported: 265195908; UID 10261; state: ENABLED
04-21 14:16:04.808  1426  1859 I ActivityManager: Start proc 10344:com.ltrudu.rfid_sample_flutter/u0a261 for next-top-activity {com.ltrudu.rfid_sample_flutter/com.ltrudu.rfid_sample_flutter.MainActivity}
04-21 14:16:04.820  1426  1848 D WindowManager: layoutWindowLw currenttaskBarInDb-- 0
04-21 14:16:04.820  1426  1848 D WindowManager: layoutWindowLw currenttaskBarInDb-- 0
04-21 14:16:04.820  1426  1848 D WindowManager: layoutWindowLw currenttaskBarInDb-- 0
04-21 14:16:04.821  1426  1848 D WindowManager: layoutWindowLw currenttaskBarInDb-- 0
04-21 14:16:04.821  1426  1848 D WindowManager: DP::updateSystemBarAttributes called
04-21 14:16:04.821  1426  1848 D WindowManager: DP::::updateSystemBarAttributes displayId: 0
04-21 14:16:04.824  1426  1848 D WindowManager: DP::updateSystemBarAttributes called
04-21 14:16:04.824  1426  1848 D WindowManager: DP::::updateSystemBarAttributes displayId: 0
04-21 14:16:04.824  1426  1844 V WindowManager: Sent Transition #12 createdAt=04-21 14:16:04.748 via request=TransitionRequestInfo { type = OPEN, triggerTask = TaskInfo{userId=0 taskId=91 displayId=0 isRunning=true baseIntent=Intent { flg=0x10000000 cmp=com.ltrudu.rfid_sample_flutter/.MainActivity } baseActivity=ComponentInfo{com.ltrudu.rfid_sample_flutter/com.ltrudu.rfid_sample_flutter.MainActivity} topActivity=ComponentInfo{com.ltrudu.rfid_sample_flutter/com.ltrudu.rfid_sample_flutter.MainActivity} origActivity=null realActivity=ComponentInfo{com.ltrudu.rfid_sample_flutter/com.ltrudu.rfid_sample_flutter.MainActivity} numActivities=1 lastActiveTime=837871 supportsMultiWindow=true resizeMode=1 isResizeable=true minWidth=-1 minHeight=-1 defaultMinSize=220 token=WCT{RemoteToken{7350997 Task{e8b2843 #91 type=standard I=com.ltrudu.rfid_sample_flutter/.MainActivity}}} topActivityType=1 pictureInPictureParams=null shouldDockBigOverlays=false launchIntoPipHostTaskId=-1 lastParentTaskIdBeforePip=-1 displayCutoutSafeInsets=null topActivityInfo=ActivityInfo{c4b4784 com.ltrudu.rfid_sample_flutter.MainActivity} launchCookies=[] positionInParent=Point(0, 0) parentTaskId=-1 isFocused=false isVisible=false isVisibleRequested=false isSleeping=false topActivityInSizeCompat=false topActivityEligibleForLetterboxEducation= false topActivityLetterboxed= false isFromDoubleTap= false topActivityLetterboxVerticalPosition= -1 topActivityLetterboxHorizontalPosition= -1 topActivityLetterboxWidth=-1 topActivityLetterboxHeight=-1 locusId=null displayAreaFeatureId=1 cameraCompatControlState=hidden}, remoteTransition = null, displayChange = null }
04-21 14:16:04.824  1426  1844 V WindowManager:     startWCT=WindowContainerTransaction { changes = {} hops = [] errorCallbackToken=null taskFragmentOrganizer=null }
04-21 14:16:04.824  1426  1844 V WindowManager:     info={id=12 t=OPEN f=0x0 trk=0 r=[0@Point(0, 0)] c=[{WCT{RemoteToken{7350997 Task{e8b2843 #91 type=standard I=com.ltrudu.rfid_sample_flutter/.MainActivity}}} m=OPEN f=NONE leash=Surface(name=Task=91)/@0x3f75cbb sb=Rect(0, 0 - 1080, 2160) eb=Rect(0, 0 - 1080, 2160) d=0},{WCT{RemoteToken{41542e5 Task{664f268 #1 type=home}}} m=TO_BACK f=SHOW_WALLPAPER leash=Surface(name=Task=1)/@0x7d873d1 sb=Rect(0, 0 - 1080, 2160) eb=Rect(0, 0 - 1080, 2160) d=0}]}
04-21 14:16:04.825  2120  2169 V WindowManagerShell: onTransitionReady android.os.BinderProxy@83752dd: {id=12 t=OPEN f=0x0 trk=0 r=[0@Point(0, 0)] c=[{WCT{android.window.IWindowContainerToken$Stub$Proxy@8dd5077} m=OPEN f=NONE leash=Surface(name=Task=91)/@0x815fd38 sb=Rect(0, 0 - 1080, 2160) eb=Rect(0, 0 - 1080, 2160) d=0},{WCT{android.window.IWindowContainerToken$Stub$Proxy@7c9b4e4} m=TO_BACK f=SHOW_WALLPAPER leash=Surface(name=Task=1)/@0x5d41111 sb=Rect(0, 0 - 1080, 2160) eb=Rect(0, 0 - 1080, 2160) d=0}]}
04-21 14:16:04.825  2120  2169 V WindowManagerShell: Playing animation for (#12)android.os.BinderProxy@83752dd@0
04-21 14:16:04.825  2120  2169 V WindowManagerShell:  try handler com.android.wm.shell.transition.DefaultMixedHandler@74e6a94
04-21 14:16:04.825  2120  2169 V WindowManagerShell:  try handler com.android.wm.shell.keyguard.KeyguardTransitionHandler@d49250b
04-21 14:16:04.825  2120  2169 V WindowManagerShell:  try handler com.android.wm.shell.activityembedding.ActivityEmbeddingController@2f04fe8
04-21 14:16:04.825  2120  2169 V WindowManagerShell:  try handler com.android.wm.shell.recents.RecentsTransitionHandler@e1ae601
04-21 14:16:04.825  2120  2169 V ShellRecents: RecentsTransitionHandler.startAnimation: no controller found
04-21 14:16:04.825  2120  2169 V WindowManagerShell:  try handler com.android.wm.shell.pip.PipTransition@94e6ca6
04-21 14:16:04.825  2120  2169 V WindowManagerShell:  try handler com.android.wm.shell.splitscreen.StageCoordinator@9e306e7
04-21 14:16:04.825  2120  2169 V WindowManagerShell:  try handler com.android.wm.shell.transition.RemoteTransitionHandler@f6e8294
04-21 14:16:04.825  2120  2169 V WindowManagerShell: Transition doesn't have explicit remote, search filters for match for {id=12 t=OPEN f=0x0 trk=0 r=[0@Point(0, 0)] c=[{WCT{android.window.IWindowContainerToken$Stub$Proxy@8dd5077} m=OPEN f=NONE leash=Surface(name=Task=91)/@0x815fd38 sb=Rect(0, 0 - 1080, 2160) eb=Rect(0, 0 - 1080, 2160) d=0},{WCT{android.window.IWindowContainerToken$Stub$Proxy@7c9b4e4} m=TO_BACK f=SHOW_WALLPAPER leash=Surface(name=Task=1)/@0x5d41111 sb=Rect(0, 0 - 1080, 2160) eb=Rect(0, 0 - 1080, 2160) d=0}]}
04-21 14:16:04.825  2120  2169 V WindowManagerShell:  Checking filter Pair{{types=[] flags=0x0] notFlags=0x100 checks=[{atype=home independent=true modes=[OPEN,TO_FRONT] flags=NONE mustBeTask=false order=TOP topActivity=ComponentInfo{com.android.launcher3/com.android.launcher3.uioverrides.QuickstepLauncher}},{atype=standard independent=true modes=[CLOSE,TO_BACK] flags=NONE mustBeTask=false order=ANY topActivity=null}]} RemoteTransition { remoteTransition = android.window.IRemoteTransition$Stub$Proxy@4ee13d, appThread = android.app.IApplicationThread$Stub$Proxy@c64ad32, debugName = QuickstepLaunchHome }}
04-21 14:16:04.825  2120  2169 V WindowManagerShell:  Delegate animation for #12 to null
04-21 14:16:04.825  2120  2169 V WindowManagerShell:  try handler com.android.wm.shell.transition.DefaultTransitionHandler@a4f2a83
04-21 14:16:04.825  2120  2169 V WindowManagerShell: start default transition animation, info = {id=12 t=OPEN f=0x0 trk=0 r=[0@Point(0, 0)] c=[{WCT{android.window.IWindowContainerToken$Stub$Proxy@8dd5077} m=OPEN f=NONE leash=Surface(name=Task=91)/@0x815fd38 sb=Rect(0, 0 - 1080, 2160) eb=Rect(0, 0 - 1080, 2160) d=0},{WCT{android.window.IWindowContainerToken$Stub$Proxy@7c9b4e4} m=TO_BACK f=SHOW_WALLPAPER leash=Surface(name=Task=1)/@0x5d41111 sb=Rect(0, 0 - 1080, 2160) eb=Rect(0, 0 - 1080, 2160) d=0}]}
04-21 14:16:04.826  2120  2169 V WindowManagerShell: loadAnimation: anim=android.view.animation.AnimationSet@cb07002 animAttr=0x13 type=OPEN isEntrance=false
04-21 14:16:04.826  2120  2169 V WindowManagerShell: loadAnimation: anim=android.view.animation.AnimationSet@1b98a4e animAttr=0x12 type=OPEN isEntrance=true
04-21 14:16:04.827  2120  2169 V WindowManagerShell:  animated by com.android.wm.shell.transition.DefaultTransitionHandler@a4f2a83
04-21 14:16:04.827  1426  1848 D WindowManager: displayId: 0
04-21 14:16:04.827  1426  1848 D WindowManager: isFullscreen: false isImmersive: false
04-21 14:16:04.827  1426  1848 D WindowManager: mLastFocusIsFullscreen: false mLastImmersiveMode: false
04-21 14:16:04.827  1426  1848 D WindowManager: mFocusedWindow: null
04-21 14:16:04.827  1426  1848 D WindowManager: mLastFocusedWindow: Window{fc17b73 u0 com.android.launcher3/com.android.launcher3.uioverrides.QuickstepLauncher}
04-21 14:16:04.827  1426  1848 D WindowManager: mLastFocusIsImmersiveAndFullscreen: false
04-21 14:16:04.827  1426  1848 D WindowManager: mLastWindowClosed: null
04-21 14:16:04.869  1426  9284 D CompatibilityChangeReporter: Compat change id reported: 170503758; UID 10261; state: ENABLED
04-21 14:16:04.880  1426  9284 I AppsFilter: interaction: PackageSetting{dbbc169 com.ltrudu.rfid_sample_flutter/10261} -> PackageSetting{a86aafe com.displaylink.desktop.oem/10115} BLOCKED
04-21 14:16:04.880  1426  9284 I AppsFilter: interaction: PackageSetting{dbbc169 com.ltrudu.rfid_sample_flutter/10261} -> PackageSetting{1e4625f com.android.cts.priv.ctsshim/10238} BLOCKED
04-21 14:16:04.880  1426  9284 I AppsFilter: interaction: PackageSetting{dbbc169 com.ltrudu.rfid_sample_flutter/10261} -> PackageSetting{8b104ac com.google.android.youtube/10192} BLOCKED
04-21 14:16:04.880  1426  9284 I AppsFilter: interaction: PackageSetting{dbbc169 com.ltrudu.rfid_sample_flutter/10261} -> PackageSetting{bd39575 com.vzw.apnlib/10087} BLOCKED
04-21 14:16:04.880  1426  9284 I AppsFilter: interaction: PackageSetting{dbbc169 com.ltrudu.rfid_sample_flutter/10261} -> PackageSetting{e1e790a com.android.uwb.resources/10243} BLOCKED
04-21 14:16:04.880  1426  9284 I AppsFilter: interaction: PackageSetting{dbbc169 com.ltrudu.rfid_sample_flutter/10261} -> PackageSetting{396c57b com.android.internal.display.cutout.emulation.corner/10028} BLOCKED
04-21 14:16:04.880  1426  9284 I AppsFilter: interaction: PackageSetting{dbbc169 com.ltrudu.rfid_sample_flutter/10261} -> PackageSetting{f7fbf98 com.android.internal.display.cutout.emulation.double/10043} BLOCKED
04-21 14:16:04.880  1426  9284 I AppsFilter: interaction: PackageSetting{dbbc169 com.ltrudu.rfid_sample_flutter/10261} -> PackageSetting{d5513f1 com.symbol.fota/10091} BLOCKED
04-21 14:16:04.880  1426  9284 I AppsFilter: interaction: PackageSetting{dbbc169 com.ltrudu.rfid_sample_flutter/10261} -> PackageSetting{6b31bd6 com.symbol.mxmf/10070} BLOCKED
04-21 14:16:04.880  1426  9284 I AppsFilter: interaction: PackageSetting{dbbc169 com.ltrudu.rfid_sample_flutter/10261} -> PackageSetting{a423e57 com.google.android.googlequicksearchbox/10166} BLOCKED
04-21 14:16:04.880  1426  9284 I AppsFilter: interaction: PackageSetting{dbbc169 com.ltrudu.rfid_sample_flutter/10261} -> PackageSetting{b7d3d44 com.verizon.mips.services/10085} BLOCKED
04-21 14:16:04.881  1426  9284 I AppsFilter: interaction: PackageSetting{dbbc169 com.ltrudu.rfid_sample_flutter/10261} -> PackageSetting{395fe2d com.google.android.onetimeinitializer/10155} BLOCKED
04-21 14:16:04.881  1426  9284 I AppsFilter: interaction: PackageSetting{dbbc169 com.ltrudu.rfid_sample_flutter/10261} -> PackageSetting{e1d1f62 com.google.android.ext.shared/10135} BLOCKED
04-21 14:16:04.881  1426  9284 I AppsFilter: interaction: PackageSetting{dbbc169 com.ltrudu.rfid_sample_flutter/10261} -> PackageSetting{9c268f3 com.android.internal.systemui.navbar.gestural_wide_back/10039} BLOCKED
04-21 14:16:04.881  1426  9284 I AppsFilter: interaction: PackageSetting{dbbc169 com.ltrudu.rfid_sample_flutter/10261} -> PackageSetting{2b2e9b0 com.android.virtualmachine.res/10242} BLOCKED
04-21 14:16:04.881  1426  9284 I AppsFilter: interaction: PackageSetting{dbbc169 com.ltrudu.rfid_sample_flutter/10261} -> PackageSetting{e680cb6 com.zebra.rfidreaderAPI.demo/10123} BLOCKED
04-21 14:16:04.881  1426  9284 I AppsFilter: interaction: PackageSetting{dbbc169 com.ltrudu.rfid_sample_flutter/10261} -> PackageSetting{7815029 com.android.cellbroadcast.overlay/10031} BLOCKED
04-21 14:16:04.881  1426  9284 I AppsFilter: interaction: PackageSetting{dbbc169 com.ltrudu.rfid_sample_flutter/10261} -> PackageSetting{131cfae com.android.htmlviewer/10106} BLOCKED
04-21 14:16:04.881  1426  9284 I AppsFilter: interaction: PackageSetting{dbbc169 com.ltrudu.rfid_sample_flutter/10261} -> PackageSetting{e10a14f com.google.android.health.connect.backuprestore/10256} BLOCKED
04-21 14:16:04.881  1426  9284 I AppsFilter: interaction: PackageSetting{dbbc169 com.ltrudu.rfid_sample_flutter/10261} -> PackageSetting{54f0dc com.zebra.licensemgrservice/10054} BLOCKED
04-21 14:16:04.881  1426  9284 I AppsFilter: interaction: PackageSetting{dbbc169 com.ltrudu.rfid_sample_flutter/10261} -> PackageSetting{bb5c5e5 com.quicinc.voice.activation/10203} BLOCKED
04-21 14:16:04.881  1426  9284 I AppsFilter: interaction: PackageSetting{dbbc169 com.ltrudu.rfid_sample_flutter/10261} -> PackageSetting{2cf38ba com.google.android.configupdater/10153} BLOCKED
04-21 14:16:04.881  1426  9284 I AppsFilter: interaction: PackageSetting{dbbc169 com.ltrudu.rfid_sample_flutter/10261} -> PackageSetting{f60036b com.google.android.overlay.modules.permissioncontroller/10034} BLOCKED
04-21 14:16:04.881  1426  9284 I AppsFilter: interaction: PackageSetting{dbbc169 com.ltrudu.rfid_sample_flutter/10261} -> PackageSetting{cae3ec8 com.zebra.licenseuiapp/10088} BLOCKED
04-21 14:16:04.881  1426  9284 I AppsFilter: interaction: PackageSetting{dbbc169 com.ltrudu.rfid_sample_flutter/10261} -> PackageSetting{401db61 com.zebra.enrollmentmgr/10089} BLOCKED
04-21 14:16:04.881  1426  9284 I AppsFilter: interaction: PackageSetting{dbbc169 com.ltrudu.rfid_sample_flutter/10261} -> PackageSetting{3a82686 com.android.internal.display.cutout.emulation.hole/10015} BLOCKED
04-21 14:16:04.881  1426  9284 I AppsFilter: interaction: PackageSetting{dbbc169 com.ltrudu.rfid_sample_flutter/10261} -> PackageSetting{bf96b47 com.android.internal.display.cutout.emulation.tall/10037} BLOCKED
04-21 14:16:04.881  1426  9284 I AppsFilter: interaction: PackageSetting{dbbc169 com.ltrudu.rfid_sample_flutter/10261} -> PackageSetting{7cc7f74 com.zebra.lifeguardotamanager/10140} BLOCKED
04-21 14:16:04.881  1426  9284 I AppsFilter: interaction: PackageSetting{dbbc169 com.ltrudu.rfid_sample_flutter/10261} -> PackageSetting{89fcc9d com.android.internal.systemui.navbar.threebutton/10046} BLOCKED
04-21 14:16:04.881  1426  9284 I AppsFilter: interaction: PackageSetting{dbbc169 com.ltrudu.rfid_sample_flutter/10261} -> PackageSetting{ad02512 com.android.wifi.dialog/10251} BLOCKED
04-21 14:16:04.881  1426  9284 I AppsFilter: interaction: PackageSetting{dbbc169 com.ltrudu.rfid_sample_flutter/10261} -> PackageSetting{3d774e3 com.android.contacts/10157} BLOCKED
04-21 14:16:04.881  1426  9284 I AppsFilter: interaction: PackageSetting{dbbc169 com.ltrudu.rfid_sample_flutter/10261} -> PackageSetting{2ec1ee0 com.android.launcher3/10213} BLOCKED
04-21 14:16:04.881  1426  9284 I AppsFilter: interaction: PackageSetting{dbbc169 com.ltrudu.rfid_sample_flutter/10261} -> PackageSetting{1319599 com.symbol.vod/10090} BLOCKED
04-21 14:16:04.881  1426  9284 I AppsFilter: interaction: PackageSetting{dbbc169 com.ltrudu.rfid_sample_flutter/10261} -> PackageSetting{b07805e com.google.android.as/10151} BLOCKED
04-21 14:16:04.881  1426  9284 I AppsFilter: interaction: PackageSetting{dbbc169 com.ltrudu.rfid_sample_flutter/10261} -> PackageSetting{2027c3f com.google.android.gm/10194} BLOCKED
04-21 14:16:04.881  1426  9284 I AppsFilter: interaction: PackageSetting{dbbc169 com.ltrudu.rfid_sample_flutter/10261} -> PackageSetting{4a4490c com.google.android.apps.tachyon/10176} BLOCKED
04-21 14:16:04.881  1426  9284 I AppsFilter: interaction: PackageSetting{dbbc169 com.ltrudu.rfid_sample_flutter/10261} -> PackageSetting{37cf255 com.google.android.overlay.gmsconfig.common/10010} BLOCKED
04-21 14:16:04.881  1426  9284 I AppsFilter: interaction: PackageSetting{dbbc169 com.ltrudu.rfid_sample_flutter/10261} -> PackageSetting{c7446a com.koushikdutta.vysor/10258} BLOCKED
04-21 14:16:04.882  1426  9284 I AppsFilter: interaction: PackageSetting{dbbc169 com.ltrudu.rfid_sample_flutter/10261} -> PackageSetting{fac9d5b com.android.internal.systemui.navbar.gestural_extra_wide_back/10003} BLOCKED
04-21 14:16:04.882  1426  9284 I AppsFilter: interaction: PackageSetting{dbbc169 com.ltrudu.rfid_sample_flutter/10261} -> PackageSetting{3d2e9f8 com.google.android.setupwizard/10207} BLOCKED
04-21 14:16:04.882  1426  9284 I AppsFilter: interaction: PackageSetting{dbbc169 com.ltrudu.rfid_sample_flutter/10261} -> PackageSetting{1e75ed1 com.android.printspooler/10121} BLOCKED
04-21 14:16:04.882  1426  9284 I AppsFilter: interaction: PackageSetting{dbbc169 com.ltrudu.rfid_sample_flutter/10261} -> PackageSetting{50d3d36 com.android.dreams.basic/10124} BLOCKED
04-21 14:16:04.882  1426  9284 I AppsFilter: interaction: PackageSetting{dbbc169 com.ltrudu.rfid_sample_flutter/10261} -> PackageSetting{d0db437 com.google.android.as.oss/10154} BLOCKED
04-21 14:16:04.882  1426  9284 I AppsFilter: interaction: PackageSetting{dbbc169 com.ltrudu.rfid_sample_flutter/10261} -> PackageSetting{fe910d0 com.android.rkpdapp/10237} BLOCKED
04-21 14:16:04.882  1426  9284 I AppsFilter: interaction: PackageSetting{dbbc169 com.ltrudu.rfid_sample_flutter/10261} -> PackageSetting{548ada4 com.google.android.overlay.gmsconfig.photos/10032} BLOCKED
04-21 14:16:04.882  1426  9284 I AppsFilter: interaction: PackageSetting{dbbc169 com.ltrudu.rfid_sample_flutter/10261} -> PackageSetting{5b2170d com.zebra.overlay.roundedsq/10018} BLOCKED
04-21 14:16:04.882  1426  9284 I AppsFilter: interaction: PackageSetting{dbbc169 com.ltrudu.rfid_sample_flutter/10261} -> PackageSetting{e7f6c2 com.google.android.captiveportallogin/10114} BLOCKED
04-21 14:16:04.882  1426  9284 I AppsFilter: interaction: PackageSetting{dbbc169 com.ltrudu.rfid_sample_flutter/10261} -> PackageSetting{bff5cd3 com.google.android.overlay.gmsconfig.comms/10042} BLOCKED
04-21 14:16:04.882  1426  9284 I AppsFilter: interaction: PackageSetting{dbbc169 com.ltrudu.rfid_sample_flutter/10261} -> PackageSetting{8350010 com.google.android.overlay.gmsconfig.geotz/10006} BLOCKED
04-21 14:16:04.882  1426  9284 I AppsFilter: interaction: PackageSetting{dbbc169 com.ltrudu.rfid_sample_flutter/10261} -> PackageSetting{f61709 com.google.ambient.streaming/10152} BLOCKED
04-21 14:16:04.882  1426  9284 I AppsFilter: interaction: PackageSetting{dbbc169 com.ltrudu.rfid_sample_flutter/10261} -> PackageSetting{dc2bd0e com.android.musicfx/10076} BLOCKED
04-21 14:16:04.882  1426  9284 I AppsFilter: interaction: PackageSetting{dbbc169 com.ltrudu.rfid_sample_flutter/10261} -> PackageSetting{35e29e8 com.google.android.apps.docs/10173} BLOCKED
04-21 14:16:04.882  1426  9284 I AppsFilter: interaction: PackageSetting{dbbc169 com.ltrudu.rfid_sample_flutter/10261} -> PackageSetting{858f32f com.google.android.apps.maps/10197} BLOCKED
04-21 14:16:04.882  1426  9284 I AppsFilter: interaction: PackageSetting{dbbc169 com.ltrudu.rfid_sample_flutter/10261} -> PackageSetting{d520d3c com.symbol.dataanalytics/10098} BLOCKED
04-21 14:16:04.882  1426  9284 I AppsFilter: interaction: PackageSetting{dbbc169 com.ltrudu.rfid_sample_flutter/10261} -> PackageSetting{4601ac5 com.zebra.mdna.els/10062} BLOCKED
04-21 14:16:04.882  1426  9284 I AppsFilter: interaction: PackageSetting{dbbc169 com.ltrudu.rfid_sample_flutter/10261} -> PackageSetting{e719c1a com.google.android.webview/10184} BLOCKED
04-21 14:16:04.882  1426  9284 I AppsFilter: interaction: PackageSetting{dbbc169 com.ltrudu.rfid_sample_flutter/10261} -> PackageSetting{a0b934b com.google.android.overlay.modules.documentsui/10022} BLOCKED
04-21 14:16:04.882  1426  9284 I AppsFilter: interaction: PackageSetting{dbbc169 com.ltrudu.rfid_sample_flutter/10261} -> PackageSetting{4d0c128 com.google.android.contacts/10188} BLOCKED
04-21 14:16:04.882  1426  9284 I AppsFilter: interaction: PackageSetting{dbbc169 com.ltrudu.rfid_sample_flutter/10261} -> PackageSetting{4ac9e41 com.google.android.calculator/10178} BLOCKED
04-21 14:16:04.882  1426  9284 I AppsFilter: interaction: PackageSetting{dbbc169 com.ltrudu.rfid_sample_flutter/10261} -> PackageSetting{cfd5fe6 com.android.chrome/10186} BLOCKED
04-21 14:16:04.882  1426  9284 I AppsFilter: interaction: PackageSetting{dbbc169 com.ltrudu.rfid_sample_flutter/10261} -> PackageSetting{cfe1927 com.google.android.apps.customization.pixel/10180} BLOCKED
04-21 14:16:04.882  1426  9284 I AppsFilter: interaction: PackageSetting{dbbc169 com.ltrudu.rfid_sample_flutter/10261} -> PackageSetting{f04c7d4 com.google.android.tag/10074} BLOCKED
04-21 14:16:04.882  1426  9284 I AppsFilter: interaction: PackageSetting{dbbc169 com.ltrudu.rfid_sample_flutter/10261} -> PackageSetting{be3dd7d com.android.wifi.resources/10249} BLOCKED
04-21 14:16:04.882  1426  9284 I AppsFilter: interaction: PackageSetting{dbbc169 com.ltrudu.rfid_sample_flutter/10261} -> PackageSetting{92f9472 com.zebra.devicemanager/10105} BLOCKED
04-21 14:16:04.882  1426  9284 I AppsFilter: interaction: PackageSetting{dbbc169 com.ltrudu.rfid_sample_flutter/10261} -> PackageSetting{aa920c3 com.google.android.partnersetup/10163} BLOCKED
04-21 14:16:04.883  1426  9284 I AppsFilter: interaction: PackageSetting{dbbc169 com.ltrudu.rfid_sample_flutter/10261} -> PackageSetting{bd08d40 com.google.android.videos/10177} BLOCKED
04-21 14:16:04.883  1426  9284 I AppsFilter: interaction: PackageSetting{dbbc169 com.ltrudu.rfid_sample_flutter/10261} -> PackageSetting{255d479 com.google.android.overlay.gmsconfig.asi/10027} BLOCKED
04-21 14:16:04.883  1426  9284 I AppsFilter: interaction: PackageSetting{dbbc169 com.ltrudu.rfid_sample_flutter/10261} -> PackageSetting{3de85be com.google.android.overlay.gmsconfig.gsa/10004} BLOCKED
04-21 14:16:04.883  1426  9284 I AppsFilter: interaction: PackageSetting{dbbc169 com.ltrudu.rfid_sample_flutter/10261} -> PackageSetting{173061f com.android.theme.font.notoserifsource/10012} BLOCKED
04-21 14:16:04.883  1426  9284 I AppsFilter: interaction: PackageSetting{dbbc169 com.ltrudu.rfid_sample_flutter/10261} -> PackageSetting{4d13d6c com.google.android.safetycenter.resources/10240} BLOCKED
04-21 14:16:04.883  1426  9284 I AppsFilter: interaction: PackageSetting{dbbc169 com.ltrudu.rfid_sample_flutter/10261} -> PackageSetting{b563f35 com.android.internal.display.cutout.emulation.waterfall/10024} BLOCKED
04-21 14:16:04.883  1426  9284 I AppsFilter: interaction: PackageSetting{dbbc169 com.ltrudu.rfid_sample_flutter/10261} -> PackageSetting{2f93fca com.android.inputmethod.latin/10172} BLOCKED
04-21 14:16:04.883  1426  9284 I AppsFilter: interaction: PackageSetting{dbbc169 com.ltrudu.rfid_sample_flutter/10261} -> PackageSetting{5cbe53b com.android.internal.systemui.navbar.transparent/10038} BLOCKED
04-21 14:16:04.883  1426  9284 I AppsFilter: interaction: PackageSetting{dbbc169 com.ltrudu.rfid_sample_flutter/10261} -> PackageSetting{e4ac458 com.google.android.connectivity.resources/10247} BLOCKED
04-21 14:16:04.883  1426  9284 I AppsFilter: interaction: PackageSetting{dbbc169 com.ltrudu.rfid_sample_flutter/10261} -> PackageSetting{1b899b1 com.google.android.feedback/10212} BLOCKED
04-21 14:16:04.883  1426  9284 I AppsFilter: interaction: PackageSetting{dbbc169 com.ltrudu.rfid_sample_flutter/10261} -> PackageSetting{a538e96 com.google.android.printservice.recommendation/10128} BLOCKED
04-21 14:16:04.883  1426  9284 I AppsFilter: interaction: PackageSetting{dbbc169 com.ltrudu.rfid_sample_flutter/10261} -> PackageSetting{9099a17 com.google.android.apps.photos/10196} BLOCKED
04-21 14:16:04.883  1426  9284 I AppsFilter: interaction: PackageSetting{dbbc169 com.ltrudu.rfid_sample_flutter/10261} -> PackageSetting{42adee9 com.google.android.calendar/10187} BLOCKED
04-21 14:16:04.883  1426  9284 I AppsFilter: interaction: PackageSetting{dbbc169 com.ltrudu.rfid_sample_flutter/10261} -> PackageSetting{ad3ce04 com.google.android.documentsui/10068} BLOCKED
04-21 14:16:04.883  1426  9284 I AppsFilter: interaction: PackageSetting{dbbc169 com.ltrudu.rfid_sample_flutter/10261} -> PackageSetting{c1fed com.google.android.accessibility.switchaccess/10171} BLOCKED
04-21 14:16:04.885  1426  9284 I AppsFilter: interaction: PackageSetting{dbbc169 com.ltrudu.rfid_sample_flutter/10261} -> PackageSetting{531fe22 com.android.providers.partnerbookmarks/10120} BLOCKED
04-21 14:16:04.885  1426  9284 I AppsFilter: interaction: PackageSetting{dbbc169 com.ltrudu.rfid_sample_flutter/10261} -> PackageSetting{203c0b3 com.android.smspush/10230} BLOCKED
04-21 14:16:04.886  1426  9284 I AppsFilter: interaction: PackageSetting{dbbc169 com.ltrudu.rfid_sample_flutter/10261} -> PackageSetting{dc1c670 com.android.powermenu/10021} BLOCKED
04-21 14:16:04.886  1426  9284 I AppsFilter: interaction: PackageSetting{dbbc169 com.ltrudu.rfid_sample_flutter/10261} -> PackageSetting{97cde9 com.zebra.showcaseapp/10125} BLOCKED
04-21 14:16:04.886  1426  9284 I AppsFilter: interaction: PackageSetting{dbbc169 com.ltrudu.rfid_sample_flutter/10261} -> PackageSetting{c95da6e com.android.wallpaper.livepicker/10059} BLOCKED
04-21 14:16:04.886  1426  9284 I AppsFilter: interaction: PackageSetting{dbbc169 com.ltrudu.rfid_sample_flutter/10261} -> PackageSetting{36fb50f com.google.android.healthconnect.controller/10255} BLOCKED
04-21 14:16:04.886  1426  9284 I AppsFilter: interaction: PackageSetting{dbbc169 com.ltrudu.rfid_sample_flutter/10261} -> PackageSetting{854d99c com.symbol.mxmf.csp.analyticsmgr/10055} BLOCKED
04-21 14:16:04.886  1426  9284 I AppsFilter: interaction: PackageSetting{dbbc169 com.ltrudu.rfid_sample_flutter/10261} -> PackageSetting{1165fa5 com.zebra.domainsearch/10044} BLOCKED
04-21 14:16:04.886  1426  9284 I AppsFilter: interaction: PackageSetting{dbbc169 com.ltrudu.rfid_sample_flutter/10261} -> PackageSetting{6492f7a com.android.bookmarkprovider/10110} BLOCKED
04-21 14:16:04.886  1426  9284 I AppsFilter: interaction: PackageSetting{dbbc169 com.ltrudu.rfid_sample_flutter/10261} -> PackageSetting{bfc932b com.zebra.zebracontentprovider/10097} BLOCKED
04-21 14:16:04.886  1426  9284 I AppsFilter: interaction: PackageSetting{dbbc169 com.ltrudu.rfid_sample_flutter/10261} -> PackageSetting{da3f388 com.symbol.tool.stagenow/10092} BLOCKED
04-21 14:16:04.886  1426  9284 I AppsFilter: interaction: PackageSetting{dbbc169 com.ltrudu.rfid_sample_flutter/10261} -> PackageSetting{6325121 com.google.android.wfcactivation/10103} BLOCKED
04-21 14:16:04.886  1426  9284 I AppsFilter: interaction: PackageSetting{dbbc169 com.ltrudu.rfid_sample_flutter/10261} -> PackageSetting{a3bb8c9 de.rfid_konsortium.cot_merck_storage/10257} BLOCKED
04-21 14:16:04.886  1426  9284 I AppsFilter: interaction: PackageSetting{dbbc169 com.ltrudu.rfid_sample_flutter/10261} -> PackageSetting{8aac946 com.zebra.osx.powermenu/10035} BLOCKED
04-21 14:16:04.886  1426  9284 I AppsFilter: interaction: PackageSetting{dbbc169 com.ltrudu.rfid_sample_flutter/10261} -> PackageSetting{c2f3707 com.google.android.apps.turbo/10149} BLOCKED
04-21 14:16:04.886  1426  9284 I AppsFilter: interaction: PackageSetting{dbbc169 com.ltrudu.rfid_sample_flutter/10261} -> PackageSetting{e260dfb com.android.cts.ctsshim/10239} BLOCKED
04-21 14:16:04.886  1426  9284 I AppsFilter: interaction: PackageSetting{dbbc169 com.ltrudu.rfid_sample_flutter/10261} -> PackageSetting{948c034 com.zebra.securestoragemanager/10061} BLOCKED
04-21 14:16:04.886  1426  9284 I AppsFilter: interaction: PackageSetting{dbbc169 com.ltrudu.rfid_sample_flutter/10261} -> PackageSetting{ac1de5d com.google.android.apps.wallpaper/10218} BLOCKED
04-21 14:16:04.886  1426  9284 I AppsFilter: interaction: PackageSetting{dbbc169 com.ltrudu.rfid_sample_flutter/10261} -> PackageSetting{f3a33d2 com.google.android.keep/10191} BLOCKED
04-21 14:16:04.886  1426  9284 I AppsFilter: interaction: PackageSetting{dbbc169 com.ltrudu.rfid_sample_flutter/10261} -> PackageSetting{14cb801 com.google.android.apps.carrier.carrierwifi/10156} BLOCKED
04-21 14:16:04.886  1426  9284 I AppsFilter: interaction: PackageSetting{dbbc169 com.ltrudu.rfid_sample_flutter/10261} -> PackageSetting{dfe3ca3 com.symbol.dataanalytics.dca/10084} BLOCKED
04-21 14:16:04.886  1426  9284 I AppsFilter: interaction: PackageSetting{dbbc169 com.ltrudu.rfid_sample_flutter/10261} -> PackageSetting{4cbaba0 com.android.hotspot2.osulogin/10250} BLOCKED
04-21 14:16:04.886  1426  9284 I AppsFilter: interaction: PackageSetting{dbbc169 com.ltrudu.rfid_sample_flutter/10261} -> PackageSetting{6c30359 com.google.android.gms.location.history/10193} BLOCKED
04-21 14:16:04.886  1426  9284 I AppsFilter: interaction: PackageSetting{dbbc169 com.ltrudu.rfid_sample_flutter/10261} -> PackageSetting{be3bb1e com.android.internal.systemui.navbar.gestural/10007} BLOCKED
04-21 14:16:04.886  1426  9284 I AppsFilter: interaction: PackageSetting{dbbc169 com.ltrudu.rfid_sample_flutter/10261} -> PackageSetting{a2dffff com.google.android.overlay.gmsconfig.personalsafety/10005} BLOCKED
04-21 14:16:04.886  1426  9284 I AppsFilter: interaction: PackageSetting{dbbc169 com.ltrudu.rfid_sample_flutter/10261} -> PackageSetting{7cfe1cc com.zebra.mdna.dg/10079} BLOCKED
04-21 14:16:04.886  1426  9284 I AppsFilter: interaction: PackageSetting{dbbc169 com.ltrudu.rfid_sample_flutter/10261} -> PackageSetting{a177c15 com.google.android.apps.youtube.music/10179} BLOCKED
04-21 14:16:04.886  1426  9284 I AppsFilter: interaction: PackageSetting{dbbc169 com.ltrudu.rfid_sample_flutter/10261} -> PackageSetting{10c6b2a com.android.bluetoothmidiservice/10117} BLOCKED
04-21 14:16:04.887  1426  9284 I AppsFilter: interaction: PackageSetting{dbbc169 com.ltrudu.rfid_sample_flutter/10261} -> PackageSetting{76c9d1b com.zebra.zebradna/10094} BLOCKED
04-21 14:16:04.887  1426  9284 I AppsFilter: interaction: PackageSetting{dbbc169 com.ltrudu.rfid_sample_flutter/10261} -> PackageSetting{eff4eb8 com.zebra.commontransportlayer/10051} BLOCKED
04-21 14:16:04.887  1426  9284 I AppsFilter: interaction: PackageSetting{dbbc169 com.ltrudu.rfid_sample_flutter/10261} -> PackageSetting{700c491 com.qualcomm.qti.server.wigig.tethering.rro/10219} BLOCKED
04-21 14:16:04.887  1426  9284 I AppsFilter: interaction: PackageSetting{dbbc169 com.ltrudu.rfid_sample_flutter/10261} -> PackageSetting{5e0ff6 com.android.internal.systemui.navbar.gestural_narrow_back/10025} BLOCKED
04-21 14:16:04.887  1426  9284 I AppsFilter: interaction: PackageSetting{dbbc169 com.ltrudu.rfid_sample_flutter/10261} -> PackageSetting{f2deff7 com.google.android.inputmethod.latin/10183} BLOCKED
04-21 14:16:04.887  1426  9284 I AppsFilter: interaction: PackageSetting{dbbc169 com.ltrudu.rfid_sample_flutter/10261} -> PackageSetting{5b69e64 com.zebra.mdna.devicetrackercloud/10082} BLOCKED
04-21 14:16:04.887  1426  9284 I AppsFilter: interaction: PackageSetting{dbbc169 com.ltrudu.rfid_sample_flutter/10261} -> PackageSetting{85c18cd com.google.android.apps.restore/10150} BLOCKED
04-21 14:16:04.964  1426  1478 I AppsFilter: interaction: PackageSetting{dbbc169 com.ltrudu.rfid_sample_flutter/10261} -> PackageSetting{a86aafe com.displaylink.desktop.oem/10115} BLOCKED
04-21 14:16:04.964  1426  1478 I AppsFilter: interaction: PackageSetting{dbbc169 com.ltrudu.rfid_sample_flutter/10261} -> PackageSetting{1e4625f com.android.cts.priv.ctsshim/10238} BLOCKED
04-21 14:16:04.964  1426  1478 I AppsFilter: interaction: PackageSetting{dbbc169 com.ltrudu.rfid_sample_flutter/10261} -> PackageSetting{8b104ac com.google.android.youtube/10192} BLOCKED
04-21 14:16:04.964  1426  1478 I AppsFilter: interaction: PackageSetting{dbbc169 com.ltrudu.rfid_sample_flutter/10261} -> PackageSetting{bd39575 com.vzw.apnlib/10087} BLOCKED
04-21 14:16:04.965  1426  1478 I AppsFilter: interaction: PackageSetting{dbbc169 com.ltrudu.rfid_sample_flutter/10261} -> PackageSetting{e1e790a com.android.uwb.resources/10243} BLOCKED
04-21 14:16:04.965  1426  1478 I AppsFilter: interaction: PackageSetting{dbbc169 com.ltrudu.rfid_sample_flutter/10261} -> PackageSetting{396c57b com.android.internal.display.cutout.emulation.corner/10028} BLOCKED
04-21 14:16:04.965  1426  1478 I AppsFilter: interaction: PackageSetting{dbbc169 com.ltrudu.rfid_sample_flutter/10261} -> PackageSetting{f7fbf98 com.android.internal.display.cutout.emulation.double/10043} BLOCKED
