04-21 14:16:23.826  1426  4380 W ActivityManager: Receiver with filter android.content.IntentFilter@6c85020 already registered for pid 10464, callerPackage is com.symbol.datawedge
04-21 14:16:24.915 10110 10557 E AndroidRuntime: FATAL EXCEPTION: Thread-36
04-21 14:16:24.915 10110 10557 E AndroidRuntime: Process: com.symbol.datawedge, PID: 10110
04-21 14:16:24.915 10110 10557 E AndroidRuntime: java.lang.IllegalStateException: Already running
04-21 14:16:24.915 10110 10557 E AndroidRuntime: 	at com.zebra.rfid.api3.SerialInputOutputManager.run(SourceFile:250)
04-21 14:16:24.915 10110 10557 E AndroidRuntime: 	at java.lang.Thread.run(Thread.java:1012)
04-21 14:16:24.924  1426 10558 I DropBoxManagerService: add tag=system_app_crash isTagEnabled=true flags=0x2
04-21 14:16:24.970  1426  1478 I ActivityManager: Process com.symbol.datawedge (pid 10110) has died: vis IMPF
04-21 14:16:24.977  1426  1478 W ActivityManager: Scheduling restart of crashed service com.symbol.datawedge/.ScanningService in 1000ms for connection
04-21 14:16:24.984  3167  3192 W ContextImpl: Calling a method in the system process without a qualified user: android.app.ContextImpl.sendBroadcast:1220 android.content.ContextWrapper.sendBroadcast:504 com.zebra.rfidhost.RFIDClientConnection.sendBroadCast:513 com.zebra.rfidhost.RFIDClientConnection.toggleRfidReaderPower:504 com.zebra.rfidhost.RFIDClientConnection.enableRfid:464 
04-21 14:16:24.985  1426  1478 D ActivityManager: com.google.android.gms is skipped freeze by freezeAppAsyncInternalLSP
04-21 14:16:25.008  1426  9657 D CompatibilityChangeReporter: Compat change id reported: 135634846; UID 10102; state: DISABLED
04-21 14:16:25.009  1426  9657 D CompatibilityChangeReporter: Compat change id reported: 177438394; UID 10102; state: DISABLED
04-21 14:16:25.009  1426  9657 D CompatibilityChangeReporter: Compat change id reported: 135772972; UID 10102; state: DISABLED
04-21 14:16:25.009  1426  9657 D CompatibilityChangeReporter: Compat change id reported: 135754954; UID 10102; state: ENABLED
04-21 14:16:25.010  1426  1859 D CompatibilityChangeReporter: Compat change id reported: 143937733; UID 10102; state: ENABLED
04-21 14:16:25.023  1426  2121 D UsbHostManager: Removed device at /dev/bus/usb/004/002: TC2205-0G1250SS-E8::::EA
04-21 14:16:25.023  1426  2121 I UsbAlsaManager: USB Audio Device Removed: null
04-21 14:16:25.028  1426  1858 D ActivityManager: sync unfroze 9285 android.process.media for 3
04-21 14:16:25.032  1426  2121 D UsbHostManager: usbDeviceRemoved mHubHidDevices containes entry, remove it
04-21 14:16:25.036  1426  1858 D ActivityManager: sync unfroze 4108 com.google.android.googlequicksearchbox:search for 3
04-21 14:16:25.037  1426  2121 D UsbHostManager: Can't find device at /dev/bus/usb/004/001
04-21 14:16:25.037  1426  2121 D UsbHostManager: Removed device at /dev/bus/usb/004/001 was already gone
04-21 14:16:25.047  1426  1859 I ActivityManager: Start proc 10563:com.symbol.datawedge/u0a102 for service {com.symbol.datawedge/com.symbol.datawedge.ScanningService}
04-21 14:16:25.138  1426  2207 I ActivityManager: Flag disabled. Ignoring finishAttachApplication from uid: 10102. pid: 10563
04-21 14:16:25.295  1426  2207 W ActivityManager: Receiver with filter android.content.IntentFilter@279d74 already registered for pid 10563, callerPackage is com.symbol.datawedge
04-21 14:16:25.434  1426  9657 D ActivityManager: com.google.android.gms is skipped freeze by freezeAppAsyncInternalLSP
04-21 14:16:25.465  1426  4380 D ActivityManager: com.google.android.gms is skipped freeze by freezeAppAsyncInternalLSP
04-21 14:16:25.810  1426  1858 D ActivityManager: sync unfroze 5156 com.symbol.mxmf for 3
04-21 14:16:26.150  1426  9657 D CompatibilityChangeReporter: Compat change id reported: 182734110; UID 10102; state: ENABLED
04-21 14:16:28.356  1426  2204 D BatteryService: Processing new values: info=android.hardware.health.HealthInfo@43bfe83, mBatteryLevelCritical=false, mPlugType=2
04-21 14:16:28.357  1426  2204 I BatteryService: File node value is 250
04-21 14:16:28.357  1426  2204 E BatteryService: healthInfoTemp is within the range (250)
04-21 14:16:28.357  1426  2204 D BatteryService: Sending ACTION_BATTERY_CHANGED. scale:100, info:android.hardware.health.HealthInfo@43bfe83
04-21 14:16:28.358  1426  2204 E BatteryService: level : 69 / status : 2/Health : 2/Decommission : 0/error status : 0
04-21 14:16:28.370  2120  2120 W PowerUI : mBatteryPresent = true
04-21 14:16:28.371  2120  8084 D PowerUI : can't show warning due to - plugged: true status unknown: false
04-21 14:16:28.866  3167  3192 W ContextImpl: Calling a method in the system process without a qualified user: android.app.ContextImpl.sendBroadcast:1220 android.content.ContextWrapper.sendBroadcast:504 com.zebra.rfidhost.RFIDClientConnection.sendBroadCast:513 com.zebra.rfidhost.RFIDClientConnection.toggleRfidReaderPower:502 com.zebra.rfidhost.RFIDClientConnection.enableRfid:442 
04-21 14:16:28.887  1426  2121 D UsbHostManager: deviceClass : 9checkUsbInterfacesBlackListed :false
04-21 14:16:28.888  1426  2121 D UsbHostManager: mHubHidDevices added size is 4
04-21 14:16:30.221  1426  2121 D UsbHostManager: deviceClass : 239checkUsbInterfacesBlackListed :false
04-21 14:16:30.223  1426  2121 D UsbHostManager: USB device attached: vidpid 05e0:1702 portType Secondary  mfg/product/ver/serial Zebra Technologies, Inc/TC2205-0G1250SS-E8::::EA/0.01/S/N:BFPE01BQROI000XXXXXXXXXXXXXXXXXX:E hasAudio/HID/Storage: false/false/false
04-21 14:16:30.227  1426  2121 D UsbHostManager: Added device UsbDevice[mName=/dev/bus/usb/004/002,mVendorId=1504,mProductId=5890,mClass=239,mSubclass=2,mProtocol=1,mManufacturerName=Zebra Technologies, Inc,mProductName=TC2205-0G1250SS-E8::::EA,mVersion=0.01,mSerialNumberReader=com.android.server.usb.UsbSerialReader@97cd48a, mHasAudioPlayback=false, mHasAudioCapture=false, mHasMidi=false, mHasVideoCapture=false, mHasVideoPlayback=false, mConfigurations=[
04-21 14:16:30.227  1426  2121 D UsbHostManager: UsbConfiguration[mId=1,mName=Self Powered,mAttributes=224,mMaxPower=0,mInterfaces=[
04-21 14:16:30.227  1426  2121 D UsbHostManager: UsbInterface[mId=0,mAlternateSetting=0,mName=ZETI Interface,mClass=2,mSubclass=2,mProtocol=1,mEndpoints=[
04-21 14:16:30.227  1426  2121 D UsbHostManager: UsbEndpoint[mAddress=129,mAttributes=3,mMaxPacketSize=64,mInterval=1]]
04-21 14:16:30.227  1426  2121 D UsbHostManager: UsbInterface[mId=1,mAlternateSetting=0,mName=ZETI Interface,mClass=10,mSubclass=0,mProtocol=0,mEndpoints=[
04-21 14:16:30.227  1426  2121 D UsbHostManager: UsbEndpoint[mAddress=2,mAttributes=2,mMaxPacketSize=64,mInterval=255]
04-21 14:16:30.227  1426  2121 D UsbHostManager: UsbEndpoint[mAddress=131,mAttributes=2,mMaxPacketSize=64,mInterval=255]]
04-21 14:16:30.227  1426  2121 D UsbHostManager: UsbInterface[mId=2,mAlternateSetting=0,mName=SSI Interface,mClass=2,mSubclass=2,mProtocol=1,mEndpoints=[
04-21 14:16:30.227  1426  2121 D UsbHostManager: UsbEndpoint[mAddress=132,mAttributes=3,mMaxPacketSize=64,mInterval=1]]
04-21 14:16:30.227  1426  2121 D UsbHostManager: UsbInterface[mId=3,mAlternateSetting=0,mName=SSI Interface,mClass=10,mSubclass=0,mProtocol=0,mEndpoints=[
04-21 14:16:30.227  1426  2121 D UsbHostManager: UsbEndpoint[mAddress=5,mAttributes=2,mMaxPacketSize=64,mInterval=255]
04-21 14:16:30.227  1426  2121 D UsbHostManager: UsbEndpoint[mAddress=134,mAttributes=2,mMaxPacketSize=64,mInterval=255]]]]
04-21 14:16:30.227  1426  2121 D UsbHostManager: Send device to PopupControl
04-21 14:16:30.228  1426  2121 E UsbHostManager: sendDeviceToService 05E0:1702
04-21 14:16:30.247  1426  1858 D ActivityManager: sync unfroze 9476 com.symbol.osx.osxprovisionservice for 3
04-21 14:16:30.272  1426  2121 E UsbProfileGroupSettingsManager: OSX resolveActivity 
04-21 14:16:30.272  1426  2121 E OSxUsbConfig: isUSBMassStoargeDevice :: false
04-21 14:16:30.273  1426  2121 E UsbAlsaManager: usbDeviceAdded(): cannot find sound card for /dev/bus/usb/004/002
04-21 14:16:32.450  1426  9284 D ActivityManager: com.google.android.gms is skipped freeze by freezeAppAsyncInternalLSP
04-21 14:16:33.474  1426  2204 D BatteryService: Processing new values: info=android.hardware.health.HealthInfo@f87bf65, mBatteryLevelCritical=false, mPlugType=2
04-21 14:16:33.476  1426  2204 I BatteryService: File node value is 250
04-21 14:16:33.477  1426  2204 E BatteryService: healthInfoTemp is within the range (250)
04-21 14:16:33.477  1426  2204 D BatteryService: Sending ACTION_BATTERY_CHANGED. scale:100, info:android.hardware.health.HealthInfo@f87bf65
04-21 14:16:33.478  1426  2204 E BatteryService: level : 69 / status : 2/Health : 2/Decommission : 0/error status : 0
04-21 14:16:33.495  2120  2120 W PowerUI : mBatteryPresent = true
04-21 14:16:33.495  2120  8233 D PowerUI : can't show warning due to - plugged: true status unknown: false
04-21 14:16:34.197  1426  2204 D BatteryService: Processing new values: info=android.hardware.health.HealthInfo@8b9ece1, mBatteryLevelCritical=false, mPlugType=2
04-21 14:16:34.199  1426  2204 I BatteryService: File node value is 250
04-21 14:16:34.199  1426  2204 E BatteryService: healthInfoTemp is within the range (250)
04-21 14:16:34.199  1426  2204 D BatteryService: Sending ACTION_BATTERY_CHANGED. scale:100, info:android.hardware.health.HealthInfo@8b9ece1
04-21 14:16:34.200  1426  2204 E BatteryService: level : 69 / status : 2/Health : 2/Decommission : 0/error status : 0
04-21 14:16:34.216  2120  2120 W PowerUI : mBatteryPresent = true
04-21 14:16:34.217  2120  2706 D PowerUI : can't show warning due to - plugged: true status unknown: false
04-21 14:16:35.855  1426  1984 D ActivityManager: freezing 5156 com.symbol.mxmf
04-21 14:16:38.914 10563 10673 E AndroidRuntime: FATAL EXCEPTION: Thread-29
04-21 14:16:38.914 10563 10673 E AndroidRuntime: Process: com.symbol.datawedge, PID: 10563
04-21 14:16:38.914 10563 10673 E AndroidRuntime: java.lang.IllegalStateException: Already running
04-21 14:16:38.914 10563 10673 E AndroidRuntime: 	at com.zebra.rfid.api3.SerialInputOutputManager.run(SourceFile:250)
04-21 14:16:38.914 10563 10673 E AndroidRuntime: 	at java.lang.Thread.run(Thread.java:1012)
04-21 14:16:38.919  1426 10674 I DropBoxManagerService: add tag=system_app_crash isTagEnabled=true flags=0x2
04-21 14:16:38.922  1426  1845 I ActivityManager: Showing crash dialog for package com.symbol.datawedge u0
04-21 14:16:38.954  1426  1845 D CompatibilityChangeReporter: Compat change id reported: 161145287; UID 1000; state: ENABLED
04-21 14:16:38.954  1426  1845 D CompatibilityChangeReporter: Compat change id reported: 161145287; UID 1000; state: DISABLED
04-21 14:16:38.968  1426  1845 D CompatibilityChangeReporter: Compat change id reported: 168419799; UID 1000; state: DISABLED
04-21 14:16:38.968  1426  1845 D CompatibilityChangeReporter: Compat change id reported: 273564678; UID 1000; state: DISABLED
04-21 14:16:38.971  1426  1845 W WindowManager: Special Window visiable! Need to adjust the adj value!
04-21 14:16:38.971  1426  1845 D WindowManager: DP::updateSystemBarAttributes called
04-21 14:16:38.971  1426  1845 D WindowManager: DP::::updateSystemBarAttributes displayId: 0
04-21 14:16:38.972  1426  1845 D WindowManager: displayId: 0
04-21 14:16:38.972  1426  1845 D WindowManager: isFullscreen: false isImmersive: false
04-21 14:16:38.972  1426  1845 D WindowManager: mLastFocusIsFullscreen: false mLastImmersiveMode: false
04-21 14:16:38.972  1426  1845 D WindowManager: mFocusedWindow: Window{cd724c0 u0 Application Error: com.symbol.datawedge}
04-21 14:16:38.972  1426  1845 D WindowManager: mLastFocusedWindow: Window{3e84d76 u0 com.ltrudu.rfid_sample_flutter/com.ltrudu.rfid_sample_flutter.MainActivity}
04-21 14:16:38.972  1426  1845 D WindowManager: mLastFocusIsImmersiveAndFullscreen: false
04-21 14:16:38.972  1426  1845 D WindowManager: mLastWindowClosed: null
04-21 14:16:38.985  1426  1845 D CoreBackPreview: Window{cd724c0 u0 Application Error: com.symbol.datawedge}: Setting back callback OnBackInvokedCallbackInfo{mCallback=android.window.WindowOnBackInvokedDispatcher$OnBackInvokedCallbackWrapper@47ba216, mPriority=0, mIsAnimationCallback=false}
04-21 14:16:38.993  1426  1845 D WindowManager: layoutWindowLw currenttaskBarInDb-- 0
04-21 14:16:38.994  1426  1845 D WindowManager: layoutWindowLw currenttaskBarInDb-- 0
04-21 14:16:38.994  1426  1845 D WindowManager: layoutWindowLw currenttaskBarInDb-- 0
04-21 14:16:38.994  1426  1845 D WindowManager: layoutWindowLw currenttaskBarInDb-- 0
04-21 14:16:38.994  1426  1845 D WindowManager: DP::updateSystemBarAttributes called
04-21 14:16:38.995  1426  1845 D WindowManager: DP::::updateSystemBarAttributes displayId: 0
04-21 14:16:39.069  1426  1848 D WindowManager: layoutWindowLw currenttaskBarInDb-- 0
04-21 14:16:39.069  1426  1848 D WindowManager: layoutWindowLw currenttaskBarInDb-- 0
04-21 14:16:39.069  1426  1848 D WindowManager: layoutWindowLw currenttaskBarInDb-- 0
04-21 14:16:39.070  1426  1848 D WindowManager: layoutWindowLw currenttaskBarInDb-- 0
04-21 14:16:39.070  1426  1848 D WindowManager: DP::updateSystemBarAttributes called
04-21 14:16:39.070  1426  1848 D WindowManager: DP::::updateSystemBarAttributes displayId: 0
04-21 14:16:39.319  1426  1848 D WindowManager: DP::updateSystemBarAttributes called
04-21 14:16:39.319  1426  1848 D WindowManager: DP::::updateSystemBarAttributes displayId: 0
04-21 14:16:39.320  1426  1848 D WindowManager: displayId: 0
04-21 14:16:39.320  1426  1848 D WindowManager: isFullscreen: false isImmersive: false
04-21 14:16:39.320  1426  1848 D WindowManager: mLastFocusIsFullscreen: false mLastImmersiveMode: false
04-21 14:16:39.320  1426  1848 D WindowManager: mFocusedWindow: Window{cd724c0 u0 Application Error: com.symbol.datawedge}
04-21 14:16:39.320  1426  1848 D WindowManager: mLastFocusedWindow: Window{3e84d76 u0 com.ltrudu.rfid_sample_flutter/com.ltrudu.rfid_sample_flutter.MainActivity}
04-21 14:16:39.320  1426  1848 D WindowManager: mLastFocusIsImmersiveAndFullscreen: false
04-21 14:16:39.320  1426  1848 D WindowManager: mLastWindowClosed: null
04-21 14:16:39.335  1426  1848 D WindowManager: DP::updateSystemBarAttributes called
04-21 14:16:39.335  1426  1848 D WindowManager: DP::::updateSystemBarAttributes displayId: 0
04-21 14:16:39.470  1426  5352 D ActivityManager: com.google.android.gms is skipped freeze by freezeAppAsyncInternalLSP
04-21 14:16:40.278  1426  1984 D ActivityManager: freezing 9476 com.symbol.osx.osxprovisionservice
04-21 14:16:40.280  1426  1984 D ActivityManager: freezing 9285 android.process.media
04-21 14:16:40.281  1426  1984 D ActivityManager: freezing 4108 com.google.android.googlequicksearchbox:search
04-21 14:16:45.314  1426  2207 D ActivityManager: com.google.android.gms is skipped freeze by freezeAppAsyncInternalLSP
04-21 14:16:46.466  1426  5352 D ActivityManager: com.google.android.gms is skipped freeze by freezeAppAsyncInternalLSP
04-21 14:16:46.938  1426  2204 D BatteryService: Processing new values: info=android.hardware.health.HealthInfo@d575de4, mBatteryLevelCritical=false, mPlugType=2
04-21 14:16:46.939  1426  2204 I BatteryService: File node value is 250
04-21 14:16:46.939  1426  2204 E BatteryService: healthInfoTemp is within the range (250)
04-21 14:16:46.940  1426  2204 D BatteryService: Sending ACTION_BATTERY_CHANGED. scale:100, info:android.hardware.health.HealthInfo@d575de4
04-21 14:16:46.941  1426  2204 E BatteryService: level : 69 / status : 2/Health : 2/Decommission : 0/error status : 0
04-21 14:16:46.956  2120  2120 W PowerUI : mBatteryPresent = true
04-21 14:16:46.957  2120  2794 D PowerUI : can't show warning due to - plugged: true status unknown: false
04-21 14:16:48.833  1426  2204 D BatteryService: Processing new values: info=android.hardware.health.HealthInfo@710fa13, mBatteryLevelCritical=false, mPlugType=2
04-21 14:16:48.835  1426  2204 I BatteryService: File node value is 250
04-21 14:16:48.835  1426  2204 E BatteryService: healthInfoTemp is within the range (250)
04-21 14:16:49.508  1426  2207 I ActivityManager: Process com.symbol.datawedge (pid 10563) has died: vis IMPF
04-21 14:16:49.523  1426  1845 D CoreBackPreview: Window{cd724c0 u0 Application Error: com.symbol.datawedge}: Setting back callback null
04-21 14:16:49.531  1426  2207 W ActivityManager: Scheduling restart of crashed service com.symbol.datawedge/.ScanningService in 1000ms for connection
04-21 14:16:49.531  3167  3192 W ContextImpl: Calling a method in the system process without a qualified user: android.app.ContextImpl.sendBroadcast:1220 android.content.ContextWrapper.sendBroadcast:504 com.zebra.rfidhost.RFIDClientConnection.sendBroadCast:513 com.zebra.rfidhost.RFIDClientConnection.toggleRfidReaderPower:504 com.zebra.rfidhost.RFIDClientConnection.enableRfid:464 
04-21 14:16:49.533  1426  2207 W ProcessStats: Tracking association SourceState{23b92e2 com.zebra.licensemgrservice/10054 Service #4202} whose proc state 8 is better than process ProcessState{9518f43 com.zebra.zebradna/10094 pkg=com.zebra.zebradna} proc state 14 (72 skipped)
04-21 14:16:49.541  1426  1845 I WindowManager: removeWindowLw called: android
04-21 14:16:49.541  1426  1845 D WindowManager: DP::updateSystemBarAttributes called
04-21 14:16:49.541  1426  1845 D WindowManager: DP::::updateSystemBarAttributes displayId: 0
04-21 14:16:49.544  1426  1845 D WindowManager: displayId: 0
04-21 14:16:49.544  1426  1845 D WindowManager: isFullscreen: false isImmersive: false
04-21 14:16:49.544  1426  1845 D WindowManager: mLastFocusIsFullscreen: false mLastImmersiveMode: false
04-21 14:16:49.544  1426  1845 D WindowManager: mFocusedWindow: Window{3e84d76 u0 com.ltrudu.rfid_sample_flutter/com.ltrudu.rfid_sample_flutter.MainActivity}
04-21 14:16:49.544  1426  1845 D WindowManager: mLastFocusedWindow: Window{cd724c0 u0 Application Error: com.symbol.datawedge EXITING}
04-21 14:16:49.545  1426  1845 D WindowManager: mLastFocusIsImmersiveAndFullscreen: false
04-21 14:16:49.545  1426  1845 D WindowManager: mLastWindowClosed: null
04-21 14:16:49.545  1426  1845 D WindowManager: layoutWindowLw currenttaskBarInDb-- 0
04-21 14:16:49.545  1426  1845 D WindowManager: layoutWindowLw currenttaskBarInDb-- 0
04-21 14:16:49.546  1426  1845 D WindowManager: layoutWindowLw currenttaskBarInDb-- 0
04-21 14:16:49.546  1426  1845 D WindowManager: DP::updateSystemBarAttributes called
04-21 14:16:49.546  1426  1845 D WindowManager: DP::::updateSystemBarAttributes displayId: 0
04-21 14:16:49.546  1426  1845 D WindowManager: displayId: 0
04-21 14:16:49.546  1426  1845 D WindowManager: isFullscreen: false isImmersive: false
04-21 14:16:49.546  1426  1845 D WindowManager: mLastFocusIsFullscreen: false mLastImmersiveMode: false
04-21 14:16:49.546  1426  1845 D WindowManager: mFocusedWindow: Window{3e84d76 u0 com.ltrudu.rfid_sample_flutter/com.ltrudu.rfid_sample_flutter.MainActivity}
04-21 14:16:49.546  1426  1845 D WindowManager: mLastFocusedWindow: Window{cd724c0 u0 Application Error: com.symbol.datawedge EXITING}
04-21 14:16:49.546  1426  1845 D WindowManager: mLastFocusIsImmersiveAndFullscreen: false
04-21 14:16:49.547  1426  1845 D WindowManager: mLastWindowClosed: null
04-21 14:16:49.556  1426  1848 D WindowManager: DP::updateSystemBarAttributes called
04-21 14:16:49.556  1426  1848 D WindowManager: DP::::updateSystemBarAttributes displayId: 0
04-21 14:16:49.559  1426  2207 D ActivityManager: com.google.android.gms is skipped freeze by freezeAppAsyncInternalLSP
04-21 14:16:49.562  1426  9657 W ActivityManager: Ignoring remove of inactive process: ProcessRecord{2d64602 0:com.symbol.datawedge/u0a102}
04-21 14:16:49.570  1426  1847 V WindowManager: Unknown focus tokens, dropping reportFocusChanged
04-21 14:16:49.576  1426  2121 D UsbHostManager: Removed device at /dev/bus/usb/004/002: TC2205-0G1250SS-E8::::EA
04-21 14:16:49.576  1426  2121 I UsbAlsaManager: USB Audio Device Removed: null
04-21 14:16:49.581  1426  2121 D UsbHostManager: usbDeviceRemoved mHubHidDevices containes entry, remove it
04-21 14:16:49.589  1426  1858 D ActivityManager: sync unfroze 9285 android.process.media for 3
04-21 14:16:49.598  1426  1858 D ActivityManager: sync unfroze 4108 com.google.android.googlequicksearchbox:search for 3
04-21 14:16:49.603  1426  9291 W PackageConfigPersister: App-specific configuration not found for packageName: com.ltrudu.rfid_sample_flutter and userId: 0
04-21 14:16:49.608  1426  2209 D CompatibilityChangeReporter: Compat change id reported: 135634846; UID 10102; state: DISABLED
04-21 14:16:49.608  1426  2209 D CompatibilityChangeReporter: Compat change id reported: 177438394; UID 10102; state: DISABLED
04-21 14:16:49.608  1426  2209 D CompatibilityChangeReporter: Compat change id reported: 135772972; UID 10102; state: DISABLED
04-21 14:16:49.608  1426  2209 D CompatibilityChangeReporter: Compat change id reported: 135754954; UID 10102; state: ENABLED
04-21 14:16:49.609  1426  1859 D CompatibilityChangeReporter: Compat change id reported: 143937733; UID 10102; state: ENABLED
04-21 14:16:49.609  1426  2121 D UsbHostManager: Can't find device at /dev/bus/usb/004/001
04-21 14:16:49.609  1426  2121 D UsbHostManager: Removed device at /dev/bus/usb/004/001 was already gone
04-21 14:16:49.621  1426  2209 D ActivityManager: com.google.android.gms is skipped freeze by freezeAppAsyncInternalLSP
04-21 14:16:49.624  1426  1859 I ActivityManager: Start proc 10711:com.symbol.datawedge/u0a102 for service {com.symbol.datawedge/com.symbol.datawedge.ScanningService}
04-21 14:16:49.705  1426  2209 I ActivityManager: Flag disabled. Ignoring finishAttachApplication from uid: 10102. pid: 10711
04-21 14:16:49.715  1426  1848 I WindowManager: removeWindowLw called: android
04-21 14:16:49.715  1426  1848 D WindowManager: layoutWindowLw currenttaskBarInDb-- 0
04-21 14:16:49.715  1426  1848 D WindowManager: layoutWindowLw currenttaskBarInDb-- 0
04-21 14:16:49.716  1426  1848 D WindowManager: layoutWindowLw currenttaskBarInDb-- 0
04-21 14:16:49.716  1426  1848 D WindowManager: DP::updateSystemBarAttributes called
04-21 14:16:49.716  1426  1848 D WindowManager: DP::::updateSystemBarAttributes displayId: 0
04-21 14:16:49.717  1426  1848 D WindowManager: DP::updateSystemBarAttributes called
04-21 14:16:49.717  1426  1848 D WindowManager: DP::::updateSystemBarAttributes displayId: 0
04-21 14:16:49.831  1426  9291 W ActivityManager: Receiver with filter android.content.IntentFilter@6a1b409 already registered for pid 10711, callerPackage is com.symbol.datawedge
04-21 14:16:50.342  1426  1858 D ActivityManager: sync unfroze 5156 com.symbol.mxmf for 3
04-21 14:16:53.391  3167  3192 W ContextImpl: Calling a method in the system process without a qualified user: android.app.ContextImpl.sendBroadcast:1220 android.content.ContextWrapper.sendBroadcast:504 com.zebra.rfidhost.RFIDClientConnection.sendBroadCast:513 com.zebra.rfidhost.RFIDClientConnection.toggleRfidReaderPower:502 com.zebra.rfidhost.RFIDClientConnection.enableRfid:442 
04-21 14:16:53.410  1426  2121 D UsbHostManager: deviceClass : 9checkUsbInterfacesBlackListed :false
04-21 14:16:53.411  1426  2121 D UsbHostManager: mHubHidDevices added size is 4
04-21 14:16:54.483  1426  5352 D ActivityManager: com.google.android.gms is skipped freeze by freezeAppAsyncInternalLSP
04-21 14:16:54.740  1426  2121 D UsbHostManager: deviceClass : 239checkUsbInterfacesBlackListed :false
04-21 14:16:54.743  1426  2121 D UsbHostManager: USB device attached: vidpid 05e0:1702 portType Secondary  mfg/product/ver/serial Zebra Technologies, Inc/TC2205-0G1250SS-E8::::EA/0.01/S/N:BFPE01BQROI000XXXXXXXXXXXXXXXXXX:E hasAudio/HID/Storage: false/false/false
04-21 14:16:54.747  1426  2121 D UsbHostManager: Added device UsbDevice[mName=/dev/bus/usb/004/002,mVendorId=1504,mProductId=5890,mClass=239,mSubclass=2,mProtocol=1,mManufacturerName=Zebra Technologies, Inc,mProductName=TC2205-0G1250SS-E8::::EA,mVersion=0.01,mSerialNumberReader=com.android.server.usb.UsbSerialReader@a85772c, mHasAudioPlayback=false, mHasAudioCapture=false, mHasMidi=false, mHasVideoCapture=false, mHasVideoPlayback=false, mConfigurations=[
04-21 14:16:54.747  1426  2121 D UsbHostManager: UsbConfiguration[mId=1,mName=Self Powered,mAttributes=224,mMaxPower=0,mInterfaces=[
04-21 14:16:54.747  1426  2121 D UsbHostManager: UsbInterface[mId=0,mAlternateSetting=0,mName=ZETI Interface,mClass=2,mSubclass=2,mProtocol=1,mEndpoints=[
04-21 14:16:54.747  1426  2121 D UsbHostManager: UsbEndpoint[mAddress=129,mAttributes=3,mMaxPacketSize=64,mInterval=1]]
04-21 14:16:54.747  1426  2121 D UsbHostManager: UsbInterface[mId=1,mAlternateSetting=0,mName=ZETI Interface,mClass=10,mSubclass=0,mProtocol=0,mEndpoints=[
04-21 14:16:54.747  1426  2121 D UsbHostManager: UsbEndpoint[mAddress=2,mAttributes=2,mMaxPacketSize=64,mInterval=255]
04-21 14:16:54.747  1426  2121 D UsbHostManager: UsbEndpoint[mAddress=131,mAttributes=2,mMaxPacketSize=64,mInterval=255]]
04-21 14:16:54.747  1426  2121 D UsbHostManager: UsbInterface[mId=2,mAlternateSetting=0,mName=SSI Interface,mClass=2,mSubclass=2,mProtocol=1,mEndpoints=[
04-21 14:16:54.747  1426  2121 D UsbHostManager: UsbEndpoint[mAddress=132,mAttributes=3,mMaxPacketSize=64,mInterval=1]]
04-21 14:16:54.747  1426  2121 D UsbHostManager: UsbInterface[mId=3,mAlternateSetting=0,mName=SSI Interface,mClass=10,mSubclass=0,mProtocol=0,mEndpoints=[
04-21 14:16:54.747  1426  2121 D UsbHostManager: UsbEndpoint[mAddress=5,mAttributes=2,mMaxPacketSize=64,mInterval=255]
04-21 14:16:54.747  1426  2121 D UsbHostManager: UsbEndpoint[mAddress=134,mAttributes=2,mMaxPacketSize=64,mInterval=255]]]]
04-21 14:16:54.747  1426  2121 D UsbHostManager: Send device to PopupControl
04-21 14:16:54.747  1426  2121 E UsbHostManager: sendDeviceToService 05E0:1702
04-21 14:16:54.765  1426  1858 D ActivityManager: sync unfroze 9476 com.symbol.osx.osxprovisionservice for 3
04-21 14:16:54.774  1426  2121 E UsbProfileGroupSettingsManager: OSX resolveActivity 
04-21 14:16:54.774  1426  2121 E OSxUsbConfig: isUSBMassStoargeDevice :: false
04-21 14:16:54.775  1426  2121 E UsbAlsaManager: usbDeviceAdded(): cannot find sound card for /dev/bus/usb/004/002
04-21 14:16:55.237  1426  2204 D BatteryService: Processing new values: info=android.hardware.health.HealthInfo@dabfe2e, mBatteryLevelCritical=false, mPlugType=2
04-21 14:16:55.239  1426  2204 I BatteryService: File node value is 250
04-21 14:16:55.239  1426  2204 E BatteryService: healthInfoTemp is within the range (250)
04-21 14:16:55.240  1426  2204 D BatteryService: Sending ACTION_BATTERY_CHANGED. scale:100, info:android.hardware.health.HealthInfo@dabfe2e
04-21 14:16:55.240  1426  2204 E BatteryService: level : 69 / status : 2/Health : 2/Decommission : 0/error status : 0
04-21 14:16:55.253  2120  2120 W PowerUI : mBatteryPresent = true
04-21 14:16:55.254  2120  4918 D PowerUI : can't show warning due to - plugged: true status unknown: false
04-21 14:16:59.600  1426  1984 D ActivityManager: freezing 4262 com.google.process.gservices
04-21 14:16:59.641  1426  2204 D BatteryService: Processing new values: info=android.hardware.health.HealthInfo@b52f948, mBatteryLevelCritical=false, mPlugType=2
04-21 14:16:59.643  1426  2204 I BatteryService: File node value is 250
04-21 14:16:59.643  1426  2204 E BatteryService: healthInfoTemp is within the range (250)
04-21 14:16:59.643  1426  2204 D BatteryService: Sending ACTION_BATTERY_CHANGED. scale:100, info:android.hardware.health.HealthInfo@b52f948
04-21 14:16:59.644  1426  2204 E BatteryService: level : 69 / status : 2/Health : 2/Decommission : 0/error status : 0
04-21 14:16:59.658  2120  2120 W PowerUI : mBatteryPresent = true
04-21 14:16:59.659  2120  7005 D PowerUI : can't show warning due to - plugged: true status unknown: false
04-21 14:17:00.011  1426  1858 D ActivityManager: sync unfroze 4338 com.zebra.timecacher for 3
04-21 14:17:00.360  1426  2204 D BatteryService: Processing new values: info=android.hardware.health.HealthInfo@51da960, mBatteryLevelCritical=false, mPlugType=2
04-21 14:17:00.361  1426  2204 I BatteryService: File node value is 250
04-21 14:17:00.361  1426  2204 E BatteryService: healthInfoTemp is within the range (250)
04-21 14:17:00.362  1426  1984 D ActivityManager: freezing 5156 com.symbol.mxmf
04-21 14:17:03.705 10711 10819 E AndroidRuntime: FATAL EXCEPTION: Thread-29
04-21 14:17:03.705 10711 10819 E AndroidRuntime: Process: com.symbol.datawedge, PID: 10711
04-21 14:17:03.705 10711 10819 E AndroidRuntime: java.lang.IllegalStateException: Already running
04-21 14:17:03.705 10711 10819 E AndroidRuntime: 	at com.zebra.rfid.api3.SerialInputOutputManager.run(SourceFile:250)
04-21 14:17:03.705 10711 10819 E AndroidRuntime: 	at java.lang.Thread.run(Thread.java:1012)
04-21 14:17:03.710  1426 10820 I DropBoxManagerService: add tag=system_app_crash isTagEnabled=true flags=0x2
04-21 14:17:03.753  1426  4383 I ActivityManager: Process com.symbol.datawedge (pid 10711) has died: vis IMPF
04-21 14:17:03.759  1426  4383 W ActivityManager: Scheduling restart of crashed service com.symbol.datawedge/.ScanningService in 1000ms for connection
04-21 14:17:03.764  1426  4383 W ProcessStats: Tracking association SourceState{23b92e2 com.zebra.licensemgrservice/10054 Service #4258} whose proc state 8 is better than process ProcessState{9518f43 com.zebra.zebradna/10094 pkg=com.zebra.zebradna} proc state 14 (43 skipped)
04-21 14:17:03.774  1426  4383 D ActivityManager: com.google.android.gms is skipped freeze by freezeAppAsyncInternalLSP
04-21 14:17:03.787  3167  3192 W ContextImpl: Calling a method in the system process without a qualified user: android.app.ContextImpl.sendBroadcast:1220 android.content.ContextWrapper.sendBroadcast:504 com.zebra.rfidhost.RFIDClientConnection.sendBroadCast:513 com.zebra.rfidhost.RFIDClientConnection.toggleRfidReaderPower:504 com.zebra.rfidhost.RFIDClientConnection.enableRfid:464 
04-21 14:17:03.810  1426  9284 D CompatibilityChangeReporter: Compat change id reported: 135634846; UID 10102; state: DISABLED
04-21 14:17:03.810  1426  9284 D CompatibilityChangeReporter: Compat change id reported: 177438394; UID 10102; state: DISABLED
04-21 14:17:03.810  1426  9284 D CompatibilityChangeReporter: Compat change id reported: 135772972; UID 10102; state: DISABLED
04-21 14:17:03.811  1426  9284 D CompatibilityChangeReporter: Compat change id reported: 135754954; UID 10102; state: ENABLED
04-21 14:17:03.812  1426  1859 D CompatibilityChangeReporter: Compat change id reported: 143937733; UID 10102; state: ENABLED
04-21 14:17:03.821  1426  2121 D UsbHostManager: Removed device at /dev/bus/usb/004/002: TC2205-0G1250SS-E8::::EA
04-21 14:17:03.821  1426  2121 I UsbAlsaManager: USB Audio Device Removed: null
04-21 14:17:03.832  1426  2121 D UsbHostManager: usbDeviceRemoved mHubHidDevices containes entry, remove it
04-21 14:17:03.838  1426  2121 D UsbHostManager: Can't find device at /dev/bus/usb/004/001
04-21 14:17:03.838  1426  2121 D UsbHostManager: Removed device at /dev/bus/usb/004/001 was already gone
04-21 14:17:03.844  1426  1859 I ActivityManager: Start proc 10831:com.symbol.datawedge/u0a102 for service {com.symbol.datawedge/com.symbol.datawedge.ScanningService}
04-21 14:17:03.928  1426  6907 I ActivityManager: Flag disabled. Ignoring finishAttachApplication from uid: 10102. pid: 10831
04-21 14:17:04.039  1426  9284 W ActivityManager: Receiver with filter android.content.IntentFilter@3c82669 already registered for pid 10831, callerPackage is com.symbol.datawedge
04-21 14:17:04.240  1426  2207 D ActivityManager: com.google.android.gms is skipped freeze by freezeAppAsyncInternalLSP
04-21 14:17:04.246  1426  2209 D ActivityManager: com.google.android.gms is skipped freeze by freezeAppAsyncInternalLSP
04-21 14:17:04.549  1426  1858 D ActivityManager: sync unfroze 5156 com.symbol.mxmf for 3
04-21 14:17:04.809  1426  1984 D ActivityManager: freezing 9476 com.symbol.osx.osxprovisionservice
04-21 14:17:05.969  1426  2204 D BatteryService: Processing new values: info=android.hardware.health.HealthInfo@78e94dc, mBatteryLevelCritical=false, mPlugType=2
04-21 14:17:05.971  1426  2204 I BatteryService: File node value is 250
04-21 14:17:05.971  1426  2204 E BatteryService: healthInfoTemp is within the range (250)
04-21 14:17:05.971  1426  2204 D BatteryService: Sending ACTION_BATTERY_CHANGED. scale:100, info:android.hardware.health.HealthInfo@78e94dc
04-21 14:17:05.972  1426  2204 E BatteryService: level : 69 / status : 2/Health : 2/Decommission : 0/error status : 0
04-21 14:17:05.981  2120  2120 W PowerUI : mBatteryPresent = true
04-21 14:17:05.982  2120  8084 D PowerUI : can't show warning due to - plugged: true status unknown: false
04-21 14:17:07.669  3167  3192 W ContextImpl: Calling a method in the system process without a qualified user: android.app.ContextImpl.sendBroadcast:1220 android.content.ContextWrapper.sendBroadcast:504 com.zebra.rfidhost.RFIDClientConnection.sendBroadCast:513 com.zebra.rfidhost.RFIDClientConnection.toggleRfidReaderPower:502 com.zebra.rfidhost.RFIDClientConnection.enableRfid:442 
04-21 14:17:07.698  1426  2121 D UsbHostManager: deviceClass : 9checkUsbInterfacesBlackListed :false
04-21 14:17:07.699  1426  2121 D UsbHostManager: mHubHidDevices added size is 4
04-21 14:17:09.021  1426  2121 D UsbHostManager: deviceClass : 239checkUsbInterfacesBlackListed :false
04-21 14:17:09.023  1426  2121 D UsbHostManager: USB device attached: vidpid 05e0:1702 portType Secondary  mfg/product/ver/serial Zebra Technologies, Inc/TC2205-0G1250SS-E8::::EA/0.01/S/N:BFPE01BQROI000XXXXXXXXXXXXXXXXXX:E hasAudio/HID/Storage: false/false/false
04-21 14:17:09.028  1426  2121 D UsbHostManager: Added device UsbDevice[mName=/dev/bus/usb/004/002,mVendorId=1504,mProductId=5890,mClass=239,mSubclass=2,mProtocol=1,mManufacturerName=Zebra Technologies, Inc,mProductName=TC2205-0G1250SS-E8::::EA,mVersion=0.01,mSerialNumberReader=com.android.server.usb.UsbSerialReader@a8dab09, mHasAudioPlayback=false, mHasAudioCapture=false, mHasMidi=false, mHasVideoCapture=false, mHasVideoPlayback=false, mConfigurations=[
04-21 14:17:09.028  1426  2121 D UsbHostManager: UsbConfiguration[mId=1,mName=Self Powered,mAttributes=224,mMaxPower=0,mInterfaces=[
04-21 14:17:09.028  1426  2121 D UsbHostManager: UsbInterface[mId=0,mAlternateSetting=0,mName=ZETI Interface,mClass=2,mSubclass=2,mProtocol=1,mEndpoints=[
04-21 14:17:09.028  1426  2121 D UsbHostManager: UsbEndpoint[mAddress=129,mAttributes=3,mMaxPacketSize=64,mInterval=1]]
04-21 14:17:09.028  1426  2121 D UsbHostManager: UsbInterface[mId=1,mAlternateSetting=0,mName=ZETI Interface,mClass=10,mSubclass=0,mProtocol=0,mEndpoints=[
04-21 14:17:09.028  1426  2121 D UsbHostManager: UsbEndpoint[mAddress=2,mAttributes=2,mMaxPacketSize=64,mInterval=255]
04-21 14:17:09.028  1426  2121 D UsbHostManager: UsbEndpoint[mAddress=131,mAttributes=2,mMaxPacketSize=64,mInterval=255]]
04-21 14:17:09.028  1426  2121 D UsbHostManager: UsbInterface[mId=2,mAlternateSetting=0,mName=SSI Interface,mClass=2,mSubclass=2,mProtocol=1,mEndpoints=[
04-21 14:17:09.028  1426  2121 D UsbHostManager: UsbEndpoint[mAddress=132,mAttributes=3,mMaxPacketSize=64,mInterval=1]]
04-21 14:17:09.028  1426  2121 D UsbHostManager: UsbInterface[mId=3,mAlternateSetting=0,mName=SSI Interface,mClass=10,mSubclass=0,mProtocol=0,mEndpoints=[
04-21 14:17:09.028  1426  2121 D UsbHostManager: UsbEndpoint[mAddress=5,mAttributes=2,mMaxPacketSize=64,mInterval=255]
04-21 14:17:09.028  1426  2121 D UsbHostManager: UsbEndpoint[mAddress=134,mAttributes=2,mMaxPacketSize=64,mInterval=255]]]]
04-21 14:17:09.028  1426  2121 D UsbHostManager: Send device to PopupControl
04-21 14:17:09.028  1426  2121 E UsbHostManager: sendDeviceToService 05E0:1702
04-21 14:17:09.046  1426  1858 D ActivityManager: sync unfroze 9476 com.symbol.osx.osxprovisionservice for 3
04-21 14:17:09.052  1426  2121 E UsbProfileGroupSettingsManager: OSX resolveActivity 
04-21 14:17:09.052  1426  2121 E OSxUsbConfig: isUSBMassStoargeDevice :: false
04-21 14:17:09.052  1426  2121 E UsbAlsaManager: usbDeviceAdded(): cannot find sound card for /dev/bus/usb/004/002
04-21 14:17:10.066  1426  1984 D ActivityManager: freezing 4338 com.zebra.timecacher
04-21 14:17:11.100  1426  2204 D BatteryService: Processing new values: info=android.hardware.health.HealthInfo@84e94c3, mBatteryLevelCritical=false, mPlugType=2
04-21 14:17:11.102  1426  2204 I BatteryService: File node value is 250
04-21 14:17:11.102  1426  2204 E BatteryService: healthInfoTemp is within the range (250)
04-21 14:17:11.102  1426  2204 D BatteryService: Sending ACTION_BATTERY_CHANGED. scale:100, info:android.hardware.health.HealthInfo@84e94c3
04-21 14:17:11.102  1426  2204 E BatteryService: level : 69 / status : 2/Health : 2/Decommission : 0/error status : 0
04-21 14:17:11.111  2120  2120 W PowerUI : mBatteryPresent = true
04-21 14:17:11.111  2120  8233 D PowerUI : can't show warning due to - plugged: true status unknown: false
04-21 14:17:11.240  1426  2209 D ActivityManager: com.google.android.gms is skipped freeze by freezeAppAsyncInternalLSP
04-21 14:17:12.363  1426  2204 D BatteryService: Processing new values: info=android.hardware.health.HealthInfo@5fbba1f, mBatteryLevelCritical=false, mPlugType=2
04-21 14:17:12.365  1426  2204 I BatteryService: File node value is 250
04-21 14:17:12.365  1426  2204 E BatteryService: healthInfoTemp is within the range (250)
04-21 14:17:12.365  1426  2204 D BatteryService: Sending ACTION_BATTERY_CHANGED. scale:100, info:android.hardware.health.HealthInfo@5fbba1f
04-21 14:17:12.366  1426  2204 E BatteryService: level : 69 / status : 2/Health : 2/Decommission : 0/error status : 0
04-21 14:17:12.382  2120  2120 W PowerUI : mBatteryPresent = true
04-21 14:17:12.383  2120  2706 D PowerUI : can't show warning due to - plugged: true status unknown: false
04-21 14:17:14.360  1426  2204 D BatteryService: Processing new values: info=android.hardware.health.HealthInfo@97da858, mBatteryLevelCritical=false, mPlugType=2
04-21 14:17:14.361  1426  2204 I BatteryService: File node value is 250
04-21 14:17:14.362  1426  2204 E BatteryService: healthInfoTemp is within the range (250)
04-21 14:17:14.362  1426  2204 D BatteryService: Sending ACTION_BATTERY_CHANGED. scale:100, info:android.hardware.health.HealthInfo@97da858
04-21 14:17:14.363  1426  2204 E BatteryService: level : 69 / status : 2/Health : 2/Decommission : 0/error status : 0
04-21 14:17:14.378  2120  2120 W PowerUI : mBatteryPresent = true
04-21 14:17:14.379  2120  2794 D PowerUI : can't show warning due to - plugged: true status unknown: false
04-21 14:17:14.573  1426  1984 D ActivityManager: freezing 5156 com.symbol.mxmf
04-21 14:17:16.243  1426  2204 D BatteryService: Processing new values: info=android.hardware.health.HealthInfo@774ce17, mBatteryLevelCritical=false, mPlugType=2
04-21 14:17:16.246  1426  2204 I BatteryService: File node value is 250
04-21 14:17:16.246  1426  2204 E BatteryService: healthInfoTemp is within the range (250)
04-21 14:17:16.246  1426  2204 D BatteryService: Sending ACTION_BATTERY_CHANGED. scale:100, info:android.hardware.health.HealthInfo@774ce17
04-21 14:17:16.247  1426  2204 E BatteryService: level : 69 / status : 2/Health : 2/Decommission : 0/error status : 0
04-21 14:17:16.264  2120  2120 W PowerUI : mBatteryPresent = true
04-21 14:17:16.265  2120  4918 D PowerUI : can't show warning due to - plugged: true status unknown: false
04-21 14:17:17.982 10831 10938 E AndroidRuntime: FATAL EXCEPTION: Thread-29
04-21 14:17:17.982 10831 10938 E AndroidRuntime: Process: com.symbol.datawedge, PID: 10831
04-21 14:17:17.982 10831 10938 E AndroidRuntime: java.lang.IllegalStateException: Already running
04-21 14:17:17.982 10831 10938 E AndroidRuntime: 	at com.zebra.rfid.api3.SerialInputOutputManager.run(SourceFile:250)
04-21 14:17:17.982 10831 10938 E AndroidRuntime: 	at java.lang.Thread.run(Thread.java:1012)
04-21 14:17:17.988  1426 10939 I DropBoxManagerService: add tag=system_app_crash isTagEnabled=true flags=0x2
04-21 14:17:18.041  1426  2209 I ActivityManager: Process com.symbol.datawedge (pid 10831) has died: vis IMPF
04-21 14:17:18.055  3167  3192 W ContextImpl: Calling a method in the system process without a qualified user: android.app.ContextImpl.sendBroadcast:1220 android.content.ContextWrapper.sendBroadcast:504 com.zebra.rfidhost.RFIDClientConnection.sendBroadCast:513 com.zebra.rfidhost.RFIDClientConnection.toggleRfidReaderPower:504 com.zebra.rfidhost.RFIDClientConnection.enableRfid:464 
04-21 14:17:18.056  1426  2209 W ActivityManager: Scheduling restart of crashed service com.symbol.datawedge/.ScanningService in 1000ms for connection
04-21 14:17:18.060  1426  2209 W ProcessStats: Tracking association SourceState{23b92e2 com.zebra.licensemgrservice/10054 Service #4316} whose proc state 8 is better than process ProcessState{9518f43 com.zebra.zebradna/10094 pkg=com.zebra.zebradna} proc state 14 (43 skipped)
04-21 14:17:18.066  1426  2209 D ActivityManager: com.google.android.gms is skipped freeze by freezeAppAsyncInternalLSP
04-21 14:17:18.087  1426  2121 D UsbHostManager: Removed device at /dev/bus/usb/004/002: TC2205-0G1250SS-E8::::EA
04-21 14:17:18.087  1426  2121 I UsbAlsaManager: USB Audio Device Removed: null
04-21 14:17:18.107  1426  9657 D CompatibilityChangeReporter: Compat change id reported: 135634846; UID 10102; state: DISABLED
04-21 14:17:18.107  1426  9657 D CompatibilityChangeReporter: Compat change id reported: 177438394; UID 10102; state: DISABLED
04-21 14:17:18.107  1426  9657 D CompatibilityChangeReporter: Compat change id reported: 135772972; UID 10102; state: DISABLED
04-21 14:17:18.107  1426  9657 D CompatibilityChangeReporter: Compat change id reported: 135754954; UID 10102; state: ENABLED
04-21 14:17:18.109  1426  1859 D CompatibilityChangeReporter: Compat change id reported: 143937733; UID 10102; state: ENABLED
04-21 14:17:18.109  1426  2121 D UsbHostManager: usbDeviceRemoved mHubHidDevices containes entry, remove it
04-21 14:17:18.118  1426  1859 I ActivityManager: Start proc 10946:com.symbol.datawedge/u0a102 for service {com.symbol.datawedge/com.symbol.datawedge.ScanningService}
04-21 14:17:18.121  1426  2121 D UsbHostManager: Can't find device at /dev/bus/usb/004/001
04-21 14:17:18.121  1426  2121 D UsbHostManager: Removed device at /dev/bus/usb/004/001 was already gone
04-21 14:17:18.195  1426  4380 I ActivityManager: Flag disabled. Ignoring finishAttachApplication from uid: 10102. pid: 10946
04-21 14:17:18.325  1426  4380 W ActivityManager: Receiver with filter android.content.IntentFilter@429233d already registered for pid 10946, callerPackage is com.symbol.datawedge
04-21 14:17:18.520  1426  1478 D ActivityManager: com.google.android.gms is skipped freeze by freezeAppAsyncInternalLSP
04-21 14:17:18.835  1426  1858 D ActivityManager: sync unfroze 5156 com.symbol.mxmf for 3
04-21 14:17:19.091  1426  1984 D ActivityManager: freezing 9476 com.symbol.osx.osxprovisionservice
04-21 14:17:21.344  1426  2204 D BatteryService: Processing new values: info=android.hardware.health.HealthInfo@7e8f1c, mBatteryLevelCritical=false, mPlugType=2
04-21 14:17:21.346  1426  2204 I BatteryService: File node value is 250
04-21 14:17:21.346  1426  2204 E BatteryService: healthInfoTemp is within the range (250)
04-21 14:17:21.346  1426  2204 D BatteryService: Sending ACTION_BATTERY_CHANGED. scale:100, info:android.hardware.health.HealthInfo@7e8f1c
04-21 14:17:21.347  1426  2204 E BatteryService: level : 69 / status : 2/Health : 2/Decommission : 0/error status : 0
04-21 14:17:21.358  2120  2120 W PowerUI : mBatteryPresent = true
04-21 14:17:21.358  2120  7005 D PowerUI : can't show warning due to - plugged: true status unknown: false
04-21 14:17:21.997  3167  3192 W ContextImpl: Calling a method in the system process without a qualified user: android.app.ContextImpl.sendBroadcast:1220 android.content.ContextWrapper.sendBroadcast:504 com.zebra.rfidhost.RFIDClientConnection.sendBroadCast:513 com.zebra.rfidhost.RFIDClientConnection.toggleRfidReaderPower:502 com.zebra.rfidhost.RFIDClientConnection.enableRfid:442 
04-21 14:17:22.016  1426  2121 D UsbHostManager: deviceClass : 9checkUsbInterfacesBlackListed :false
04-21 14:17:22.017  1426  2121 D UsbHostManager: mHubHidDevices added size is 4
04-21 14:17:23.352  1426  2121 D UsbHostManager: deviceClass : 239checkUsbInterfacesBlackListed :false
04-21 14:17:23.354  1426  2121 D UsbHostManager: USB device attached: vidpid 05e0:1702 portType Secondary  mfg/product/ver/serial Zebra Technologies, Inc/TC2205-0G1250SS-E8::::EA/0.01/S/N:BFPE01BQROI000XXXXXXXXXXXXXXXXXX:E hasAudio/HID/Storage: false/false/false
--------- beginning of main
04-21 14:17:23.356  3214  3252 D Serial.Port: readData: count 8192
04-21 14:17:23.356  3214  3252 D app_process64: PortJni: Reading new
04-21 14:17:23.356  3214  3252 D app_process64: PortJni: ... up to count 8192 with timeout -1
04-21 14:17:23.356  3214  3252 E app_process64: PortJni: Error 9 reading port.
04-21 14:17:23.356  3214  3252 D Serial.Port: readData: retcode -1
04-21 14:17:23.356  3214  3252 D Serial.Port: readData: count 8192
04-21 14:17:23.356  3214  3252 D app_process64: PortJni: Reading new
04-21 14:17:23.356  3214  3252 D app_process64: PortJni: ... up to count 8192 with timeout -1
04-21 14:17:23.356  3214  3252 E app_process64: PortJni: Error 9 reading port.
04-21 14:17:23.356  3214  3252 D Serial.Port: readData: retcode -1
04-21 14:17:23.357  3214  3252 D Serial.Port: readData: count 8192
04-21 14:17:23.357  3214  3252 D app_process64: PortJni: Reading new
04-21 14:17:23.357  3214  3252 D app_process64: PortJni: ... up to count 8192 with timeout -1
04-21 14:17:23.357  3214  3252 E app_process64: PortJni: Error 9 reading port.
04-21 14:17:23.357  3214  3252 D Serial.Port: readData: retcode -1
04-21 14:17:23.357  3214  3252 D Serial.Port: readData: count 8192
04-21 14:17:23.357  3214  3252 D app_process64: PortJni: Reading new
04-21 14:17:23.357  3214  3252 D app_process64: PortJni: ... up to count 8192 with timeout -1
04-21 14:17:23.357  3214  3252 E app_process64: PortJni: Error 9 reading port.
04-21 14:17:23.358  3214  3252 D Serial.Port: readData: retcode -1
04-21 14:17:23.358  3214  3252 D Serial.Port: readData: count 8192
04-21 14:17:23.358  3214  3252 D app_process64: PortJni: Reading new
04-21 14:17:23.358  3214  3252 D app_process64: PortJni: ... up to count 8192 with timeout -1
04-21 14:17:23.358  1426  2121 D UsbHostManager: Added device UsbDevice[mName=/dev/bus/usb/004/002,mVendorId=1504,mProductId=5890,mClass=239,mSubclass=2,mProtocol=1,mManufacturerName=Zebra Technologies, Inc,mProductName=TC2205-0G1250SS-E8::::EA,mVersion=0.01,mSerialNumberReader=com.android.server.usb.UsbSerialReader@e584287, mHasAudioPlayback=false, mHasAudioCapture=false, mHasMidi=false, mHasVideoCapture=false, mHasVideoPlayback=false, mConfigurations=[
04-21 14:17:23.358  1426  2121 D UsbHostManager: UsbConfiguration[mId=1,mName=Self Powered,mAttributes=224,mMaxPower=0,mInterfaces=[
04-21 14:17:23.358  1426  2121 D UsbHostManager: UsbInterface[mId=0,mAlternateSetting=0,mName=ZETI Interface,mClass=2,mSubclass=2,mProtocol=1,mEndpoints=[
04-21 14:17:23.358  1426  2121 D UsbHostManager: UsbEndpoint[mAddress=129,mAttributes=3,mMaxPacketSize=64,mInterval=1]]
04-21 14:17:23.358  1426  2121 D UsbHostManager: UsbInterface[mId=1,mAlternateSetting=0,mName=ZETI Interface,mClass=10,mSubclass=0,mProtocol=0,mEndpoints=[
04-21 14:17:23.358  1426  2121 D UsbHostManager: UsbEndpoint[mAddress=2,mAttributes=2,mMaxPacketSize=64,mInterval=255]
04-21 14:17:23.358  1426  2121 D UsbHostManager: UsbEndpoint[mAddress=131,mAttributes=2,mMaxPacketSize=64,mInterval=255]]
04-21 14:17:23.358  1426  2121 D UsbHostManager: UsbInterface[mId=2,mAlternateSetting=0,mName=SSI Interface,mClass=2,mSubclass=2,mProtocol=1,mEndpoints=[
04-21 14:17:23.358  1426  2121 D UsbHostManager: UsbEndpoint[mAddress=132,mAttributes=3,mMaxPacketSize=64,mInterval=1]]
04-21 14:17:23.358  1426  2121 D UsbHostManager: UsbInterface[mId=3,mAlternateSetting=0,mName=SSI Interface,mClass=10,mSubclass=0,mProtocol=0,mEndpoints=[
04-21 14:17:23.358  1426  2121 D UsbHostManager: UsbEndpoint[mAddress=5,mAttributes=2,mMaxPacketSize=64,mInterval=255]
04-21 14:17:23.358  1426  2121 D UsbHostManager: UsbEndpoint[mAddress=134,mAttributes=2,mMaxPacketSize=64,mInterval=255]]]]
04-21 14:17:23.358  3214  3252 E app_process64: PortJni: Error 9 reading port.
04-21 14:17:23.358  3214  3252 D Serial.Port: readData: retcode -1
04-21 14:17:23.358  1426  2121 I UsbHostManager: usbdeviceadded--- newDevice info--name= /dev/bus/usb/004/002deviceId= 4002deviceClass= 239
04-21 14:17:23.358  1426  2121 D UsbHostManager: Send device to PopupControl
04-21 14:17:23.358  1426  2121 E UsbHostManager: sendDeviceToService 05E0:1702
04-21 14:17:23.359  3214  3252 D Serial.Port: readData: count 8192
04-21 14:17:23.359  3214  3252 D app_process64: PortJni: Reading new
04-21 14:17:23.360  3214  3252 D app_process64: PortJni: ... up to count 8192 with timeout -1
04-21 14:17:23.360  3214  3252 E app_process64: PortJni: Error 9 reading port.
04-21 14:17:23.360  3214  3252 D Serial.Port: readData: retcode -1
04-21 14:17:23.360  4084  9474 I PopupControl: USB ignored: 05E0:1702
04-21 14:17:23.360  3214  3252 D Serial.Port: readData: count 8192
04-21 14:17:23.360  1426  2121 I UsbHostManager: innerClassList--interfaceClass=2
04-21 14:17:23.360  1426  2121 I UsbHostManager: innerClassList--interfaceClass=10
04-21 14:17:23.360  3214  3252 D app_process64: PortJni: Reading new
04-21 14:17:23.360  1426  2121 I UsbHostManager: innerClassList--interfaceClass=2
04-21 14:17:23.360  1426  2121 I UsbHostManager: innerClassList--interfaceClass=10
04-21 14:17:23.360  1426  2121 I UsbHostManager: innerClassList--4
04-21 14:17:23.360  3214  3252 D app_process64: PortJni: ... up to count 8192 with timeout -1
04-21 14:17:23.360  3214  3252 E app_process64: PortJni: Error 9 reading port.
04-21 14:17:23.360  3214  3252 D Serial.Port: readData: retcode -1
04-21 14:17:23.360  3214  3252 D Serial.Port: readData: count 8192
