04-21 14:16:04.965  1426  1478 I AppsFilter: interaction: PackageSetting{dbbc169 com.ltrudu.rfid_sample_flutter/10261} -> PackageSetting{d5513f1 com.symbol.fota/10091} BLOCKED
04-21 14:16:04.965  1426  1478 I AppsFilter: interaction: PackageSetting{dbbc169 com.ltrudu.rfid_sample_flutter/10261} -> PackageSetting{6b31bd6 com.symbol.mxmf/10070} BLOCKED
04-21 14:16:04.965  1426  1478 I AppsFilter: interaction: PackageSetting{dbbc169 com.ltrudu.rfid_sample_flutter/10261} -> PackageSetting{a423e57 com.google.android.googlequicksearchbox/10166} BLOCKED
04-21 14:16:04.965  1426  1478 I AppsFilter: interaction: PackageSetting{dbbc169 com.ltrudu.rfid_sample_flutter/10261} -> PackageSetting{b7d3d44 com.verizon.mips.services/10085} BLOCKED
04-21 14:16:04.965  1426  9284 I ActivityManager: Flag disabled. Ignoring finishAttachApplication from uid: 10261. pid: 10344
04-21 14:16:04.965  1426  1478 I AppsFilter: interaction: PackageSetting{dbbc169 com.ltrudu.rfid_sample_flutter/10261} -> PackageSetting{395fe2d com.google.android.onetimeinitializer/10155} BLOCKED
04-21 14:16:04.965  1426  1478 I AppsFilter: interaction: PackageSetting{dbbc169 com.ltrudu.rfid_sample_flutter/10261} -> PackageSetting{e1d1f62 com.google.android.ext.shared/10135} BLOCKED
04-21 14:16:04.965  1426  1478 I AppsFilter: interaction: PackageSetting{dbbc169 com.ltrudu.rfid_sample_flutter/10261} -> PackageSetting{9c268f3 com.android.internal.systemui.navbar.gestural_wide_back/10039} BLOCKED
04-21 14:16:04.965  1426  1478 I AppsFilter: interaction: PackageSetting{dbbc169 com.ltrudu.rfid_sample_flutter/10261} -> PackageSetting{2b2e9b0 com.android.virtualmachine.res/10242} BLOCKED
04-21 14:16:04.965  1426  1478 I AppsFilter: interaction: PackageSetting{dbbc169 com.ltrudu.rfid_sample_flutter/10261} -> PackageSetting{e680cb6 com.zebra.rfidreaderAPI.demo/10123} BLOCKED
04-21 14:16:04.965  1426  1478 I AppsFilter: interaction: PackageSetting{dbbc169 com.ltrudu.rfid_sample_flutter/10261} -> PackageSetting{7815029 com.android.cellbroadcast.overlay/10031} BLOCKED
04-21 14:16:04.965  1426  1478 I AppsFilter: interaction: PackageSetting{dbbc169 com.ltrudu.rfid_sample_flutter/10261} -> PackageSetting{131cfae com.android.htmlviewer/10106} BLOCKED
04-21 14:16:04.966  1426  1478 I AppsFilter: interaction: PackageSetting{dbbc169 com.ltrudu.rfid_sample_flutter/10261} -> PackageSetting{e10a14f com.google.android.health.connect.backuprestore/10256} BLOCKED
04-21 14:16:04.966  1426  1478 I AppsFilter: interaction: PackageSetting{dbbc169 com.ltrudu.rfid_sample_flutter/10261} -> PackageSetting{54f0dc com.zebra.licensemgrservice/10054} BLOCKED
04-21 14:16:04.966  1426  1478 I AppsFilter: interaction: PackageSetting{dbbc169 com.ltrudu.rfid_sample_flutter/10261} -> PackageSetting{bb5c5e5 com.quicinc.voice.activation/10203} BLOCKED
04-21 14:16:04.966  1426  1478 I AppsFilter: interaction: PackageSetting{dbbc169 com.ltrudu.rfid_sample_flutter/10261} -> PackageSetting{2cf38ba com.google.android.configupdater/10153} BLOCKED
04-21 14:16:04.966  1426  1478 I AppsFilter: interaction: PackageSetting{dbbc169 com.ltrudu.rfid_sample_flutter/10261} -> PackageSetting{f60036b com.google.android.overlay.modules.permissioncontroller/10034} BLOCKED
04-21 14:16:04.966  1426  1478 I AppsFilter: interaction: PackageSetting{dbbc169 com.ltrudu.rfid_sample_flutter/10261} -> PackageSetting{cae3ec8 com.zebra.licenseuiapp/10088} BLOCKED
04-21 14:16:04.966  1426  1478 I AppsFilter: interaction: PackageSetting{dbbc169 com.ltrudu.rfid_sample_flutter/10261} -> PackageSetting{401db61 com.zebra.enrollmentmgr/10089} BLOCKED
04-21 14:16:04.966  1426  1478 I AppsFilter: interaction: PackageSetting{dbbc169 com.ltrudu.rfid_sample_flutter/10261} -> PackageSetting{3a82686 com.android.internal.display.cutout.emulation.hole/10015} BLOCKED
04-21 14:16:04.966  1426  1478 I AppsFilter: interaction: PackageSetting{dbbc169 com.ltrudu.rfid_sample_flutter/10261} -> PackageSetting{bf96b47 com.android.internal.display.cutout.emulation.tall/10037} BLOCKED
04-21 14:16:04.966  1426  1478 I AppsFilter: interaction: PackageSetting{dbbc169 com.ltrudu.rfid_sample_flutter/10261} -> PackageSetting{7cc7f74 com.zebra.lifeguardotamanager/10140} BLOCKED
04-21 14:16:04.966  1426  1478 I AppsFilter: interaction: PackageSetting{dbbc169 com.ltrudu.rfid_sample_flutter/10261} -> PackageSetting{89fcc9d com.android.internal.systemui.navbar.threebutton/10046} BLOCKED
04-21 14:16:04.966  1426  1478 I AppsFilter: interaction: PackageSetting{dbbc169 com.ltrudu.rfid_sample_flutter/10261} -> PackageSetting{ad02512 com.android.wifi.dialog/10251} BLOCKED
04-21 14:16:04.966  1426  1478 I AppsFilter: interaction: PackageSetting{dbbc169 com.ltrudu.rfid_sample_flutter/10261} -> PackageSetting{3d774e3 com.android.contacts/10157} BLOCKED
04-21 14:16:04.967  1426  1478 I AppsFilter: interaction: PackageSetting{dbbc169 com.ltrudu.rfid_sample_flutter/10261} -> PackageSetting{2ec1ee0 com.android.launcher3/10213} BLOCKED
04-21 14:16:04.967  1426  1478 I AppsFilter: interaction: PackageSetting{dbbc169 com.ltrudu.rfid_sample_flutter/10261} -> PackageSetting{1319599 com.symbol.vod/10090} BLOCKED
04-21 14:16:04.967  1426  1478 I AppsFilter: interaction: PackageSetting{dbbc169 com.ltrudu.rfid_sample_flutter/10261} -> PackageSetting{b07805e com.google.android.as/10151} BLOCKED
04-21 14:16:04.967  1426  1478 I AppsFilter: interaction: PackageSetting{dbbc169 com.ltrudu.rfid_sample_flutter/10261} -> PackageSetting{2027c3f com.google.android.gm/10194} BLOCKED
04-21 14:16:04.967  1426  1478 I AppsFilter: interaction: PackageSetting{dbbc169 com.ltrudu.rfid_sample_flutter/10261} -> PackageSetting{4a4490c com.google.android.apps.tachyon/10176} BLOCKED
04-21 14:16:04.967  1426  1478 I AppsFilter: interaction: PackageSetting{dbbc169 com.ltrudu.rfid_sample_flutter/10261} -> PackageSetting{37cf255 com.google.android.overlay.gmsconfig.common/10010} BLOCKED
04-21 14:16:04.967  1426  1478 I AppsFilter: interaction: PackageSetting{dbbc169 com.ltrudu.rfid_sample_flutter/10261} -> PackageSetting{c7446a com.koushikdutta.vysor/10258} BLOCKED
04-21 14:16:04.967  1426  1478 I AppsFilter: interaction: PackageSetting{dbbc169 com.ltrudu.rfid_sample_flutter/10261} -> PackageSetting{fac9d5b com.android.internal.systemui.navbar.gestural_extra_wide_back/10003} BLOCKED
04-21 14:16:04.967  1426  1478 I AppsFilter: interaction: PackageSetting{dbbc169 com.ltrudu.rfid_sample_flutter/10261} -> PackageSetting{3d2e9f8 com.google.android.setupwizard/10207} BLOCKED
04-21 14:16:04.969  1426  1478 I AppsFilter: interaction: PackageSetting{dbbc169 com.ltrudu.rfid_sample_flutter/10261} -> PackageSetting{1e75ed1 com.android.printspooler/10121} BLOCKED
04-21 14:16:04.970  1426  1478 I AppsFilter: interaction: PackageSetting{dbbc169 com.ltrudu.rfid_sample_flutter/10261} -> PackageSetting{50d3d36 com.android.dreams.basic/10124} BLOCKED
04-21 14:16:04.970  1426  1478 I AppsFilter: interaction: PackageSetting{dbbc169 com.ltrudu.rfid_sample_flutter/10261} -> PackageSetting{d0db437 com.google.android.as.oss/10154} BLOCKED
04-21 14:16:04.970  1426  1478 I AppsFilter: interaction: PackageSetting{dbbc169 com.ltrudu.rfid_sample_flutter/10261} -> PackageSetting{fe910d0 com.android.rkpdapp/10237} BLOCKED
04-21 14:16:04.970  1426  1478 I AppsFilter: interaction: PackageSetting{dbbc169 com.ltrudu.rfid_sample_flutter/10261} -> PackageSetting{548ada4 com.google.android.overlay.gmsconfig.photos/10032} BLOCKED
04-21 14:16:04.970  1426  1478 I AppsFilter: interaction: PackageSetting{dbbc169 com.ltrudu.rfid_sample_flutter/10261} -> PackageSetting{5b2170d com.zebra.overlay.roundedsq/10018} BLOCKED
04-21 14:16:04.970  1426  1478 I AppsFilter: interaction: PackageSetting{dbbc169 com.ltrudu.rfid_sample_flutter/10261} -> PackageSetting{e7f6c2 com.google.android.captiveportallogin/10114} BLOCKED
04-21 14:16:04.970  1426  1478 I AppsFilter: interaction: PackageSetting{dbbc169 com.ltrudu.rfid_sample_flutter/10261} -> PackageSetting{bff5cd3 com.google.android.overlay.gmsconfig.comms/10042} BLOCKED
04-21 14:16:04.970  1426  1478 I AppsFilter: interaction: PackageSetting{dbbc169 com.ltrudu.rfid_sample_flutter/10261} -> PackageSetting{8350010 com.google.android.overlay.gmsconfig.geotz/10006} BLOCKED
04-21 14:16:04.970  1426  1478 I AppsFilter: interaction: PackageSetting{dbbc169 com.ltrudu.rfid_sample_flutter/10261} -> PackageSetting{f61709 com.google.ambient.streaming/10152} BLOCKED
04-21 14:16:04.970  1426  1478 I AppsFilter: interaction: PackageSetting{dbbc169 com.ltrudu.rfid_sample_flutter/10261} -> PackageSetting{dc2bd0e com.android.musicfx/10076} BLOCKED
04-21 14:16:04.970  1426  1478 I AppsFilter: interaction: PackageSetting{dbbc169 com.ltrudu.rfid_sample_flutter/10261} -> PackageSetting{35e29e8 com.google.android.apps.docs/10173} BLOCKED
04-21 14:16:04.970  1426  1478 I AppsFilter: interaction: PackageSetting{dbbc169 com.ltrudu.rfid_sample_flutter/10261} -> PackageSetting{858f32f com.google.android.apps.maps/10197} BLOCKED
04-21 14:16:04.970  1426  1478 I AppsFilter: interaction: PackageSetting{dbbc169 com.ltrudu.rfid_sample_flutter/10261} -> PackageSetting{d520d3c com.symbol.dataanalytics/10098} BLOCKED
04-21 14:16:04.970  1426  1478 I AppsFilter: interaction: PackageSetting{dbbc169 com.ltrudu.rfid_sample_flutter/10261} -> PackageSetting{4601ac5 com.zebra.mdna.els/10062} BLOCKED
04-21 14:16:04.970  1426  1478 I AppsFilter: interaction: PackageSetting{dbbc169 com.ltrudu.rfid_sample_flutter/10261} -> PackageSetting{e719c1a com.google.android.webview/10184} BLOCKED
04-21 14:16:04.970  1426  1478 I AppsFilter: interaction: PackageSetting{dbbc169 com.ltrudu.rfid_sample_flutter/10261} -> PackageSetting{a0b934b com.google.android.overlay.modules.documentsui/10022} BLOCKED
04-21 14:16:04.971  1426  1478 I AppsFilter: interaction: PackageSetting{dbbc169 com.ltrudu.rfid_sample_flutter/10261} -> PackageSetting{4d0c128 com.google.android.contacts/10188} BLOCKED
04-21 14:16:04.971  1426  1478 I AppsFilter: interaction: PackageSetting{dbbc169 com.ltrudu.rfid_sample_flutter/10261} -> PackageSetting{4ac9e41 com.google.android.calculator/10178} BLOCKED
04-21 14:16:04.971  1426  1478 I AppsFilter: interaction: PackageSetting{dbbc169 com.ltrudu.rfid_sample_flutter/10261} -> PackageSetting{cfd5fe6 com.android.chrome/10186} BLOCKED
04-21 14:16:04.971  1426  1478 I AppsFilter: interaction: PackageSetting{dbbc169 com.ltrudu.rfid_sample_flutter/10261} -> PackageSetting{cfe1927 com.google.android.apps.customization.pixel/10180} BLOCKED
04-21 14:16:04.971  1426  1478 I AppsFilter: interaction: PackageSetting{dbbc169 com.ltrudu.rfid_sample_flutter/10261} -> PackageSetting{f04c7d4 com.google.android.tag/10074} BLOCKED
04-21 14:16:04.971  1426  1478 I AppsFilter: interaction: PackageSetting{dbbc169 com.ltrudu.rfid_sample_flutter/10261} -> PackageSetting{be3dd7d com.android.wifi.resources/10249} BLOCKED
04-21 14:16:04.971  1426  1478 I AppsFilter: interaction: PackageSetting{dbbc169 com.ltrudu.rfid_sample_flutter/10261} -> PackageSetting{92f9472 com.zebra.devicemanager/10105} BLOCKED
04-21 14:16:04.971  1426  1478 I AppsFilter: interaction: PackageSetting{dbbc169 com.ltrudu.rfid_sample_flutter/10261} -> PackageSetting{aa920c3 com.google.android.partnersetup/10163} BLOCKED
04-21 14:16:04.971  1426  1478 I AppsFilter: interaction: PackageSetting{dbbc169 com.ltrudu.rfid_sample_flutter/10261} -> PackageSetting{bd08d40 com.google.android.videos/10177} BLOCKED
04-21 14:16:04.971  1426  1478 I AppsFilter: interaction: PackageSetting{dbbc169 com.ltrudu.rfid_sample_flutter/10261} -> PackageSetting{255d479 com.google.android.overlay.gmsconfig.asi/10027} BLOCKED
04-21 14:16:04.971  1426  1478 I AppsFilter: interaction: PackageSetting{dbbc169 com.ltrudu.rfid_sample_flutter/10261} -> PackageSetting{3de85be com.google.android.overlay.gmsconfig.gsa/10004} BLOCKED
04-21 14:16:04.971  1426  1478 I AppsFilter: interaction: PackageSetting{dbbc169 com.ltrudu.rfid_sample_flutter/10261} -> PackageSetting{173061f com.android.theme.font.notoserifsource/10012} BLOCKED
04-21 14:16:04.971  1426  1478 I AppsFilter: interaction: PackageSetting{dbbc169 com.ltrudu.rfid_sample_flutter/10261} -> PackageSetting{4d13d6c com.google.android.safetycenter.resources/10240} BLOCKED
04-21 14:16:04.971  1426  1478 I AppsFilter: interaction: PackageSetting{dbbc169 com.ltrudu.rfid_sample_flutter/10261} -> PackageSetting{b563f35 com.android.internal.display.cutout.emulation.waterfall/10024} BLOCKED
04-21 14:16:04.972  1426  1478 I AppsFilter: interaction: PackageSetting{dbbc169 com.ltrudu.rfid_sample_flutter/10261} -> PackageSetting{2f93fca com.android.inputmethod.latin/10172} BLOCKED
04-21 14:16:04.972  1426  1478 I AppsFilter: interaction: PackageSetting{dbbc169 com.ltrudu.rfid_sample_flutter/10261} -> PackageSetting{5cbe53b com.android.internal.systemui.navbar.transparent/10038} BLOCKED
04-21 14:16:04.972  1426  1478 I AppsFilter: interaction: PackageSetting{dbbc169 com.ltrudu.rfid_sample_flutter/10261} -> PackageSetting{e4ac458 com.google.android.connectivity.resources/10247} BLOCKED
04-21 14:16:04.972  1426  1478 I AppsFilter: interaction: PackageSetting{dbbc169 com.ltrudu.rfid_sample_flutter/10261} -> PackageSetting{1b899b1 com.google.android.feedback/10212} BLOCKED
04-21 14:16:04.972  1426  1478 I AppsFilter: interaction: PackageSetting{dbbc169 com.ltrudu.rfid_sample_flutter/10261} -> PackageSetting{a538e96 com.google.android.printservice.recommendation/10128} BLOCKED
04-21 14:16:04.972  1426  1478 I AppsFilter: interaction: PackageSetting{dbbc169 com.ltrudu.rfid_sample_flutter/10261} -> PackageSetting{9099a17 com.google.android.apps.photos/10196} BLOCKED
04-21 14:16:04.972  1426  1478 I AppsFilter: interaction: PackageSetting{dbbc169 com.ltrudu.rfid_sample_flutter/10261} -> PackageSetting{42adee9 com.google.android.calendar/10187} BLOCKED
04-21 14:16:04.972  1426  1478 I AppsFilter: interaction: PackageSetting{dbbc169 com.ltrudu.rfid_sample_flutter/10261} -> PackageSetting{ad3ce04 com.google.android.documentsui/10068} BLOCKED
04-21 14:16:04.972  1426  1478 I AppsFilter: interaction: PackageSetting{dbbc169 com.ltrudu.rfid_sample_flutter/10261} -> PackageSetting{c1fed com.google.android.accessibility.switchaccess/10171} BLOCKED
04-21 14:16:04.972  1426  1478 I AppsFilter: interaction: PackageSetting{dbbc169 com.ltrudu.rfid_sample_flutter/10261} -> PackageSetting{531fe22 com.android.providers.partnerbookmarks/10120} BLOCKED
04-21 14:16:04.972  1426  1478 I AppsFilter: interaction: PackageSetting{dbbc169 com.ltrudu.rfid_sample_flutter/10261} -> PackageSetting{203c0b3 com.android.smspush/10230} BLOCKED
04-21 14:16:04.972  1426  1478 I AppsFilter: interaction: PackageSetting{dbbc169 com.ltrudu.rfid_sample_flutter/10261} -> PackageSetting{dc1c670 com.android.powermenu/10021} BLOCKED
04-21 14:16:04.972  1426  1478 I AppsFilter: interaction: PackageSetting{dbbc169 com.ltrudu.rfid_sample_flutter/10261} -> PackageSetting{97cde9 com.zebra.showcaseapp/10125} BLOCKED
04-21 14:16:04.972  1426  1478 I AppsFilter: interaction: PackageSetting{dbbc169 com.ltrudu.rfid_sample_flutter/10261} -> PackageSetting{c95da6e com.android.wallpaper.livepicker/10059} BLOCKED
04-21 14:16:04.972  1426  1478 I AppsFilter: interaction: PackageSetting{dbbc169 com.ltrudu.rfid_sample_flutter/10261} -> PackageSetting{36fb50f com.google.android.healthconnect.controller/10255} BLOCKED
04-21 14:16:04.973  1426  1478 I AppsFilter: interaction: PackageSetting{dbbc169 com.ltrudu.rfid_sample_flutter/10261} -> PackageSetting{854d99c com.symbol.mxmf.csp.analyticsmgr/10055} BLOCKED
04-21 14:16:04.973  1426  1478 I AppsFilter: interaction: PackageSetting{dbbc169 com.ltrudu.rfid_sample_flutter/10261} -> PackageSetting{1165fa5 com.zebra.domainsearch/10044} BLOCKED
04-21 14:16:04.973  1426  1478 I AppsFilter: interaction: PackageSetting{dbbc169 com.ltrudu.rfid_sample_flutter/10261} -> PackageSetting{6492f7a com.android.bookmarkprovider/10110} BLOCKED
04-21 14:16:04.973  1426  1478 I AppsFilter: interaction: PackageSetting{dbbc169 com.ltrudu.rfid_sample_flutter/10261} -> PackageSetting{bfc932b com.zebra.zebracontentprovider/10097} BLOCKED
04-21 14:16:04.973  1426  1478 I AppsFilter: interaction: PackageSetting{dbbc169 com.ltrudu.rfid_sample_flutter/10261} -> PackageSetting{da3f388 com.symbol.tool.stagenow/10092} BLOCKED
04-21 14:16:04.973  1426  1478 I AppsFilter: interaction: PackageSetting{dbbc169 com.ltrudu.rfid_sample_flutter/10261} -> PackageSetting{6325121 com.google.android.wfcactivation/10103} BLOCKED
04-21 14:16:04.973  1426  1478 I AppsFilter: interaction: PackageSetting{dbbc169 com.ltrudu.rfid_sample_flutter/10261} -> PackageSetting{a3bb8c9 de.rfid_konsortium.cot_merck_storage/10257} BLOCKED
04-21 14:16:04.973  1426  1478 I AppsFilter: interaction: PackageSetting{dbbc169 com.ltrudu.rfid_sample_flutter/10261} -> PackageSetting{8aac946 com.zebra.osx.powermenu/10035} BLOCKED
04-21 14:16:04.973  1426  1478 I AppsFilter: interaction: PackageSetting{dbbc169 com.ltrudu.rfid_sample_flutter/10261} -> PackageSetting{c2f3707 com.google.android.apps.turbo/10149} BLOCKED
04-21 14:16:04.973  1426  1478 I AppsFilter: interaction: PackageSetting{dbbc169 com.ltrudu.rfid_sample_flutter/10261} -> PackageSetting{e260dfb com.android.cts.ctsshim/10239} BLOCKED
04-21 14:16:04.973  1426  1478 I AppsFilter: interaction: PackageSetting{dbbc169 com.ltrudu.rfid_sample_flutter/10261} -> PackageSetting{948c034 com.zebra.securestoragemanager/10061} BLOCKED
04-21 14:16:04.973  1426  1478 I AppsFilter: interaction: PackageSetting{dbbc169 com.ltrudu.rfid_sample_flutter/10261} -> PackageSetting{ac1de5d com.google.android.apps.wallpaper/10218} BLOCKED
04-21 14:16:04.973  1426  1478 I AppsFilter: interaction: PackageSetting{dbbc169 com.ltrudu.rfid_sample_flutter/10261} -> PackageSetting{f3a33d2 com.google.android.keep/10191} BLOCKED
04-21 14:16:04.973  1426  1478 I AppsFilter: interaction: PackageSetting{dbbc169 com.ltrudu.rfid_sample_flutter/10261} -> PackageSetting{14cb801 com.google.android.apps.carrier.carrierwifi/10156} BLOCKED
04-21 14:16:04.973  1426  1478 I AppsFilter: interaction: PackageSetting{dbbc169 com.ltrudu.rfid_sample_flutter/10261} -> PackageSetting{dfe3ca3 com.symbol.dataanalytics.dca/10084} BLOCKED
04-21 14:16:04.973  1426  1478 I AppsFilter: interaction: PackageSetting{dbbc169 com.ltrudu.rfid_sample_flutter/10261} -> PackageSetting{4cbaba0 com.android.hotspot2.osulogin/10250} BLOCKED
04-21 14:16:04.984  1426  1478 I AppsFilter: interaction: PackageSetting{dbbc169 com.ltrudu.rfid_sample_flutter/10261} -> PackageSetting{6c30359 com.google.android.gms.location.history/10193} BLOCKED
04-21 14:16:04.984  1426  1478 I AppsFilter: interaction: PackageSetting{dbbc169 com.ltrudu.rfid_sample_flutter/10261} -> PackageSetting{be3bb1e com.android.internal.systemui.navbar.gestural/10007} BLOCKED
04-21 14:16:04.984  1426  1478 I AppsFilter: interaction: PackageSetting{dbbc169 com.ltrudu.rfid_sample_flutter/10261} -> PackageSetting{a2dffff com.google.android.overlay.gmsconfig.personalsafety/10005} BLOCKED
04-21 14:16:04.984  1426  1478 I AppsFilter: interaction: PackageSetting{dbbc169 com.ltrudu.rfid_sample_flutter/10261} -> PackageSetting{7cfe1cc com.zebra.mdna.dg/10079} BLOCKED
04-21 14:16:04.984  1426  1478 I AppsFilter: interaction: PackageSetting{dbbc169 com.ltrudu.rfid_sample_flutter/10261} -> PackageSetting{a177c15 com.google.android.apps.youtube.music/10179} BLOCKED
04-21 14:16:04.985  1426  1478 I AppsFilter: interaction: PackageSetting{dbbc169 com.ltrudu.rfid_sample_flutter/10261} -> PackageSetting{10c6b2a com.android.bluetoothmidiservice/10117} BLOCKED
04-21 14:16:04.985  1426  1478 I AppsFilter: interaction: PackageSetting{dbbc169 com.ltrudu.rfid_sample_flutter/10261} -> PackageSetting{76c9d1b com.zebra.zebradna/10094} BLOCKED
04-21 14:16:04.985  1426  1478 I AppsFilter: interaction: PackageSetting{dbbc169 com.ltrudu.rfid_sample_flutter/10261} -> PackageSetting{eff4eb8 com.zebra.commontransportlayer/10051} BLOCKED
04-21 14:16:04.985  1426  1478 I AppsFilter: interaction: PackageSetting{dbbc169 com.ltrudu.rfid_sample_flutter/10261} -> PackageSetting{700c491 com.qualcomm.qti.server.wigig.tethering.rro/10219} BLOCKED
04-21 14:16:04.985  1426  1478 I AppsFilter: interaction: PackageSetting{dbbc169 com.ltrudu.rfid_sample_flutter/10261} -> PackageSetting{5e0ff6 com.android.internal.systemui.navbar.gestural_narrow_back/10025} BLOCKED
04-21 14:16:04.985  1426  1478 I AppsFilter: interaction: PackageSetting{dbbc169 com.ltrudu.rfid_sample_flutter/10261} -> PackageSetting{f2deff7 com.google.android.inputmethod.latin/10183} BLOCKED
04-21 14:16:04.985  1426  1478 I AppsFilter: interaction: PackageSetting{dbbc169 com.ltrudu.rfid_sample_flutter/10261} -> PackageSetting{5b69e64 com.zebra.mdna.devicetrackercloud/10082} BLOCKED
04-21 14:16:04.985  1426  1478 I AppsFilter: interaction: PackageSetting{dbbc169 com.ltrudu.rfid_sample_flutter/10261} -> PackageSetting{85c18cd com.google.android.apps.restore/10150} BLOCKED
04-21 14:16:05.118  2120  2169 V WindowManagerShell: Transition animation finished (aborted=false), notifying core (#12)android.os.BinderProxy@83752dd@0
04-21 14:16:05.120  1426  1844 V WindowManager: Finish Transition #12: created at 04-21 14:16:04.748 collect-started=0.056ms request-sent=6.253ms started=46.599ms ready=72.592ms sent=74.697ms finished=370.857ms
04-21 14:16:05.123  2120  2169 V WindowManagerShell: Track 0 became idle
04-21 14:16:05.123  2120  2169 V WindowManagerShell: All active transition animations finished
04-21 14:16:05.143  1426  9284 D WindowManager: layoutWindowLw currenttaskBarInDb-- 0
04-21 14:16:05.143  1426  9284 D WindowManager: layoutWindowLw currenttaskBarInDb-- 0
04-21 14:16:05.144  1426  9284 D WindowManager: layoutWindowLw currenttaskBarInDb-- 0
04-21 14:16:05.144  1426  9284 D WindowManager: DP::updateSystemBarAttributes called
04-21 14:16:05.144  1426  9284 D WindowManager: DP::::updateSystemBarAttributes displayId: 0
04-21 14:16:05.149  1426  1848 D WindowManager: DP::updateSystemBarAttributes called
04-21 14:16:05.149  1426  1848 D WindowManager: DP::::updateSystemBarAttributes displayId: 0
04-21 14:16:06.790  1426  1478 D CoreBackPreview: Window{3e84d76 u0 com.ltrudu.rfid_sample_flutter/com.ltrudu.rfid_sample_flutter.MainActivity}: Setting back callback OnBackInvokedCallbackInfo{mCallback=android.window.IOnBackInvokedCallback$Stub$Proxy@2fc0005, mPriority=0, mIsAnimationCallback=false}
04-21 14:16:06.793  1426  9284 D WindowManager: layoutWindowLw currenttaskBarInDb-- 0
04-21 14:16:06.794  1426  9284 D WindowManager: layoutWindowLw currenttaskBarInDb-- 0
04-21 14:16:06.794  1426  9284 D WindowManager: layoutWindowLw currenttaskBarInDb-- 0
04-21 14:16:06.795  1426  9284 D WindowManager: layoutWindowLw currenttaskBarInDb-- 0
04-21 14:16:06.795  1426  9284 D WindowManager: DP::updateSystemBarAttributes called
04-21 14:16:06.795  1426  9284 D WindowManager: DP::::updateSystemBarAttributes displayId: 0
04-21 14:16:06.798  1426  9284 D WindowManager: DP::updateSystemBarAttributes called
04-21 14:16:06.798  1426  9284 D WindowManager: DP::::updateSystemBarAttributes displayId: 0
04-21 14:16:07.054  1426  1478 D CompatibilityChangeReporter: Compat change id reported: 161145287; UID 10261; state: ENABLED
04-21 14:16:07.093  1426  4380 D CompatibilityChangeReporter: Compat change id reported: 261072174; UID 10261; state: ENABLED
04-21 14:16:07.134  1426  4380 D WindowManager: layoutWindowLw currenttaskBarInDb-- 0
04-21 14:16:07.134  1426  4380 D WindowManager: layoutWindowLw currenttaskBarInDb-- 0
04-21 14:16:07.134  1426  4380 D WindowManager: layoutWindowLw currenttaskBarInDb-- 0
04-21 14:16:07.135  1426  4380 D WindowManager: layoutWindowLw currenttaskBarInDb-- 0
04-21 14:16:07.135  1426  4380 D WindowManager: DP::updateSystemBarAttributes called
04-21 14:16:07.135  1426  4380 D WindowManager: DP::::updateSystemBarAttributes displayId: 0
04-21 14:16:07.135  1426  4380 D WindowManager: displayId: 0
04-21 14:16:07.135  1426  4380 D WindowManager: isFullscreen: false isImmersive: false
04-21 14:16:07.135  1426  4380 D WindowManager: mLastFocusIsFullscreen: false mLastImmersiveMode: false
04-21 14:16:07.135  1426  4380 D WindowManager: mFocusedWindow: Window{3e84d76 u0 com.ltrudu.rfid_sample_flutter/com.ltrudu.rfid_sample_flutter.MainActivity}
04-21 14:16:07.135  1426  4380 D WindowManager: mLastFocusedWindow: null
04-21 14:16:07.135  1426  4380 D WindowManager: mLastFocusIsImmersiveAndFullscreen: false
04-21 14:16:07.135  1426  4380 D WindowManager: mLastWindowClosed: null
04-21 14:16:07.152  1426  1848 D WindowManager: layoutWindowLw currenttaskBarInDb-- 0
04-21 14:16:07.153  1426  1848 D WindowManager: layoutWindowLw currenttaskBarInDb-- 0
04-21 14:16:07.153  1426  1848 D WindowManager: layoutWindowLw currenttaskBarInDb-- 0
04-21 14:16:07.153  1426  1848 D WindowManager: layoutWindowLw currenttaskBarInDb-- 0
04-21 14:16:07.154  1426  1848 D WindowManager: DP::updateSystemBarAttributes called
04-21 14:16:07.154  1426  1848 D WindowManager: DP::::updateSystemBarAttributes displayId: 0
04-21 14:16:07.158  1426  1848 D WindowManager: layoutWindowLw currenttaskBarInDb-- 0
04-21 14:16:07.158  1426  1848 D WindowManager: layoutWindowLw currenttaskBarInDb-- 0
04-21 14:16:07.158  1426  1848 D WindowManager: layoutWindowLw currenttaskBarInDb-- 0
04-21 14:16:07.158  1426  1848 D WindowManager: layoutWindowLw currenttaskBarInDb-- 0
04-21 14:16:07.158  1426  1848 D WindowManager: DP::updateSystemBarAttributes called
04-21 14:16:07.158  1426  1848 D WindowManager: DP::::updateSystemBarAttributes displayId: 0
04-21 14:16:07.170  1426  1848 D WindowManager: DP::updateSystemBarAttributes called
04-21 14:16:07.170  1426  1848 D WindowManager: DP::::updateSystemBarAttributes displayId: 0
04-21 14:16:07.185  1426  4380 D CompatibilityChangeReporter: Compat change id reported: 214016041; UID 10261; state: ENABLED
04-21 14:16:07.190  1426  1847 D ActivityManager: com.google.android.gms is skipped freeze by freezeAppAsyncInternalLSP
04-21 14:16:07.194  1426  9284 W PackageConfigPersister: App-specific configuration not found for packageName: com.ltrudu.rfid_sample_flutter and userId: 0
04-21 14:16:07.202  1426  1848 D WindowManager: DP::updateSystemBarAttributes called
04-21 14:16:07.202  1426  1848 D WindowManager: DP::::updateSystemBarAttributes displayId: 0
04-21 14:16:07.221  1426  4380 D ActivityManager: com.google.android.gms is skipped freeze by freezeAppAsyncInternalLSP
04-21 14:16:07.525  1426  9284 D WindowManager: layoutWindowLw currenttaskBarInDb-- 0
04-21 14:16:07.526  1426  9284 D WindowManager: layoutWindowLw currenttaskBarInDb-- 0
04-21 14:16:07.526  1426  9284 D WindowManager: layoutWindowLw currenttaskBarInDb-- 0
04-21 14:16:07.527  1426  9284 D WindowManager: DP::updateSystemBarAttributes called
04-21 14:16:07.527  1426  9284 D WindowManager: DP::::updateSystemBarAttributes displayId: 0
04-21 14:16:07.535  1426  1478 D CoreBackPreview: Window{22e059f u0 Splash Screen com.ltrudu.rfid_sample_flutter EXITING}: Setting back callback null
04-21 14:16:07.537  1426  6907 I WindowManager: removeWindowLw called: com.ltrudu.rfid_sample_flutter
04-21 14:16:07.537  1426  6907 D WindowManager: removewindowlw package --com.ltrudu.rfid_sample_flutter mState--RESUMED
04-21 14:16:07.537  1426  6907 D WindowManager: layoutWindowLw currenttaskBarInDb-- 0
04-21 14:16:07.538  1426  6907 D WindowManager: layoutWindowLw currenttaskBarInDb-- 0
04-21 14:16:07.538  1426  6907 D WindowManager: layoutWindowLw currenttaskBarInDb-- 0
04-21 14:16:07.539  1426  6907 D WindowManager: DP::updateSystemBarAttributes called
04-21 14:16:07.539  1426  6907 D WindowManager: DP::::updateSystemBarAttributes displayId: 0
04-21 14:16:07.542  1426  1848 D WindowManager: DP::updateSystemBarAttributes called
04-21 14:16:07.542  1426  1848 D WindowManager: DP::::updateSystemBarAttributes displayId: 0
04-21 14:16:07.687  1426  1848 I WindowManager: removeWindowLw called: com.ltrudu.rfid_sample_flutter
04-21 14:16:07.687  1426  1848 D WindowManager: removewindowlw package --com.ltrudu.rfid_sample_flutter mState--RESUMED
04-21 14:16:07.687  1426  1848 D WindowManager: layoutWindowLw currenttaskBarInDb-- 0
04-21 14:16:07.688  1426  1848 D WindowManager: layoutWindowLw currenttaskBarInDb-- 0
04-21 14:16:07.688  1426  1848 D WindowManager: layoutWindowLw currenttaskBarInDb-- 0
04-21 14:16:07.688  1426  1848 D WindowManager: DP::updateSystemBarAttributes called
04-21 14:16:07.688  1426  1848 D WindowManager: DP::::updateSystemBarAttributes displayId: 0
04-21 14:16:07.689  1426  1848 D WindowManager: displayId: 0
04-21 14:16:07.689  1426  1848 D WindowManager: isFullscreen: false isImmersive: false
04-21 14:16:07.689  1426  1848 D WindowManager: mLastFocusIsFullscreen: false mLastImmersiveMode: false
04-21 14:16:07.689  1426  1848 D WindowManager: mFocusedWindow: Window{3e84d76 u0 com.ltrudu.rfid_sample_flutter/com.ltrudu.rfid_sample_flutter.MainActivity}
04-21 14:16:07.689  1426  1848 D WindowManager: mLastFocusedWindow: null
04-21 14:16:07.689  1426  1848 D WindowManager: mLastFocusIsImmersiveAndFullscreen: false
04-21 14:16:07.689  1426  1848 D WindowManager: mLastWindowClosed: null
04-21 14:16:07.701  1426  1848 D WindowManager: DP::updateSystemBarAttributes called
04-21 14:16:07.701  1426  1848 D WindowManager: DP::::updateSystemBarAttributes displayId: 0
04-21 14:16:07.883  1426  2204 D BatteryService: Processing new values: info=android.hardware.health.HealthInfo@222440c, mBatteryLevelCritical=false, mPlugType=2
04-21 14:16:07.886  1426  2204 I BatteryService: File node value is 250
04-21 14:16:07.886  1426  2204 E BatteryService: healthInfoTemp is within the range (250)
04-21 14:16:07.886  1426  2204 D BatteryService: Sending ACTION_BATTERY_CHANGED. scale:100, info:android.hardware.health.HealthInfo@222440c
04-21 14:16:07.887  1426  2204 E BatteryService: level : 69 / status : 2/Health : 2/Decommission : 0/error status : 0
04-21 14:16:07.903  2120  2120 W PowerUI : mBatteryPresent = true
04-21 14:16:07.904  2120  7005 D PowerUI : can't show warning due to - plugged: true status unknown: false
04-21 14:16:08.738  1426  2204 D BatteryService: Processing new values: info=android.hardware.health.HealthInfo@ab594f8, mBatteryLevelCritical=false, mPlugType=2
04-21 14:16:08.739  1426  2204 I BatteryService: File node value is 250
04-21 14:16:08.739  1426  2204 E BatteryService: healthInfoTemp is within the range (250)
04-21 14:16:08.740  1426  2204 D BatteryService: Sending ACTION_BATTERY_CHANGED. scale:100, info:android.hardware.health.HealthInfo@ab594f8
04-21 14:16:08.740  1426  2204 E BatteryService: level : 69 / status : 2/Health : 2/Decommission : 0/error status : 0
04-21 14:16:08.753  2120  2120 W PowerUI : mBatteryPresent = true
04-21 14:16:08.754  2120  8084 D PowerUI : can't show warning due to - plugged: true status unknown: false
04-21 14:16:09.030  3167  3192 W ContextImpl: Calling a method in the system process without a qualified user: android.app.ContextImpl.sendBroadcast:1220 android.content.ContextWrapper.sendBroadcast:504 com.zebra.rfidhost.RFIDClientConnection.sendBroadCast:513 com.zebra.rfidhost.RFIDClientConnection.toggleRfidReaderPower:502 com.zebra.rfidhost.RFIDClientConnection.enableRfid:442 
04-21 14:16:09.061  1426  2121 D UsbHostManager: deviceClass : 9checkUsbInterfacesBlackListed :false
04-21 14:16:09.062  1426  2121 D UsbHostManager: mHubHidDevices added size is 4
04-21 14:16:10.049  1426  1984 D ActivityManager: freezing 4338 com.zebra.timecacher
04-21 14:16:10.588  1426  2121 D UsbHostManager: deviceClass : 239checkUsbInterfacesBlackListed :false
04-21 14:16:10.589  1426  2121 D UsbHostManager: USB device attached: vidpid 05e0:1702 portType Secondary  mfg/product/ver/serial Zebra Technologies, Inc/TC2205-0G1250SS-E8::::EA/0.01/S/N:BFPE01BQROI000XXXXXXXXXXXXXXXXXX:E hasAudio/HID/Storage: false/false/false
04-21 14:16:10.594  1426  2121 D UsbHostManager: Added device UsbDevice[mName=/dev/bus/usb/004/002,mVendorId=1504,mProductId=5890,mClass=239,mSubclass=2,mProtocol=1,mManufacturerName=Zebra Technologies, Inc,mProductName=TC2205-0G1250SS-E8::::EA,mVersion=0.01,mSerialNumberReader=com.android.server.usb.UsbSerialReader@4ccd60d, mHasAudioPlayback=false, mHasAudioCapture=false, mHasMidi=false, mHasVideoCapture=false, mHasVideoPlayback=false, mConfigurations=[
04-21 14:16:10.594  1426  2121 D UsbHostManager: UsbConfiguration[mId=1,mName=Bus Powered,mAttributes=160,mMaxPower=250,mInterfaces=[
04-21 14:16:10.594  1426  2121 D UsbHostManager: UsbInterface[mId=0,mAlternateSetting=0,mName=ZETI Interface,mClass=2,mSubclass=2,mProtocol=1,mEndpoints=[
04-21 14:16:10.594  1426  2121 D UsbHostManager: UsbEndpoint[mAddress=129,mAttributes=3,mMaxPacketSize=64,mInterval=1]]
04-21 14:16:10.594  1426  2121 D UsbHostManager: UsbInterface[mId=1,mAlternateSetting=0,mName=ZETI Interface,mClass=10,mSubclass=0,mProtocol=0,mEndpoints=[
04-21 14:16:10.594  1426  2121 D UsbHostManager: UsbEndpoint[mAddress=2,mAttributes=2,mMaxPacketSize=64,mInterval=255]
04-21 14:16:10.594  1426  2121 D UsbHostManager: UsbEndpoint[mAddress=131,mAttributes=2,mMaxPacketSize=64,mInterval=255]]
04-21 14:16:10.594  1426  2121 D UsbHostManager: UsbInterface[mId=2,mAlternateSetting=0,mName=SSI Interface,mClass=2,mSubclass=2,mProtocol=1,mEndpoints=[
04-21 14:16:10.594  1426  2121 D UsbHostManager: UsbEndpoint[mAddress=132,mAttributes=3,mMaxPacketSize=64,mInterval=1]]
04-21 14:16:10.594  1426  2121 D UsbHostManager: UsbInterface[mId=3,mAlternateSetting=0,mName=SSI Interface,mClass=10,mSubclass=0,mProtocol=0,mEndpoints=[
04-21 14:16:10.594  1426  2121 D UsbHostManager: UsbEndpoint[mAddress=5,mAttributes=2,mMaxPacketSize=64,mInterval=255]
04-21 14:16:10.594  1426  2121 D UsbHostManager: UsbEndpoint[mAddress=134,mAttributes=2,mMaxPacketSize=64,mInterval=255]]]]
04-21 14:16:10.594  1426  2121 D UsbHostManager: Send device to PopupControl
04-21 14:16:10.594  1426  2121 E UsbHostManager: sendDeviceToService 05E0:1702
04-21 14:16:10.613  1426  1858 D ActivityManager: sync unfroze 9476 com.symbol.osx.osxprovisionservice for 3
04-21 14:16:10.622  1426  2121 E UsbProfileGroupSettingsManager: OSX resolveActivity 
04-21 14:16:10.622  1426  2121 E OSxUsbConfig: isUSBMassStoargeDevice :: false
04-21 14:16:10.623  1426  2121 E UsbAlsaManager: usbDeviceAdded(): cannot find sound card for /dev/bus/usb/004/002
04-21 14:16:10.628  1426  1858 D ActivityManager: sync unfroze 9285 android.process.media for 3
04-21 14:16:10.632  1426  1858 D ActivityManager: sync unfroze 4108 com.google.android.googlequicksearchbox:search for 3
04-21 14:16:10.649  1426  6907 D ActivityManager: com.google.android.gms is skipped freeze by freezeAppAsyncInternalLSP
04-21 14:16:10.651  1426  9284 D ActivityManager: com.google.android.gms is skipped freeze by freezeAppAsyncInternalLSP
04-21 14:16:10.727  1426  9284 D ActivityManager: sync unfroze 4262 com.google.process.gservices for 7
04-21 14:16:12.993  1426  2204 D BatteryService: Processing new values: info=android.hardware.health.HealthInfo@d4b37c3, mBatteryLevelCritical=false, mPlugType=2
04-21 14:16:12.996  1426  2204 I BatteryService: File node value is 250
04-21 14:16:12.996  1426  2204 E BatteryService: healthInfoTemp is within the range (250)
04-21 14:16:12.997  1426  2204 D BatteryService: Sending ACTION_BATTERY_CHANGED. scale:100, info:android.hardware.health.HealthInfo@d4b37c3
04-21 14:16:12.997  1426  2204 E BatteryService: level : 69 / status : 2/Health : 2/Decommission : 0/error status : 0
04-21 14:16:13.013  2120  2120 W PowerUI : mBatteryPresent = true
04-21 14:16:13.013  2120  8233 D PowerUI : can't show warning due to - plugged: true status unknown: false
04-21 14:16:14.362  1426  2204 D BatteryService: Processing new values: info=android.hardware.health.HealthInfo@45cc8be, mBatteryLevelCritical=false, mPlugType=2
04-21 14:16:14.364  1426  2204 I BatteryService: File node value is 250
04-21 14:16:14.364  1426  2204 E BatteryService: healthInfoTemp is within the range (250)
04-21 14:16:14.364  1426  2204 D BatteryService: Sending ACTION_BATTERY_CHANGED. scale:100, info:android.hardware.health.HealthInfo@45cc8be
04-21 14:16:14.365  1426  2204 E BatteryService: level : 69 / status : 2/Health : 2/Decommission : 0/error status : 0
04-21 14:16:14.381  2120  2120 W PowerUI : mBatteryPresent = true
04-21 14:16:14.382  2120  2706 D PowerUI : can't show warning due to - plugged: true status unknown: false
04-21 14:16:14.841  1426  6907 D CompatibilityChangeReporter: Compat change id reported: 197654537; UID 10261; state: ENABLED
04-21 14:16:18.110  1426  2204 D BatteryService: Processing new values: info=android.hardware.health.HealthInfo@3600117, mBatteryLevelCritical=false, mPlugType=2
04-21 14:16:18.111  1426  2204 I BatteryService: File node value is 250
04-21 14:16:18.112  1426  2204 E BatteryService: healthInfoTemp is within the range (250)
04-21 14:16:18.112  1426  2204 D BatteryService: Sending ACTION_BATTERY_CHANGED. scale:100, info:android.hardware.health.HealthInfo@3600117
04-21 14:16:18.113  1426  2204 E BatteryService: level : 69 / status : 2/Health : 2/Decommission : 0/error status : 0
04-21 14:16:18.128  2120  2120 W PowerUI : mBatteryPresent = true
04-21 14:16:18.128  2120  2794 D PowerUI : can't show warning due to - plugged: true status unknown: false
04-21 14:16:20.660  1426  1984 D ActivityManager: freezing 9476 com.symbol.osx.osxprovisionservice
04-21 14:16:20.662  1426  1984 D ActivityManager: freezing 9285 android.process.media
04-21 14:16:20.663  1426  1984 D ActivityManager: freezing 4108 com.google.android.googlequicksearchbox:search
--------- beginning of crash
04-21 14:16:21.005 10090 10169 F libc    : Fatal signal 6 (SIGABRT), code -1 (SI_QUEUE) in tid 10169 (binder:10090_3), pid 10090 (dge:zdcpservice)
04-21 14:16:21.295 10454 10454 F DEBUG   : *** *** *** *** *** *** *** *** *** *** *** *** *** *** *** ***
04-21 14:16:21.295 10454 10454 F DEBUG   : Build fingerprint: 'Zebra/TC22R/TC22:14/14-35-10.00-UG-U105-STD-ATH-04/963:user/release-keys'
04-21 14:16:21.295 10454 10454 F DEBUG   : Revision: '0'
04-21 14:16:21.295 10454 10454 F DEBUG   : ABI: 'arm64'
04-21 14:16:21.295 10454 10454 F DEBUG   : Timestamp: 2026-04-21 14:16:21.153171811+0200
04-21 14:16:21.295 10454 10454 F DEBUG   : Process uptime: 30s
04-21 14:16:21.295 10454 10454 F DEBUG   : Cmdline: com.symbol.datawedge:zdcpservice
04-21 14:16:21.295 10454 10454 F DEBUG   : pid: 10090, tid: 10169, name: binder:10090_3  >>> com.symbol.datawedge:zdcpservice <<<
04-21 14:16:21.295 10454 10454 F DEBUG   : uid: 10102
04-21 14:16:21.295 10454 10454 F DEBUG   : signal 6 (SIGABRT), code -1 (SI_QUEUE), fault addr --------
04-21 14:16:21.295 10454 10454 F DEBUG   : Abort message: 'Attempted to retrieve value from failed HIDL call: Status(EX_TRANSACTION_FAILED): 'DEAD_OBJECT: ''
04-21 14:16:21.295 10454 10454 F DEBUG   :     x0  0000000000000000  x1  00000000000027b9  x2  0000000000000006  x3  000000722a741fa0
04-21 14:16:21.295 10454 10454 F DEBUG   :     x4  000000000001f01f  x5  000000000001f01f  x6  000000000001f01f  x7  7f7f7f7f7f7f7f7f
04-21 14:16:21.295 10454 10454 F DEBUG   :     x8  00000000000000f0  x9  00000075426271b8  x10 0000000000000001  x11 000000754266f924
04-21 14:16:21.295 10454 10454 F DEBUG   :     x12 0000000000008835  x13 0000000000000d41  x14 000000722a740da0  x15 0000000034155555
04-21 14:16:21.295 10454 10454 F DEBUG   :     x16 00000075426d7d18  x17 00000075426b33b0  x18 00000071ada0e000  x19 000000000000276a
04-21 14:16:21.295 10454 10454 F DEBUG   :     x20 00000000000027b9  x21 00000000ffffffff  x22 b400007325051f90  x23 000000722e9b4881
04-21 14:16:21.295 10454 10454 F DEBUG   :     x24 0000000000000000  x25 0000000000000001  x26 0000000000000000  x27 000000722f527000
04-21 14:16:21.295 10454 10454 F DEBUG   :     x28 b4000072a5037c70  x29 000000722a742020
04-21 14:16:21.295 10454 10454 F DEBUG   :     lr  0000007542660624  sp  000000722a741f80  pc  0000007542660650  pst 0000000000001000
04-21 14:16:21.295 10454 10454 F DEBUG   : 19 total frames
04-21 14:16:21.295 10454 10454 F DEBUG   : backtrace:
04-21 14:16:21.295 10454 10454 F DEBUG   :       #00 pc 000000000005b650  /apex/com.android.runtime/lib64/bionic/libc.so (abort+168) (BuildId: 50118287324a156bc7be11d3d940c7be)
04-21 14:16:21.295 10454 10454 F DEBUG   :       #01 pc 000000000076fee0  /apex/com.android.art/lib64/libart.so (art::Runtime::Abort(char const*)+904) (BuildId: ddcc440d4609d2099db9d20895487a78)
04-21 14:16:21.295 10454 10454 F DEBUG   :       #02 pc 00000000000357d0  /apex/com.android.art/lib64/libbase.so (android::base::SetAborter(std::__1::function<void (char const*)>&&)::$_0::__invoke(char const*)+80) (BuildId: 6f67f69ff36b970d0b831cfdab3b578d)
04-21 14:16:21.295 10454 10454 F DEBUG   :       #03 pc 00000000000188dc  /system/lib64/libbase.so (android::base::LogMessage::~LogMessage()+356) (BuildId: 9a988d17d758075a325528226085af86)
04-21 14:16:21.295 10454 10454 F DEBUG   :       #04 pc 000000000004844c  /system/lib64/libhidlbase.so (android::hardware::details::return_status::onValueRetrieval() const+244) (BuildId: 49bd92c56501f9fb752ed674df5c63c0)
04-21 14:16:21.295 10454 10454 F DEBUG   :       #05 pc 0000000000036bd4  /system/lib64/libplatform.zebra.so (HWTrigger<(AndroidVersion)10>::StopTrigger()+72) (BuildId: ac7f642dea117725323e772b3407835f)
04-21 14:16:21.295 10454 10454 F DEBUG   :       #06 pc 0000000000340bfc  /system/priv-app/com.symbol.datawedge/com.symbol.datawedge.apk!libsfcore.so (offset 0x7fff000) (PolicyManager::DisableScanner(ScannerType, int, bool)+580) (BuildId: 695fb9dbd14274f51402ee568f59d4a93ad5049c)
04-21 14:16:21.295 10454 10454 F DEBUG   :       #07 pc 00000000000b16d8  /system/priv-app/com.symbol.datawedge/com.symbol.datawedge.apk!libscanningservice.so (offset 0xad36000) (aidl::com::symbol::scanning::Scanner::ScannerDisable(int*)+120) (BuildId: 7181f02b38b8f046343f33fd3b64be065043e8c4)
04-21 14:16:21.295 10454 10454 F DEBUG   :       #08 pc 00000000000bfeb4  /system/priv-app/com.symbol.datawedge/com.symbol.datawedge.apk!libscanningservice.so (offset 0xad36000) (BuildId: 7181f02b38b8f046343f33fd3b64be065043e8c4)
04-21 14:16:21.295 10454 10454 F DEBUG   :       #09 pc 000000000000e098  /system/lib64/libbinder_ndk.so (ABBinder::onTransact(unsigned int, android::Parcel const&, android::Parcel*, unsigned int)+144) (BuildId: 232faf75df6e79aa500aff9df2f7091c)
04-21 14:16:21.295 10454 10454 F DEBUG   :       #10 pc 0000000000077e64  /system/lib64/libbinder.so (android::BBinder::transact(unsigned int, android::Parcel const&, android::Parcel*, unsigned int)+308) (BuildId: 9e14547d76be7e28dd8690fa25e1b05a)
04-21 14:16:21.295 10454 10454 F DEBUG   :       #11 pc 0000000000061c90  /system/lib64/libbinder.so (android::IPCThreadState::executeCommand(int)+1040) (BuildId: 9e14547d76be7e28dd8690fa25e1b05a)
04-21 14:16:21.295 10454 10454 F DEBUG   :       #12 pc 00000000000617bc  /system/lib64/libbinder.so (android::IPCThreadState::getAndExecuteCommand()+164) (BuildId: 9e14547d76be7e28dd8690fa25e1b05a)
04-21 14:16:21.295 10454 10454 F DEBUG   :       #13 pc 0000000000062130  /system/lib64/libbinder.so (android::IPCThreadState::joinThreadPool(bool)+116) (BuildId: 9e14547d76be7e28dd8690fa25e1b05a)
04-21 14:16:21.295 10454 10454 F DEBUG   :       #14 pc 000000000006bd34  /system/lib64/libbinder.so (android::PoolThread::threadLoop()+28) (BuildId: 9e14547d76be7e28dd8690fa25e1b05a)
04-21 14:16:21.295 10454 10454 F DEBUG   :       #15 pc 00000000000142d0  /system/lib64/libutils.so (android::Thread::_threadLoop(void*)+288) (BuildId: 6df8048e2f2c69be0a5d8ee3149d683d)
04-21 14:16:21.295 10454 10454 F DEBUG   :       #16 pc 00000000000ecdd4  /system/lib64/libandroid_runtime.so (android::AndroidRuntime::javaThreadShell(void*)+144) (BuildId: 59c5fe7527d72f9a9f11ef314d7ae0e1)
04-21 14:16:21.295 10454 10454 F DEBUG   :       #17 pc 00000000000c3644  /apex/com.android.runtime/lib64/bionic/libc.so (__pthread_start(void*)+208) (BuildId: 50118287324a156bc7be11d3d940c7be)
04-21 14:16:21.295 10454 10454 F DEBUG   :       #18 pc 000000000005cfa4  /apex/com.android.runtime/lib64/bionic/libc.so (__start_thread+68) (BuildId: 50118287324a156bc7be11d3d940c7be)
04-21 14:16:21.317  1426 10458 I DropBoxManagerService: add tag=system_app_native_crash isTagEnabled=true flags=0x2
04-21 14:16:21.329  1426  1979 E NativeTombstoneManager: Tombstone has invalid selinux label (u:r:priv_app:s0:c512,c768Ŕ€), ignoring
04-21 14:16:21.337  1426  1979 I BootReceiver: Copying /data/tombstones/tombstone_01 to DropBox (SYSTEM_TOMBSTONE)
04-21 14:16:21.337  1426  1979 I DropBoxManagerService: add tag=SYSTEM_TOMBSTONE isTagEnabled=true flags=0x6
04-21 14:16:21.353  1426  1979 E NativeTombstoneManager: Tombstone has invalid selinux label (u:r:priv_app:s0:c512,c768Ŕ€), ignoring
04-21 14:16:21.357  1426  1979 I DropBoxManagerService: add tag=SYSTEM_TOMBSTONE_PROTO_WITH_HEADERS isTagEnabled=true flags=0x4
04-21 14:16:21.380  1426  6907 I ActivityManager: Process com.symbol.datawedge:zdcpservice (pid 10090) has died: vis FGS 
04-21 14:16:21.381  1426  6907 D CompatibilityChangeReporter: Compat change id reported: 261072174; UID 10102; state: ENABLED
04-21 14:16:21.382  1426  6907 W ActivityManager: Scheduling restart of crashed service com.symbol.datawedge/com.zebra.zdcpservice.ServiceInterface in 1000ms for connection
04-21 14:16:21.384  1426  6907 D ActivityManager: com.google.android.gms is skipped freeze by freezeAppAsyncInternalLSP
04-21 14:16:21.387  1426  6907 W ProcessStats: Tracking association SourceState{23b92e2 com.zebra.licensemgrservice/10054 ImpFg #4116} whose proc state 5 is better than process ProcessState{9518f43 com.zebra.zebradna/10094 pkg=com.zebra.zebradna} proc state 14 (31 skipped)
04-21 14:16:21.388  1426  4380 W ForegroundServiceTypeLoggerModule: Logger should be tracking FGS types correctly for UID 10102 in package com.symbol.datawedge
04-21 14:16:21.391  1426  4380 D CompatibilityChangeReporter: Compat change id reported: 135634846; UID 10102; state: DISABLED
04-21 14:16:21.391  1426  4380 D CompatibilityChangeReporter: Compat change id reported: 177438394; UID 10102; state: DISABLED
04-21 14:16:21.392  1426  4380 D CompatibilityChangeReporter: Compat change id reported: 135772972; UID 10102; state: DISABLED
04-21 14:16:21.392  1426  4380 D CompatibilityChangeReporter: Compat change id reported: 135754954; UID 10102; state: ENABLED
04-21 14:16:21.393  1426  1859 D CompatibilityChangeReporter: Compat change id reported: 143937733; UID 10102; state: ENABLED
04-21 14:16:21.404  1426  1859 I ActivityManager: Start proc 10464:com.symbol.datawedge:zdcpservice/u0a102 for service {com.symbol.datawedge/com.zebra.zdcpservice.ServiceInterface}
04-21 14:16:21.433  1426  9284 D CompatibilityChangeReporter: Compat change id reported: 168419799; UID 10102; state: DISABLED
04-21 14:16:21.433  1426  9284 D CompatibilityChangeReporter: Compat change id reported: 273564678; UID 10102; state: DISABLED
04-21 14:16:21.438  1426  9284 D CompatibilityChangeReporter: Compat change id reported: 170503758; UID 10102; state: ENABLED
04-21 14:16:21.460  1426  2204 D BatteryService: Processing new values: info=android.hardware.health.HealthInfo@e231632, mBatteryLevelCritical=false, mPlugType=2
04-21 14:16:21.461  1426  2204 I BatteryService: File node value is 250
04-21 14:16:21.462  1426  2204 E BatteryService: healthInfoTemp is within the range (250)
04-21 14:16:21.462  1426  2204 D BatteryService: Sending ACTION_BATTERY_CHANGED. scale:100, info:android.hardware.health.HealthInfo@e231632
04-21 14:16:21.462  1426  2204 E BatteryService: level : 69 / status : 2/Health : 2/Decommission : 0/error status : 0
04-21 14:16:21.471  2120  2120 W PowerUI : mBatteryPresent = true
04-21 14:16:21.472  2120  4918 D PowerUI : can't show warning due to - plugged: true status unknown: false
04-21 14:16:21.481  1426  9284 I ActivityManager: Flag disabled. Ignoring finishAttachApplication from uid: 10102. pid: 10464
04-21 14:16:21.493  1426  1478 I ActivityManager: Background started FGS: Allowed [callingPackage: com.zebra.zvahelper; callingUid: 10113; uidState: PER ; uidBFSL: [BFSL]; intent: Intent { act=ZDCPService pkg=com.symbol.datawedge }; code:PROC_STATE_PERSISTENT; tempAllowListReason:<null>; targetSdkVersion:34; callerTargetSdkVersion:34; startForegroundCount:0; bindFromPackage:null: isBindService:true]
04-21 14:16:21.499  1426  1478 D CompatibilityChangeReporter: Compat change id reported: 170668199; UID 10102; state: ENABLED
04-21 14:16:21.837  1426  9284 D ActivityManager: com.google.android.gms is skipped freeze by freezeAppAsyncInternalLSP
04-21 14:16:21.860  1426  9284 D ActivityManager: com.google.android.gms is skipped freeze by freezeAppAsyncInternalLSP
04-21 14:16:21.864  1426  6907 D ActivityManager: com.google.android.gms is skipped freeze by freezeAppAsyncInternalLSP
04-21 14:16:21.874  1426  9284 D ActivityManager: com.google.android.gms is skipped freeze by freezeAppAsyncInternalLSP
04-21 14:16:23.235  1426  2204 D BatteryService: Processing new values: info=android.hardware.health.HealthInfo@95338d8, mBatteryLevelCritical=false, mPlugType=2
04-21 14:16:23.237  1426  2204 I BatteryService: File node value is 250
04-21 14:16:23.237  1426  2204 E BatteryService: healthInfoTemp is within the range (250)
04-21 14:16:23.237  1426  2204 D BatteryService: Sending ACTION_BATTERY_CHANGED. scale:100, info:android.hardware.health.HealthInfo@95338d8
04-21 14:16:23.238  1426  2204 E BatteryService: level : 69 / status : 2/Health : 2/Decommission : 0/error status : 0
04-21 14:16:23.253  2120  2120 W PowerUI : mBatteryPresent = true
04-21 14:16:23.253  2120  7005 D PowerUI : can't show warning due to - plugged: true status unknown: false
04-21 14:16:23.825  1426  4380 W ActivityManager: Receiver with filter android.content.IntentFilter@22ca323 already registered for pid 10464, callerPackage is com.symbol.datawedge
