04-22 09:22:27.451  1406  2117 E OSxUsbConfig: isUSBMassStoargeDevice :: false
04-22 09:22:27.452  1406  2117 E UsbAlsaManager: usbDeviceAdded(): cannot find sound card for /dev/bus/usb/004/002
04-22 09:22:27.454  1406  1817 D WindowManager: layoutWindowLw currenttaskBarInDb-- 0
04-22 09:22:27.455  1406  1817 D WindowManager: layoutWindowLw currenttaskBarInDb-- 0
04-22 09:22:27.455  1406  1817 D WindowManager: layoutWindowLw currenttaskBarInDb-- 0
04-22 09:22:27.455  1406  1817 D WindowManager: layoutWindowLw currenttaskBarInDb-- 0
04-22 09:22:27.455  1406  1817 D WindowManager: DP::updateSystemBarAttributes called
04-22 09:22:27.455  1406  1817 D WindowManager: DP::::updateSystemBarAttributes displayId: 0
04-22 09:22:27.466  1406  1817 D WindowManager: DP::updateSystemBarAttributes called
04-22 09:22:27.466  1406  1817 D WindowManager: DP::::updateSystemBarAttributes displayId: 0
04-22 09:22:27.518  1406  4973 D CompatibilityChangeReporter: Compat change id reported: 214016041; UID 10261; state: ENABLED
04-22 09:22:27.525  1406  4970 W PackageConfigPersister: App-specific configuration not found for packageName: com.ltrudu.rfid_sample_flutter and userId: 0
04-22 09:22:27.525  1406  1817 D WindowManager: DP::updateSystemBarAttributes called
04-22 09:22:27.525  1406  1817 D WindowManager: DP::::updateSystemBarAttributes displayId: 0
04-22 09:22:27.829  1406  1440 D WindowManager: layoutWindowLw currenttaskBarInDb-- 0
04-22 09:22:27.829  1406  1440 D WindowManager: layoutWindowLw currenttaskBarInDb-- 0
04-22 09:22:27.830  1406  1440 D WindowManager: layoutWindowLw currenttaskBarInDb-- 0
04-22 09:22:27.831  1406  1440 D WindowManager: DP::updateSystemBarAttributes called
04-22 09:22:27.831  1406  1440 D WindowManager: DP::::updateSystemBarAttributes displayId: 0
04-22 09:22:27.839  1406  1440 I WindowManager: removeWindowLw called: com.ltrudu.rfid_sample_flutter
04-22 09:22:27.839  1406  1440 D WindowManager: removewindowlw package --com.ltrudu.rfid_sample_flutter mState--RESUMED
04-22 09:22:27.840  1406  1440 D WindowManager: layoutWindowLw currenttaskBarInDb-- 0
04-22 09:22:27.840  1406  1440 D WindowManager: layoutWindowLw currenttaskBarInDb-- 0
04-22 09:22:27.840  1406  1440 D WindowManager: layoutWindowLw currenttaskBarInDb-- 0
04-22 09:22:27.841  1406  1440 D WindowManager: DP::updateSystemBarAttributes called
04-22 09:22:27.841  1406  1440 D WindowManager: DP::::updateSystemBarAttributes displayId: 0
04-22 09:22:27.844  1406  4970 D CoreBackPreview: Window{c9cff7d u0 Splash Screen com.ltrudu.rfid_sample_flutter EXITING}: Setting back callback null
04-22 09:22:27.844  1406  1817 D WindowManager: DP::updateSystemBarAttributes called
04-22 09:22:27.844  1406  1817 D WindowManager: DP::::updateSystemBarAttributes displayId: 0
04-22 09:22:27.988  1406  1817 I WindowManager: removeWindowLw called: com.ltrudu.rfid_sample_flutter
04-22 09:22:27.988  1406  1817 D WindowManager: removewindowlw package --com.ltrudu.rfid_sample_flutter mState--RESUMED
04-22 09:22:27.989  1406  1817 D WindowManager: layoutWindowLw currenttaskBarInDb-- 0
04-22 09:22:27.989  1406  1817 D WindowManager: layoutWindowLw currenttaskBarInDb-- 0
04-22 09:22:27.989  1406  1817 D WindowManager: layoutWindowLw currenttaskBarInDb-- 0
04-22 09:22:27.990  1406  1817 D WindowManager: DP::updateSystemBarAttributes called
04-22 09:22:27.990  1406  1817 D WindowManager: DP::::updateSystemBarAttributes displayId: 0
04-22 09:22:27.991  1406  1817 D WindowManager: displayId: 0
04-22 09:22:27.991  1406  1817 D WindowManager: isFullscreen: false isImmersive: false
04-22 09:22:27.991  1406  1817 D WindowManager: mLastFocusIsFullscreen: false mLastImmersiveMode: false
04-22 09:22:27.991  1406  1817 D WindowManager: mFocusedWindow: Window{d5b6008 u0 com.ltrudu.rfid_sample_flutter/com.ltrudu.rfid_sample_flutter.MainActivity}
04-22 09:22:27.991  1406  1817 D WindowManager: mLastFocusedWindow: null
04-22 09:22:27.991  1406  1817 D WindowManager: mLastFocusIsImmersiveAndFullscreen: false
04-22 09:22:27.991  1406  1817 D WindowManager: mLastWindowClosed: null
04-22 09:22:28.001  1406  1817 D WindowManager: DP::updateSystemBarAttributes called
04-22 09:22:28.001  1406  1817 D WindowManager: DP::::updateSystemBarAttributes displayId: 0
04-22 09:22:28.379  1406  1835 D CompatibilityChangeReporter: Compat change id reported: 135634846; UID 10079; state: DISABLED
04-22 09:22:28.379  1406  1835 D CompatibilityChangeReporter: Compat change id reported: 177438394; UID 10079; state: DISABLED
04-22 09:22:28.379  1406  1835 D CompatibilityChangeReporter: Compat change id reported: 135772972; UID 10079; state: DISABLED
04-22 09:22:28.380  1406  1835 D CompatibilityChangeReporter: Compat change id reported: 135754954; UID 10079; state: ENABLED
04-22 09:22:28.381  1406  1836 D CompatibilityChangeReporter: Compat change id reported: 143937733; UID 10079; state: ENABLED
04-22 09:22:28.401  1406  1836 I ActivityManager: Start proc 11506:com.zebra.mdna.dg/u0a79 for service {com.zebra.mdna.dg/com.zebra.mdna.dg.license.LicenseMgrService}
04-22 09:22:28.451  1406  4970 D CompatibilityChangeReporter: Compat change id reported: 168419799; UID 10079; state: DISABLED
04-22 09:22:28.451  1406  4970 D CompatibilityChangeReporter: Compat change id reported: 273564678; UID 10079; state: DISABLED
04-22 09:22:28.455  1406  1976 D CompatibilityChangeReporter: Compat change id reported: 265195908; UID 10079; state: ENABLED
04-22 09:22:28.463  1406  4970 D CompatibilityChangeReporter: Compat change id reported: 170503758; UID 10079; state: ENABLED
04-22 09:22:28.581  1406  4970 D CompatibilityChangeReporter: Compat change id reported: 161145287; UID 10079; state: ENABLED
04-22 09:22:28.620  1406  1440 I ActivityManager: Flag disabled. Ignoring finishAttachApplication from uid: 10079. pid: 11506
04-22 09:22:28.631  1406  1440 D CompatibilityChangeReporter: Compat change id reported: 261072174; UID 10079; state: ENABLED
04-22 09:22:28.647  1406  1440 W ActivityManager: Unable to start service Intent { cmp=com.zebra.mdna.devicetrackercloud/.license.LicenseMgrService } U=0: not found
04-22 09:22:30.247  1406  1406 I JobScheduler: bypass checkIfRestricted for JobStatus{fbfcd24 #u0a91/999 com.symbol.fota/.jobservices.FotaReadyPeriodicService u=0 s=10091 TIME=+23h37m13s823ms:+1d23h37m13s823ms PERIODIC satisfied:0xb400000 unsatisfied:0x80000000}
04-22 09:22:30.247  1406  1406 I JobScheduler: bypass checkIfRestricted for JobStatus{940934d #u0a98/359 com.symbol.dataanalytics/androidx.work.impl.background.systemjob.SystemJobService u=0 s=10098 TIME=+14m56s984ms:none satisfied:0xb400000 unsatisfied:0x80000000}
04-22 09:22:30.248  1406  1406 I JobScheduler: bypass checkIfRestricted for JobStatus{f0d4d07 #u0a98/358 com.symbol.dataanalytics/androidx.work.impl.background.systemjob.SystemJobService u=0 s=10098 TIME=+20s188ms:none satisfied:0xb400000 unsatisfied:0x80000000}
04-22 09:22:30.249  1406  1406 I JobScheduler: bypass checkIfRestricted for JobStatus{f032a19 #u0a98/334 com.symbol.dataanalytics/androidx.work.impl.background.systemjob.SystemJobService u=0 s=10098 TIME=+5h29m56s867ms:none satisfied:0xb400000 unsatisfied:0x80000000}
04-22 09:22:30.249  1406  1406 I JobScheduler: bypass checkIfRestricted for JobStatus{38dfb3a #u0a98/333 com.symbol.dataanalytics/androidx.work.impl.background.systemjob.SystemJobService u=0 s=10098 TIME=+29m56s817ms:none satisfied:0xb400000 unsatisfied:0x80000000}
04-22 09:22:30.249  1406  1406 I JobScheduler: bypass checkIfRestricted for JobStatus{ce95be0 #u0a98/90 com.symbol.dataanalytics/androidx.work.impl.background.systemjob.SystemJobService u=0 s=10098 TIME=+11m20s270ms:none satisfied:0xb400000 unsatisfied:0x80000000}
04-22 09:22:30.249  1406  1406 I JobScheduler: bypass checkIfRestricted for JobStatus{2f9da12 #u0a98/73 com.symbol.dataanalytics/androidx.work.impl.background.systemjob.SystemJobService u=0 s=10098 TIME=+12d10h37m1s397ms:none satisfied:0xb400000 unsatisfied:0x80000000}
04-22 09:22:30.295  1406  1440 W JobScheduler: Job didn't exist in JobStore: f93288c #u0a51/58 com.zebra.commontransportlayer/androidx.work.impl.background.systemjob.SystemJobService
04-22 09:22:30.582  1406  2012 D BatteryService: Processing new values: info=android.hardware.health.HealthInfo@f162b66, mBatteryLevelCritical=false, mPlugType=0
04-22 09:22:30.585  1406  2012 I BatteryService: File node value is 210
04-22 09:22:30.585  1406  2012 E BatteryService: healthInfoTemp is within the range (210)
04-22 09:22:30.585  1406  2012 D BatteryService: Sending ACTION_BATTERY_CHANGED. scale:100, info:android.hardware.health.HealthInfo@f162b66
04-22 09:22:30.586  1406  2012 E BatteryService: level : 67 / status : 3/Health : 2/Decommission : 0/error status : 0
04-22 09:22:30.604  2118  2118 W PowerUI : mBatteryPresent = true
04-22 09:22:32.202  1406  2012 D BatteryService: Processing new values: info=android.hardware.health.HealthInfo@ff63a16, mBatteryLevelCritical=false, mPlugType=0
04-22 09:22:32.204  1406  2012 I BatteryService: File node value is 220
04-22 09:22:32.204  1406  2012 E BatteryService: healthInfoTemp is within the range (220)
04-22 09:22:32.204  1406  2012 D BatteryService: Sending ACTION_BATTERY_CHANGED. scale:100, info:android.hardware.health.HealthInfo@ff63a16
04-22 09:22:32.205  1406  2012 E BatteryService: level : 67 / status : 3/Health : 2/Decommission : 0/error status : 0
04-22 09:22:32.220  2118  2118 W PowerUI : mBatteryPresent = true
04-22 09:22:32.266  3140  3165 W ContextImpl: Calling a method in the system process without a qualified user: android.app.ContextImpl.sendBroadcast:1220 android.content.ContextWrapper.sendBroadcast:504 com.zebra.rfidhost.RFIDClientConnection.sendBroadCast:513 com.zebra.rfidhost.RFIDClientConnection.toggleRfidReaderPower:504 com.zebra.rfidhost.RFIDClientConnection.enableRfid:464 
04-22 09:22:32.308  1406  2117 D UsbHostManager: Removed device at /dev/bus/usb/004/002: TC2205-0G1250SS-E8::::EA
04-22 09:22:32.308  1406  2117 I UsbAlsaManager: USB Audio Device Removed: null
04-22 09:22:32.318  1406  2117 D UsbHostManager: usbDeviceRemoved mHubHidDevices containes entry, remove it
04-22 09:22:32.336  1406  2117 D UsbHostManager: Can't find device at /dev/bus/usb/004/001
04-22 09:22:32.336  1406  2117 D UsbHostManager: Removed device at /dev/bus/usb/004/001 was already gone
04-22 09:22:32.869  3140  3165 W ContextImpl: Calling a method in the system process without a qualified user: android.app.ContextImpl.sendBroadcast:1220 android.content.ContextWrapper.sendBroadcast:504 com.zebra.rfidhost.RFIDClientConnection.sendBroadCast:513 com.zebra.rfidhost.RFIDClientConnection.toggleRfidReaderPower:502 com.zebra.rfidhost.RFIDClientConnection.enableRfid:442 
04-22 09:22:32.905  1406  2117 D UsbHostManager: deviceClass : 9checkUsbInterfacesBlackListed :false
04-22 09:22:32.907  1406  2117 D UsbHostManager: mHubHidDevices added size is 4
04-22 09:22:32.919  1406  1984 D ActivityManager: freezing 4620 com.zebra.usbiputils
04-22 09:22:32.920  1406  1984 D ActivityManager: freezing 4446 com.zebra.wirelessservice
04-22 09:22:32.921  1406  1984 D ActivityManager: freezing 3069 com.zebra.igk
04-22 09:22:34.236  1406  2117 D UsbHostManager: deviceClass : 239checkUsbInterfacesBlackListed :false
04-22 09:22:34.245  1406  2117 D UsbHostManager: USB device attached: vidpid 05e0:1702 portType Secondary  mfg/product/ver/serial Zebra Technologies, Inc/TC2205-0G1250SS-E8::::EA/0.01/S/N:BFPE01BQROI000XXXXXXXXXXXXXXXXXX:E hasAudio/HID/Storage: false/false/false
04-22 09:22:34.250  1406  2117 D UsbHostManager: Added device UsbDevice[mName=/dev/bus/usb/004/002,mVendorId=1504,mProductId=5890,mClass=239,mSubclass=2,mProtocol=1,mManufacturerName=Zebra Technologies, Inc,mProductName=TC2205-0G1250SS-E8::::EA,mVersion=0.01,mSerialNumberReader=com.android.server.usb.UsbSerialReader@7580a9b, mHasAudioPlayback=false, mHasAudioCapture=false, mHasMidi=false, mHasVideoCapture=false, mHasVideoPlayback=false, mConfigurations=[
04-22 09:22:34.250  1406  2117 D UsbHostManager: UsbConfiguration[mId=1,mName=Self Powered,mAttributes=224,mMaxPower=0,mInterfaces=[
04-22 09:22:34.250  1406  2117 D UsbHostManager: UsbInterface[mId=0,mAlternateSetting=0,mName=ZETI Interface,mClass=2,mSubclass=2,mProtocol=1,mEndpoints=[
04-22 09:22:34.250  1406  2117 D UsbHostManager: UsbEndpoint[mAddress=129,mAttributes=3,mMaxPacketSize=64,mInterval=1]]
04-22 09:22:34.250  1406  2117 D UsbHostManager: UsbInterface[mId=1,mAlternateSetting=0,mName=ZETI Interface,mClass=10,mSubclass=0,mProtocol=0,mEndpoints=[
04-22 09:22:34.250  1406  2117 D UsbHostManager: UsbEndpoint[mAddress=2,mAttributes=2,mMaxPacketSize=64,mInterval=255]
04-22 09:22:34.250  1406  2117 D UsbHostManager: UsbEndpoint[mAddress=131,mAttributes=2,mMaxPacketSize=64,mInterval=255]]
04-22 09:22:34.250  1406  2117 D UsbHostManager: UsbInterface[mId=2,mAlternateSetting=0,mName=SSI Interface,mClass=2,mSubclass=2,mProtocol=1,mEndpoints=[
04-22 09:22:34.250  1406  2117 D UsbHostManager: UsbEndpoint[mAddress=132,mAttributes=3,mMaxPacketSize=64,mInterval=1]]
04-22 09:22:34.250  1406  2117 D UsbHostManager: UsbInterface[mId=3,mAlternateSetting=0,mName=SSI Interface,mClass=10,mSubclass=0,mProtocol=0,mEndpoints=[
04-22 09:22:34.250  1406  2117 D UsbHostManager: UsbEndpoint[mAddress=5,mAttributes=2,mMaxPacketSize=64,mInterval=255]
04-22 09:22:34.250  1406  2117 D UsbHostManager: UsbEndpoint[mAddress=134,mAttributes=2,mMaxPacketSize=64,mInterval=255]]]]
04-22 09:22:34.250  1406  2117 D UsbHostManager: Send device to PopupControl
04-22 09:22:34.250  1406  2117 E UsbHostManager: sendDeviceToService 05E0:1702
04-22 09:22:34.271  1406  2117 E UsbProfileGroupSettingsManager: OSX resolveActivity 
04-22 09:22:34.271  1406  2117 E OSxUsbConfig: isUSBMassStoargeDevice :: false
04-22 09:22:34.272  1406  2117 E UsbAlsaManager: usbDeviceAdded(): cannot find sound card for /dev/bus/usb/004/002
04-22 09:22:34.350  1406  1984 D ActivityManager: freezing 10793 com.zebra.mdna.els
04-22 09:22:35.701  1406  2012 D BatteryService: Processing new values: info=android.hardware.health.HealthInfo@d833213, mBatteryLevelCritical=false, mPlugType=0
04-22 09:22:35.703  1406  2012 I BatteryService: File node value is 220
04-22 09:22:35.703  1406  2012 E BatteryService: healthInfoTemp is within the range (220)
04-22 09:22:35.704  1406  2012 D BatteryService: Sending ACTION_BATTERY_CHANGED. scale:100, info:android.hardware.health.HealthInfo@d833213
04-22 09:22:35.704  1406  2012 E BatteryService: level : 67 / status : 3/Health : 2/Decommission : 0/error status : 0
04-22 09:22:35.719  2118  2118 W PowerUI : mBatteryPresent = true
04-22 09:22:38.669  1406  1984 D ActivityManager: freezing 11506 com.zebra.mdna.dg
04-22 09:22:39.891  1406  2222 W ProcessStats: Tracking association SourceState{8e2c0fe com.google.android.gms.persistent/10165 BFgs #5846} whose proc state 4 is better than process ProcessState{a8bdf38 com.google.android.gms/10165 pkg=com.google.android.gms} proc state 8 (96 skipped)
04-22 09:22:39.905  1406  1976 D ActivityManager: sync unfroze 4620 com.zebra.usbiputils for 10
04-22 09:22:39.909  1406  1976 D ActivityManager: sync unfroze 4446 com.zebra.wirelessservice for 10
04-22 09:22:39.911  1406  1976 D ActivityManager: sync unfroze 3069 com.zebra.igk for 10
04-22 09:22:39.937  1406  2222 D ActivityManager: com.google.android.gms is skipped freeze by freezeAppAsyncInternalLSP
04-22 09:22:39.938  1406  2222 D ActivityManager: com.google.android.gms is skipped freeze by freezeAppAsyncInternalLSP
04-22 09:22:39.953  1406  3373 D ActivityManager: com.google.android.gms is skipped freeze by freezeAppAsyncInternalLSP
04-22 09:22:39.953  1406  3373 D ActivityManager: com.google.android.gms is skipped freeze by freezeAppAsyncInternalLSP
04-22 09:22:40.827  1406  2012 D BatteryService: Processing new values: info=android.hardware.health.HealthInfo@864dc6f, mBatteryLevelCritical=false, mPlugType=0
04-22 09:22:40.829  1406  2012 I BatteryService: File node value is 220
04-22 09:22:40.829  1406  2012 E BatteryService: healthInfoTemp is within the range (220)
04-22 09:22:40.829  1406  2012 D BatteryService: Sending ACTION_BATTERY_CHANGED. scale:100, info:android.hardware.health.HealthInfo@864dc6f
04-22 09:22:40.830  1406  2012 E BatteryService: level : 67 / status : 3/Health : 2/Decommission : 0/error status : 0
04-22 09:22:40.848  2118  2118 W PowerUI : mBatteryPresent = true
04-22 09:22:43.121 10274 11630 E AndroidRuntime: FATAL EXCEPTION: Thread-76
04-22 09:22:43.121 10274 11630 E AndroidRuntime: Process: com.symbol.datawedge, PID: 10274
04-22 09:22:43.121 10274 11630 E AndroidRuntime: java.lang.IllegalStateException: Already running
04-22 09:22:43.121 10274 11630 E AndroidRuntime: 	at com.zebra.rfid.api3.SerialInputOutputManager.run(SourceFile:250)
04-22 09:22:43.121 10274 11630 E AndroidRuntime: 	at java.lang.Thread.run(Thread.java:1012)
04-22 09:22:43.127  1406 11631 I DropBoxManagerService: add tag=system_app_crash isTagEnabled=true flags=0x2
04-22 09:22:43.179  1406  4970 I ActivityManager: Process com.symbol.datawedge (pid 10274) has died: vis IMPF
04-22 09:22:43.191  1406  4970 W ActivityManager: Scheduling restart of crashed service com.symbol.datawedge/.ScanningService in 1000ms for connection
04-22 09:22:43.204  1406  4970 D ActivityManager: com.google.android.gms is skipped freeze by freezeAppAsyncInternalLSP
04-22 09:22:43.205  3140  3165 W ContextImpl: Calling a method in the system process without a qualified user: android.app.ContextImpl.sendBroadcast:1220 android.content.ContextWrapper.sendBroadcast:504 com.zebra.rfidhost.RFIDClientConnection.sendBroadCast:513 com.zebra.rfidhost.RFIDClientConnection.toggleRfidReaderPower:504 com.zebra.rfidhost.RFIDClientConnection.enableRfid:464 
04-22 09:22:43.234  1406  3562 D CompatibilityChangeReporter: Compat change id reported: 135634846; UID 10102; state: DISABLED
04-22 09:22:43.235  1406  3562 D CompatibilityChangeReporter: Compat change id reported: 177438394; UID 10102; state: DISABLED
04-22 09:22:43.235  1406  3562 D CompatibilityChangeReporter: Compat change id reported: 135772972; UID 10102; state: DISABLED
04-22 09:22:43.235  1406  3562 D CompatibilityChangeReporter: Compat change id reported: 135754954; UID 10102; state: ENABLED
04-22 09:22:43.236  1406  1836 D CompatibilityChangeReporter: Compat change id reported: 143937733; UID 10102; state: ENABLED
04-22 09:22:43.240  1406  2117 D UsbHostManager: Removed device at /dev/bus/usb/004/002: TC2205-0G1250SS-E8::::EA
04-22 09:22:43.241  1406  2117 I UsbAlsaManager: USB Audio Device Removed: null
04-22 09:22:43.260  1406  2117 D UsbHostManager: usbDeviceRemoved mHubHidDevices containes entry, remove it
04-22 09:22:43.264  1406  1836 I ActivityManager: Start proc 11639:com.symbol.datawedge/u0a102 for service {com.symbol.datawedge/com.symbol.datawedge.ScanningService}
04-22 09:22:43.265  1406  2117 D UsbHostManager: Can't find device at /dev/bus/usb/004/001
04-22 09:22:43.265  1406  2117 D UsbHostManager: Removed device at /dev/bus/usb/004/001 was already gone
04-22 09:22:43.292  1406  2439 D CompatibilityChangeReporter: Compat change id reported: 168419799; UID 10102; state: DISABLED
04-22 09:22:43.292  1406  2439 D CompatibilityChangeReporter: Compat change id reported: 273564678; UID 10102; state: DISABLED
04-22 09:22:43.299  1406  2439 D CompatibilityChangeReporter: Compat change id reported: 170503758; UID 10102; state: ENABLED
04-22 09:22:43.356  1406  2439 I ActivityManager: Flag disabled. Ignoring finishAttachApplication from uid: 10102. pid: 11639
04-22 09:22:43.464  1406  2222 W ActivityManager: Receiver with filter android.content.IntentFilter@403663c already registered for pid 11639, callerPackage is com.symbol.datawedge
04-22 09:22:43.661  1406  4970 D ActivityManager: com.google.android.gms is skipped freeze by freezeAppAsyncInternalLSP
04-22 09:22:43.673  1406  3562 D ActivityManager: com.google.android.gms is skipped freeze by freezeAppAsyncInternalLSP
04-22 09:22:43.985  1406  1835 D ActivityManager: sync unfroze 9539 com.symbol.mxmf for 3
04-22 09:22:44.282  1406  1984 D ActivityManager: freezing 6083 com.google.android.permissioncontroller
04-22 09:22:44.381  1406  1953 D CompatibilityChangeReporter: Compat change id reported: 182734110; UID 10102; state: ENABLED
04-22 09:22:44.952  1406  2012 D BatteryService: Processing new values: info=android.hardware.health.HealthInfo@3c29256, mBatteryLevelCritical=false, mPlugType=0
04-22 09:22:44.953  1406  2012 I BatteryService: File node value is 220
04-22 09:22:44.953  1406  2012 E BatteryService: healthInfoTemp is within the range (220)
04-22 09:22:44.954  1406  2012 D BatteryService: Sending ACTION_BATTERY_CHANGED. scale:100, info:android.hardware.health.HealthInfo@3c29256
04-22 09:22:44.954  1406  2012 E BatteryService: level : 67 / status : 3/Health : 2/Decommission : 0/error status : 0
04-22 09:22:44.966  2118  2118 W PowerUI : mBatteryPresent = true
04-22 09:22:45.928  1406  2012 D BatteryService: Processing new values: info=android.hardware.health.HealthInfo@8cb25cf, mBatteryLevelCritical=false, mPlugType=0
04-22 09:22:45.930  1406  2012 I BatteryService: File node value is 220
04-22 09:22:45.930  1406  2012 E BatteryService: healthInfoTemp is within the range (220)
04-22 09:22:45.930  1406  2012 D BatteryService: Sending ACTION_BATTERY_CHANGED. scale:100, info:android.hardware.health.HealthInfo@8cb25cf
04-22 09:22:45.931  1406  2012 E BatteryService: level : 67 / status : 3/Health : 2/Decommission : 0/error status : 0
04-22 09:22:45.943  2118  2118 W PowerUI : mBatteryPresent = true
04-22 09:22:47.082  3140  3165 W ContextImpl: Calling a method in the system process without a qualified user: android.app.ContextImpl.sendBroadcast:1220 android.content.ContextWrapper.sendBroadcast:504 com.zebra.rfidhost.RFIDClientConnection.sendBroadCast:513 com.zebra.rfidhost.RFIDClientConnection.toggleRfidReaderPower:502 com.zebra.rfidhost.RFIDClientConnection.enableRfid:442 
04-22 09:22:47.106  1406  2117 D UsbHostManager: deviceClass : 9checkUsbInterfacesBlackListed :false
04-22 09:22:47.107  1406  2117 D UsbHostManager: mHubHidDevices added size is 4
04-22 09:22:48.436  1406  2117 D UsbHostManager: deviceClass : 239checkUsbInterfacesBlackListed :false
04-22 09:22:48.438  1406  2117 D UsbHostManager: USB device attached: vidpid 05e0:1702 portType Secondary  mfg/product/ver/serial Zebra Technologies, Inc/TC2205-0G1250SS-E8::::EA/0.01/S/N:BFPE01BQROI000XXXXXXXXXXXXXXXXXX:E hasAudio/HID/Storage: false/false/false
04-22 09:22:48.443  1406  2117 D UsbHostManager: Added device UsbDevice[mName=/dev/bus/usb/004/002,mVendorId=1504,mProductId=5890,mClass=239,mSubclass=2,mProtocol=1,mManufacturerName=Zebra Technologies, Inc,mProductName=TC2205-0G1250SS-E8::::EA,mVersion=0.01,mSerialNumberReader=com.android.server.usb.UsbSerialReader@be4b666, mHasAudioPlayback=false, mHasAudioCapture=false, mHasMidi=false, mHasVideoCapture=false, mHasVideoPlayback=false, mConfigurations=[
04-22 09:22:48.443  1406  2117 D UsbHostManager: UsbConfiguration[mId=1,mName=Self Powered,mAttributes=224,mMaxPower=0,mInterfaces=[
04-22 09:22:48.443  1406  2117 D UsbHostManager: UsbInterface[mId=0,mAlternateSetting=0,mName=ZETI Interface,mClass=2,mSubclass=2,mProtocol=1,mEndpoints=[
04-22 09:22:48.443  1406  2117 D UsbHostManager: UsbEndpoint[mAddress=129,mAttributes=3,mMaxPacketSize=64,mInterval=1]]
04-22 09:22:48.443  1406  2117 D UsbHostManager: UsbInterface[mId=1,mAlternateSetting=0,mName=ZETI Interface,mClass=10,mSubclass=0,mProtocol=0,mEndpoints=[
04-22 09:22:48.443  1406  2117 D UsbHostManager: UsbEndpoint[mAddress=2,mAttributes=2,mMaxPacketSize=64,mInterval=255]
04-22 09:22:48.443  1406  2117 D UsbHostManager: UsbEndpoint[mAddress=131,mAttributes=2,mMaxPacketSize=64,mInterval=255]]
04-22 09:22:48.443  1406  2117 D UsbHostManager: UsbInterface[mId=2,mAlternateSetting=0,mName=SSI Interface,mClass=2,mSubclass=2,mProtocol=1,mEndpoints=[
04-22 09:22:48.443  1406  2117 D UsbHostManager: UsbEndpoint[mAddress=132,mAttributes=3,mMaxPacketSize=64,mInterval=1]]
04-22 09:22:48.443  1406  2117 D UsbHostManager: UsbInterface[mId=3,mAlternateSetting=0,mName=SSI Interface,mClass=10,mSubclass=0,mProtocol=0,mEndpoints=[
04-22 09:22:48.443  1406  2117 D UsbHostManager: UsbEndpoint[mAddress=5,mAttributes=2,mMaxPacketSize=64,mInterval=255]
04-22 09:22:48.443  1406  2117 D UsbHostManager: UsbEndpoint[mAddress=134,mAttributes=2,mMaxPacketSize=64,mInterval=255]]]]
04-22 09:22:48.443  1406  2117 D UsbHostManager: Send device to PopupControl
04-22 09:22:48.443  1406  2117 E UsbHostManager: sendDeviceToService 05E0:1702
04-22 09:22:48.466  1406  2117 E UsbProfileGroupSettingsManager: OSX resolveActivity 
04-22 09:22:48.466  1406  2117 E OSxUsbConfig: isUSBMassStoargeDevice :: false
04-22 09:22:48.467  1406  2117 E UsbAlsaManager: usbDeviceAdded(): cannot find sound card for /dev/bus/usb/004/002
04-22 09:22:50.462  1406  5949 I JobScheduler: bypass checkIfRestricted for JobStatus{fbfcd24 #u0a91/999 com.symbol.fota/.jobservices.FotaReadyPeriodicService u=0 s=10091 TIME=+23h36m53s608ms:+1d23h36m53s608ms PERIODIC satisfied:0xb400000 unsatisfied:0x80000000}
04-22 09:22:50.463  1406  5949 I JobScheduler: bypass checkIfRestricted for JobStatus{940934d #u0a98/359 com.symbol.dataanalytics/androidx.work.impl.background.systemjob.SystemJobService u=0 s=10098 TIME=+14m36s768ms:none satisfied:0xb400000 unsatisfied:0x80000000}
04-22 09:22:50.463  1406  5949 I JobScheduler: bypass checkIfRestricted for JobStatus{f032a19 #u0a98/334 com.symbol.dataanalytics/androidx.work.impl.background.systemjob.SystemJobService u=0 s=10098 TIME=+5h29m36s653ms:none satisfied:0xb400000 unsatisfied:0x80000000}
04-22 09:22:50.463  1406  5949 I JobScheduler: bypass checkIfRestricted for JobStatus{38dfb3a #u0a98/333 com.symbol.dataanalytics/androidx.work.impl.background.systemjob.SystemJobService u=0 s=10098 TIME=+29m36s603ms:none satisfied:0xb400000 unsatisfied:0x80000000}
04-22 09:22:50.463  1406  5949 I JobScheduler: bypass checkIfRestricted for JobStatus{ce95be0 #u0a98/90 com.symbol.dataanalytics/androidx.work.impl.background.systemjob.SystemJobService u=0 s=10098 TIME=+11m0s56ms:none satisfied:0xb400000 unsatisfied:0x80000000}
04-22 09:22:50.463  1406  5949 I JobScheduler: bypass checkIfRestricted for JobStatus{2f9da12 #u0a98/73 com.symbol.dataanalytics/androidx.work.impl.background.systemjob.SystemJobService u=0 s=10098 TIME=+12d10h36m41s183ms:none satisfied:0xb400000 unsatisfied:0x80000000}
04-22 09:22:50.471  1406  1976 W ProcessStats: Tracking association SourceState{4895dfa com.android.vending/10160 ImpBg #5914} whose proc state 6 is better than process ProcessState{ed71fba com.android.vending:background/10160 pkg=com.android.vending} proc state 14 (58 skipped)
04-22 09:22:50.659  1406  5949 D ActivityManager: com.google.android.gms is skipped freeze by freezeAppAsyncInternalLSP
04-22 09:22:50.732  1406  5949 I JobScheduler: bypass checkIfRestricted for JobStatus{fbfcd24 #u0a91/999 com.symbol.fota/.jobservices.FotaReadyPeriodicService u=0 s=10091 TIME=+23h36m53s338ms:+1d23h36m53s338ms PERIODIC satisfied:0xb400000 unsatisfied:0x80000000}
04-22 09:22:50.732  1406  5949 I JobScheduler: bypass checkIfRestricted for JobStatus{940934d #u0a98/359 com.symbol.dataanalytics/androidx.work.impl.background.systemjob.SystemJobService u=0 s=10098 TIME=+14m36s499ms:none satisfied:0xb400000 unsatisfied:0x80000000}
04-22 09:22:50.733  1406  5949 I JobScheduler: bypass checkIfRestricted for JobStatus{f032a19 #u0a98/334 com.symbol.dataanalytics/androidx.work.impl.background.systemjob.SystemJobService u=0 s=10098 TIME=+5h29m36s383ms:none satisfied:0xb400000 unsatisfied:0x80000000}
04-22 09:22:50.733  1406  5949 I JobScheduler: bypass checkIfRestricted for JobStatus{38dfb3a #u0a98/333 com.symbol.dataanalytics/androidx.work.impl.background.systemjob.SystemJobService u=0 s=10098 TIME=+29m36s333ms:none satisfied:0xb400000 unsatisfied:0x80000000}
04-22 09:22:50.733  1406  5949 I JobScheduler: bypass checkIfRestricted for JobStatus{ce95be0 #u0a98/90 com.symbol.dataanalytics/androidx.work.impl.background.systemjob.SystemJobService u=0 s=10098 TIME=+10m59s786ms:none satisfied:0xb400000 unsatisfied:0x80000000}
04-22 09:22:50.733  1406  5949 I JobScheduler: bypass checkIfRestricted for JobStatus{2f9da12 #u0a98/73 com.symbol.dataanalytics/androidx.work.impl.background.systemjob.SystemJobService u=0 s=10098 TIME=+12d10h36m40s913ms:none satisfied:0xb400000 unsatisfied:0x80000000}
04-22 09:22:51.053  1406  2012 D BatteryService: Processing new values: info=android.hardware.health.HealthInfo@c6e8dbb, mBatteryLevelCritical=false, mPlugType=0
04-22 09:22:51.054  1406  2012 I BatteryService: File node value is 220
04-22 09:22:51.054  1406  2012 E BatteryService: healthInfoTemp is within the range (220)
04-22 09:22:51.054  1406  2012 D BatteryService: Sending ACTION_BATTERY_CHANGED. scale:100, info:android.hardware.health.HealthInfo@c6e8dbb
04-22 09:22:51.055  1406  2012 E BatteryService: level : 67 / status : 3/Health : 2/Decommission : 0/error status : 0
04-22 09:22:51.068  2118  2118 W PowerUI : mBatteryPresent = true
--------- beginning of main
04-22 09:22:51.241  3180  9879 D app_process64: PortJni: ... up to count 8192 with timeout -1
04-22 09:22:51.241  3180  9879 E app_process64: PortJni: Error 9 reading port.
04-22 09:22:51.241  3180  9879 D Serial.Port: readData: retcode -1
04-22 09:22:51.241  3180  9879 D Serial.Port: readData: count 8192
04-22 09:22:51.241  3180  9879 D app_process64: PortJni: Reading new
04-22 09:22:51.241  3180  9879 D app_process64: PortJni: ... up to count 8192 with timeout -1
04-22 09:22:51.241  3180  9879 E app_process64: PortJni: Error 9 reading port.
04-22 09:22:51.241  3180  9879 D Serial.Port: readData: retcode -1
04-22 09:22:51.241  3180  9879 D Serial.Port: readData: count 8192
04-22 09:22:51.241  3180  9879 D app_process64: PortJni: Reading new
04-22 09:22:51.241  3180  9879 D app_process64: PortJni: ... up to count 8192 with timeout -1
04-22 09:22:51.241  3180  9879 E app_process64: PortJni: Error 9 reading port.
04-22 09:22:51.241  3180  9879 D Serial.Port: readData: retcode -1
04-22 09:22:51.241  3180  9879 D Serial.Port: readData: count 8192
04-22 09:22:51.241  3180  9879 D app_process64: PortJni: Reading new
04-22 09:22:51.241  3180  9879 D app_process64: PortJni: ... up to count 8192 with timeout -1
04-22 09:22:51.241  3180  9879 E app_process64: PortJni: Error 9 reading port.
04-22 09:22:51.241  3180  9879 D Serial.Port: readData: retcode -1
04-22 09:22:51.242  3180  9879 D Serial.Port: readData: count 8192
04-22 09:22:51.242  3180  9879 D app_process64: PortJni: Reading new
04-22 09:22:51.242  3180  9879 D app_process64: PortJni: ... up to count 8192 with timeout -1
04-22 09:22:51.242  3180  9879 E app_process64: PortJni: Error 9 reading port.
04-22 09:22:51.242  3180  9879 D Serial.Port: readData: retcode -1
04-22 09:22:51.242  3180  9879 D Serial.Port: readData: count 8192
04-22 09:22:51.242  3180  9879 D app_process64: PortJni: Reading new
04-22 09:22:51.242  3180  9879 D app_process64: PortJni: ... up to count 8192 with timeout -1
04-22 09:22:51.242  3180  9879 E app_process64: PortJni: Error 9 reading port.
04-22 09:22:51.242  3180  9879 D Serial.Port: readData: retcode -1
04-22 09:22:51.242  3180  9879 D Serial.Port: readData: count 8192
04-22 09:22:51.242  3180  9879 D app_process64: PortJni: Reading new
04-22 09:22:51.242  3180  9879 D app_process64: PortJni: ... up to count 8192 with timeout -1
04-22 09:22:51.242  3180  9879 E app_process64: PortJni: Error 9 reading port.
04-22 09:22:51.242  3180  9879 D Serial.Port: readData: retcode -1
04-22 09:22:51.242  3180  9879 D Serial.Port: readData: count 8192
04-22 09:22:51.242  3180  9879 D app_process64: PortJni: Reading new
04-22 09:22:51.242  3180  9879 D app_process64: PortJni: ... up to count 8192 with timeout -1
04-22 09:22:51.242  3180  9879 E app_process64: PortJni: Error 9 reading port.
04-22 09:22:51.242  3180  9879 D Serial.Port: readData: retcode -1
04-22 09:22:51.243  3180  9879 D Serial.Port: readData: count 8192
04-22 09:22:51.243  3180  9879 D app_process64: PortJni: Reading new
04-22 09:22:51.243  3180  9879 D app_process64: PortJni: ... up to count 8192 with timeout -1
04-22 09:22:51.243  3180  9879 E app_process64: PortJni: Error 9 reading port.
04-22 09:22:51.243  3180  9879 D Serial.Port: readData: retcode -1
04-22 09:22:51.243  3180  9879 D Serial.Port: readData: count 8192
04-22 09:22:51.243  3180  9879 D app_process64: PortJni: Reading new
04-22 09:22:51.243  3180  9879 D app_process64: PortJni: ... up to count 8192 with timeout -1
04-22 09:22:51.243  3180  9879 E app_process64: PortJni: Error 9 reading port.
04-22 09:22:51.243  3180  9879 D Serial.Port: readData: retcode -1
04-22 09:22:51.243  3180  9879 D Serial.Port: readData: count 8192
04-22 09:22:51.243  3180  9879 D app_process64: PortJni: Reading new
04-22 09:22:51.243  3180  9879 D app_process64: PortJni: ... up to count 8192 with timeout -1
04-22 09:22:51.243  3180  9879 E app_process64: PortJni: Error 9 reading port.
04-22 09:22:51.243  3180  9879 D Serial.Port: readData: retcode -1
04-22 09:22:51.243  3180  9879 D Serial.Port: readData: count 8192
04-22 09:22:51.243  3180  9879 D app_process64: PortJni: Reading new
04-22 09:22:51.243  3180  9879 D app_process64: PortJni: ... up to count 8192 with timeout -1
04-22 09:22:51.243  3180  9879 E app_process64: PortJni: Error 9 reading port.
04-22 09:22:51.243  3180  9879 D Serial.Port: readData: retcode -1
04-22 09:22:51.243  3180  9879 D Serial.Port: readData: count 8192
04-22 09:22:51.243  3180  9879 D app_process64: PortJni: Reading new
04-22 09:22:51.243  3180  9879 D app_process64: PortJni: ... up to count 8192 with timeout -1
04-22 09:22:51.243  3180  9879 E app_process64: PortJni: Error 9 reading port.
04-22 09:22:51.244  3180  9879 D Serial.Port: readData: retcode -1
04-22 09:22:51.244  3180  9879 D Serial.Port: readData: count 8192
04-22 09:22:51.244  3180  9879 D app_process64: PortJni: Reading new
04-22 09:22:51.244  3180  9879 D app_process64: PortJni: ... up to count 8192 with timeout -1
04-22 09:22:51.244  3180  9879 E app_process64: PortJni: Error 9 reading port.
04-22 09:22:51.244  3180  9879 D Serial.Port: readData: retcode -1
04-22 09:22:51.244  3180  9879 D Serial.Port: readData: count 8192
04-22 09:22:51.244  3180  9879 D app_process64: PortJni: Reading new
04-22 09:22:51.244  3180  9879 D app_process64: PortJni: ... up to count 8192 with timeout -1
04-22 09:22:51.244  3180  9879 E app_process64: PortJni: Error 9 reading port.
04-22 09:22:51.244  3180  9879 D Serial.Port: readData: retcode -1
04-22 09:22:51.244  3180  9879 D Serial.Port: readData: count 8192
04-22 09:22:51.244  3180  9879 D app_process64: PortJni: Reading new
04-22 09:22:51.244  3180  9879 D app_process64: PortJni: ... up to count 8192 with timeout -1
04-22 09:22:51.244  3180  9879 E app_process64: PortJni: Error 9 reading port.
04-22 09:22:51.244  3180  9879 D Serial.Port: readData: retcode -1
04-22 09:22:51.244  3180  9879 D Serial.Port: readData: count 8192
04-22 09:22:51.244  3180  9879 D app_process64: PortJni: Reading new
04-22 09:22:51.244  3180  9879 D app_process64: PortJni: ... up to count 8192 with timeout -1
04-22 09:22:51.244  3180  9879 E app_process64: PortJni: Error 9 reading port.
04-22 09:22:51.244  3180  9879 D Serial.Port: readData: retcode -1
04-22 09:22:51.245  3180  9879 D Serial.Port: readData: count 8192
04-22 09:22:51.245  3180  9879 D app_process64: PortJni: Reading new
04-22 09:22:51.245  3180  9879 D app_process64: PortJni: ... up to count 8192 with timeout -1
04-22 09:22:51.245  3180  9879 E app_process64: PortJni: Error 9 reading port.
04-22 09:22:51.245  3180  9879 D Serial.Port: readData: retcode -1
04-22 09:22:51.245  3180  9879 D Serial.Port: readData: count 8192
04-22 09:22:51.245  3180  9879 D app_process64: PortJni: Reading new
04-22 09:22:51.245  3180  9879 D app_process64: PortJni: ... up to count 8192 with timeout -1
04-22 09:22:51.245  3180  9879 E app_process64: PortJni: Error 9 reading port.
04-22 09:22:51.245  3180  9879 D Serial.Port: readData: retcode -1
04-22 09:22:51.245  3180  9879 D Serial.Port: readData: count 8192
04-22 09:22:51.245  3180  9879 D app_process64: PortJni: Reading new
04-22 09:22:51.245  3180  9879 D app_process64: PortJni: ... up to count 8192 with timeout -1
04-22 09:22:51.245  3180  9879 E app_process64: PortJni: Error 9 reading port.
04-22 09:22:51.245  3180  9879 D Serial.Port: readData: retcode -1
04-22 09:22:51.245  3180  9879 D Serial.Port: readData: count 8192
04-22 09:22:51.245  3180  9879 D app_process64: PortJni: Reading new
04-22 09:22:51.245  3180  9879 D app_process64: PortJni: ... up to count 8192 with timeout -1
04-22 09:22:51.245  3180  9879 E app_process64: PortJni: Error 9 reading port.
04-22 09:22:51.245  3180  9879 D Serial.Port: readData: retcode -1
04-22 09:22:51.245  3180  9879 D Serial.Port: readData: count 8192
04-22 09:22:51.246  3180  9879 D app_process64: PortJni: Reading new
04-22 09:22:51.246  3180  9879 D app_process64: PortJni: ... up to count 8192 with timeout -1
04-22 09:22:51.246  3180  9879 E app_process64: PortJni: Error 9 reading port.
04-22 09:22:51.246  3180  9879 D Serial.Port: readData: retcode -1
04-22 09:22:51.246  3180  9879 D Serial.Port: readData: count 8192
04-22 09:22:51.246  3180  9879 D app_process64: PortJni: Reading new
04-22 09:22:51.246  3180  9879 D app_process64: PortJni: ... up to count 8192 with timeout -1
04-22 09:22:51.246  3180  9879 E app_process64: PortJni: Error 9 reading port.
04-22 09:22:51.246  3180  9879 D Serial.Port: readData: retcode -1
04-22 09:22:51.246  3180  9879 D Serial.Port: readData: count 8192
04-22 09:22:51.246  3180  9879 D app_process64: PortJni: Reading new
04-22 09:22:51.246  3180  9879 D app_process64: PortJni: ... up to count 8192 with timeout -1
04-22 09:22:51.246  3180  9879 E app_process64: PortJni: Error 9 reading port.
04-22 09:22:51.246  3180  9879 D Serial.Port: readData: retcode -1
04-22 09:22:51.246  3180  9879 D Serial.Port: readData: count 8192
04-22 09:22:51.246  3180  9879 D app_process64: PortJni: Reading new
04-22 09:22:51.246  3180  9879 D app_process64: PortJni: ... up to count 8192 with timeout -1
04-22 09:22:51.246  3180  9879 E app_process64: PortJni: Error 9 reading port.
04-22 09:22:51.246  3180  9879 D Serial.Port: readData: retcode -1
04-22 09:22:51.247  3180  9879 D Serial.Port: readData: count 8192
04-22 09:22:51.247  3180  9879 D app_process64: PortJni: Reading new
04-22 09:22:51.247  3180  9879 D app_process64: PortJni: ... up to count 8192 with timeout -1
04-22 09:22:51.247  3180  9879 E app_process64: PortJni: Error 9 reading port.
04-22 09:22:51.247  3180  9879 D Serial.Port: readData: retcode -1
04-22 09:22:51.247  3180  9879 D Serial.Port: readData: count 8192
04-22 09:22:51.247  3180  9879 D app_process64: PortJni: Reading new
04-22 09:22:51.247  3180  9879 D app_process64: PortJni: ... up to count 8192 with timeout -1
04-22 09:22:51.247  3180  9879 E app_process64: PortJni: Error 9 reading port.
04-22 09:22:51.247  3180  9879 D Serial.Port: readData: retcode -1
04-22 09:22:51.247  3180  9879 D Serial.Port: readData: count 8192
04-22 09:22:51.247  3180  9879 D app_process64: PortJni: Reading new
04-22 09:22:51.247  3180  9879 D app_process64: PortJni: ... up to count 8192 with timeout -1
04-22 09:22:51.247  3180  9879 E app_process64: PortJni: Error 9 reading port.
04-22 09:22:51.247  3180  9879 D Serial.Port: readData: retcode -1
04-22 09:22:51.247  3180  9879 D Serial.Port: readData: count 8192
04-22 09:22:51.247  3180  9879 D app_process64: PortJni: Reading new
04-22 09:22:51.247  3180  9879 D app_process64: PortJni: ... up to count 8192 with timeout -1
04-22 09:22:51.247  3180  9879 E app_process64: PortJni: Error 9 reading port.
04-22 09:22:51.247  3180  9879 D Serial.Port: readData: retcode -1
04-22 09:22:51.247  3180  9879 D Serial.Port: readData: count 8192
04-22 09:22:51.247  3180  9879 D app_process64: PortJni: Reading new
04-22 09:22:51.248  3180  9879 D app_process64: PortJni: ... up to count 8192 with timeout -1
04-22 09:22:51.248  3180  9879 E app_process64: PortJni: Error 9 reading port.
04-22 09:22:51.248  3180  9879 D Serial.Port: readData: retcode -1
04-22 09:22:51.248  3180  3224 D Serial.Port: readData: count 8192
04-22 09:22:51.248  3180  3224 D app_process64: PortJni: Reading new
04-22 09:22:51.248  3180  3224 D app_process64: PortJni: ... up to count 8192 with timeout -1
04-22 09:22:51.248  3180  3224 E app_process64: PortJni: Error 9 reading port.
04-22 09:22:51.248  3180  3224 D Serial.Port: readData: retcode -1
04-22 09:22:51.248  3180  3224 D Serial.Port: readData: count 8192
04-22 09:22:51.248  3180  3224 D app_process64: PortJni: Reading new
04-22 09:22:51.248  3180  3224 D app_process64: PortJni: ... up to count 8192 with timeout -1
04-22 09:22:51.248  3180  3224 E app_process64: PortJni: Error 9 reading port.
04-22 09:22:51.248  3180  3224 D Serial.Port: readData: retcode -1
04-22 09:22:51.248  3180  3224 D Serial.Port: readData: count 8192
04-22 09:22:51.248  3180  3224 D app_process64: PortJni: Reading new
04-22 09:22:51.248  3180  3224 D app_process64: PortJni: ... up to count 8192 with timeout -1
04-22 09:22:51.248  3180  3224 E app_process64: PortJni: Error 9 reading port.
04-22 09:22:51.248  3180  3224 D Serial.Port: readData: retcode -1
04-22 09:22:51.248  3180  3224 D Serial.Port: readData: count 8192
04-22 09:22:51.248  3180  3224 D app_process64: PortJni: Reading new
04-22 09:22:51.248  3180  3224 D app_process64: PortJni: ... up to count 8192 with timeout -1
04-22 09:22:51.248  3180  3224 E app_process64: PortJni: Error 9 reading port.
04-22 09:22:51.248  3180  3224 D Serial.Port: readData: retcode -1
04-22 09:22:51.249  3180  3224 D Serial.Port: readData: count 8192
04-22 09:22:51.249  3180  3224 D app_process64: PortJni: Reading new
04-22 09:22:51.249  3180  3224 D app_process64: PortJni: ... up to count 8192 with timeout -1
04-22 09:22:51.249  3180  3224 E app_process64: PortJni: Error 9 reading port.
04-22 09:22:51.249  3180  3224 D Serial.Port: readData: retcode -1
04-22 09:22:51.249  3180  3224 D Serial.Port: readData: count 8192
04-22 09:22:51.249  3180  3224 D app_process64: PortJni: Reading new
04-22 09:22:51.249  3180  3224 D app_process64: PortJni: ... up to count 8192 with timeout -1
04-22 09:22:51.249  3180  3224 E app_process64: PortJni: Error 9 reading port.
04-22 09:22:51.249  3180  3224 D Serial.Port: readData: retcode -1
04-22 09:22:51.249  3180  3224 D Serial.Port: readData: count 8192
04-22 09:22:51.249  3180  3224 D app_process64: PortJni: Reading new
04-22 09:22:51.249  3180  3224 D app_process64: PortJni: ... up to count 8192 with timeout -1
04-22 09:22:51.249  3180  3224 E app_process64: PortJni: Error 9 reading port.
04-22 09:22:51.249  3180  3224 D Serial.Port: readData: retcode -1
04-22 09:22:51.249  3180  3224 D Serial.Port: readData: count 8192
04-22 09:22:51.249  3180  3224 D app_process64: PortJni: Reading new
04-22 09:22:51.249  3180  3224 D app_process64: PortJni: ... up to count 8192 with timeout -1
04-22 09:22:51.249  3180  3224 E app_process64: PortJni: Error 9 reading port.
04-22 09:22:51.249  3180  3224 D Serial.Port: readData: retcode -1
04-22 09:22:51.249  3180  3224 D Serial.Port: readData: count 8192
04-22 09:22:51.250  3180  3224 D app_process64: PortJni: Reading new
04-22 09:22:51.250  3180  3224 D app_process64: PortJni: ... up to count 8192 with timeout -1
04-22 09:22:51.250  3180  3224 E app_process64: PortJni: Error 9 reading port.
04-22 09:22:51.250  3180  3224 D Serial.Port: readData: retcode -1
04-22 09:22:51.250  3180  3224 D Serial.Port: readData: count 8192
04-22 09:22:51.250  3180  3224 D app_process64: PortJni: Reading new
04-22 09:22:51.250  3180  3224 D app_process64: PortJni: ... up to count 8192 with timeout -1
04-22 09:22:51.250  3180  3224 E app_process64: PortJni: Error 9 reading port.
04-22 09:22:51.250  3180  3224 D Serial.Port: readData: retcode -1
04-22 09:22:51.250  3180  3224 D Serial.Port: readData: count 8192
04-22 09:22:51.250  3180  3224 D app_process64: PortJni: Reading new
04-22 09:22:51.250  3180  3224 D app_process64: PortJni: ... up to count 8192 with timeout -1
04-22 09:22:51.250  3180  3224 E app_process64: PortJni: Error 9 reading port.
04-22 09:22:51.250  3180  3224 D Serial.Port: readData: retcode -1
04-22 09:22:51.250  3180  3224 D Serial.Port: readData: count 8192
04-22 09:22:51.250  3180  3224 D app_process64: PortJni: Reading new
04-22 09:22:51.250  3180  3224 D app_process64: PortJni: ... up to count 8192 with timeout -1
04-22 09:22:51.250  3180  3224 E app_process64: PortJni: Error 9 reading port.
04-22 09:22:51.250  3180  3224 D Serial.Port: readData: retcode -1
04-22 09:22:51.250  3180  3224 D Serial.Port: readData: count 8192
04-22 09:22:51.250  3180  3224 D app_process64: PortJni: Reading new
04-22 09:22:51.250  3180  3224 D app_process64: PortJni: ... up to count 8192 with timeout -1
04-22 09:22:51.251  3180  3224 E app_process64: PortJni: Error 9 reading port.
04-22 09:22:51.251  3180  3224 D Serial.Port: readData: retcode -1
04-22 09:22:51.251  3180  3224 D Serial.Port: readData: count 8192
04-22 09:22:51.251  3180  3224 D app_process64: PortJni: Reading new
04-22 09:22:51.251  3180  3224 D app_process64: PortJni: ... up to count 8192 with timeout -1
04-22 09:22:51.251  3180  3224 E app_process64: PortJni: Error 9 reading port.
04-22 09:22:51.251  3180  3224 D Serial.Port: readData: retcode -1
04-22 09:22:51.251  3180  3224 D Serial.Port: readData: count 8192
04-22 09:22:51.251  3180  3224 D app_process64: PortJni: Reading new
04-22 09:22:51.251  3180  3224 D app_process64: PortJni: ... up to count 8192 with timeout -1
04-22 09:22:51.251  3180  3224 E app_process64: PortJni: Error 9 reading port.
04-22 09:22:51.251  3180  3224 D Serial.Port: readData: retcode -1
04-22 09:22:51.251  3180  3224 D Serial.Port: readData: count 8192
04-22 09:22:51.251  3180  3224 D app_process64: PortJni: Reading new
04-22 09:22:51.251  3180  3224 D app_process64: PortJni: ... up to count 8192 with timeout -1
04-22 09:22:51.251  3180  3224 E app_process64: PortJni: Error 9 reading port.
04-22 09:22:51.251  3180  3224 D Serial.Port: readData: retcode -1
04-22 09:22:51.251  3180  3224 D Serial.Port: readData: count 8192
04-22 09:22:51.251  3180  3224 D app_process64: PortJni: Reading new
04-22 09:22:51.251  3180  3224 D app_process64: PortJni: ... up to count 8192 with timeout -1
04-22 09:22:51.251  3180  3224 E app_process64: PortJni: Error 9 reading port.
04-22 09:22:51.251  3180  3224 D Serial.Port: readData: retcode -1
04-22 09:22:51.252  3180  3224 D Serial.Port: readData: count 8192
04-22 09:22:51.252  3180  3224 D app_process64: PortJni: Reading new
04-22 09:22:51.252  3180  3224 D app_process64: PortJni: ... up to count 8192 with timeout -1
04-22 09:22:51.252  3180  3224 E app_process64: PortJni: Error 9 reading port.
04-22 09:22:51.252  3180  3224 D Serial.Port: readData: retcode -1
04-22 09:22:51.252  3180  3224 D Serial.Port: readData: count 8192
04-22 09:22:51.252  3180  3224 D app_process64: PortJni: Reading new
04-22 09:22:51.252  3180  3224 D app_process64: PortJni: ... up to count 8192 with timeout -1
04-22 09:22:51.252  3180  3224 E app_process64: PortJni: Error 9 reading port.
04-22 09:22:51.252  3180  3224 D Serial.Port: readData: retcode -1
04-22 09:22:51.252  3180  3224 D Serial.Port: readData: count 8192
04-22 09:22:51.252  3180  3224 D app_process64: PortJni: Reading new
04-22 09:22:51.252  3180  3224 D app_process64: PortJni: ... up to count 8192 with timeout -1
04-22 09:22:51.252  3180  3224 E app_process64: PortJni: Error 9 reading port.
04-22 09:22:51.252  3180  3224 D Serial.Port: readData: retcode -1
04-22 09:22:51.252  3180  3224 D Serial.Port: readData: count 8192
04-22 09:22:51.252  3180  3224 D app_process64: PortJni: Reading new
04-22 09:22:51.252  3180  3224 D app_process64: PortJni: ... up to count 8192 with timeout -1
04-22 09:22:51.252  3180  3224 E app_process64: PortJni: Error 9 reading port.
04-22 09:22:51.252  3180  3224 D Serial.Port: readData: retcode -1
04-22 09:22:51.252  3180  3224 D Serial.Port: readData: count 8192
04-22 09:22:51.253  3180  3224 D app_process64: PortJni: Reading new
04-22 09:22:51.253  3180  3224 D app_process64: PortJni: ... up to count 8192 with timeout -1
04-22 09:22:51.253  3180  3224 E app_process64: PortJni: Error 9 reading port.
04-22 09:22:51.253  3180  3224 D Serial.Port: readData: retcode -1
04-22 09:22:51.253  3180  3224 D Serial.Port: readData: count 8192
04-22 09:22:51.253  3180  3224 D app_process64: PortJni: Reading new
04-22 09:22:51.253  3180  3224 D app_process64: PortJni: ... up to count 8192 with timeout -1
04-22 09:22:51.253  3180  3224 E app_process64: PortJni: Error 9 reading port.
04-22 09:22:51.253  3180  3224 D Serial.Port: readData: retcode -1
04-22 09:22:51.253  3180  3224 D Serial.Port: readData: count 8192
04-22 09:22:51.253  3180  3224 D app_process64: PortJni: Reading new
04-22 09:22:51.253  3180  3224 D app_process64: PortJni: ... up to count 8192 with timeout -1
04-22 09:22:51.253  3180  3224 E app_process64: PortJni: Error 9 reading port.
04-22 09:22:51.253  3180  3224 D Serial.Port: readData: retcode -1
04-22 09:22:51.253  3180  3224 D Serial.Port: readData: count 8192
04-22 09:22:51.253  3180  3224 D app_process64: PortJni: Reading new
04-22 09:22:51.253  3180  3224 D app_process64: PortJni: ... up to count 8192 with timeout -1
04-22 09:22:51.253  3180  3224 E app_process64: PortJni: Error 9 reading port.
04-22 09:22:51.253  3180  3224 D Serial.Port: readData: retcode -1
04-22 09:22:51.253  3180  3224 D Serial.Port: readData: count 8192
04-22 09:22:51.254  3180  3224 D app_process64: PortJni: Reading new
04-22 09:22:51.254  3180  3224 D app_process64: PortJni: ... up to count 8192 with timeout -1
