--------- beginning of system
04-22 09:21:03.542  1406  2012 D BatteryService: Processing new values: info=android.hardware.health.HealthInfo@3243e2e, mBatteryLevelCritical=false, mPlugType=0
04-22 09:21:03.545  1406  2012 I BatteryService: File node value is 210
04-22 09:21:03.545  1406  2012 E BatteryService: healthInfoTemp is within the range (210)
04-22 09:21:03.545  1406  2012 D BatteryService: Sending ACTION_BATTERY_CHANGED. scale:100, info:android.hardware.health.HealthInfo@3243e2e
04-22 09:21:03.546  1406  2012 E BatteryService: level : 67 / status : 3/Health : 2/Decommission : 0/error status : 0
04-22 09:21:03.562  2118  2118 W PowerUI : mBatteryPresent = true
04-22 09:21:10.080  1406  1984 D ActivityManager: freezing 4383 com.zebra.timecacher
04-22 09:21:13.784  1406  2012 D BatteryService: Processing new values: info=android.hardware.health.HealthInfo@9c3e665, mBatteryLevelCritical=false, mPlugType=0
04-22 09:21:13.786  1406  2012 I BatteryService: File node value is 210
04-22 09:21:13.786  1406  2012 E BatteryService: healthInfoTemp is within the range (210)
04-22 09:21:13.786  1406  2012 D BatteryService: Sending ACTION_BATTERY_CHANGED. scale:100, info:android.hardware.health.HealthInfo@9c3e665
04-22 09:21:13.787  1406  2012 E BatteryService: level : 67 / status : 3/Health : 2/Decommission : 0/error status : 0
04-22 09:21:13.800  2118  2118 W PowerUI : mBatteryPresent = true
04-22 09:21:18.924  1406  2012 D BatteryService: Processing new values: info=android.hardware.health.HealthInfo@b093948, mBatteryLevelCritical=false, mPlugType=0
04-22 09:21:18.925  1406  2012 I BatteryService: File node value is 210
04-22 09:21:18.926  1406  2012 E BatteryService: healthInfoTemp is within the range (210)
04-22 09:21:18.926  1406  2012 D BatteryService: Sending ACTION_BATTERY_CHANGED. scale:100, info:android.hardware.health.HealthInfo@b093948
04-22 09:21:18.927  1406  2012 E BatteryService: level : 67 / status : 3/Health : 2/Decommission : 0/error status : 0
04-22 09:21:18.940  2118  2118 W PowerUI : mBatteryPresent = true
04-22 09:21:23.471  1406  2012 D BatteryService: Processing new values: info=android.hardware.health.HealthInfo@2c287c7, mBatteryLevelCritical=false, mPlugType=0
04-22 09:21:23.472  1406  2012 I BatteryService: File node value is 210
04-22 09:21:23.473  1406  2012 E BatteryService: healthInfoTemp is within the range (210)
04-22 09:21:23.473  1406  2012 D BatteryService: Sending ACTION_BATTERY_CHANGED. scale:100, info:android.hardware.health.HealthInfo@2c287c7
04-22 09:21:23.474  1406  2012 E BatteryService: level : 67 / status : 3/Health : 2/Decommission : 0/error status : 0
04-22 09:21:23.488  2118  2118 W PowerUI : mBatteryPresent = true
04-22 09:21:24.023  1406  2012 D BatteryService: Processing new values: info=android.hardware.health.HealthInfo@26f4b92, mBatteryLevelCritical=false, mPlugType=0
04-22 09:21:24.026  1406  2012 I BatteryService: File node value is 210
04-22 09:21:24.026  1406  2012 E BatteryService: healthInfoTemp is within the range (210)
04-22 09:21:24.026  1406  2012 D BatteryService: Sending ACTION_BATTERY_CHANGED. scale:100, info:android.hardware.health.HealthInfo@26f4b92
04-22 09:21:24.027  1406  2012 E BatteryService: level : 67 / status : 3/Health : 2/Decommission : 0/error status : 0
04-22 09:21:24.039  2118  2118 W PowerUI : mBatteryPresent = true
04-22 09:21:29.141  1406  2012 D BatteryService: Processing new values: info=android.hardware.health.HealthInfo@17dce19, mBatteryLevelCritical=false, mPlugType=0
04-22 09:21:29.143  1406  2012 I BatteryService: File node value is 210
04-22 09:21:29.143  1406  2012 E BatteryService: healthInfoTemp is within the range (210)
04-22 09:21:44.515  1406  2012 D BatteryService: Processing new values: info=android.hardware.health.HealthInfo@c42a8bf, mBatteryLevelCritical=false, mPlugType=0
04-22 09:21:44.517  1406  2012 I BatteryService: File node value is 210
04-22 09:21:44.518  1406  2012 E BatteryService: healthInfoTemp is within the range (210)
04-22 09:21:44.518  1406  2012 D BatteryService: Sending ACTION_BATTERY_CHANGED. scale:100, info:android.hardware.health.HealthInfo@c42a8bf
04-22 09:21:44.519  1406  2012 E BatteryService: level : 67 / status : 3/Health : 2/Decommission : 0/error status : 0
04-22 09:21:44.532  2118  2118 W PowerUI : mBatteryPresent = true
04-22 09:21:49.618  1406  2012 D BatteryService: Processing new values: info=android.hardware.health.HealthInfo@b54baea, mBatteryLevelCritical=false, mPlugType=0
04-22 09:21:49.621  1406  2012 I BatteryService: File node value is 210
04-22 09:21:49.621  1406  2012 E BatteryService: healthInfoTemp is within the range (210)
04-22 09:21:57.911  1406  1848 W BatteryExternalStatsWorker: error reading modem stats:ERROR_PHONE_NOT_AVAILABLE
04-22 09:21:57.913  1406  4989 W BatteryExternalStatsWorker: error reading Bluetooth stats: 11
04-22 09:21:57.927  1406  1848 E KernelCpuSpeedReader: Failed to read cpu-freq: /sys/devices/system/cpu/cpu7/cpufreq/stats/time_in_state: open failed: ENOENT (No such file or directory)
04-22 09:21:59.864  1406  2012 D BatteryService: Processing new values: info=android.hardware.health.HealthInfo@c83f64a, mBatteryLevelCritical=false, mPlugType=0
04-22 09:21:59.866  1406  2012 I BatteryService: File node value is 210
04-22 09:21:59.866  1406  2012 E BatteryService: healthInfoTemp is within the range (210)
04-22 09:21:59.866  1406  2012 D BatteryService: Sending ACTION_BATTERY_CHANGED. scale:100, info:android.hardware.health.HealthInfo@c83f64a
04-22 09:21:59.867  1406  2012 E BatteryService: level : 67 / status : 3/Health : 2/Decommission : 0/error status : 0
04-22 09:21:59.886  2118  2118 W PowerUI : mBatteryPresent = true
04-22 09:22:00.006  1406  1835 D ActivityManager: sync unfroze 4383 com.zebra.timecacher for 3
04-22 09:22:04.988  1406  2012 D BatteryService: Processing new values: info=android.hardware.health.HealthInfo@18d04a2, mBatteryLevelCritical=false, mPlugType=0
04-22 09:22:04.990  1406  2012 I BatteryService: File node value is 210
04-22 09:22:04.991  1406  2012 E BatteryService: healthInfoTemp is within the range (210)
04-22 09:22:04.991  1406  2012 D BatteryService: Sending ACTION_BATTERY_CHANGED. scale:100, info:android.hardware.health.HealthInfo@18d04a2
04-22 09:22:04.992  1406  2012 E BatteryService: level : 67 / status : 3/Health : 2/Decommission : 0/error status : 0
04-22 09:22:05.008  2118  2118 W PowerUI : mBatteryPresent = true
04-22 09:22:10.041  1406  1984 D ActivityManager: freezing 4383 com.zebra.timecacher
04-22 09:22:10.100  1406  2012 D BatteryService: Processing new values: info=android.hardware.health.HealthInfo@2396669, mBatteryLevelCritical=false, mPlugType=0
04-22 09:22:10.102  1406  2012 I BatteryService: File node value is 210
04-22 09:22:10.103  1406  2012 E BatteryService: healthInfoTemp is within the range (210)
04-22 09:22:17.120  1406  1438 I ActivityManager: Force stopping com.ltrudu.rfid_sample_flutter appid=10261 user=0: from pid 11316
04-22 09:22:17.123  1406  1438 D ActivityManager: com.google.android.gms is skipped freeze by freezeAppAsyncInternalLSP
04-22 09:22:17.124  1406  1438 W ProcessStats: Tracking association SourceState{33d42df com.zebra.licensemgrservice/10054 ImpFg #5634} whose proc state 5 is better than process ProcessState{2f5a957 com.zebra.zebradna/10094 pkg=com.zebra.zebradna} proc state 14 (53 skipped)
04-22 09:22:17.127  1406  1438 I AppsFilter: interaction: PackageSetting{e2c24c1 de.rfid_konsortium.cot_merck_storage/10257} -> PackageSetting{65e79a1 com.ltrudu.rfid_sample_flutter/10261} BLOCKED
04-22 09:22:17.152  1406  1815 D ActivityManager: com.google.android.gms is skipped freeze by freezeAppAsyncInternalLSP
04-22 09:22:17.277  1406  1833 I ProcessStatsService: Pruning old procstats: /data/system/procstats/state-v2-2026-04-21-09-33-36.bin
04-22 09:22:18.615  1406  1835 I ActivityManager: CHECK_EXCESSIVE_POWER_USE_MSG: 900000
04-22 09:22:19.471  1406  2012 D BatteryService: Processing new values: info=android.hardware.health.HealthInfo@186e9b2, mBatteryLevelCritical=false, mPlugType=0
04-22 09:22:19.474  1406  2012 I BatteryService: File node value is 210
04-22 09:22:19.475  1406  2012 E BatteryService: healthInfoTemp is within the range (210)
04-22 09:22:19.475  1406  2012 D BatteryService: Sending ACTION_BATTERY_CHANGED. scale:100, info:android.hardware.health.HealthInfo@186e9b2
04-22 09:22:19.476  1406  2012 E BatteryService: level : 67 / status : 3/Health : 2/Decommission : 0/error status : 0
04-22 09:22:19.500  2118  2118 W PowerUI : mBatteryPresent = true
04-22 09:22:20.351  1406  2012 D BatteryService: Processing new values: info=android.hardware.health.HealthInfo@beea975, mBatteryLevelCritical=false, mPlugType=0
04-22 09:22:20.352  1406  2012 I BatteryService: File node value is 210
04-22 09:22:20.353  1406  2012 E BatteryService: healthInfoTemp is within the range (210)
04-22 09:22:20.353  1406  2012 D BatteryService: Sending ACTION_BATTERY_CHANGED. scale:100, info:android.hardware.health.HealthInfo@beea975
04-22 09:22:20.354  1406  2012 E BatteryService: level : 67 / status : 3/Health : 2/Decommission : 0/error status : 0
04-22 09:22:20.384  2118  2118 W PowerUI : mBatteryPresent = true
04-22 09:22:22.877  1406  1880 D ActivityManager: com.google.android.gms is skipped freeze by freezeAppAsyncInternalLSP
04-22 09:22:22.897  1406  2016 W RuleEvaluation: Integrity rule files are not available.
04-22 09:22:22.898  1406  1880 I PackageManager: Integrity check passed for file:///data/app/vmdl616113845.tmp
04-22 09:22:22.918  5080 11326 W PackageParser: Unknown element under <manifest>: queries at /data/app/vmdl616113845.tmp/base.apk Binary XML file line #17
04-22 09:22:23.093  1406  1438 D ActivityManager: com.google.android.gms is skipped freeze by freezeAppAsyncInternalLSP
04-22 09:22:23.098  1406  2758 D ActivityManager: com.google.android.gms is skipped freeze by freezeAppAsyncInternalLSP
04-22 09:22:23.105  1406  2758 D ActivityManager: com.google.android.gms is skipped freeze by freezeAppAsyncInternalLSP
04-22 09:22:23.843  1406  1880 I PackageManager: Continuing with installation of file:///data/app/vmdl616113845.tmp
04-22 09:22:23.852  1406  5395 D ActivityManager: com.google.android.gms is skipped freeze by freezeAppAsyncInternalLSP
04-22 09:22:23.855  1406  1848 W BatteryExternalStatsWorker: error reading modem stats:ERROR_PHONE_NOT_AVAILABLE
04-22 09:22:23.857  1406  2758 W BatteryExternalStatsWorker: error reading Bluetooth stats: 11
04-22 09:22:23.870  1406  1848 E KernelCpuSpeedReader: Failed to read cpu-freq: /sys/devices/system/cpu/cpu7/cpufreq/stats/time_in_state: open failed: ENOENT (No such file or directory)
04-22 09:22:23.884  1406  1880 D OsxLiteManager: isAppWhiteList pkgName :: com.ltrudu.rfid_sample_flutter
04-22 09:22:23.884  1406  1880 D OsxLiteManager: isAppWhiteList pkgName :: com.ltrudu.rfid_sample_flutter
04-22 09:22:23.884  1406  1835 I ActivityManager: Force stopping com.ltrudu.rfid_sample_flutter appid=10261 user=-1: installPackageLI
04-22 09:22:23.884  1406  1880 D OsxLiteManager: isAppWhiteList pkgName :: com.ltrudu.rfid_sample_flutter
04-22 09:22:23.884  1406  1880 D PackageManager:  OSx AppUpdate  com.ltrudu.rfid_sample_flutter isUpdateBlocked :: false
04-22 09:22:23.887  1406  1835 D ActivityManager: com.google.android.gms is skipped freeze by freezeAppAsyncInternalLSP
04-22 09:22:23.891  1406  1880 I PackageManager: Update package com.ltrudu.rfid_sample_flutter code path from /data/app/~~ssrLOJOjtighOjFgBPKuCA==/com.ltrudu.rfid_sample_flutter-x12XAxvxmZpebws-xJ1UFw== to /data/app/~~daVpgNDCd1LltJlh3UYIcg==/com.ltrudu.rfid_sample_flutter-lHVqnwYjTv4b5U58oMdNng==; Retain data and using new
04-22 09:22:23.892  1406  1880 I AppsFilter: interaction: PackageSetting{20c77da de.rfid_konsortium.cot_merck_storage/10257} -> PackageSetting{2620222 com.ltrudu.rfid_sample_flutter/10261} BLOCKED
04-22 09:22:23.892  1406  1880 I AppsFilter: interaction: PackageSetting{20c77da de.rfid_konsortium.cot_merck_storage/10257} -> PackageSetting{8a9332c com.ltrudu.rfid_sample_flutter/10261} BLOCKED
04-22 09:22:23.893  1406  1815 D ActivityManager: com.google.android.gms is skipped freeze by freezeAppAsyncInternalLSP
04-22 09:22:23.899  1406  1880 I PermissionManager: Permission ownership changed. Updating all permissions.
04-22 09:22:24.033  1406  1812 W Looper  : Slow dispatch took 131ms android.fg h=android.os.Handler c=<recycled PooledLambda@2809015> m=0
04-22 09:22:24.091  1406  1880 I AppsFilter: interaction: PackageSetting{20c77da de.rfid_konsortium.cot_merck_storage/10257} -> PackageSetting{8a9332c com.ltrudu.rfid_sample_flutter/10261} BLOCKED
04-22 09:22:24.100  1406  1880 I ActivityManager: Force stopping com.ltrudu.rfid_sample_flutter appid=10261 user=0: pkg removed
04-22 09:22:24.103  1406  1880 D ActivityManager: com.google.android.gms is skipped freeze by freezeAppAsyncInternalLSP
04-22 09:22:24.112  1406  1815 D ActivityManager: com.google.android.gms is skipped freeze by freezeAppAsyncInternalLSP
04-22 09:22:24.136  1406  1835 D ActivityManager: sync unfroze 6083 com.google.android.permissioncontroller for 3
04-22 09:22:24.136  1406  1835 D ActivityManager: com.google.android.gms is skipped freeze by freezeAppAsyncInternalLSP
04-22 09:22:24.152  1406  1880 D PackageInstallerSession: Marking session 616113845 as applied
04-22 09:22:24.152  1406  1950 W PackageInstallerSession: PackageInstaller isSilentNotification :: false
04-22 09:22:24.168  3989  4324 W ContextImpl: Calling a method in the system process without a qualified user: android.app.ContextImpl.sendBroadcast:1220 android.content.ContextWrapper.sendBroadcast:504 jb.KU.XS:289 jb.KU.kk:131 com.symbol.mxmf.proxyframework.MpfJobIntentService.Sz:53 
04-22 09:22:24.170  3989  4324 W ContextImpl: Calling a method in the system process without a qualified user: android.app.ContextImpl.bindService:1988 android.content.ContextWrapper.bindService:861 jb.KU.yS:243 jb.KU.zS:206 jb.KU.kk:100 
04-22 09:22:24.172  1406  1835 D ActivityManager: sync unfroze 10793 com.zebra.mdna.els for 3
04-22 09:22:24.175  1406  2022 W PackageConfigPersister: App-specific configuration not found for packageName: com.ltrudu.rfid_sample_flutter and userId: 0
04-22 09:22:24.177  1406  1406 D ActivityManager: sync unfroze 4383 com.zebra.timecacher for 10
04-22 09:22:24.177  1406  1406 D ActivityManager: com.google.android.gms is skipped freeze by freezeAppAsyncInternalLSP
04-22 09:22:24.177  1406  1406 D ActivityManager: sync unfroze 2141 com.symbol.osx.osxprovisionservice for 10
04-22 09:22:24.177  1406  1406 D ActivityManager: sync unfroze 3993 com.android.keychain for 10
04-22 09:22:24.177  1406  1406 D ActivityManager: sync unfroze 8289 com.zebra.valueadd.batterymgr for 10
04-22 09:22:24.178  1406  1406 D ActivityManager: sync unfroze 5911 com.zebra.zchargeled for 10
04-22 09:22:24.178  1406  1406 D ActivityManager: sync unfroze 8206 com.zebra.incompatiblebatterywarning for 10
04-22 09:22:24.184  1406  1406 I Telecom : CarModeTracker: Package com.ltrudu.rfid_sample_flutter is not tracked.: SSH.oR@ALw
04-22 09:22:24.184  1406  1406 I Telecom : InCallController: updateCarModeForConnections: car mode apps: : SSH.oR@ALw
04-22 09:22:24.184  1406  1406 I Telecom : InCallController: update carmode current:UserHandle{0} parent:null: SSH.oR@ALw
04-22 09:22:24.217  1406  1406 D CompatibilityChangeReporter: Compat change id reported: 218533173; UID 10261; state: ENABLED
04-22 09:22:24.218  1406  3562 D ActivityManager: sync unfroze 4819 com.zebra.mdna.dg for 6
04-22 09:22:24.219  1406  1406 D CompatibilityChangeReporter: Compat change id reported: 171306433; UID 10261; state: ENABLED
04-22 09:22:24.219  1406  1406 W AlarmManager: Package com.ltrudu.rfid_sample_flutter, uid 10261 lost permission to set exact alarms!
04-22 09:22:24.220  1406  3562 D ActivityManager: com.google.android.gms is skipped freeze by freezeAppAsyncInternalLSP
04-22 09:22:24.233  1406  3562 D ActivityManager: com.google.android.gms is skipped freeze by freezeAppAsyncInternalLSP
04-22 09:22:24.234  1406  4973 D ActivityManager: com.google.android.gms is skipped freeze by freezeAppAsyncInternalLSP
04-22 09:22:24.256  3989  4324 W ContextImpl: Calling a method in the system process without a qualified user: android.app.ContextImpl.sendBroadcast:1220 android.content.ContextWrapper.sendBroadcast:504 jb.KU.XS:289 jb.KU.kk:131 com.symbol.mxmf.proxyframework.MpfJobIntentService.Sz:53 
04-22 09:22:24.264  1406  1833 W WindowMagnificationMgr: requestConnection duplicated request: connect=false, mConnectionState=DISCONNECTED
04-22 09:22:24.274  1406  3562 D ActivityManager: sync unfroze 4530 com.zebra.securestoragemanager for 7
04-22 09:22:24.277  1406  4973 W ActivityManager: Unable to start service Intent { cmp=com.zebra.mdna.devicetrackercloud/.license.LicenseMgrService } U=0: not found
04-22 09:22:24.296  3989  4324 W ContextImpl: Calling a method in the system process without a qualified user: android.app.ContextImpl.sendBroadcast:1220 android.content.ContextWrapper.sendBroadcast:504 jb.KU.XS:289 jb.KU.kk:131 com.symbol.mxmf.proxyframework.MpfJobIntentService.Sz:53 
04-22 09:22:24.302  1406  1833 W WindowMagnificationMgr: requestConnection duplicated request: connect=false, mConnectionState=DISCONNECTED
04-22 09:22:24.325  3233  3233 E ActivityThread: Service com.zebra.licensemgrservice.DeviceManagementService has leaked ServiceConnection jl.STi@ad31ba3 that was originally bound here
04-22 09:22:24.325  3233  3233 E ActivityThread: android.app.ServiceConnectionLeaked: Service com.zebra.licensemgrservice.DeviceManagementService has leaked ServiceConnection jl.STi@ad31ba3 that was originally bound here
04-22 09:22:24.325  3233  3233 E ActivityThread: 	at android.app.LoadedApk$ServiceDispatcher.<init>(LoadedApk.java:2055)
04-22 09:22:24.325  3233  3233 E ActivityThread: 	at android.app.LoadedApk.getServiceDispatcherCommon(LoadedApk.java:1927)
04-22 09:22:24.325  3233  3233 E ActivityThread: 	at android.app.LoadedApk.getServiceDispatcher(LoadedApk.java:1906)
04-22 09:22:24.325  3233  3233 E ActivityThread: 	at android.app.ContextImpl.bindServiceCommon(ContextImpl.java:2113)
04-22 09:22:24.325  3233  3233 E ActivityThread: 	at android.app.ContextImpl.bindService(ContextImpl.java:1989)
04-22 09:22:24.325  3233  3233 E ActivityThread: 	at android.content.ContextWrapper.bindService(ContextWrapper.java:861)
04-22 09:22:24.325  3233  3233 E ActivityThread: 	at jl.dDh.rHt(jl.dDh:124)
04-22 09:22:24.325  3233  3233 E ActivityThread: 	at com.zebra.licensemgrservice.DeviceManagementService.Kh(DeviceManagementService.java:111)
04-22 09:22:24.325  3233  3233 E ActivityThread: 	at com.zebra.licensemgrservice.DeviceManagementService.onCreate(DeviceManagementService.java:81)
04-22 09:22:24.325  3233  3233 E ActivityThread: 	at android.app.ActivityThread.handleCreateService(ActivityThread.java:4652)
04-22 09:22:24.325  3233  3233 E ActivityThread: 	at android.app.ActivityThread.-$$Nest$mhandleCreateService(Unknown Source:0)
04-22 09:22:24.325  3233  3233 E ActivityThread: 	at android.app.ActivityThread$H.handleMessage(ActivityThread.java:2265)
04-22 09:22:24.325  3233  3233 E ActivityThread: 	at android.os.Handler.dispatchMessage(Handler.java:106)
04-22 09:22:24.325  3233  3233 E ActivityThread: 	at android.os.Looper.loopOnce(Looper.java:205)
04-22 09:22:24.325  3233  3233 E ActivityThread: 	at android.os.Looper.loop(Looper.java:294)
04-22 09:22:24.325  3233  3233 E ActivityThread: 	at android.app.ActivityThread.main(ActivityThread.java:8223)
04-22 09:22:24.325  3233  3233 E ActivityThread: 	at java.lang.reflect.Method.invoke(Native Method)
04-22 09:22:24.325  3233  3233 E ActivityThread: 	at com.android.internal.os.RuntimeInit$MethodAndArgsCaller.run(RuntimeInit.java:552)
04-22 09:22:24.325  3233  3233 E ActivityThread: 	at com.android.internal.os.ZygoteInit.main(ZygoteInit.java:977)
--------- beginning of crash
04-22 09:22:24.333  4819  4819 E AndroidRuntime: FATAL EXCEPTION: main
04-22 09:22:24.333  4819  4819 E AndroidRuntime: Process: com.zebra.mdna.dg, PID: 4819
04-22 09:22:24.333  4819  4819 E AndroidRuntime: java.lang.RuntimeException: Error receiving broadcast Intent { act=android.intent.action.ACTION_POWER_DISCONNECTED flg=0x4000010 (has extras) } in com.zebra.mdna.dg.PowerConnectionReceiver@214124b
04-22 09:22:24.333  4819  4819 E AndroidRuntime: 	at android.app.LoadedApk$ReceiverDispatcher$Args.lambda$getRunnable$0(LoadedApk.java:1810)
04-22 09:22:24.333  4819  4819 E AndroidRuntime: 	at android.app.LoadedApk$ReceiverDispatcher$Args.$r8$lambda$gDuJqgxY6Zb-ifyeubKeivTLAwk(Unknown Source:0)
04-22 09:22:24.333  4819  4819 E AndroidRuntime: 	at android.app.LoadedApk$ReceiverDispatcher$Args$$ExternalSyntheticLambda0.run(Unknown Source:2)
04-22 09:22:24.333  4819  4819 E AndroidRuntime: 	at android.os.Handler.handleCallback(Handler.java:958)
04-22 09:22:24.333  4819  4819 E AndroidRuntime: 	at android.os.Handler.dispatchMessage(Handler.java:99)
04-22 09:22:24.333  4819  4819 E AndroidRuntime: 	at android.os.Looper.loopOnce(Looper.java:205)
04-22 09:22:24.333  4819  4819 E AndroidRuntime: 	at android.os.Looper.loop(Looper.java:294)
04-22 09:22:24.333  4819  4819 E AndroidRuntime: 	at android.app.ActivityThread.main(ActivityThread.java:8223)
04-22 09:22:24.333  4819  4819 E AndroidRuntime: 	at java.lang.reflect.Method.invoke(Native Method)
04-22 09:22:24.333  4819  4819 E AndroidRuntime: 	at com.android.internal.os.RuntimeInit$MethodAndArgsCaller.run(RuntimeInit.java:552)
04-22 09:22:24.333  4819  4819 E AndroidRuntime: 	at com.android.internal.os.ZygoteInit.main(ZygoteInit.java:977)
04-22 09:22:24.333  4819  4819 E AndroidRuntime: Caused by: java.lang.IllegalStateException: Default FirebaseApp is not initialized in this process com.zebra.mdna.dg. Make sure to call FirebaseApp.initializeApp(Context) first.
04-22 09:22:24.333  4819  4819 E AndroidRuntime: 	at com.google.firebase.FirebaseApp.getInstance(FirebaseApp.java:184)
04-22 09:22:24.333  4819  4819 E AndroidRuntime: 	at com.google.firebase.firestore.FirebaseFirestore.getInstance(FirebaseFirestore.java:108)
04-22 09:22:24.333  4819  4819 E AndroidRuntime: 	at com.zebra.mdna.dg.TrackingService.getFirebaseFirestore(TrackingService.java:4528)
04-22 09:22:24.333  4819  4819 E AndroidRuntime: 	at zp.HYz.zE(zp.HYz:43)
04-22 09:22:24.333  4819  4819 E AndroidRuntime: 	at zp.HYz.cjj(zp.HYz:433)
04-22 09:22:24.333  4819  4819 E AndroidRuntime: 	at zp.jcz.Oys(zp.jcz:49)
04-22 09:22:24.333  4819  4819 E AndroidRuntime: 	at com.zebra.mdna.dg.PowerConnectionReceiver.onReceive(PowerConnectionReceiver.java:150)
04-22 09:22:24.333  4819  4819 E AndroidRuntime: 	at android.app.LoadedApk$ReceiverDispatcher$Args.lambda$getRunnable$0(LoadedApk.java:1802)
04-22 09:22:24.333  4819  4819 E AndroidRuntime: 	... 10 more
04-22 09:22:24.339  1406 11369 I DropBoxManagerService: add tag=system_app_crash isTagEnabled=true flags=0x2
04-22 09:22:24.369  1406  1953 I ActivityManager: Process com.zebra.mdna.dg (pid 4819) has died: fg  SVC 
04-22 09:22:24.372  1406  1953 W ActivityManager: Scheduling restart of crashed service com.zebra.mdna.dg/.license.LicenseMgrService in 1000ms for connection
04-22 09:22:24.374  1406  1813 D DisplayManagerService: Drop pending events for gone uid 10079
04-22 09:22:24.377  1406  1953 D ActivityManager: com.google.android.gms is skipped freeze by freezeAppAsyncInternalLSP
04-22 09:22:24.562  1406  3562 W ActivityTaskManager: callingPackage for (uid=2000, pid=11378) has no WPC
04-22 09:22:24.565  1406  3562 D CompatibilityChangeReporter: Compat change id reported: 265464455; UID 10261; state: DISABLED
04-22 09:22:24.565  1406  3562 D CompatibilityChangeReporter: Compat change id reported: 265452344; UID 10261; state: DISABLED
04-22 09:22:24.565  1406  3562 D CompatibilityChangeReporter: Compat change id reported: 266124927; UID 10261; state: DISABLED
04-22 09:22:24.565  1406  3562 D CompatibilityChangeReporter: Compat change id reported: 265451093; UID 10261; state: DISABLED
04-22 09:22:24.565  1406  3562 D CompatibilityChangeReporter: Compat change id reported: 265456536; UID 10261; state: DISABLED
04-22 09:22:24.565  1406  3562 D CompatibilityChangeReporter: Compat change id reported: 255940284; UID 10261; state: DISABLED
04-22 09:22:24.566  1406  3562 D CompatibilityChangeReporter: Compat change id reported: 236283604; UID 10261; state: DISABLED
04-22 09:22:24.566  1406  3562 D CompatibilityChangeReporter: Compat change id reported: 263959004; UID 10261; state: DISABLED
04-22 09:22:24.567  1406  3562 D CompatibilityChangeReporter: Compat change id reported: 264304459; UID 10261; state: DISABLED
04-22 09:22:24.567  1406  3562 D CompatibilityChangeReporter: Compat change id reported: 264301586; UID 10261; state: DISABLED
04-22 09:22:24.567  1406  3562 D CompatibilityChangeReporter: Compat change id reported: 254631730; UID 10261; state: DISABLED
04-22 09:22:24.567  1406  3562 D CompatibilityChangeReporter: Compat change id reported: 273509367; UID 10261; state: DISABLED
04-22 09:22:24.567  1406  3562 D CompatibilityChangeReporter: Compat change id reported: 263259275; UID 10261; state: DISABLED
04-22 09:22:24.567  1406  3562 D CompatibilityChangeReporter: Compat change id reported: 174042980; UID 10261; state: DISABLED
04-22 09:22:24.567  1406  3562 D CompatibilityChangeReporter: Compat change id reported: 174042936; UID 10261; state: DISABLED
04-22 09:22:24.567  1406  3562 D CompatibilityChangeReporter: Compat change id reported: 181136395; UID 10261; state: DISABLED
04-22 09:22:24.572  1406  3562 D CompatibilityChangeReporter: Compat change id reported: 194480991; UID 10261; state: ENABLED
04-22 09:22:24.589  1406  3562 D CompatibilityChangeReporter: Compat change id reported: 194833441; UID 10261; state: ENABLED
04-22 09:22:24.589  1406  3562 I ActivityTaskManager: START u0 {act=android.intent.action.MAIN cat=[android.intent.category.LAUNCHER] flg=0x30000000 cmp=com.ltrudu.rfid_sample_flutter/.MainActivity (has extras)} with LAUNCH_SINGLE_TOP from uid 2000 (BAL_ALLOW_PERMISSION) result code=0
04-22 09:22:24.589  2118  2159 V WindowManagerShell: Transition requested: android.os.BinderProxy@9241ee0 TransitionRequestInfo { type = OPEN, triggerTask = TaskInfo{userId=0 taskId=141 displayId=0 isRunning=true baseIntent=Intent { act=android.intent.action.MAIN cat=[android.intent.category.LAUNCHER] flg=0x30000000 cmp=com.ltrudu.rfid_sample_flutter/.MainActivity } baseActivity=ComponentInfo{com.ltrudu.rfid_sample_flutter/com.ltrudu.rfid_sample_flutter.MainActivity} topActivity=ComponentInfo{com.ltrudu.rfid_sample_flutter/com.ltrudu.rfid_sample_flutter.MainActivity} origActivity=null realActivity=ComponentInfo{com.ltrudu.rfid_sample_flutter/com.ltrudu.rfid_sample_flutter.MainActivity} numActivities=1 lastActiveTime=1826742 supportsMultiWindow=true resizeMode=1 isResizeable=true minWidth=-1 minHeight=-1 defaultMinSize=220 token=WCT{android.window.IWindowContainerToken$Stub$Proxy@7099599} topActivityType=1 pictureInPictureParams=null shouldDockBigOverlays=false launchIntoPipHostTaskId=-1 lastParentTaskIdBeforePip=-1 displayCutoutSafeInsets=null topActivityInfo=ActivityInfo{7ff805e com.ltrudu.rfid_sample_flutter.MainActivity} launchCookies=[] positionInParent=Point(0, 0) parentTaskId=-1 isFocused=false isVisible=false isVisibleRequested=false isSleeping=false topActivityInSizeCompat=false topActivityEligibleForLetterboxEducation= false topActivityLetterboxed= false isFromDoubleTap= false topActivityLetterboxVerticalPosition= -1 topActivityLetterboxHorizontalPosition= -1 topActivityLetterboxWidth=-1 topActivityLetterboxHeight=-1 locusId=null displayAreaFeatureId=1 cameraCompatControlState=hidden}, remoteTransition = null, displayChange = null }
04-22 09:22:24.598  1406  1953 D WindowManager: DP::updateSystemBarAttributes called
04-22 09:22:24.598  1406  1953 D WindowManager: DP::::updateSystemBarAttributes displayId: 0
04-22 09:22:24.610  1406  1815 D CompatibilityChangeReporter: Compat change id reported: 135634846; UID 10261; state: DISABLED
04-22 09:22:24.610  1406  1815 D CompatibilityChangeReporter: Compat change id reported: 177438394; UID 10261; state: DISABLED
04-22 09:22:24.610  1406  1815 D CompatibilityChangeReporter: Compat change id reported: 135772972; UID 10261; state: DISABLED
04-22 09:22:24.610  1406  1815 D CompatibilityChangeReporter: Compat change id reported: 135754954; UID 10261; state: ENABLED
04-22 09:22:24.611  1406  1836 D CompatibilityChangeReporter: Compat change id reported: 143937733; UID 10261; state: ENABLED
04-22 09:22:24.616  1406  4970 D WindowManager: layoutWindowLw currenttaskBarInDb-- 0
04-22 09:22:24.616  1406  4970 D WindowManager: layoutWindowLw currenttaskBarInDb-- 0
04-22 09:22:24.616  1406  4970 D WindowManager: layoutWindowLw currenttaskBarInDb-- 0
04-22 09:22:24.616  1406  4970 D WindowManager: layoutWindowLw currenttaskBarInDb-- 0
04-22 09:22:24.617  1406  4970 D WindowManager: DP::updateSystemBarAttributes called
04-22 09:22:24.617  1406  4970 D WindowManager: DP::::updateSystemBarAttributes displayId: 0
04-22 09:22:24.618  1406  4970 D WindowManager: DP::updateSystemBarAttributes called
04-22 09:22:24.618  1406  4970 D WindowManager: DP::::updateSystemBarAttributes displayId: 0
04-22 09:22:24.620  1406  4973 D CoreBackPreview: Window{c9cff7d u0 Splash Screen com.ltrudu.rfid_sample_flutter}: Setting back callback OnBackInvokedCallbackInfo{mCallback=android.window.IOnBackInvokedCallback$Stub$Proxy@dad9740, mPriority=0, mIsAnimationCallback=false}
04-22 09:22:24.624  1406  1835 D ActivityManager: com.google.android.gms is skipped freeze by freezeAppAsyncInternalLSP
04-22 09:22:24.636  1406  1817 D WindowManager: layoutWindowLw currenttaskBarInDb-- 0
04-22 09:22:24.636  1406  1817 D WindowManager: layoutWindowLw currenttaskBarInDb-- 0
04-22 09:22:24.636  1406  1817 D WindowManager: layoutWindowLw currenttaskBarInDb-- 0
04-22 09:22:24.636  1406  1817 D WindowManager: layoutWindowLw currenttaskBarInDb-- 0
04-22 09:22:24.636  1406  1817 D WindowManager: DP::updateSystemBarAttributes called
04-22 09:22:24.636  1406  1817 D WindowManager: DP::::updateSystemBarAttributes displayId: 0
04-22 09:22:24.642  2118  2159 V WindowManagerShell: onTransitionReady android.os.BinderProxy@9241ee0: {id=17 t=OPEN f=0x0 trk=0 r=[0@Point(0, 0)] c=[{WCT{android.window.IWindowContainerToken$Stub$Proxy@cce1709} m=OPEN f=NONE leash=Surface(name=Task=141)/@0xc5ff6c2 sb=Rect(0, 0 - 1080, 2160) eb=Rect(0, 0 - 1080, 2160) d=0},{WCT{android.window.IWindowContainerToken$Stub$Proxy@8babd0e} m=TO_BACK f=SHOW_WALLPAPER leash=Surface(name=Task=1)/@0xe175cd3 sb=Rect(0, 0 - 1080, 2160) eb=Rect(0, 0 - 1080, 2160) d=0}]}
04-22 09:22:24.642  2118  2159 V WindowManagerShell: Playing animation for (#17)android.os.BinderProxy@9241ee0@0
04-22 09:22:24.642  1406  1817 D WindowManager: DP::updateSystemBarAttributes called
04-22 09:22:24.642  2118  2159 V WindowManagerShell:  try handler com.android.wm.shell.transition.DefaultMixedHandler@10cf46
04-22 09:22:24.642  1406  1817 D WindowManager: DP::::updateSystemBarAttributes displayId: 0
04-22 09:22:24.642  2118  2159 V WindowManagerShell:  try handler com.android.wm.shell.keyguard.KeyguardTransitionHandler@68ae869
04-22 09:22:24.642  2118  2159 V WindowManagerShell:  try handler com.android.wm.shell.activityembedding.ActivityEmbeddingController@62b22ee
04-22 09:22:24.643  2118  2159 V WindowManagerShell:  try handler com.android.wm.shell.recents.RecentsTransitionHandler@716938f
04-22 09:22:24.643  2118  2159 V ShellRecents: RecentsTransitionHandler.startAnimation: no controller found
04-22 09:22:24.643  2118  2159 V WindowManagerShell:  try handler com.android.wm.shell.pip.PipTransition@52c961c
04-22 09:22:24.643  1406  1812 V WindowManager: Sent Transition #17 createdAt=04-22 09:22:24.573 via request=TransitionRequestInfo { type = OPEN, triggerTask = TaskInfo{userId=0 taskId=141 displayId=0 isRunning=true baseIntent=Intent { act=android.intent.action.MAIN cat=[android.intent.category.LAUNCHER] flg=0x30000000 cmp=com.ltrudu.rfid_sample_flutter/.MainActivity } baseActivity=ComponentInfo{com.ltrudu.rfid_sample_flutter/com.ltrudu.rfid_sample_flutter.MainActivity} topActivity=ComponentInfo{com.ltrudu.rfid_sample_flutter/com.ltrudu.rfid_sample_flutter.MainActivity} origActivity=null realActivity=ComponentInfo{com.ltrudu.rfid_sample_flutter/com.ltrudu.rfid_sample_flutter.MainActivity} numActivities=1 lastActiveTime=1826742 supportsMultiWindow=true resizeMode=1 isResizeable=true minWidth=-1 minHeight=-1 defaultMinSize=220 token=WCT{RemoteToken{6958fe9 Task{e4939e6 #141 type=standard I=com.ltrudu.rfid_sample_flutter/.MainActivity}}} topActivityType=1 pictureInPictureParams=null shouldDockBigOverlays=false launchIntoPipHostTaskId=-1 lastParentTaskIdBeforePip=-1 displayCutoutSafeInsets=null topActivityInfo=ActivityInfo{6bd746e com.ltrudu.rfid_sample_flutter.MainActivity} launchCookies=[] positionInParent=Point(0, 0) parentTaskId=-1 isFocused=false isVisible=false isVisibleRequested=false isSleeping=false topActivityInSizeCompat=false topActivityEligibleForLetterboxEducation= false topActivityLetterboxed= false isFromDoubleTap= false topActivityLetterboxVerticalPosition= -1 topActivityLetterboxHorizontalPosition= -1 topActivityLetterboxWidth=-1 topActivityLetterboxHeight=-1 locusId=null displayAreaFeatureId=1 cameraCompatControlState=hidden}, remoteTransition = null, displayChange = null }
04-22 09:22:24.643  2118  2159 V WindowManagerShell:  try handler com.android.wm.shell.splitscreen.StageCoordinator@f60a225
04-22 09:22:24.643  2118  2159 V WindowManagerShell:  try handler com.android.wm.shell.transition.RemoteTransitionHandler@b2a7ffa
04-22 09:22:24.643  1406  1812 V WindowManager:     startWCT=WindowContainerTransaction { changes = {} hops = [] errorCallbackToken=null taskFragmentOrganizer=null }
04-22 09:22:24.643  2118  2159 V WindowManagerShell: Transition doesn't have explicit remote, search filters for match for {id=17 t=OPEN f=0x0 trk=0 r=[0@Point(0, 0)] c=[{WCT{android.window.IWindowContainerToken$Stub$Proxy@cce1709} m=OPEN f=NONE leash=Surface(name=Task=141)/@0xc5ff6c2 sb=Rect(0, 0 - 1080, 2160) eb=Rect(0, 0 - 1080, 2160) d=0},{WCT{android.window.IWindowContainerToken$Stub$Proxy@8babd0e} m=TO_BACK f=SHOW_WALLPAPER leash=Surface(name=Task=1)/@0xe175cd3 sb=Rect(0, 0 - 1080, 2160) eb=Rect(0, 0 - 1080, 2160) d=0}]}
04-22 09:22:24.643  2118  2159 V WindowManagerShell:  Checking filter Pair{{types=[] flags=0x0] notFlags=0x100 checks=[{atype=home independent=true modes=[OPEN,TO_FRONT] flags=NONE mustBeTask=false order=TOP topActivity=ComponentInfo{com.android.launcher3/com.android.launcher3.uioverrides.QuickstepLauncher}},{atype=standard independent=true modes=[CLOSE,TO_BACK] flags=NONE mustBeTask=false order=ANY topActivity=null}]} RemoteTransition { remoteTransition = android.window.IRemoteTransition$Stub$Proxy@972d9ab, appThread = android.app.IApplicationThread$Stub$Proxy@97af808, debugName = QuickstepLaunchHome }}
04-22 09:22:24.643  1406  1812 V WindowManager:     info={id=17 t=OPEN f=0x0 trk=0 r=[0@Point(0, 0)] c=[{WCT{RemoteToken{6958fe9 Task{e4939e6 #141 type=standard I=com.ltrudu.rfid_sample_flutter/.MainActivity}}} m=OPEN f=NONE leash=Surface(name=Task=141)/@0x602b804 sb=Rect(0, 0 - 1080, 2160) eb=Rect(0, 0 - 1080, 2160) d=0},{WCT{RemoteToken{1e5dd01 Task{295b33c #1 type=home}}} m=TO_BACK f=SHOW_WALLPAPER leash=Surface(name=Task=1)/@0x3988314 sb=Rect(0, 0 - 1080, 2160) eb=Rect(0, 0 - 1080, 2160) d=0}]}
04-22 09:22:24.643  2118  2159 V WindowManagerShell:  Delegate animation for #17 to null
04-22 09:22:24.643  2118  2159 V WindowManagerShell:  try handler com.android.wm.shell.transition.DefaultTransitionHandler@f1e3ba1
04-22 09:22:24.643  2118  2159 V WindowManagerShell: start default transition animation, info = {id=17 t=OPEN f=0x0 trk=0 r=[0@Point(0, 0)] c=[{WCT{android.window.IWindowContainerToken$Stub$Proxy@cce1709} m=OPEN f=NONE leash=Surface(name=Task=141)/@0xc5ff6c2 sb=Rect(0, 0 - 1080, 2160) eb=Rect(0, 0 - 1080, 2160) d=0},{WCT{android.window.IWindowContainerToken$Stub$Proxy@8babd0e} m=TO_BACK f=SHOW_WALLPAPER leash=Surface(name=Task=1)/@0xe175cd3 sb=Rect(0, 0 - 1080, 2160) eb=Rect(0, 0 - 1080, 2160) d=0}]}
04-22 09:22:24.643  2118  2159 V WindowManagerShell: loadAnimation: anim=android.view.animation.AnimationSet@d0a0d3c animAttr=0x13 type=OPEN isEntrance=false
04-22 09:22:24.643  2118  2159 V WindowManagerShell: loadAnimation: anim=android.view.animation.AnimationSet@808c128 animAttr=0x12 type=OPEN isEntrance=true
04-22 09:22:24.643  1406  1953 D ActivityManager: sync unfroze 8825 com.google.android.googlequicksearchbox:search for 6
04-22 09:22:24.644  1406  1953 D ActivityManager: com.google.android.gms is skipped freeze by freezeAppAsyncInternalLSP
04-22 09:22:24.644  2118  2159 V WindowManagerShell:  animated by com.android.wm.shell.transition.DefaultTransitionHandler@f1e3ba1
04-22 09:22:24.649  1406  1817 D WindowManager: displayId: 0
04-22 09:22:24.649  1406  1817 D WindowManager: isFullscreen: false isImmersive: false
04-22 09:22:24.649  1406  1817 D WindowManager: mLastFocusIsFullscreen: false mLastImmersiveMode: false
04-22 09:22:24.649  1406  1817 D WindowManager: mFocusedWindow: null
04-22 09:22:24.649  1406  1817 D WindowManager: mLastFocusedWindow: Window{349f60 u0 com.android.launcher3/com.android.launcher3.uioverrides.QuickstepLauncher}
04-22 09:22:24.649  1406  1817 D WindowManager: mLastFocusIsImmersiveAndFullscreen: false
04-22 09:22:24.649  1406  1817 D WindowManager: mLastWindowClosed: null
04-22 09:22:24.651  1406  1953 D ActivityManager: com.google.android.gms is skipped freeze by freezeAppAsyncInternalLSP
04-22 09:22:24.654  1406  1815 D ActivityManager: com.google.android.gms is skipped freeze by freezeAppAsyncInternalLSP
04-22 09:22:24.657  1406  1836 I ActivityManager: Start proc 11388:com.ltrudu.rfid_sample_flutter/u0a261 for next-top-activity {com.ltrudu.rfid_sample_flutter/com.ltrudu.rfid_sample_flutter.MainActivity}
04-22 09:22:24.661  1406  1836 W ActivityManager: Slow operation: 52ms so far, now at startProcess: done updating pids map
04-22 09:22:24.662  1406  3373 D ActivityManager: com.google.android.gms is skipped freeze by freezeAppAsyncInternalLSP
04-22 09:22:24.748  1406  1976 I JobScheduler: bypass checkIfRestricted for JobStatus{f3fe8c7 #u0a98/355 com.symbol.dataanalytics/androidx.work.impl.background.systemjob.SystemJobService u=0 s=10098 TIME=+2s476ms:none satisfied:0xb400000 unsatisfied:0x80000000}
04-22 09:22:24.772  1406  1440 D CompatibilityChangeReporter: Compat change id reported: 170503758; UID 10261; state: ENABLED
04-22 09:22:24.809  1406  3373 I AppsFilter: interaction: PackageSetting{6535489 com.ltrudu.rfid_sample_flutter/10261} -> PackageSetting{27a3275 com.displaylink.desktop.oem/10115} BLOCKED
04-22 09:22:24.809  1406  3373 I AppsFilter: interaction: PackageSetting{6535489 com.ltrudu.rfid_sample_flutter/10261} -> PackageSetting{4e5520a com.android.cts.priv.ctsshim/10238} BLOCKED
04-22 09:22:24.809  1406  3373 I AppsFilter: interaction: PackageSetting{6535489 com.ltrudu.rfid_sample_flutter/10261} -> PackageSetting{25f2a7b com.google.android.youtube/10192} BLOCKED
04-22 09:22:24.809  1406  3373 I AppsFilter: interaction: PackageSetting{6535489 com.ltrudu.rfid_sample_flutter/10261} -> PackageSetting{798c098 com.vzw.apnlib/10087} BLOCKED
04-22 09:22:24.809  1406  3373 I AppsFilter: interaction: PackageSetting{6535489 com.ltrudu.rfid_sample_flutter/10261} -> PackageSetting{44880f1 com.android.uwb.resources/10243} BLOCKED
04-22 09:22:24.809  1406  3373 I AppsFilter: interaction: PackageSetting{6535489 com.ltrudu.rfid_sample_flutter/10261} -> PackageSetting{58e84d6 com.android.internal.display.cutout.emulation.corner/10028} BLOCKED
04-22 09:22:24.809  1406  4973 D CompatibilityChangeReporter: Compat change id reported: 161252188; UID 10261; state: DISABLED
04-22 09:22:24.809  1406  3373 I AppsFilter: interaction: PackageSetting{6535489 com.ltrudu.rfid_sample_flutter/10261} -> PackageSetting{dabf357 com.android.internal.display.cutout.emulation.double/10043} BLOCKED
04-22 09:22:24.809  1406  3373 I AppsFilter: interaction: PackageSetting{6535489 com.ltrudu.rfid_sample_flutter/10261} -> PackageSetting{2a54e44 com.symbol.fota/10091} BLOCKED
04-22 09:22:24.809  1406  3373 I AppsFilter: interaction: PackageSetting{6535489 com.ltrudu.rfid_sample_flutter/10261} -> PackageSetting{ad33b2d com.symbol.mxmf/10070} BLOCKED
04-22 09:22:24.809  1406  3373 I AppsFilter: interaction: PackageSetting{6535489 com.ltrudu.rfid_sample_flutter/10261} -> PackageSetting{9c61862 com.google.android.googlequicksearchbox/10166} BLOCKED
04-22 09:22:24.809  1406  3373 I AppsFilter: interaction: PackageSetting{6535489 com.ltrudu.rfid_sample_flutter/10261} -> PackageSetting{2926df3 com.verizon.mips.services/10085} BLOCKED
04-22 09:22:24.809  1406  3373 I AppsFilter: interaction: PackageSetting{6535489 com.ltrudu.rfid_sample_flutter/10261} -> PackageSetting{2cb0ab0 com.google.android.onetimeinitializer/10155} BLOCKED
04-22 09:22:24.809  1406  3373 I AppsFilter: interaction: PackageSetting{6535489 com.ltrudu.rfid_sample_flutter/10261} -> PackageSetting{1d55d29 com.google.android.ext.shared/10135} BLOCKED
04-22 09:22:24.809  1406  3373 I AppsFilter: interaction: PackageSetting{6535489 com.ltrudu.rfid_sample_flutter/10261} -> PackageSetting{f158ae com.android.internal.systemui.navbar.gestural_wide_back/10039} BLOCKED
04-22 09:22:24.809  1406  3373 I AppsFilter: interaction: PackageSetting{6535489 com.ltrudu.rfid_sample_flutter/10261} -> PackageSetting{45bf64f com.android.virtualmachine.res/10242} BLOCKED
04-22 09:22:24.809  1406  3373 I AppsFilter: interaction: PackageSetting{6535489 com.ltrudu.rfid_sample_flutter/10261} -> PackageSetting{4e21dc com.zebra.rfidreaderAPI.demo/10123} BLOCKED
04-22 09:22:24.809  1406  3373 I AppsFilter: interaction: PackageSetting{6535489 com.ltrudu.rfid_sample_flutter/10261} -> PackageSetting{bbda2e5 com.android.cellbroadcast.overlay/10031} BLOCKED
04-22 09:22:24.809  1406  3373 I AppsFilter: interaction: PackageSetting{6535489 com.ltrudu.rfid_sample_flutter/10261} -> PackageSetting{97e51ba com.android.htmlviewer/10106} BLOCKED
04-22 09:22:24.809  1406  3373 I AppsFilter: interaction: PackageSetting{6535489 com.ltrudu.rfid_sample_flutter/10261} -> PackageSetting{78ba86b com.google.android.health.connect.backuprestore/10256} BLOCKED
04-22 09:22:24.810  1406  3373 I AppsFilter: interaction: PackageSetting{6535489 com.ltrudu.rfid_sample_flutter/10261} -> PackageSetting{1897fc8 com.zebra.licensemgrservice/10054} BLOCKED
04-22 09:22:24.810  1406  3373 I AppsFilter: interaction: PackageSetting{6535489 com.ltrudu.rfid_sample_flutter/10261} -> PackageSetting{92a8861 com.quicinc.voice.activation/10203} BLOCKED
04-22 09:22:24.810  1406  3373 I AppsFilter: interaction: PackageSetting{6535489 com.ltrudu.rfid_sample_flutter/10261} -> PackageSetting{8afcf86 com.google.android.configupdater/10153} BLOCKED
04-22 09:22:24.810  1406  3373 I AppsFilter: interaction: PackageSetting{6535489 com.ltrudu.rfid_sample_flutter/10261} -> PackageSetting{bba6047 com.google.android.overlay.modules.permissioncontroller/10034} BLOCKED
04-22 09:22:24.810  1406  3373 I AppsFilter: interaction: PackageSetting{6535489 com.ltrudu.rfid_sample_flutter/10261} -> PackageSetting{59ad074 com.zebra.licenseuiapp/10088} BLOCKED
04-22 09:22:24.810  1406  3373 I AppsFilter: interaction: PackageSetting{6535489 com.ltrudu.rfid_sample_flutter/10261} -> PackageSetting{c26499d com.zebra.enrollmentmgr/10089} BLOCKED
04-22 09:22:24.810  1406  3373 I AppsFilter: interaction: PackageSetting{6535489 com.ltrudu.rfid_sample_flutter/10261} -> PackageSetting{3295e12 com.android.internal.display.cutout.emulation.hole/10015} BLOCKED
04-22 09:22:24.810  1406  3373 I AppsFilter: interaction: PackageSetting{6535489 com.ltrudu.rfid_sample_flutter/10261} -> PackageSetting{732b9e3 com.android.internal.display.cutout.emulation.tall/10037} BLOCKED
04-22 09:22:24.810  1406  3373 I AppsFilter: interaction: PackageSetting{6535489 com.ltrudu.rfid_sample_flutter/10261} -> PackageSetting{dce7fe0 com.zebra.lifeguardotamanager/10140} BLOCKED
04-22 09:22:24.810  1406  3373 I AppsFilter: interaction: PackageSetting{6535489 com.ltrudu.rfid_sample_flutter/10261} -> PackageSetting{322e299 com.android.internal.systemui.navbar.threebutton/10046} BLOCKED
04-22 09:22:24.810  1406  3373 I AppsFilter: interaction: PackageSetting{6535489 com.ltrudu.rfid_sample_flutter/10261} -> PackageSetting{23b495e com.android.wifi.dialog/10251} BLOCKED
04-22 09:22:24.810  1406  3373 I AppsFilter: interaction: PackageSetting{6535489 com.ltrudu.rfid_sample_flutter/10261} -> PackageSetting{4d113f com.android.contacts/10157} BLOCKED
04-22 09:22:24.810  1406  3373 I AppsFilter: interaction: PackageSetting{6535489 com.ltrudu.rfid_sample_flutter/10261} -> PackageSetting{1cbba0c com.android.launcher3/10213} BLOCKED
04-22 09:22:24.810  1406  3373 I AppsFilter: interaction: PackageSetting{6535489 com.ltrudu.rfid_sample_flutter/10261} -> PackageSetting{7b60f55 com.symbol.vod/10090} BLOCKED
04-22 09:22:24.810  1406  3373 I AppsFilter: interaction: PackageSetting{6535489 com.ltrudu.rfid_sample_flutter/10261} -> PackageSetting{1ee9d6a com.google.android.as/10151} BLOCKED
04-22 09:22:24.810  1406  3373 I AppsFilter: interaction: PackageSetting{6535489 com.ltrudu.rfid_sample_flutter/10261} -> PackageSetting{8b825b com.google.android.gm/10194} BLOCKED
04-22 09:22:24.810  1406  3373 I AppsFilter: interaction: PackageSetting{6535489 com.ltrudu.rfid_sample_flutter/10261} -> PackageSetting{a806af8 com.google.android.apps.tachyon/10176} BLOCKED
04-22 09:22:24.810  1406  3373 I AppsFilter: interaction: PackageSetting{6535489 com.ltrudu.rfid_sample_flutter/10261} -> PackageSetting{d154bd1 com.google.android.overlay.gmsconfig.common/10010} BLOCKED
04-22 09:22:24.813  1406  3373 I AppsFilter: interaction: PackageSetting{6535489 com.ltrudu.rfid_sample_flutter/10261} -> PackageSetting{3d12636 com.koushikdutta.vysor/10258} BLOCKED
04-22 09:22:24.813  1406  3373 I AppsFilter: interaction: PackageSetting{6535489 com.ltrudu.rfid_sample_flutter/10261} -> PackageSetting{d75e937 com.android.internal.systemui.navbar.gestural_extra_wide_back/10003} BLOCKED
04-22 09:22:24.813  1406  3373 I AppsFilter: interaction: PackageSetting{6535489 com.ltrudu.rfid_sample_flutter/10261} -> PackageSetting{fcd3ea4 com.google.android.setupwizard/10207} BLOCKED
04-22 09:22:24.813  1406  3373 I AppsFilter: interaction: PackageSetting{6535489 com.ltrudu.rfid_sample_flutter/10261} -> PackageSetting{a51d40d com.android.printspooler/10121} BLOCKED
04-22 09:22:24.813  1406  3373 I AppsFilter: interaction: PackageSetting{6535489 com.ltrudu.rfid_sample_flutter/10261} -> PackageSetting{2816fc2 com.android.dreams.basic/10124} BLOCKED
04-22 09:22:24.813  1406  3373 I AppsFilter: interaction: PackageSetting{6535489 com.ltrudu.rfid_sample_flutter/10261} -> PackageSetting{335e1d3 com.google.android.as.oss/10154} BLOCKED
04-22 09:22:24.813  1406  3373 I AppsFilter: interaction: PackageSetting{6535489 com.ltrudu.rfid_sample_flutter/10261} -> PackageSetting{71851a8 com.android.rkpdapp/10237} BLOCKED
04-22 09:22:24.813  1406  3373 I AppsFilter: interaction: PackageSetting{6535489 com.ltrudu.rfid_sample_flutter/10261} -> PackageSetting{4f1a110 com.google.android.overlay.gmsconfig.photos/10032} BLOCKED
04-22 09:22:24.813  1406  3373 I AppsFilter: interaction: PackageSetting{6535489 com.ltrudu.rfid_sample_flutter/10261} -> PackageSetting{c54a409 com.zebra.overlay.roundedsq/10018} BLOCKED
04-22 09:22:24.813  1406  3373 I AppsFilter: interaction: PackageSetting{6535489 com.ltrudu.rfid_sample_flutter/10261} -> PackageSetting{1fac60e com.google.android.captiveportallogin/10114} BLOCKED
04-22 09:22:24.813  1406  3373 I AppsFilter: interaction: PackageSetting{6535489 com.ltrudu.rfid_sample_flutter/10261} -> PackageSetting{cf2c82f com.google.android.overlay.gmsconfig.comms/10042} BLOCKED
04-22 09:22:24.813  1406  3373 I AppsFilter: interaction: PackageSetting{6535489 com.ltrudu.rfid_sample_flutter/10261} -> PackageSetting{fb7be3c com.google.android.overlay.gmsconfig.geotz/10006} BLOCKED
04-22 09:22:24.813  1406  3373 I AppsFilter: interaction: PackageSetting{6535489 com.ltrudu.rfid_sample_flutter/10261} -> PackageSetting{b9a77c5 com.google.ambient.streaming/10152} BLOCKED
04-22 09:22:24.813  1406  3373 I AppsFilter: interaction: PackageSetting{6535489 com.ltrudu.rfid_sample_flutter/10261} -> PackageSetting{8a1351a com.android.musicfx/10076} BLOCKED
04-22 09:22:24.813  1406  3373 I AppsFilter: interaction: PackageSetting{6535489 com.ltrudu.rfid_sample_flutter/10261} -> PackageSetting{a44a466 com.google.android.apps.docs/10173} BLOCKED
04-22 09:22:24.813  1406  3373 I AppsFilter: interaction: PackageSetting{6535489 com.ltrudu.rfid_sample_flutter/10261} -> PackageSetting{6edb84b com.google.android.apps.maps/10197} BLOCKED
04-22 09:22:24.813  1406  3373 I AppsFilter: interaction: PackageSetting{6535489 com.ltrudu.rfid_sample_flutter/10261} -> PackageSetting{6608228 com.symbol.dataanalytics/10098} BLOCKED
04-22 09:22:24.813  1406  3373 I AppsFilter: interaction: PackageSetting{6535489 com.ltrudu.rfid_sample_flutter/10261} -> PackageSetting{63543a7 com.zebra.mdna.els/10062} BLOCKED
04-22 09:22:24.813  1406  3373 I AppsFilter: interaction: PackageSetting{6535489 com.ltrudu.rfid_sample_flutter/10261} -> PackageSetting{1afcb41 com.google.android.webview/10184} BLOCKED
04-22 09:22:24.813  1406  3373 I AppsFilter: interaction: PackageSetting{6535489 com.ltrudu.rfid_sample_flutter/10261} -> PackageSetting{d0d88e6 com.google.android.overlay.modules.documentsui/10022} BLOCKED
04-22 09:22:24.813  1406  3373 I AppsFilter: interaction: PackageSetting{6535489 com.ltrudu.rfid_sample_flutter/10261} -> PackageSetting{65d8e27 com.google.android.contacts/10188} BLOCKED
