04-22 09:22:24.813  1406  3373 I AppsFilter: interaction: PackageSetting{6535489 com.ltrudu.rfid_sample_flutter/10261} -> PackageSetting{4f98d4 com.google.android.calculator/10178} BLOCKED
04-22 09:22:24.813  1406  3373 I AppsFilter: interaction: PackageSetting{6535489 com.ltrudu.rfid_sample_flutter/10261} -> PackageSetting{a6cda7d com.android.chrome/10186} BLOCKED
04-22 09:22:24.813  1406  3373 I AppsFilter: interaction: PackageSetting{6535489 com.ltrudu.rfid_sample_flutter/10261} -> PackageSetting{4994d72 com.google.android.apps.customization.pixel/10180} BLOCKED
04-22 09:22:24.813  1406  3373 I AppsFilter: interaction: PackageSetting{6535489 com.ltrudu.rfid_sample_flutter/10261} -> PackageSetting{30ae5c3 com.google.android.tag/10074} BLOCKED
04-22 09:22:24.814  1406  3373 I AppsFilter: interaction: PackageSetting{6535489 com.ltrudu.rfid_sample_flutter/10261} -> PackageSetting{5776e40 com.android.wifi.resources/10249} BLOCKED
04-22 09:22:24.814  1406  3373 I AppsFilter: interaction: PackageSetting{6535489 com.ltrudu.rfid_sample_flutter/10261} -> PackageSetting{cf1a179 com.zebra.devicemanager/10105} BLOCKED
04-22 09:22:24.814  1406  3373 I AppsFilter: interaction: PackageSetting{6535489 com.ltrudu.rfid_sample_flutter/10261} -> PackageSetting{eaacebe com.google.android.partnersetup/10163} BLOCKED
04-22 09:22:24.814  1406  3373 I AppsFilter: interaction: PackageSetting{6535489 com.ltrudu.rfid_sample_flutter/10261} -> PackageSetting{eac1b1f com.google.android.videos/10177} BLOCKED
04-22 09:22:24.814  1406  3373 I AppsFilter: interaction: PackageSetting{6535489 com.ltrudu.rfid_sample_flutter/10261} -> PackageSetting{8852e6c com.google.android.overlay.gmsconfig.asi/10027} BLOCKED
04-22 09:22:24.814  1406  3373 I AppsFilter: interaction: PackageSetting{6535489 com.ltrudu.rfid_sample_flutter/10261} -> PackageSetting{861dc35 com.google.android.overlay.gmsconfig.gsa/10004} BLOCKED
04-22 09:22:24.814  1406  3373 I AppsFilter: interaction: PackageSetting{6535489 com.ltrudu.rfid_sample_flutter/10261} -> PackageSetting{8c118ca com.android.theme.font.notoserifsource/10012} BLOCKED
04-22 09:22:24.814  1406  3373 I AppsFilter: interaction: PackageSetting{6535489 com.ltrudu.rfid_sample_flutter/10261} -> PackageSetting{6014a3b com.google.android.safetycenter.resources/10240} BLOCKED
04-22 09:22:24.814  1406  3373 I AppsFilter: interaction: PackageSetting{6535489 com.ltrudu.rfid_sample_flutter/10261} -> PackageSetting{7ccc558 com.android.internal.display.cutout.emulation.waterfall/10024} BLOCKED
04-22 09:22:24.814  1406  3373 I AppsFilter: interaction: PackageSetting{6535489 com.ltrudu.rfid_sample_flutter/10261} -> PackageSetting{6106b1 com.android.inputmethod.latin/10172} BLOCKED
04-22 09:22:24.814  1406  3373 I AppsFilter: interaction: PackageSetting{6535489 com.ltrudu.rfid_sample_flutter/10261} -> PackageSetting{73ff796 com.android.internal.systemui.navbar.transparent/10038} BLOCKED
04-22 09:22:24.814  1406  3373 I AppsFilter: interaction: PackageSetting{6535489 com.ltrudu.rfid_sample_flutter/10261} -> PackageSetting{7b04f17 com.google.android.connectivity.resources/10247} BLOCKED
04-22 09:22:24.814  1406  3373 I AppsFilter: interaction: PackageSetting{6535489 com.ltrudu.rfid_sample_flutter/10261} -> PackageSetting{f4df04 com.google.android.feedback/10212} BLOCKED
04-22 09:22:24.814  1406  3373 I AppsFilter: interaction: PackageSetting{6535489 com.ltrudu.rfid_sample_flutter/10261} -> PackageSetting{54e5ced com.google.android.printservice.recommendation/10128} BLOCKED
04-22 09:22:24.814  1406  3373 I AppsFilter: interaction: PackageSetting{6535489 com.ltrudu.rfid_sample_flutter/10261} -> PackageSetting{efbf722 com.google.android.apps.photos/10196} BLOCKED
04-22 09:22:24.814  1406  3373 I AppsFilter: interaction: PackageSetting{6535489 com.ltrudu.rfid_sample_flutter/10261} -> PackageSetting{71c1d75 com.google.android.calendar/10187} BLOCKED
04-22 09:22:24.814  1406  3373 I AppsFilter: interaction: PackageSetting{6535489 com.ltrudu.rfid_sample_flutter/10261} -> PackageSetting{ce0c5b3 com.google.android.documentsui/10068} BLOCKED
04-22 09:22:24.814  1406  3373 I AppsFilter: interaction: PackageSetting{6535489 com.ltrudu.rfid_sample_flutter/10261} -> PackageSetting{362e770 com.google.android.accessibility.switchaccess/10171} BLOCKED
04-22 09:22:24.814  1406  3373 I AppsFilter: interaction: PackageSetting{6535489 com.ltrudu.rfid_sample_flutter/10261} -> PackageSetting{440dae9 com.android.providers.partnerbookmarks/10120} BLOCKED
04-22 09:22:24.814  1406  3373 I AppsFilter: interaction: PackageSetting{6535489 com.ltrudu.rfid_sample_flutter/10261} -> PackageSetting{b86636e com.android.smspush/10230} BLOCKED
04-22 09:22:24.814  1406  3373 I AppsFilter: interaction: PackageSetting{6535489 com.ltrudu.rfid_sample_flutter/10261} -> PackageSetting{f980a0f com.android.powermenu/10021} BLOCKED
04-22 09:22:24.816  1406  3373 I AppsFilter: interaction: PackageSetting{6535489 com.ltrudu.rfid_sample_flutter/10261} -> PackageSetting{d670a9c com.zebra.showcaseapp/10125} BLOCKED
04-22 09:22:24.817  1406  3373 I AppsFilter: interaction: PackageSetting{6535489 com.ltrudu.rfid_sample_flutter/10261} -> PackageSetting{ac33ca5 com.android.wallpaper.livepicker/10059} BLOCKED
04-22 09:22:24.817  1406  3373 I AppsFilter: interaction: PackageSetting{6535489 com.ltrudu.rfid_sample_flutter/10261} -> PackageSetting{e39487a com.google.android.healthconnect.controller/10255} BLOCKED
04-22 09:22:24.817  1406  3373 I AppsFilter: interaction: PackageSetting{6535489 com.ltrudu.rfid_sample_flutter/10261} -> PackageSetting{ad5382b com.symbol.mxmf.csp.analyticsmgr/10055} BLOCKED
04-22 09:22:24.817  1406  3373 I AppsFilter: interaction: PackageSetting{6535489 com.ltrudu.rfid_sample_flutter/10261} -> PackageSetting{283488 com.zebra.domainsearch/10044} BLOCKED
04-22 09:22:24.817  1406  3373 I AppsFilter: interaction: PackageSetting{6535489 com.ltrudu.rfid_sample_flutter/10261} -> PackageSetting{a4ffe21 com.android.bookmarkprovider/10110} BLOCKED
04-22 09:22:24.817  1406  3373 I AppsFilter: interaction: PackageSetting{6535489 com.ltrudu.rfid_sample_flutter/10261} -> PackageSetting{2037246 com.zebra.zebracontentprovider/10097} BLOCKED
04-22 09:22:24.817  1406  3373 I AppsFilter: interaction: PackageSetting{6535489 com.ltrudu.rfid_sample_flutter/10261} -> PackageSetting{6d2c07 com.symbol.tool.stagenow/10092} BLOCKED
04-22 09:22:24.817  1406  3373 I AppsFilter: interaction: PackageSetting{6535489 com.ltrudu.rfid_sample_flutter/10261} -> PackageSetting{6501134 com.google.android.wfcactivation/10103} BLOCKED
04-22 09:22:24.817  1406  3373 I AppsFilter: interaction: PackageSetting{6535489 com.ltrudu.rfid_sample_flutter/10261} -> PackageSetting{e2c24c1 de.rfid_konsortium.cot_merck_storage/10257} BLOCKED
04-22 09:22:24.817  1406  3373 I AppsFilter: interaction: PackageSetting{6535489 com.ltrudu.rfid_sample_flutter/10261} -> PackageSetting{78d5b5d com.zebra.osx.powermenu/10035} BLOCKED
04-22 09:22:24.817  1406  3373 I AppsFilter: interaction: PackageSetting{6535489 com.ltrudu.rfid_sample_flutter/10261} -> PackageSetting{ff46cd2 com.google.android.apps.turbo/10149} BLOCKED
04-22 09:22:24.817  1406  3373 I AppsFilter: interaction: PackageSetting{6535489 com.ltrudu.rfid_sample_flutter/10261} -> PackageSetting{c3e37f7 com.android.cts.ctsshim/10239} BLOCKED
04-22 09:22:24.817  1406  3373 I AppsFilter: interaction: PackageSetting{6535489 com.ltrudu.rfid_sample_flutter/10261} -> PackageSetting{a681a3 com.zebra.securestoragemanager/10061} BLOCKED
04-22 09:22:24.817  1406  3373 I AppsFilter: interaction: PackageSetting{6535489 com.ltrudu.rfid_sample_flutter/10261} -> PackageSetting{9770ca0 com.google.android.apps.wallpaper/10218} BLOCKED
04-22 09:22:24.817  1406  3373 I AppsFilter: interaction: PackageSetting{6535489 com.ltrudu.rfid_sample_flutter/10261} -> PackageSetting{1495059 com.google.android.keep/10191} BLOCKED
04-22 09:22:24.817  1406  3373 I AppsFilter: interaction: PackageSetting{6535489 com.ltrudu.rfid_sample_flutter/10261} -> PackageSetting{434f316 com.google.android.apps.carrier.carrierwifi/10156} BLOCKED
04-22 09:22:24.817  1406  3373 I AppsFilter: interaction: PackageSetting{6535489 com.ltrudu.rfid_sample_flutter/10261} -> PackageSetting{88841e com.symbol.dataanalytics.dca/10084} BLOCKED
04-22 09:22:24.817  1406  3373 I AppsFilter: interaction: PackageSetting{6535489 com.ltrudu.rfid_sample_flutter/10261} -> PackageSetting{f9594ff com.android.hotspot2.osulogin/10250} BLOCKED
04-22 09:22:24.817  1406  3373 I AppsFilter: interaction: PackageSetting{6535489 com.ltrudu.rfid_sample_flutter/10261} -> PackageSetting{25052cc com.google.android.gms.location.history/10193} BLOCKED
04-22 09:22:24.817  1406  3373 I AppsFilter: interaction: PackageSetting{6535489 com.ltrudu.rfid_sample_flutter/10261} -> PackageSetting{b359915 com.android.internal.systemui.navbar.gestural/10007} BLOCKED
04-22 09:22:24.817  1406  3373 I AppsFilter: interaction: PackageSetting{6535489 com.ltrudu.rfid_sample_flutter/10261} -> PackageSetting{5b4c42a com.google.android.overlay.gmsconfig.personalsafety/10005} BLOCKED
04-22 09:22:24.817  1406  3373 I AppsFilter: interaction: PackageSetting{6535489 com.ltrudu.rfid_sample_flutter/10261} -> PackageSetting{438821b com.zebra.mdna.dg/10079} BLOCKED
04-22 09:22:24.817  1406  3373 I AppsFilter: interaction: PackageSetting{6535489 com.ltrudu.rfid_sample_flutter/10261} -> PackageSetting{f95cfb8 com.google.android.apps.youtube.music/10179} BLOCKED
04-22 09:22:24.817  1406  3373 I AppsFilter: interaction: PackageSetting{6535489 com.ltrudu.rfid_sample_flutter/10261} -> PackageSetting{863b191 com.android.bluetoothmidiservice/10117} BLOCKED
04-22 09:22:24.817  1406  3373 I AppsFilter: interaction: PackageSetting{6535489 com.ltrudu.rfid_sample_flutter/10261} -> PackageSetting{9b2f8f6 com.zebra.zebradna/10094} BLOCKED
04-22 09:22:24.818  1406  3373 I AppsFilter: interaction: PackageSetting{6535489 com.ltrudu.rfid_sample_flutter/10261} -> PackageSetting{d5324f7 com.zebra.commontransportlayer/10051} BLOCKED
04-22 09:22:24.818  1406  3373 I AppsFilter: interaction: PackageSetting{6535489 com.ltrudu.rfid_sample_flutter/10261} -> PackageSetting{fb42f64 com.qualcomm.qti.server.wigig.tethering.rro/10219} BLOCKED
04-22 09:22:24.818  1406  3373 I AppsFilter: interaction: PackageSetting{6535489 com.ltrudu.rfid_sample_flutter/10261} -> PackageSetting{180d5cd com.android.internal.systemui.navbar.gestural_narrow_back/10025} BLOCKED
04-22 09:22:24.818  1406  3373 I AppsFilter: interaction: PackageSetting{6535489 com.ltrudu.rfid_sample_flutter/10261} -> PackageSetting{e8dae82 com.google.android.inputmethod.latin/10183} BLOCKED
04-22 09:22:24.819  1406  3373 I AppsFilter: interaction: PackageSetting{6535489 com.ltrudu.rfid_sample_flutter/10261} -> PackageSetting{80b1993 com.zebra.mdna.devicetrackercloud/10082} BLOCKED
04-22 09:22:24.819  1406  3373 I AppsFilter: interaction: PackageSetting{6535489 com.ltrudu.rfid_sample_flutter/10261} -> PackageSetting{936ddd0 com.google.android.apps.restore/10150} BLOCKED
04-22 09:22:24.898  1406  3373 V ShortcutService: hasShortcutHostPermissionInner callers : com.android.server.pm.ShortcutService.hasShortcutHostPermission:2775 com.android.server.pm.ShortcutService$LocalService.hasShortcutHostPermission:3683 com.android.server.usage.UsageStatsService.shouldHideShortcutInvocationEvents:643 com.android.server.usage.UsageStatsService.-$$Nest$mshouldHideShortcutInvocationEvents:0 com.android.server.usage.UsageStatsService$BinderService.queryEvents:2204 android.app.usage.IUsageStatsManager$Stub.onTransact:417 android.os.Binder.execTransactInternal:1339 android.os.Binder.execTransact:1275 <bottom of call stack> <bottom of call stack> 
04-22 09:22:24.898  1406  3373 V ShortcutService: hasShortcutHostPermissionInner: com.google.android.gms userId: 0
04-22 09:22:24.913  1406  1953 I AppsFilter: interaction: PackageSetting{6535489 com.ltrudu.rfid_sample_flutter/10261} -> PackageSetting{27a3275 com.displaylink.desktop.oem/10115} BLOCKED
04-22 09:22:24.913  1406  1953 I AppsFilter: interaction: PackageSetting{6535489 com.ltrudu.rfid_sample_flutter/10261} -> PackageSetting{4e5520a com.android.cts.priv.ctsshim/10238} BLOCKED
04-22 09:22:24.913  1406  1953 I AppsFilter: interaction: PackageSetting{6535489 com.ltrudu.rfid_sample_flutter/10261} -> PackageSetting{25f2a7b com.google.android.youtube/10192} BLOCKED
04-22 09:22:24.913  1406  1953 I AppsFilter: interaction: PackageSetting{6535489 com.ltrudu.rfid_sample_flutter/10261} -> PackageSetting{798c098 com.vzw.apnlib/10087} BLOCKED
04-22 09:22:24.913  1406  1953 I AppsFilter: interaction: PackageSetting{6535489 com.ltrudu.rfid_sample_flutter/10261} -> PackageSetting{44880f1 com.android.uwb.resources/10243} BLOCKED
04-22 09:22:24.913  1406  1953 I AppsFilter: interaction: PackageSetting{6535489 com.ltrudu.rfid_sample_flutter/10261} -> PackageSetting{58e84d6 com.android.internal.display.cutout.emulation.corner/10028} BLOCKED
04-22 09:22:24.913  1406  1953 I AppsFilter: interaction: PackageSetting{6535489 com.ltrudu.rfid_sample_flutter/10261} -> PackageSetting{dabf357 com.android.internal.display.cutout.emulation.double/10043} BLOCKED
04-22 09:22:24.913  1406  1953 I AppsFilter: interaction: PackageSetting{6535489 com.ltrudu.rfid_sample_flutter/10261} -> PackageSetting{2a54e44 com.symbol.fota/10091} BLOCKED
04-22 09:22:24.913  1406  1953 I AppsFilter: interaction: PackageSetting{6535489 com.ltrudu.rfid_sample_flutter/10261} -> PackageSetting{ad33b2d com.symbol.mxmf/10070} BLOCKED
04-22 09:22:24.913  1406  1953 I AppsFilter: interaction: PackageSetting{6535489 com.ltrudu.rfid_sample_flutter/10261} -> PackageSetting{9c61862 com.google.android.googlequicksearchbox/10166} BLOCKED
04-22 09:22:24.913  1406  1953 I AppsFilter: interaction: PackageSetting{6535489 com.ltrudu.rfid_sample_flutter/10261} -> PackageSetting{2926df3 com.verizon.mips.services/10085} BLOCKED
04-22 09:22:24.913  1406  1953 I AppsFilter: interaction: PackageSetting{6535489 com.ltrudu.rfid_sample_flutter/10261} -> PackageSetting{2cb0ab0 com.google.android.onetimeinitializer/10155} BLOCKED
04-22 09:22:24.913  1406  1953 I AppsFilter: interaction: PackageSetting{6535489 com.ltrudu.rfid_sample_flutter/10261} -> PackageSetting{1d55d29 com.google.android.ext.shared/10135} BLOCKED
04-22 09:22:24.913  1406  1953 I AppsFilter: interaction: PackageSetting{6535489 com.ltrudu.rfid_sample_flutter/10261} -> PackageSetting{f158ae com.android.internal.systemui.navbar.gestural_wide_back/10039} BLOCKED
04-22 09:22:24.914  1406  1953 I AppsFilter: interaction: PackageSetting{6535489 com.ltrudu.rfid_sample_flutter/10261} -> PackageSetting{45bf64f com.android.virtualmachine.res/10242} BLOCKED
04-22 09:22:24.914  1406  1953 I AppsFilter: interaction: PackageSetting{6535489 com.ltrudu.rfid_sample_flutter/10261} -> PackageSetting{4e21dc com.zebra.rfidreaderAPI.demo/10123} BLOCKED
04-22 09:22:24.914  1406  1953 I AppsFilter: interaction: PackageSetting{6535489 com.ltrudu.rfid_sample_flutter/10261} -> PackageSetting{bbda2e5 com.android.cellbroadcast.overlay/10031} BLOCKED
04-22 09:22:24.914  1406  1953 I AppsFilter: interaction: PackageSetting{6535489 com.ltrudu.rfid_sample_flutter/10261} -> PackageSetting{97e51ba com.android.htmlviewer/10106} BLOCKED
04-22 09:22:24.914  1406  1953 I AppsFilter: interaction: PackageSetting{6535489 com.ltrudu.rfid_sample_flutter/10261} -> PackageSetting{78ba86b com.google.android.health.connect.backuprestore/10256} BLOCKED
04-22 09:22:24.914  1406  1953 I AppsFilter: interaction: PackageSetting{6535489 com.ltrudu.rfid_sample_flutter/10261} -> PackageSetting{1897fc8 com.zebra.licensemgrservice/10054} BLOCKED
04-22 09:22:24.914  1406  1953 I AppsFilter: interaction: PackageSetting{6535489 com.ltrudu.rfid_sample_flutter/10261} -> PackageSetting{92a8861 com.quicinc.voice.activation/10203} BLOCKED
04-22 09:22:24.914  1406  1953 I AppsFilter: interaction: PackageSetting{6535489 com.ltrudu.rfid_sample_flutter/10261} -> PackageSetting{8afcf86 com.google.android.configupdater/10153} BLOCKED
04-22 09:22:24.914  1406  1953 I AppsFilter: interaction: PackageSetting{6535489 com.ltrudu.rfid_sample_flutter/10261} -> PackageSetting{bba6047 com.google.android.overlay.modules.permissioncontroller/10034} BLOCKED
04-22 09:22:24.914  1406  1953 I AppsFilter: interaction: PackageSetting{6535489 com.ltrudu.rfid_sample_flutter/10261} -> PackageSetting{59ad074 com.zebra.licenseuiapp/10088} BLOCKED
04-22 09:22:24.914  1406  1953 I AppsFilter: interaction: PackageSetting{6535489 com.ltrudu.rfid_sample_flutter/10261} -> PackageSetting{c26499d com.zebra.enrollmentmgr/10089} BLOCKED
04-22 09:22:24.914  1406  1953 I AppsFilter: interaction: PackageSetting{6535489 com.ltrudu.rfid_sample_flutter/10261} -> PackageSetting{3295e12 com.android.internal.display.cutout.emulation.hole/10015} BLOCKED
04-22 09:22:24.914  1406  1953 I AppsFilter: interaction: PackageSetting{6535489 com.ltrudu.rfid_sample_flutter/10261} -> PackageSetting{732b9e3 com.android.internal.display.cutout.emulation.tall/10037} BLOCKED
04-22 09:22:24.914  1406  1953 I AppsFilter: interaction: PackageSetting{6535489 com.ltrudu.rfid_sample_flutter/10261} -> PackageSetting{dce7fe0 com.zebra.lifeguardotamanager/10140} BLOCKED
04-22 09:22:24.914  1406  1953 I AppsFilter: interaction: PackageSetting{6535489 com.ltrudu.rfid_sample_flutter/10261} -> PackageSetting{322e299 com.android.internal.systemui.navbar.threebutton/10046} BLOCKED
04-22 09:22:24.914  1406  1953 I AppsFilter: interaction: PackageSetting{6535489 com.ltrudu.rfid_sample_flutter/10261} -> PackageSetting{23b495e com.android.wifi.dialog/10251} BLOCKED
04-22 09:22:24.914  1406  1953 I AppsFilter: interaction: PackageSetting{6535489 com.ltrudu.rfid_sample_flutter/10261} -> PackageSetting{4d113f com.android.contacts/10157} BLOCKED
04-22 09:22:24.914  1406  1953 I AppsFilter: interaction: PackageSetting{6535489 com.ltrudu.rfid_sample_flutter/10261} -> PackageSetting{1cbba0c com.android.launcher3/10213} BLOCKED
04-22 09:22:24.914  1406  1953 I AppsFilter: interaction: PackageSetting{6535489 com.ltrudu.rfid_sample_flutter/10261} -> PackageSetting{7b60f55 com.symbol.vod/10090} BLOCKED
04-22 09:22:24.914  1406  1953 I AppsFilter: interaction: PackageSetting{6535489 com.ltrudu.rfid_sample_flutter/10261} -> PackageSetting{1ee9d6a com.google.android.as/10151} BLOCKED
04-22 09:22:24.914  1406  1953 I AppsFilter: interaction: PackageSetting{6535489 com.ltrudu.rfid_sample_flutter/10261} -> PackageSetting{8b825b com.google.android.gm/10194} BLOCKED
04-22 09:22:24.914  1406  1953 I AppsFilter: interaction: PackageSetting{6535489 com.ltrudu.rfid_sample_flutter/10261} -> PackageSetting{a806af8 com.google.android.apps.tachyon/10176} BLOCKED
04-22 09:22:24.914  1406  1953 I AppsFilter: interaction: PackageSetting{6535489 com.ltrudu.rfid_sample_flutter/10261} -> PackageSetting{d154bd1 com.google.android.overlay.gmsconfig.common/10010} BLOCKED
04-22 09:22:24.915  1406  1953 I AppsFilter: interaction: PackageSetting{6535489 com.ltrudu.rfid_sample_flutter/10261} -> PackageSetting{3d12636 com.koushikdutta.vysor/10258} BLOCKED
04-22 09:22:24.915  1406  1953 I AppsFilter: interaction: PackageSetting{6535489 com.ltrudu.rfid_sample_flutter/10261} -> PackageSetting{d75e937 com.android.internal.systemui.navbar.gestural_extra_wide_back/10003} BLOCKED
04-22 09:22:24.915  1406  1953 I AppsFilter: interaction: PackageSetting{6535489 com.ltrudu.rfid_sample_flutter/10261} -> PackageSetting{fcd3ea4 com.google.android.setupwizard/10207} BLOCKED
04-22 09:22:24.917  1406  1953 I AppsFilter: interaction: PackageSetting{6535489 com.ltrudu.rfid_sample_flutter/10261} -> PackageSetting{a51d40d com.android.printspooler/10121} BLOCKED
04-22 09:22:24.917  1406  1953 I AppsFilter: interaction: PackageSetting{6535489 com.ltrudu.rfid_sample_flutter/10261} -> PackageSetting{2816fc2 com.android.dreams.basic/10124} BLOCKED
04-22 09:22:24.917  1406  1953 I AppsFilter: interaction: PackageSetting{6535489 com.ltrudu.rfid_sample_flutter/10261} -> PackageSetting{335e1d3 com.google.android.as.oss/10154} BLOCKED
04-22 09:22:24.917  1406  1953 I AppsFilter: interaction: PackageSetting{6535489 com.ltrudu.rfid_sample_flutter/10261} -> PackageSetting{71851a8 com.android.rkpdapp/10237} BLOCKED
04-22 09:22:24.917  1406  1953 I AppsFilter: interaction: PackageSetting{6535489 com.ltrudu.rfid_sample_flutter/10261} -> PackageSetting{4f1a110 com.google.android.overlay.gmsconfig.photos/10032} BLOCKED
04-22 09:22:24.917  1406  1953 I AppsFilter: interaction: PackageSetting{6535489 com.ltrudu.rfid_sample_flutter/10261} -> PackageSetting{c54a409 com.zebra.overlay.roundedsq/10018} BLOCKED
04-22 09:22:24.918  1406  1953 I AppsFilter: interaction: PackageSetting{6535489 com.ltrudu.rfid_sample_flutter/10261} -> PackageSetting{1fac60e com.google.android.captiveportallogin/10114} BLOCKED
04-22 09:22:24.918  1406  1953 I AppsFilter: interaction: PackageSetting{6535489 com.ltrudu.rfid_sample_flutter/10261} -> PackageSetting{cf2c82f com.google.android.overlay.gmsconfig.comms/10042} BLOCKED
04-22 09:22:24.918  1406  1953 I AppsFilter: interaction: PackageSetting{6535489 com.ltrudu.rfid_sample_flutter/10261} -> PackageSetting{fb7be3c com.google.android.overlay.gmsconfig.geotz/10006} BLOCKED
04-22 09:22:24.918  1406  1953 I AppsFilter: interaction: PackageSetting{6535489 com.ltrudu.rfid_sample_flutter/10261} -> PackageSetting{b9a77c5 com.google.ambient.streaming/10152} BLOCKED
04-22 09:22:24.918  1406  1953 I AppsFilter: interaction: PackageSetting{6535489 com.ltrudu.rfid_sample_flutter/10261} -> PackageSetting{8a1351a com.android.musicfx/10076} BLOCKED
04-22 09:22:24.918  1406  1953 I AppsFilter: interaction: PackageSetting{6535489 com.ltrudu.rfid_sample_flutter/10261} -> PackageSetting{a44a466 com.google.android.apps.docs/10173} BLOCKED
04-22 09:22:24.918  1406  1953 I AppsFilter: interaction: PackageSetting{6535489 com.ltrudu.rfid_sample_flutter/10261} -> PackageSetting{6edb84b com.google.android.apps.maps/10197} BLOCKED
04-22 09:22:24.918  1406  1953 I AppsFilter: interaction: PackageSetting{6535489 com.ltrudu.rfid_sample_flutter/10261} -> PackageSetting{6608228 com.symbol.dataanalytics/10098} BLOCKED
04-22 09:22:24.918  1406  1953 I AppsFilter: interaction: PackageSetting{6535489 com.ltrudu.rfid_sample_flutter/10261} -> PackageSetting{63543a7 com.zebra.mdna.els/10062} BLOCKED
04-22 09:22:24.918  1406  1953 I AppsFilter: interaction: PackageSetting{6535489 com.ltrudu.rfid_sample_flutter/10261} -> PackageSetting{1afcb41 com.google.android.webview/10184} BLOCKED
04-22 09:22:24.918  1406  1953 I AppsFilter: interaction: PackageSetting{6535489 com.ltrudu.rfid_sample_flutter/10261} -> PackageSetting{d0d88e6 com.google.android.overlay.modules.documentsui/10022} BLOCKED
04-22 09:22:24.918  1406  1953 I AppsFilter: interaction: PackageSetting{6535489 com.ltrudu.rfid_sample_flutter/10261} -> PackageSetting{65d8e27 com.google.android.contacts/10188} BLOCKED
04-22 09:22:24.918  1406  1953 I AppsFilter: interaction: PackageSetting{6535489 com.ltrudu.rfid_sample_flutter/10261} -> PackageSetting{4f98d4 com.google.android.calculator/10178} BLOCKED
04-22 09:22:24.918  1406  1953 I AppsFilter: interaction: PackageSetting{6535489 com.ltrudu.rfid_sample_flutter/10261} -> PackageSetting{a6cda7d com.android.chrome/10186} BLOCKED
04-22 09:22:24.918  1406  1953 I AppsFilter: interaction: PackageSetting{6535489 com.ltrudu.rfid_sample_flutter/10261} -> PackageSetting{4994d72 com.google.android.apps.customization.pixel/10180} BLOCKED
04-22 09:22:24.918  1406  1953 I AppsFilter: interaction: PackageSetting{6535489 com.ltrudu.rfid_sample_flutter/10261} -> PackageSetting{30ae5c3 com.google.android.tag/10074} BLOCKED
04-22 09:22:24.918  1406  1953 I AppsFilter: interaction: PackageSetting{6535489 com.ltrudu.rfid_sample_flutter/10261} -> PackageSetting{5776e40 com.android.wifi.resources/10249} BLOCKED
04-22 09:22:24.918  1406  1953 I AppsFilter: interaction: PackageSetting{6535489 com.ltrudu.rfid_sample_flutter/10261} -> PackageSetting{cf1a179 com.zebra.devicemanager/10105} BLOCKED
04-22 09:22:24.918  1406  1953 I AppsFilter: interaction: PackageSetting{6535489 com.ltrudu.rfid_sample_flutter/10261} -> PackageSetting{eaacebe com.google.android.partnersetup/10163} BLOCKED
04-22 09:22:24.918  1406  1953 I AppsFilter: interaction: PackageSetting{6535489 com.ltrudu.rfid_sample_flutter/10261} -> PackageSetting{eac1b1f com.google.android.videos/10177} BLOCKED
04-22 09:22:24.918  1406  1953 I AppsFilter: interaction: PackageSetting{6535489 com.ltrudu.rfid_sample_flutter/10261} -> PackageSetting{8852e6c com.google.android.overlay.gmsconfig.asi/10027} BLOCKED
04-22 09:22:24.918  1406  1953 I AppsFilter: interaction: PackageSetting{6535489 com.ltrudu.rfid_sample_flutter/10261} -> PackageSetting{861dc35 com.google.android.overlay.gmsconfig.gsa/10004} BLOCKED
04-22 09:22:24.918  1406  1953 I AppsFilter: interaction: PackageSetting{6535489 com.ltrudu.rfid_sample_flutter/10261} -> PackageSetting{8c118ca com.android.theme.font.notoserifsource/10012} BLOCKED
04-22 09:22:24.918  1406  1953 I AppsFilter: interaction: PackageSetting{6535489 com.ltrudu.rfid_sample_flutter/10261} -> PackageSetting{6014a3b com.google.android.safetycenter.resources/10240} BLOCKED
04-22 09:22:24.918  1406  1953 I AppsFilter: interaction: PackageSetting{6535489 com.ltrudu.rfid_sample_flutter/10261} -> PackageSetting{7ccc558 com.android.internal.display.cutout.emulation.waterfall/10024} BLOCKED
04-22 09:22:24.918  1406  1953 I AppsFilter: interaction: PackageSetting{6535489 com.ltrudu.rfid_sample_flutter/10261} -> PackageSetting{6106b1 com.android.inputmethod.latin/10172} BLOCKED
04-22 09:22:24.918  1406  1953 I AppsFilter: interaction: PackageSetting{6535489 com.ltrudu.rfid_sample_flutter/10261} -> PackageSetting{73ff796 com.android.internal.systemui.navbar.transparent/10038} BLOCKED
04-22 09:22:24.918  1406  1953 I AppsFilter: interaction: PackageSetting{6535489 com.ltrudu.rfid_sample_flutter/10261} -> PackageSetting{7b04f17 com.google.android.connectivity.resources/10247} BLOCKED
04-22 09:22:24.918  1406  1953 I AppsFilter: interaction: PackageSetting{6535489 com.ltrudu.rfid_sample_flutter/10261} -> PackageSetting{f4df04 com.google.android.feedback/10212} BLOCKED
04-22 09:22:24.918  1406  1953 I AppsFilter: interaction: PackageSetting{6535489 com.ltrudu.rfid_sample_flutter/10261} -> PackageSetting{54e5ced com.google.android.printservice.recommendation/10128} BLOCKED
04-22 09:22:24.918  1406  1953 I AppsFilter: interaction: PackageSetting{6535489 com.ltrudu.rfid_sample_flutter/10261} -> PackageSetting{efbf722 com.google.android.apps.photos/10196} BLOCKED
04-22 09:22:24.918  1406  1953 I AppsFilter: interaction: PackageSetting{6535489 com.ltrudu.rfid_sample_flutter/10261} -> PackageSetting{71c1d75 com.google.android.calendar/10187} BLOCKED
04-22 09:22:24.919  1406  1953 I AppsFilter: interaction: PackageSetting{6535489 com.ltrudu.rfid_sample_flutter/10261} -> PackageSetting{ce0c5b3 com.google.android.documentsui/10068} BLOCKED
04-22 09:22:24.919  1406  1953 I AppsFilter: interaction: PackageSetting{6535489 com.ltrudu.rfid_sample_flutter/10261} -> PackageSetting{362e770 com.google.android.accessibility.switchaccess/10171} BLOCKED
04-22 09:22:24.919  1406  1953 I AppsFilter: interaction: PackageSetting{6535489 com.ltrudu.rfid_sample_flutter/10261} -> PackageSetting{440dae9 com.android.providers.partnerbookmarks/10120} BLOCKED
04-22 09:22:24.919  1406  1953 I AppsFilter: interaction: PackageSetting{6535489 com.ltrudu.rfid_sample_flutter/10261} -> PackageSetting{b86636e com.android.smspush/10230} BLOCKED
04-22 09:22:24.919  1406  1953 I AppsFilter: interaction: PackageSetting{6535489 com.ltrudu.rfid_sample_flutter/10261} -> PackageSetting{f980a0f com.android.powermenu/10021} BLOCKED
04-22 09:22:24.919  1406  1953 I AppsFilter: interaction: PackageSetting{6535489 com.ltrudu.rfid_sample_flutter/10261} -> PackageSetting{d670a9c com.zebra.showcaseapp/10125} BLOCKED
04-22 09:22:24.919  1406  1953 I AppsFilter: interaction: PackageSetting{6535489 com.ltrudu.rfid_sample_flutter/10261} -> PackageSetting{ac33ca5 com.android.wallpaper.livepicker/10059} BLOCKED
04-22 09:22:24.919  1406  1953 I AppsFilter: interaction: PackageSetting{6535489 com.ltrudu.rfid_sample_flutter/10261} -> PackageSetting{e39487a com.google.android.healthconnect.controller/10255} BLOCKED
04-22 09:22:24.919  1406  1953 I AppsFilter: interaction: PackageSetting{6535489 com.ltrudu.rfid_sample_flutter/10261} -> PackageSetting{ad5382b com.symbol.mxmf.csp.analyticsmgr/10055} BLOCKED
04-22 09:22:24.919  1406  1953 I AppsFilter: interaction: PackageSetting{6535489 com.ltrudu.rfid_sample_flutter/10261} -> PackageSetting{283488 com.zebra.domainsearch/10044} BLOCKED
04-22 09:22:24.919  1406  1953 I AppsFilter: interaction: PackageSetting{6535489 com.ltrudu.rfid_sample_flutter/10261} -> PackageSetting{a4ffe21 com.android.bookmarkprovider/10110} BLOCKED
04-22 09:22:24.919  1406  1953 I AppsFilter: interaction: PackageSetting{6535489 com.ltrudu.rfid_sample_flutter/10261} -> PackageSetting{2037246 com.zebra.zebracontentprovider/10097} BLOCKED
04-22 09:22:24.919  1406  1953 I AppsFilter: interaction: PackageSetting{6535489 com.ltrudu.rfid_sample_flutter/10261} -> PackageSetting{6d2c07 com.symbol.tool.stagenow/10092} BLOCKED
04-22 09:22:24.919  1406  1953 I AppsFilter: interaction: PackageSetting{6535489 com.ltrudu.rfid_sample_flutter/10261} -> PackageSetting{6501134 com.google.android.wfcactivation/10103} BLOCKED
04-22 09:22:24.919  1406  1953 I AppsFilter: interaction: PackageSetting{6535489 com.ltrudu.rfid_sample_flutter/10261} -> PackageSetting{e2c24c1 de.rfid_konsortium.cot_merck_storage/10257} BLOCKED
04-22 09:22:24.919  1406  1953 I AppsFilter: interaction: PackageSetting{6535489 com.ltrudu.rfid_sample_flutter/10261} -> PackageSetting{78d5b5d com.zebra.osx.powermenu/10035} BLOCKED
04-22 09:22:24.919  1406  1953 I AppsFilter: interaction: PackageSetting{6535489 com.ltrudu.rfid_sample_flutter/10261} -> PackageSetting{ff46cd2 com.google.android.apps.turbo/10149} BLOCKED
04-22 09:22:24.919  1406  1953 I AppsFilter: interaction: PackageSetting{6535489 com.ltrudu.rfid_sample_flutter/10261} -> PackageSetting{c3e37f7 com.android.cts.ctsshim/10239} BLOCKED
04-22 09:22:24.919  1406  1953 I AppsFilter: interaction: PackageSetting{6535489 com.ltrudu.rfid_sample_flutter/10261} -> PackageSetting{a681a3 com.zebra.securestoragemanager/10061} BLOCKED
04-22 09:22:24.921  1406  1953 I AppsFilter: interaction: PackageSetting{6535489 com.ltrudu.rfid_sample_flutter/10261} -> PackageSetting{9770ca0 com.google.android.apps.wallpaper/10218} BLOCKED
04-22 09:22:24.921  1406  1953 I AppsFilter: interaction: PackageSetting{6535489 com.ltrudu.rfid_sample_flutter/10261} -> PackageSetting{1495059 com.google.android.keep/10191} BLOCKED
04-22 09:22:24.921  1406  1953 I AppsFilter: interaction: PackageSetting{6535489 com.ltrudu.rfid_sample_flutter/10261} -> PackageSetting{434f316 com.google.android.apps.carrier.carrierwifi/10156} BLOCKED
04-22 09:22:24.921  1406  1953 I AppsFilter: interaction: PackageSetting{6535489 com.ltrudu.rfid_sample_flutter/10261} -> PackageSetting{88841e com.symbol.dataanalytics.dca/10084} BLOCKED
04-22 09:22:24.921  1406  1953 I AppsFilter: interaction: PackageSetting{6535489 com.ltrudu.rfid_sample_flutter/10261} -> PackageSetting{f9594ff com.android.hotspot2.osulogin/10250} BLOCKED
04-22 09:22:24.921  1406  1953 I AppsFilter: interaction: PackageSetting{6535489 com.ltrudu.rfid_sample_flutter/10261} -> PackageSetting{25052cc com.google.android.gms.location.history/10193} BLOCKED
04-22 09:22:24.921  1406  1953 I AppsFilter: interaction: PackageSetting{6535489 com.ltrudu.rfid_sample_flutter/10261} -> PackageSetting{b359915 com.android.internal.systemui.navbar.gestural/10007} BLOCKED
04-22 09:22:24.921  1406  1953 I AppsFilter: interaction: PackageSetting{6535489 com.ltrudu.rfid_sample_flutter/10261} -> PackageSetting{5b4c42a com.google.android.overlay.gmsconfig.personalsafety/10005} BLOCKED
04-22 09:22:24.921  1406  1953 I AppsFilter: interaction: PackageSetting{6535489 com.ltrudu.rfid_sample_flutter/10261} -> PackageSetting{438821b com.zebra.mdna.dg/10079} BLOCKED
04-22 09:22:24.922  1406  1953 I AppsFilter: interaction: PackageSetting{6535489 com.ltrudu.rfid_sample_flutter/10261} -> PackageSetting{f95cfb8 com.google.android.apps.youtube.music/10179} BLOCKED
04-22 09:22:24.922  1406  1953 I AppsFilter: interaction: PackageSetting{6535489 com.ltrudu.rfid_sample_flutter/10261} -> PackageSetting{863b191 com.android.bluetoothmidiservice/10117} BLOCKED
04-22 09:22:24.922  1406  1953 I AppsFilter: interaction: PackageSetting{6535489 com.ltrudu.rfid_sample_flutter/10261} -> PackageSetting{9b2f8f6 com.zebra.zebradna/10094} BLOCKED
04-22 09:22:24.922  1406  1953 I AppsFilter: interaction: PackageSetting{6535489 com.ltrudu.rfid_sample_flutter/10261} -> PackageSetting{d5324f7 com.zebra.commontransportlayer/10051} BLOCKED
04-22 09:22:24.922  1406  4973 I ActivityManager: Flag disabled. Ignoring finishAttachApplication from uid: 10261. pid: 11388
04-22 09:22:24.922  1406  1953 I AppsFilter: interaction: PackageSetting{6535489 com.ltrudu.rfid_sample_flutter/10261} -> PackageSetting{fb42f64 com.qualcomm.qti.server.wigig.tethering.rro/10219} BLOCKED
04-22 09:22:24.922  1406  1953 I AppsFilter: interaction: PackageSetting{6535489 com.ltrudu.rfid_sample_flutter/10261} -> PackageSetting{180d5cd com.android.internal.systemui.navbar.gestural_narrow_back/10025} BLOCKED
04-22 09:22:24.922  1406  1953 I AppsFilter: interaction: PackageSetting{6535489 com.ltrudu.rfid_sample_flutter/10261} -> PackageSetting{e8dae82 com.google.android.inputmethod.latin/10183} BLOCKED
04-22 09:22:24.922  1406  1953 I AppsFilter: interaction: PackageSetting{6535489 com.ltrudu.rfid_sample_flutter/10261} -> PackageSetting{80b1993 com.zebra.mdna.devicetrackercloud/10082} BLOCKED
04-22 09:22:24.922  1406  1953 I AppsFilter: interaction: PackageSetting{6535489 com.ltrudu.rfid_sample_flutter/10261} -> PackageSetting{936ddd0 com.google.android.apps.restore/10150} BLOCKED
04-22 09:22:24.933  2118  2159 V WindowManagerShell: Transition animation finished (aborted=false), notifying core (#17)android.os.BinderProxy@9241ee0@0
04-22 09:22:24.935  1406  1812 V WindowManager: Finish Transition #17: created at 04-22 09:22:24.573 collect-started=0.211ms request-sent=15.09ms started=18.341ms ready=63.555ms sent=67.921ms finished=361.163ms
04-22 09:22:24.937  2118  2159 V WindowManagerShell: Track 0 became idle
04-22 09:22:24.937  2118  2159 V WindowManagerShell: All active transition animations finished
04-22 09:22:24.937  1406  1440 V ShortcutService: hasShortcutHostPermissionInner callers : com.android.server.pm.ShortcutService.hasShortcutHostPermission:2775 com.android.server.pm.ShortcutService$LocalService.hasShortcutHostPermission:3683 com.android.server.usage.UsageStatsService.shouldHideShortcutInvocationEvents:643 com.android.server.usage.UsageStatsService.-$$Nest$mshouldHideShortcutInvocationEvents:0 com.android.server.usage.UsageStatsService$BinderService.queryEvents:2204 android.app.usage.IUsageStatsManager$Stub.onTransact:417 android.os.Binder.execTransactInternal:1339 android.os.Binder.execTransact:1275 <bottom of call stack> <bottom of call stack> 
04-22 09:22:24.938  1406  1440 V ShortcutService: hasShortcutHostPermissionInner: com.google.android.gms userId: 0
04-22 09:22:24.960  1406  4973 D WindowManager: layoutWindowLw currenttaskBarInDb-- 0
04-22 09:22:24.961  1406  4973 D WindowManager: layoutWindowLw currenttaskBarInDb-- 0
04-22 09:22:24.962  1406  4973 D WindowManager: layoutWindowLw currenttaskBarInDb-- 0
04-22 09:22:24.962  1406  4973 D WindowManager: DP::updateSystemBarAttributes called
04-22 09:22:24.962  1406  4973 D WindowManager: DP::::updateSystemBarAttributes displayId: 0
04-22 09:22:24.970  1406  1817 D WindowManager: DP::updateSystemBarAttributes called
04-22 09:22:24.970  1406  1817 D WindowManager: DP::::updateSystemBarAttributes displayId: 0
04-22 09:22:25.320  1406  1953 D CompatibilityChangeReporter: Compat change id reported: 161145287; UID 10102; state: ENABLED
04-22 09:22:25.373  1406  1835 W ActivityManager: Scheduling restart of crashed service com.zebra.mdna.dg/.license.LicenseMgrService in 1000ms for connection
04-22 09:22:25.422  1406  4970 I JobScheduler: bypass checkIfRestricted for JobStatus{fbfcd24 #u0a91/999 com.symbol.fota/.jobservices.FotaReadyPeriodicService u=0 s=10091 TIME=+23h37m18s649ms:+1d23h37m18s649ms PERIODIC satisfied:0xb400000 unsatisfied:0x80000000}
04-22 09:22:25.422  1406  4970 I JobScheduler: bypass checkIfRestricted for JobStatus{f0d4d07 #u0a98/358 com.symbol.dataanalytics/androidx.work.impl.background.systemjob.SystemJobService u=0 s=10098 TIME=+25s13ms:none satisfied:0xb400000 unsatisfied:0x80000000}
04-22 09:22:25.422  1406  4970 I JobScheduler: bypass checkIfRestricted for JobStatus{f3fe8c7 #u0a98/355 com.symbol.dataanalytics/androidx.work.impl.background.systemjob.SystemJobService u=0 s=10098 TIME=+1s802ms:none satisfied:0xb400000 unsatisfied:0x80000000}
04-22 09:22:25.423  1406  4970 I JobScheduler: bypass checkIfRestricted for JobStatus{f032a19 #u0a98/334 com.symbol.dataanalytics/androidx.work.impl.background.systemjob.SystemJobService u=0 s=10098 TIME=+5h30m1s693ms:none satisfied:0xb400000 unsatisfied:0x80000000}
04-22 09:22:25.423  1406  4970 I JobScheduler: bypass checkIfRestricted for JobStatus{38dfb3a #u0a98/333 com.symbol.dataanalytics/androidx.work.impl.background.systemjob.SystemJobService u=0 s=10098 TIME=+30m1s643ms:none satisfied:0xb400000 unsatisfied:0x80000000}
04-22 09:22:25.423  1406  4970 I JobScheduler: bypass checkIfRestricted for JobStatus{ce95be0 #u0a98/90 com.symbol.dataanalytics/androidx.work.impl.background.systemjob.SystemJobService u=0 s=10098 TIME=+11m25s96ms:none satisfied:0xb400000 unsatisfied:0x80000000}
04-22 09:22:25.423  1406  4970 I JobScheduler: bypass checkIfRestricted for JobStatus{2f9da12 #u0a98/73 com.symbol.dataanalytics/androidx.work.impl.background.systemjob.SystemJobService u=0 s=10098 TIME=+12d10h37m6s223ms:none satisfied:0xb400000 unsatisfied:0x80000000}
04-22 09:22:25.459  1406  4970 I JobScheduler: bypass checkIfRestricted for JobStatus{fbfcd24 #u0a91/999 com.symbol.fota/.jobservices.FotaReadyPeriodicService u=0 s=10091 TIME=+23h37m18s611ms:+1d23h37m18s611ms PERIODIC satisfied:0xb400000 unsatisfied:0x80000000}
04-22 09:22:25.459  1406  4970 I JobScheduler: bypass checkIfRestricted for JobStatus{f0d4d07 #u0a98/358 com.symbol.dataanalytics/androidx.work.impl.background.systemjob.SystemJobService u=0 s=10098 TIME=+24s976ms:none satisfied:0xb400000 unsatisfied:0x80000000}
04-22 09:22:25.460  1406  4970 I JobScheduler: bypass checkIfRestricted for JobStatus{f3fe8c7 #u0a98/355 com.symbol.dataanalytics/androidx.work.impl.background.systemjob.SystemJobService u=0 s=10098 TIME=+1s764ms:none satisfied:0xb400000 unsatisfied:0x80000000}
04-22 09:22:25.460  1406  4970 I JobScheduler: bypass checkIfRestricted for JobStatus{f032a19 #u0a98/334 com.symbol.dataanalytics/androidx.work.impl.background.systemjob.SystemJobService u=0 s=10098 TIME=+5h30m1s656ms:none satisfied:0xb400000 unsatisfied:0x80000000}
04-22 09:22:25.460  1406  4970 I JobScheduler: bypass checkIfRestricted for JobStatus{38dfb3a #u0a98/333 com.symbol.dataanalytics/androidx.work.impl.background.systemjob.SystemJobService u=0 s=10098 TIME=+30m1s606ms:none satisfied:0xb400000 unsatisfied:0x80000000}
04-22 09:22:25.460  1406  4970 I JobScheduler: bypass checkIfRestricted for JobStatus{ce95be0 #u0a98/90 com.symbol.dataanalytics/androidx.work.impl.background.systemjob.SystemJobService u=0 s=10098 TIME=+11m25s59ms:none satisfied:0xb400000 unsatisfied:0x80000000}
04-22 09:22:25.460  1406  4970 I JobScheduler: bypass checkIfRestricted for JobStatus{2f9da12 #u0a98/73 com.symbol.dataanalytics/androidx.work.impl.background.systemjob.SystemJobService u=0 s=10098 TIME=+12d10h37m6s186ms:none satisfied:0xb400000 unsatisfied:0x80000000}
04-22 09:22:25.494  1406  2012 D BatteryService: Processing new values: info=android.hardware.health.HealthInfo@1323c54, mBatteryLevelCritical=false, mPlugType=0
04-22 09:22:25.496  1406  2012 I BatteryService: File node value is 210
04-22 09:22:25.496  1406  2012 E BatteryService: healthInfoTemp is within the range (210)
04-22 09:22:25.497  1406  2012 D BatteryService: Sending ACTION_BATTERY_CHANGED. scale:100, info:android.hardware.health.HealthInfo@1323c54
04-22 09:22:25.505  1406  2012 E BatteryService: level : 67 / status : 3/Health : 2/Decommission : 0/error status : 0
04-22 09:22:25.513  2118  2118 W PowerUI : mBatteryPresent = true
04-22 09:22:25.637  1406  2031 W ContextImpl: Calling a method in the system process without a qualified user: android.app.ContextImpl.sendStickyBroadcast:1626 com.android.server.wifi.ClientModeImpl.sendNetworkChangeBroadcast:3092 com.android.server.wifi.ClientModeImpl.lambda$sendNetworkChangeBroadcastWithCurrentState$14:3069 com.android.server.wifi.ClientModeImpl.$r8$lambda$q-j88Pjw4gROgoJFr8wBlBVbuJI:0 com.android.server.wifi.ClientModeImpl$$ExternalSyntheticLambda4.send:0 
04-22 09:22:25.841  3140  3165 W ContextImpl: Calling a method in the system process without a qualified user: android.app.ContextImpl.sendBroadcast:1220 android.content.ContextWrapper.sendBroadcast:504 com.zebra.rfidhost.RFIDClientConnection.sendBroadCast:513 com.zebra.rfidhost.RFIDClientConnection.toggleRfidReaderPower:502 com.zebra.rfidhost.RFIDClientConnection.enableRfid:442 
04-22 09:22:25.888  1406  2117 D UsbHostManager: deviceClass : 9checkUsbInterfacesBlackListed :false
04-22 09:22:25.890  1406  2117 D UsbHostManager: mHubHidDevices added size is 4
04-22 09:22:26.155  1502  1502 I fusionconfd: getDriverCountry ENTER
04-22 09:22:26.156  1502  1502 E fusionconfd: getDriverCountry : SkinnyCat : WLAN get driver country DE
04-22 09:22:26.159  1502  1502 I fusionconfd: getDriverCountry ENTER
04-22 09:22:26.160  1502  1502 E fusionconfd: getDriverCountry : SkinnyCat : WLAN get driver country DE
04-22 09:22:26.373  1406  1835 W ActivityManager: Scheduling restart of crashed service com.zebra.mdna.dg/.license.LicenseMgrService in 1000ms for connection
04-22 09:22:27.111  1406  4973 D CoreBackPreview: Window{d5b6008 u0 com.ltrudu.rfid_sample_flutter/com.ltrudu.rfid_sample_flutter.MainActivity}: Setting back callback OnBackInvokedCallbackInfo{mCallback=android.window.IOnBackInvokedCallback$Stub$Proxy@76f05d9, mPriority=0, mIsAnimationCallback=false}
04-22 09:22:27.113  1406  4970 D WindowManager: layoutWindowLw currenttaskBarInDb-- 0
04-22 09:22:27.113  1406  4970 D WindowManager: layoutWindowLw currenttaskBarInDb-- 0
04-22 09:22:27.113  1406  4970 D WindowManager: layoutWindowLw currenttaskBarInDb-- 0
04-22 09:22:27.114  1406  4970 D WindowManager: layoutWindowLw currenttaskBarInDb-- 0
04-22 09:22:27.114  1406  4970 D WindowManager: DP::updateSystemBarAttributes called
04-22 09:22:27.114  1406  4970 D WindowManager: DP::::updateSystemBarAttributes displayId: 0
04-22 09:22:27.116  1406  4970 D WindowManager: DP::updateSystemBarAttributes called
04-22 09:22:27.116  1406  4970 D WindowManager: DP::::updateSystemBarAttributes displayId: 0
04-22 09:22:27.165  1406  4970 D CompatibilityChangeReporter: Compat change id reported: 197654537; UID 10261; state: ENABLED
04-22 09:22:27.191  1406  4970 W ProcessStats: Tracking association SourceState{8e2c0fe com.google.android.gms.persistent/10165 BTop #5788} whose proc state 2 is better than process ProcessState{a8bdf38 com.google.android.gms/10165 pkg=com.google.android.gms} proc state 8 (118 skipped)
04-22 09:22:27.234  1406  4970 I JobScheduler: bypass checkIfRestricted for JobStatus{fbfcd24 #u0a91/999 com.symbol.fota/.jobservices.FotaReadyPeriodicService u=0 s=10091 TIME=+23h37m16s836ms:+1d23h37m16s836ms PERIODIC satisfied:0xb400000 unsatisfied:0x80000000}
04-22 09:22:27.235  1406  4970 I JobScheduler: bypass checkIfRestricted for JobStatus{f0d4d07 #u0a98/358 com.symbol.dataanalytics/androidx.work.impl.background.systemjob.SystemJobService u=0 s=10098 TIME=+23s200ms:none satisfied:0xb400000 unsatisfied:0x80000000}
04-22 09:22:27.236  1406  4970 I JobScheduler: bypass checkIfRestricted for JobStatus{f032a19 #u0a98/334 com.symbol.dataanalytics/androidx.work.impl.background.systemjob.SystemJobService u=0 s=10098 TIME=+5h29m59s880ms:none satisfied:0xb400000 unsatisfied:0x80000000}
04-22 09:22:27.236  1406  4970 I JobScheduler: bypass checkIfRestricted for JobStatus{38dfb3a #u0a98/333 com.symbol.dataanalytics/androidx.work.impl.background.systemjob.SystemJobService u=0 s=10098 TIME=+29m59s830ms:none satisfied:0xb400000 unsatisfied:0x80000000}
04-22 09:22:27.236  1406  4970 I JobScheduler: bypass checkIfRestricted for JobStatus{ce95be0 #u0a98/90 com.symbol.dataanalytics/androidx.work.impl.background.systemjob.SystemJobService u=0 s=10098 TIME=+11m23s283ms:none satisfied:0xb400000 unsatisfied:0x80000000}
04-22 09:22:27.236  1406  4970 I JobScheduler: bypass checkIfRestricted for JobStatus{2f9da12 #u0a98/73 com.symbol.dataanalytics/androidx.work.impl.background.systemjob.SystemJobService u=0 s=10098 TIME=+12d10h37m4s410ms:none satisfied:0xb400000 unsatisfied:0x80000000}
04-22 09:22:27.366  1406  4970 D CompatibilityChangeReporter: Compat change id reported: 161145287; UID 10261; state: ENABLED
04-22 09:22:27.373  1406  1835 W ActivityManager: Scheduling restart of crashed service com.zebra.mdna.dg/.license.LicenseMgrService in 1000ms for connection
04-22 09:22:27.392  1406  2117 D UsbHostManager: deviceClass : 239checkUsbInterfacesBlackListed :false
04-22 09:22:27.395  1406  2117 D UsbHostManager: USB device attached: vidpid 05e0:1702 portType Secondary  mfg/product/ver/serial Zebra Technologies, Inc/TC2205-0G1250SS-E8::::EA/0.01/S/N:BFPE01BQROI000XXXXXXXXXXXXXXXXXX:E hasAudio/HID/Storage: false/false/false
04-22 09:22:27.399  1406  2117 D UsbHostManager: Added device UsbDevice[mName=/dev/bus/usb/004/002,mVendorId=1504,mProductId=5890,mClass=239,mSubclass=2,mProtocol=1,mManufacturerName=Zebra Technologies, Inc,mProductName=TC2205-0G1250SS-E8::::EA,mVersion=0.01,mSerialNumberReader=com.android.server.usb.UsbSerialReader@a532326, mHasAudioPlayback=false, mHasAudioCapture=false, mHasMidi=false, mHasVideoCapture=false, mHasVideoPlayback=false, mConfigurations=[
04-22 09:22:27.399  1406  2117 D UsbHostManager: UsbConfiguration[mId=1,mName=Bus Powered,mAttributes=160,mMaxPower=250,mInterfaces=[
04-22 09:22:27.399  1406  2117 D UsbHostManager: UsbInterface[mId=0,mAlternateSetting=0,mName=ZETI Interface,mClass=2,mSubclass=2,mProtocol=1,mEndpoints=[
04-22 09:22:27.399  1406  2117 D UsbHostManager: UsbEndpoint[mAddress=129,mAttributes=3,mMaxPacketSize=64,mInterval=1]]
04-22 09:22:27.399  1406  2117 D UsbHostManager: UsbInterface[mId=1,mAlternateSetting=0,mName=ZETI Interface,mClass=10,mSubclass=0,mProtocol=0,mEndpoints=[
04-22 09:22:27.399  1406  2117 D UsbHostManager: UsbEndpoint[mAddress=2,mAttributes=2,mMaxPacketSize=64,mInterval=255]
04-22 09:22:27.399  1406  2117 D UsbHostManager: UsbEndpoint[mAddress=131,mAttributes=2,mMaxPacketSize=64,mInterval=255]]
04-22 09:22:27.399  1406  2117 D UsbHostManager: UsbInterface[mId=2,mAlternateSetting=0,mName=SSI Interface,mClass=2,mSubclass=2,mProtocol=1,mEndpoints=[
04-22 09:22:27.399  1406  2117 D UsbHostManager: UsbEndpoint[mAddress=132,mAttributes=3,mMaxPacketSize=64,mInterval=1]]
04-22 09:22:27.399  1406  2117 D UsbHostManager: UsbInterface[mId=3,mAlternateSetting=0,mName=SSI Interface,mClass=10,mSubclass=0,mProtocol=0,mEndpoints=[
04-22 09:22:27.399  1406  2117 D UsbHostManager: UsbEndpoint[mAddress=5,mAttributes=2,mMaxPacketSize=64,mInterval=255]
04-22 09:22:27.399  1406  2117 D UsbHostManager: UsbEndpoint[mAddress=134,mAttributes=2,mMaxPacketSize=64,mInterval=255]]]]
04-22 09:22:27.399  1406  2117 D UsbHostManager: Send device to PopupControl
04-22 09:22:27.400  1406  2117 E UsbHostManager: sendDeviceToService 05E0:1702
04-22 09:22:27.400  1406  4970 D WindowManager: layoutWindowLw currenttaskBarInDb-- 0
04-22 09:22:27.400  1406  4970 D WindowManager: layoutWindowLw currenttaskBarInDb-- 0
04-22 09:22:27.400  1406  4970 D WindowManager: layoutWindowLw currenttaskBarInDb-- 0
04-22 09:22:27.400  1406  4970 D WindowManager: layoutWindowLw currenttaskBarInDb-- 0
04-22 09:22:27.400  1406  4970 D WindowManager: DP::updateSystemBarAttributes called
04-22 09:22:27.400  1406  4970 D WindowManager: DP::::updateSystemBarAttributes displayId: 0
04-22 09:22:27.401  1406  4970 D WindowManager: displayId: 0
04-22 09:22:27.401  1406  4970 D WindowManager: isFullscreen: false isImmersive: false
04-22 09:22:27.401  1406  4970 D WindowManager: mLastFocusIsFullscreen: false mLastImmersiveMode: false
04-22 09:22:27.401  1406  4970 D WindowManager: mFocusedWindow: Window{d5b6008 u0 com.ltrudu.rfid_sample_flutter/com.ltrudu.rfid_sample_flutter.MainActivity}
04-22 09:22:27.401  1406  4970 D WindowManager: mLastFocusedWindow: null
04-22 09:22:27.401  1406  4970 D WindowManager: mLastFocusIsImmersiveAndFullscreen: false
04-22 09:22:27.401  1406  4970 D WindowManager: mLastWindowClosed: null
04-22 09:22:27.414  1406  4970 D CompatibilityChangeReporter: Compat change id reported: 261072174; UID 10261; state: ENABLED
04-22 09:22:27.440  1406  1835 D ActivityManager: sync unfroze 4817 android.process.media for 3
04-22 09:22:27.447  1406  1817 D WindowManager: layoutWindowLw currenttaskBarInDb-- 0
04-22 09:22:27.447  1406  1817 D WindowManager: layoutWindowLw currenttaskBarInDb-- 0
04-22 09:22:27.447  1406  1817 D WindowManager: layoutWindowLw currenttaskBarInDb-- 0
04-22 09:22:27.447  1406  1817 D WindowManager: layoutWindowLw currenttaskBarInDb-- 0
04-22 09:22:27.448  1406  1817 D WindowManager: DP::updateSystemBarAttributes called
04-22 09:22:27.448  1406  1817 D WindowManager: DP::::updateSystemBarAttributes displayId: 0
04-22 09:22:27.451  1406  2117 E UsbProfileGroupSettingsManager: OSX resolveActivity 
